--------- beginning of main
09-20 09:52:34.268 D/InetDiagMessage(  624): Destroyed 0 sockets, proto=IPPROTO_TCP, family=AF_INET, states=14
09-20 09:52:34.271 D/InetDiagMessage(  624): Destroyed 0 sockets, proto=IPPROTO_TCP, family=AF_INET6, states=14
09-20 09:52:34.272 D/InetDiagMessage(  624): Destroyed live tcp sockets for uids={10169} in 4ms
09-20 09:52:34.272 D/InetDiagMessage(  624): Destroyed 0 sockets, proto=IPPROTO_TCP, family=AF_INET, states=14
09-20 09:52:34.272 D/InetDiagMessage(  624): Destroyed 0 sockets, proto=IPPROTO_TCP, family=AF_INET6, states=14
09-20 09:52:34.272 D/InetDiagMessage(  624): Destroyed live tcp sockets for uids={20169} in 0ms
09-20 09:52:36.083 D/SatelliteController( 1038): iisInCarrierRoamingNbIotNtn: satellite is disabled
--------- beginning of system
09-20 09:52:36.982 D/ActivityManager(  624): freezing 2767 com.google.android.apps.messaging
09-20 09:52:39.265 D/ActivityManager(  624): freezing 1583 com.google.android.apps.photos
09-20 09:52:39.268 D/InetDiagMessage(  624): Destroyed 0 sockets, proto=IPPROTO_TCP, family=AF_INET, states=14
09-20 09:52:39.268 D/InetDiagMessage(  624): Destroyed 0 sockets, proto=IPPROTO_TCP, family=AF_INET6, states=14
09-20 09:52:39.268 D/InetDiagMessage(  624): Destroyed live tcp sockets for uids={10169} in 1ms
09-20 09:52:46.085 D/SatelliteController( 1038): iisInCarrierRoamingNbIotNtn: satellite is disabled
09-20 09:52:56.091 D/SatelliteController( 1038): iisInCarrierRoamingNbIotNtn: satellite is disabled
09-20 09:52:56.805 I/AlarmManager( 1234): setExactAndAllowWhileIdle [name: GCM_HB_ALARM type: 2 triggerAtMillis: 1281175]
09-20 09:52:56.810 I/AlarmManager( 1234): setExactAndAllowWhileIdle [name: GCM_HB_ALARM type: 2 triggerAtMillis: 1281180]
09-20 09:52:57.966 W/TimedProcessReaper( 1374): Memory state is: 125
09-20 09:53:02.195 I/bdee    ( 1455): (REDACTED) getHotwordActive::active query: %s, watch: %s, devices connected: %s
09-20 09:53:06.092 D/SatelliteController( 1038): iisInCarrierRoamingNbIotNtn: satellite is disabled
09-20 09:53:16.097 D/SatelliteController( 1038): iisInCarrierRoamingNbIotNtn: satellite is disabled
09-20 09:53:19.214 E/BluetoothPowerStatsCollector(  624): Cannot acquire BluetoothActivityEnergyInfo
09-20 09:53:19.214 E/BluetoothPowerStatsCollector(  624): java.util.concurrent.ExecutionException: java.lang.RuntimeException: error: 11
09-20 09:53:19.214 E/BluetoothPowerStatsCollector(  624): 	at java.util.concurrent.CompletableFuture.reportGet(CompletableFuture.java:372)
09-20 09:53:19.214 E/BluetoothPowerStatsCollector(  624): 	at java.util.concurrent.CompletableFuture.get(CompletableFuture.java:2072)
09-20 09:53:19.214 E/BluetoothPowerStatsCollector(  624): 	at com.android.server.power.stats.BluetoothPowerStatsCollector.collectBluetoothActivityInfo(BluetoothPowerStatsCollector.java:192)
09-20 09:53:19.214 E/BluetoothPowerStatsCollector(  624): 	at com.android.server.power.stats.BluetoothPowerStatsCollector.collectStats(BluetoothPowerStatsCollector.java:155)
09-20 09:53:19.214 E/BluetoothPowerStatsCollector(  624): 	at com.android.server.power.stats.PowerStatsCollector.collectAndDeliverStats(PowerStatsCollector.java:176)
09-20 09:53:19.214 E/BluetoothPowerStatsCollector(  624): 	at com.android.server.power.stats.PowerStatsCollector$$ExternalSyntheticLambda0.run(R8$$SyntheticClass:0)
09-20 09:53:19.214 E/BluetoothPowerStatsCollector(  624): 	at android.os.Handler.handleCallback(Handler.java:995)
09-20 09:53:19.214 E/BluetoothPowerStatsCollector(  624): 	at android.os.Handler.dispatchMessage(Handler.java:103)
09-20 09:53:19.214 E/BluetoothPowerStatsCollector(  624): 	at android.os.Looper.loopOnce(Looper.java:248)
09-20 09:53:19.214 E/BluetoothPowerStatsCollector(  624): 	at android.os.Looper.loop(Looper.java:338)
09-20 09:53:19.214 E/BluetoothPowerStatsCollector(  624): 	at android.os.HandlerThread.run(HandlerThread.java:85)
09-20 09:53:19.214 E/BluetoothPowerStatsCollector(  624): Caused by: java.lang.RuntimeException: error: 11
09-20 09:53:19.214 E/BluetoothPowerStatsCollector(  624): 	at com.android.server.power.stats.BluetoothPowerStatsCollector$1.onBluetoothActivityEnergyInfoError(BluetoothPowerStatsCollector.java:181)
09-20 09:53:19.214 E/BluetoothPowerStatsCollector(  624): 	at android.bluetooth.BluetoothAdapter$OnBluetoothActivityEnergyInfoProxy.lambda$onBluetoothActivityEnergyInfoAvailable$0(BluetoothAdapter.java:1037)
09-20 09:53:19.214 E/BluetoothPowerStatsCollector(  624): 	at android.bluetooth.BluetoothAdapter$OnBluetoothActivityEnergyInfoProxy$$ExternalSyntheticLambda1.run(D8$$SyntheticClass:0)
09-20 09:53:19.214 E/BluetoothPowerStatsCollector(  624): 	at android.bluetooth.BluetoothUtils.lambda$executeFromBinder$0(BluetoothUtils.java:343)
09-20 09:53:19.214 E/BluetoothPowerStatsCollector(  624): 	at android.bluetooth.BluetoothUtils$$ExternalSyntheticLambda1.run(D8$$SyntheticClass:0)
09-20 09:53:19.214 E/BluetoothPowerStatsCollector(  624): 	at com.android.server.SystemServerInitThreadPool$$ExternalSyntheticLambda0.execute(R8$$SyntheticClass:0)
09-20 09:53:19.214 E/BluetoothPowerStatsCollector(  624): 	at android.bluetooth.BluetoothUtils.executeFromBinder(BluetoothUtils.java:343)
09-20 09:53:19.214 E/BluetoothPowerStatsCollector(  624): 	at android.bluetooth.BluetoothAdapter$OnBluetoothActivityEnergyInfoProxy.onBluetoothActivityEnergyInfoAvailable(BluetoothAdapter.java:1035)
09-20 09:53:19.214 E/BluetoothPowerStatsCollector(  624): 	at android.bluetooth.IBluetoothActivityEnergyInfoListener$Stub.onTransact(IBluetoothActivityEnergyInfoListener.java:98)
09-20 09:53:19.214 E/BluetoothPowerStatsCollector(  624): 	at android.os.Binder.execTransactInternal(Binder.java:1426)
09-20 09:53:19.214 E/BluetoothPowerStatsCollector(  624): 	at android.os.Binder.execTransact(Binder.java:1365)
09-20 09:53:19.680 D/ActivityManager(  624): sync unfroze 4867 com.google.android.gms for 4
09-20 09:53:19.682 D/ActivityManager(  624): sync unfroze 2507 com.google.android.gms.unstable for 4
09-20 09:53:19.707 D/BoundBrokerSvc( 4867): onBind: Intent { act=com.google.android.gms.notifications.registration.service.NotificationsRegistrationTaskBoundService.ACTION_TASK_READY dat=chimera-action:/... xflg=0x4 cmp=com.google.android.gms/.chimera.GmsInternalBoundBrokerService }
09-20 09:53:19.708 D/BoundBrokerSvc( 4867): Loading bound service for intent: Intent { act=com.google.android.gms.notifications.registration.service.NotificationsRegistrationTaskBoundService.ACTION_TASK_READY dat=chimera-action:/... xflg=0x4 cmp=com.google.android.gms/.chimera.GmsInternalBoundBrokerService }
09-20 09:53:19.715 I/GmsCoreXrpcWrapper( 4867): (REDACTED) Returning a channel provider with trafficStatsTag=%d trafficStatsUid=%d
09-20 09:53:19.719 D/BoundBrokerSvc( 4867): onUnbind: Intent { act=com.google.android.gms.common.BIND_SHARED_PREFS xflg=0x4 pkg=com.google.android.gms }
09-20 09:53:19.719 W/ProcessStats(  624): Tracking association SourceState{fcf3af5 com.google.android.gms/10148 ImpBg #6435} whose proc state 6 is better than process ProcessState{6634fa2 com.google.android.gms.unstable/10148 pkg=com.google.android.gms} proc state 14 (5 skipped)
09-20 09:53:19.721 I/NetworkScheduler.Stats( 1234): (REDACTED) Task %s/%s started execution. cause:%s exec_start_elapsed_seconds: %s
09-20 09:53:19.721 I/NetworkScheduler.Stats( 1234): (REDACTED) Task %s/%s started execution. cause:%s exec_start_elapsed_seconds: %s
09-20 09:53:19.731 D/BoundBrokerSvc( 1234): onRebind: Intent { act=com.google.android.gms.auth.aang.events.services.START dat=chimera-action:/... xflg=0x4 cmp=com.google.android.gms/.chimera.PersistentApiService }
09-20 09:53:19.738 I/GmsCoreXrpcWrapper( 1234): (REDACTED) Returning a channel provider with trafficStatsTag=%d trafficStatsUid=%d
09-20 09:53:19.738 I/GmsCoreXrpcWrapper( 1234): (REDACTED) Returning a channel provider with trafficStatsTag=%d trafficStatsUid=%d
09-20 09:53:19.738 I/GmsCoreXrpcWrapper( 1234): (REDACTED) Returning a channel provider with trafficStatsTag=%d trafficStatsUid=%d
09-20 09:53:19.738 I/GmsCoreXrpcWrapper( 1234): (REDACTED) Returning a channel provider with trafficStatsTag=%d trafficStatsUid=%d
09-20 09:53:19.740 I/GmsCoreXrpcWrapper( 1234): (REDACTED) Returning a channel provider with trafficStatsTag=%d trafficStatsUid=%d
09-20 09:53:19.740 I/GmsCoreXrpcWrapper( 1234): (REDACTED) Returning a channel provider with trafficStatsTag=%d trafficStatsUid=%d
09-20 09:53:19.741 I/GmsCoreXrpcWrapper( 1234): (REDACTED) Returning a channel provider with trafficStatsTag=%d trafficStatsUid=%d
09-20 09:53:19.741 I/GmsCoreXrpcWrapper( 1234): (REDACTED) Returning a channel provider with trafficStatsTag=%d trafficStatsUid=%d
09-20 09:53:19.763 D/BoundBrokerSvc( 4867): onBind: Intent { act=com.google.android.gms.auth.service.START xflg=0x4 pkg=com.google.android.gms }
09-20 09:53:19.763 D/BoundBrokerSvc( 4867): Loading bound service for intent: Intent { act=com.google.android.gms.auth.service.START xflg=0x4 pkg=com.google.android.gms }
09-20 09:53:19.775 W/GLSUser ( 1234): [DeviceKeyStore] Cannot load key: Device key file not found.
09-20 09:53:19.776 D/BackgroundInstallControlService(  624): Package event received: 0
09-20 09:53:19.847 D/FileUtils(  624): Rounded bytes from 2070859776 to 4000000000
09-20 09:53:19.855 W/binder:2507_10( 2507): type=1400 audit(0.0:49): avc:  denied  { read } for  name="u:object_r:system_adbd_prop:s0" dev="tmpfs" ino=325 scontext=u:r:gmscore_app:s0:c512,c768 tcontext=u:object_r:system_adbd_prop:s0 tclass=file permissive=0 app=com.google.android.gms
09-20 09:53:19.858 W/libc    ( 2507): Access denied finding property "persist.adb.tls_server.enable"
09-20 09:53:19.864 W/GmsUrlRequestImpl( 1234): [https://android.googleapis.com/auth/devicekey] Content-Type header is overwritten.
09-20 09:53:19.905 W/GLSUser ( 1234): [AppCertManager] Exception while requesting key: 
09-20 09:53:19.905 W/GLSUser ( 1234): java.util.concurrent.ExecutionException: ckxo: Parse Proto Exception with response code 400
09-20 09:53:19.905 W/GLSUser ( 1234): 	at glst.j(:com.google.android.gms@253434035@25.34.34 (260400-800653487):21)
09-20 09:53:19.905 W/GLSUser ( 1234): 	at gltc.u(:com.google.android.gms@253434035@25.34.34 (260400-800653487):71)
09-20 09:53:19.905 W/GLSUser ( 1234): 	at aidm.b(:com.google.android.gms@253434035@25.34.34 (260400-800653487):439)
09-20 09:53:19.905 W/GLSUser ( 1234): 	at aidk.a(:com.google.android.gms@253434035@25.34.34 (260400-800653487):67)
09-20 09:53:19.905 W/GLSUser ( 1234): 	at aidk.fj(:com.google.android.gms@253434035@25.34.34 (260400-800653487):16)
09-20 09:53:19.905 W/GLSUser ( 1234): 	at vzl.onTransact(:com.google.android.gms@253434035@25.34.34 (260400-800653487):97)
09-20 09:53:19.905 W/GLSUser ( 1234): 	at android.os.Binder.transact(Binder.java:1273)
09-20 09:53:19.905 W/GLSUser ( 1234): 	at ccfa.onTransact(:com.google.android.gms@253434035@25.34.34 (260400-800653487):10)
09-20 09:53:19.905 W/GLSUser ( 1234): 	at android.os.Binder.transact(Binder.java:1273)
09-20 09:53:19.905 W/GLSUser ( 1234): 	at brwb.onTransact(:com.google.android.gms@253434035@25.34.34 (260400-800653487):157)
09-20 09:53:19.905 W/GLSUser ( 1234): 	at android.os.Binder.execTransactInternal(Binder.java:1421)
09-20 09:53:19.905 W/GLSUser ( 1234): 	at android.os.Binder.execTransact(Binder.java:1365)
09-20 09:53:19.905 W/GLSUser ( 1234): Caused by: ckxo: Parse Proto Exception with response code 400
09-20 09:53:19.905 W/GLSUser ( 1234): 	at ckyr.b(:com.google.android.gms@253434035@25.34.34 (260400-800653487):71)
09-20 09:53:19.905 W/GLSUser ( 1234): 	at clbh.d(:com.google.android.gms@253434035@25.34.34 (260400-800653487):18)
09-20 09:53:19.905 W/GLSUser ( 1234): 	at clby.onSucceeded(:com.google.android.gms@253434035@25.34.34 (260400-800653487):9)
09-20 09:53:19.905 W/GLSUser ( 1234): 	at m1.my.onSucceeded(:com.google.android.gms.dynamite_cronetdynamite@253434035@25.34.34 (260400-0):3)
09-20 09:53:19.905 W/GLSUser ( 1234): 	at m1.lu.run(:com.google.android.gms.dynamite_cronetdynamite@253434035@25.34.34 (260400-0):21)
09-20 09:53:19.905 W/GLSUser ( 1234): 	at m1.lo.run(:com.google.android.gms.dynamite_cronetdynamite@253434035@25.34.34 (260400-0):31)
09-20 09:53:19.905 W/GLSUser ( 1234): 	at bbim.c(:com.google.android.gms@253434035@25.34.34 (260400-800653487):50)
09-20 09:53:19.905 W/GLSUser ( 1234): 	at bbim.run(:com.google.android.gms@253434035@25.34.34 (260400-800653487):89)
09-20 09:53:19.905 W/GLSUser ( 1234): 	at java.util.concurrent.ThreadPoolExecutor.runWorker(ThreadPoolExecutor.java:1156)
09-20 09:53:19.905 W/GLSUser ( 1234): 	at java.util.concurrent.ThreadPoolExecutor$Worker.run(ThreadPoolExecutor.java:651)
09-20 09:53:19.905 W/GLSUser ( 1234): 	at bboe.run(:com.google.android.gms@253434035@25.34.34 (260400-800653487):8)
09-20 09:53:19.905 W/GLSUser ( 1234): 	at java.lang.Thread.run(Thread.java:1119)
09-20 09:53:19.905 W/GLSUser ( 1234): Caused by: hfor: Protocol message contained an invalid tag (zero).
09-20 09:53:19.905 W/GLSUser ( 1234): 	at hflp.k(:com.google.android.gms@253434035@25.34.34 (260400-800653487):43)
09-20 09:53:19.905 W/GLSUser ( 1234): 	at hfpp.c(:com.google.android.gms@253434035@25.34.34 (260400-800653487):399)
09-20 09:53:19.905 W/GLSUser ( 1234): 	at hfpp.i(:com.google.android.gms@253434035@25.34.34 (260400-800653487):8)
09-20 09:53:19.905 W/GLSUser ( 1234): 	at hfnv.y(:com.google.android.gms@253434035@25.34.34 (260400-800653487):23)
09-20 09:53:19.905 W/GLSUser ( 1234): 	at hfnq.g(:com.google.android.gms@253434035@25.34.34 (260400-800653487):3)
09-20 09:53:19.905 W/GLSUser ( 1234): 	at hfll.e(:com.google.android.gms@253434035@25.34.34 (260400-800653487):1)
09-20 09:53:19.905 W/GLSUser ( 1234): 	at hfll.d(:com.google.android.gms@253434035@25.34.34 (260400-800653487):3)
09-20 09:53:19.905 W/GLSUser ( 1234): 	at hfll.p(:com.google.android.gms@253434035@25.34.34 (260400-800653487):1)
09-20 09:53:19.905 W/GLSUser ( 1234): 	at ckyr.g(:com.google.android.gms@253434035@25.34.34 (260400-800653487):69)
09-20 09:53:19.905 W/GLSUser ( 1234): 	at ckyr.b(:com.google.android.gms@253434035@25.34.34 (260400-800653487):11)
09-20 09:53:19.905 W/GLSUser ( 1234): 	... 11 more
09-20 09:53:19.906 W/GLSUser ( 1234): [DeviceKeyStore] Cannot load key: Device key file not found.
09-20 09:53:19.911 W/GLSUser ( 1234): [DeviceKeyStore] Cannot load key: Device key file not found.
09-20 09:53:19.911 W/GLSUser ( 1234): [DeviceKeyStore] Cannot load key: Device key file not found.
09-20 09:53:20.274 I/cn_CronetUrlRequestContext( 4867): destroyNativeStreamLocked org.chromium.net.impl.CronetBidirectionalStream@171b18c
09-20 09:53:20.277 I/cn_CronetUrlRequestContext( 4867): destroyNativeStreamLocked org.chromium.net.impl.CronetBidirectionalStream@fc970d5
09-20 09:53:20.285 I/NotificationsModuleTask( 4867): Registering accounts to Chime Failed & Rescheduled for later. [CONTEXT service_id=358 ]
09-20 09:53:20.287 I/NotificationsModuleTask( 4867): Registering accounts to Chime Failed & Rescheduled for later. [CONTEXT service_id=358 ]
09-20 09:53:20.291 I/NetworkScheduler.Stats( 1234): (REDACTED) Task %s/%s finished executing. cause:%s result: %s elapsed_millis: %s uptime_millis: %s exec_start_elapsed_seconds: %s
09-20 09:53:20.297 D/BoundBrokerSvc( 4867): onUnbind: Intent { act=com.google.android.gms.notifications.registration.service.NotificationsRegistrationTaskBoundService.ACTION_TASK_READY dat=chimera-action:/... xflg=0x4 cmp=com.google.android.gms/.chimera.GmsInternalBoundBrokerService }
09-20 09:53:20.306 I/NetworkScheduler.Stats( 1234): (REDACTED) Task %s/%s finished executing. cause:%s result: %s elapsed_millis: %s uptime_millis: %s exec_start_elapsed_seconds: %s
09-20 09:53:26.097 D/SatelliteController( 1038): iisInCarrierRoamingNbIotNtn: satellite is disabled
09-20 09:53:30.332 D/ActivityManager(  624): freezing 4867 com.google.android.gms
09-20 09:53:33.111 D/ApfFilter(  989): (wlan0): Adding RA fe80::2 -> ff02::1 1800s fec0::/64 86400s/14400s DNS 1200000s fec0::3 
09-20 09:53:34.899 D/ActivityManager(  624): freezing 2507 com.google.android.gms.unstable
09-20 09:53:36.100 D/SatelliteController( 1038): iisInCarrierRoamingNbIotNtn: satellite is disabled
09-20 09:53:37.006 D/WifiNl80211Manager(  624): Scan result ready event
09-20 09:53:37.007 D/WifiNative(  624): Scan result ready event
09-20 09:53:37.009 I/WifiScanner( 1234): onFullResults
09-20 09:53:37.010 I/WifiScanner( 1234): onFullResults
09-20 09:53:37.016 I/HalDevMgr(  624): bestIfaceCreationProposal is null, requestIface=STA, existingIface=[name=wlan0 type=STA]
09-20 09:53:46.100 D/SatelliteController( 1038): iisInCarrierRoamingNbIotNtn: satellite is disabled
09-20 09:53:56.104 D/SatelliteController( 1038): iisInCarrierRoamingNbIotNtn: satellite is disabled
09-20 09:54:02.191 I/bdee    ( 1455): (REDACTED) getHotwordActive::active query: %s, watch: %s, devices connected: %s
09-20 09:54:06.103 D/SatelliteController( 1038): iisInCarrierRoamingNbIotNtn: satellite is disabled
09-20 09:54:15.953 W/service ( 5646): Thread Pool max thread count is 0. Cannot cache binder as linkToDeath cannot be implemented. serviceName: DockObserver
09-20 09:54:15.954 E/Parcel  ( 5646): Reading a NULL string not supported here.
09-20 09:54:15.955 W/service ( 5646): Thread Pool max thread count is 0. Cannot cache binder as linkToDeath cannot be implemented. serviceName: SurfaceFlinger
09-20 09:54:15.956 W/service ( 5646): Thread Pool max thread count is 0. Cannot cache binder as linkToDeath cannot be implemented. serviceName: SurfaceFlingerAIDL
09-20 09:54:15.956 W/service ( 5646): Thread Pool max thread count is 0. Cannot cache binder as linkToDeath cannot be implemented. serviceName: accessibility
09-20 09:54:15.957 W/service ( 5646): Thread Pool max thread count is 0. Cannot cache binder as linkToDeath cannot be implemented. serviceName: account
09-20 09:54:15.957 W/service ( 5646): Thread Pool max thread count is 0. Cannot cache binder as linkToDeath cannot be implemented. serviceName: activity
09-20 09:54:15.959 W/service ( 5646): Thread Pool max thread count is 0. Cannot cache binder as linkToDeath cannot be implemented. serviceName: activity_task
09-20 09:54:15.960 W/service ( 5646): Thread Pool max thread count is 0. Cannot cache binder as linkToDeath cannot be implemented. serviceName: adb
09-20 09:54:15.961 W/service ( 5646): Thread Pool max thread count is 0. Cannot cache binder as linkToDeath cannot be implemented. serviceName: adservices_manager
09-20 09:54:15.963 W/service ( 5646): Thread Pool max thread count is 0. Cannot cache binder as linkToDeath cannot be implemented. serviceName: advanced_protection
09-20 09:54:15.964 W/service ( 5646): Thread Pool max thread count is 0. Cannot cache binder as linkToDeath cannot be implemented. serviceName: alarm
09-20 09:54:15.965 W/service ( 5646): Thread Pool max thread count is 0. Cannot cache binder as linkToDeath cannot be implemented. serviceName: ambient_context
09-20 09:54:15.967 W/service ( 5646): Thread Pool max thread count is 0. Cannot cache binder as linkToDeath cannot be implemented. serviceName: android.frameworks.cameraservice.service.ICameraService/default
09-20 09:54:15.968 W/service ( 5646): Thread Pool max thread count is 0. Cannot cache binder as linkToDeath cannot be implemented. serviceName: android.frameworks.devicestate.IDeviceStateService/default
09-20 09:54:15.970 W/service ( 5646): Thread Pool max thread count is 0. Cannot cache binder as linkToDeath cannot be implemented. serviceName: android.frameworks.location.altitude.IAltitudeService/default
09-20 09:54:15.971 W/service ( 5646): Thread Pool max thread count is 0. Cannot cache binder as linkToDeath cannot be implemented. serviceName: android.frameworks.sensorservice.ISensorManager/default
09-20 09:54:15.971 W/service ( 5646): Thread Pool max thread count is 0. Cannot cache binder as linkToDeath cannot be implemented. serviceName: android.frameworks.stats.IStats/default
09-20 09:54:15.972 W/service ( 5646): Thread Pool max thread count is 0. Cannot cache binder as linkToDeath cannot be implemented. serviceName: android.frameworks.vibrator.IVibratorControlService/default
09-20 09:54:15.973 W/service ( 5646): Thread Pool max thread count is 0. Cannot cache binder as linkToDeath cannot be implemented. serviceName: android.hardware.authsecret.IAuthSecret/default
09-20 09:54:15.967 W/service ( 5646): type=1400 audit(0.0:50): avc:  denied  { call } for  scontext=u:r:shell:s0 tcontext=u:r:hal_authsecret_default:s0 tclass=binder permissive=0
09-20 09:54:15.973 E/IPCThreadState( 5646): Binder transaction failure. id: 461895, BR_*: 29201, error: -1 (Operation not permitted)
09-20 09:54:15.974 E/IPCThreadState( 5646): Binder transaction failure. id: 461899, BR_*: 29201, error: -1 (Operation not permitted)
09-20 09:54:15.971 W/service ( 5646): type=1400 audit(0.0:51): avc:  denied  { call } for  scontext=u:r:shell:s0 tcontext=u:r:hal_fingerprint_default:s0 tclass=binder permissive=0
09-20 09:54:15.974 W/service ( 5646): Thread Pool max thread count is 0. Cannot cache binder as linkToDeath cannot be implemented. serviceName: android.hardware.bluetooth.IBluetoothHci/default
09-20 09:54:15.975 E/IPCThreadState( 5646): Binder transaction failure. id: 461903, BR_*: 29201, error: -1 (Operation not permitted)
09-20 09:54:15.971 W/service ( 5646): type=1400 audit(0.0:52): avc:  denied  { call } for  scontext=u:r:shell:s0 tcontext=u:r:hal_bluetooth_default:s0 tclass=binder permissive=0
09-20 09:54:15.975 W/service ( 5646): Thread Pool max thread count is 0. Cannot cache binder as linkToDeath cannot be implemented. serviceName: android.hardware.bluetooth.audio.IBluetoothAudioProviderFactory/default
09-20 09:54:15.975 E/IPCThreadState( 5646): Binder transaction failure. id: 461907, BR_*: 29201, error: -1 (Operation not permitted)
09-20 09:54:15.971 W/service ( 5646): type=1400 audit(0.0:53): avc:  denied  { call } for  scontext=u:r:shell:s0 tcontext=u:r:hal_audio_default:s0 tclass=binder permissive=0
09-20 09:54:15.976 W/service ( 5646): Thread Pool max thread count is 0. Cannot cache binder as linkToDeath cannot be implemented. serviceName: android.hardware.bluetooth.offload.leaudio.IHciProxy/default
09-20 09:54:15.976 E/IPCThreadState( 5646): Binder transaction failure. id: 461911, BR_*: 29201, error: -1 (Operation not permitted)
09-20 09:54:15.977 W/service ( 5646): Thread Pool max thread count is 0. Cannot cache binder as linkToDeath cannot be implemented. serviceName: android.hardware.camera.provider.ICameraProvider/internal/0
09-20 09:54:15.971 W/service ( 5646): type=1400 audit(0.0:54): avc:  denied  { call } for  scontext=u:r:shell:s0 tcontext=u:r:hal_bluetooth_default:s0 tclass=binder permissive=0
09-20 09:54:15.971 W/service ( 5646): type=1400 audit(0.0:55): avc:  denied  { call } for  scontext=u:r:shell:s0 tcontext=u:r:hal_camera_default:s0 tclass=binder permissive=0
09-20 09:54:15.977 E/IPCThreadState( 5646): Binder transaction failure. id: 461915, BR_*: 29201, error: -1 (Operation not permitted)
09-20 09:54:15.977 W/service ( 5646): Thread Pool max thread count is 0. Cannot cache binder as linkToDeath cannot be implemented. serviceName: android.hardware.camera.provider.ICameraProvider/internal/1
09-20 09:54:15.977 E/IPCThreadState( 5646): Binder transaction failure. id: 461919, BR_*: 29201, error: -1 (Operation not permitted)
09-20 09:54:15.977 W/service ( 5646): Thread Pool max thread count is 0. Cannot cache binder as linkToDeath cannot be implemented. serviceName: android.hardware.cas.IMediaCasService/default
09-20 09:54:15.978 W/service ( 5646): Thread Pool max thread count is 0. Cannot cache binder as linkToDeath cannot be implemented. serviceName: android.hardware.contexthub.IContextHub/default
09-20 09:54:15.979 E/IPCThreadState( 5646): Binder transaction failure. id: 461928, BR_*: 29201, error: -1 (Operation not permitted)
09-20 09:54:15.979 W/service ( 5646): Thread Pool max thread count is 0. Cannot cache binder as linkToDeath cannot be implemented. serviceName: android.hardware.drm.IDrmFactory/widevine
09-20 09:54:15.980 W/service ( 5646): Thread Pool max thread count is 0. Cannot cache binder as linkToDeath cannot be implemented. serviceName: android.hardware.gatekeeper.IGatekeeper/default
09-20 09:54:15.980 E/IPCThreadState( 5646): Binder transaction failure. id: 461937, BR_*: 29201, error: -1 (Operation not permitted)
09-20 09:54:15.981 E/IPCThreadState( 5646): Binder transaction failure. id: 461941, BR_*: 29201, error: -1 (Operation not permitted)
09-20 09:54:15.981 W/service ( 5646): Thread Pool max thread count is 0. Cannot cache binder as linkToDeath cannot be implemented. serviceName: android.hardware.graphics.allocator.IAllocator/default
09-20 09:54:15.982 W/service ( 5646): Thread Pool max thread count is 0. Cannot cache binder as linkToDeath cannot be implemented. serviceName: android.hardware.graphics.composer3.IComposer/default
09-20 09:54:15.982 E/IPCThreadState( 5646): Binder transaction failure. id: 461951, BR_*: 29201, error: -1 (Operation not permitted)
09-20 09:54:15.982 W/service ( 5646): Thread Pool max thread count is 0. Cannot cache binder as linkToDeath cannot be implemented. serviceName: android.hardware.health.IHealth/default
09-20 09:54:15.982 E/IPCThreadState( 5646): Binder transaction failure. id: 461955, BR_*: 29201, error: -1 (Operation not permitted)
09-20 09:54:15.983 W/service ( 5646): Thread Pool max thread count is 0. Cannot cache binder as linkToDeath cannot be implemented. serviceName: android.hardware.identity.IIdentityCredentialStore/default
09-20 09:54:15.983 E/IPCThreadState( 5646): Binder transaction failure. id: 461959, BR_*: 29201, error: -1 (Operation not permitted)
09-20 09:54:15.983 W/service ( 5646): Thread Pool max thread count is 0. Cannot cache binder as linkToDeath cannot be implemented. serviceName: android.hardware.light.ILights/default
09-20 09:54:15.983 E/IPCThreadState( 5646): Binder transaction failure. id: 461963, BR_*: 29201, error: -1 (Operation not permitted)
09-20 09:54:15.984 W/service ( 5646): Thread Pool max thread count is 0. Cannot cache binder as linkToDeath cannot be implemented. serviceName: android.hardware.media.c2.IComponentStore/software
09-20 09:54:15.985 W/service ( 5646): Thread Pool max thread count is 0. Cannot cache binder as linkToDeath cannot be implemented. serviceName: android.hardware.neuralnetworks.IDevice/nnapi-sample_all
09-20 09:54:15.986 W/service ( 5646): Thread Pool max thread count is 0. Cannot cache binder as linkToDeath cannot be implemented. serviceName: android.hardware.neuralnetworks.IDevice/nnapi-sample_quant
09-20 09:54:15.987 W/service ( 5646): Thread Pool max thread count is 0. Cannot cache binder as linkToDeath cannot be implemented. serviceName: android.hardware.neuralnetworks.IDevice/nnapi-sample_sl_shim
09-20 09:54:15.988 W/service ( 5646): Thread Pool max thread count is 0. Cannot cache binder as linkToDeath cannot be implemented. serviceName: android.hardware.power.IPower/default
09-20 09:54:15.988 E/IPCThreadState( 5646): Binder transaction failure. id: 461987, BR_*: 29201, error: -1 (Operation not permitted)
09-20 09:54:15.989 W/service ( 5646): Thread Pool max thread count is 0. Cannot cache binder as linkToDeath cannot be implemented. serviceName: android.hardware.power.stats.IPowerStats/default
09-20 09:54:15.989 E/IPCThreadState( 5646): Binder transaction failure. id: 461991, BR_*: 29201, error: -1 (Operation not permitted)
09-20 09:54:15.990 W/service ( 5646): Thread Pool max thread count is 0. Cannot cache binder as linkToDeath cannot be implemented. serviceName: android.hardware.radio.config.IRadioConfig/default
09-20 09:54:15.990 E/IPCThreadState( 5646): Binder transaction failure. id: 461995, BR_*: 29201, error: -1 (Operation not permitted)
09-20 09:54:15.990 W/service ( 5646): Thread Pool max thread count is 0. Cannot cache binder as linkToDeath cannot be implemented. serviceName: android.hardware.radio.data.IRadioData/slot1
09-20 09:54:15.990 E/IPCThreadState( 5646): Binder transaction failure. id: 461999, BR_*: 29201, error: -1 (Operation not permitted)
09-20 09:54:15.991 W/service ( 5646): Thread Pool max thread count is 0. Cannot cache binder as linkToDeath cannot be implemented. serviceName: android.hardware.radio.ims.IRadioIms/slot1
09-20 09:54:15.991 E/IPCThreadState( 5646): Binder transaction failure. id: 462003, BR_*: 29201, error: -1 (Operation not permitted)
09-20 09:54:15.991 W/service ( 5646): Thread Pool max thread count is 0. Cannot cache binder as linkToDeath cannot be implemented. serviceName: android.hardware.radio.ims.media.IImsMedia/default
09-20 09:54:15.991 E/IPCThreadState( 5646): Binder transaction failure. id: 462007, BR_*: 29201, error: -1 (Operation not permitted)
09-20 09:54:15.991 W/service ( 5646): Thread Pool max thread count is 0. Cannot cache binder as linkToDeath cannot be implemented. serviceName: android.hardware.radio.messaging.IRadioMessaging/slot1
09-20 09:54:15.991 E/IPCThreadState( 5646): Binder transaction failure. id: 462011, BR_*: 29201, error: -1 (Operation not permitted)
09-20 09:54:15.992 W/service ( 5646): Thread Pool max thread count is 0. Cannot cache binder as linkToDeath cannot be implemented. serviceName: android.hardware.radio.modem.IRadioModem/slot1
09-20 09:54:15.992 E/IPCThreadState( 5646): Binder transaction failure. id: 462015, BR_*: 29201, error: -1 (Operation not permitted)
09-20 09:54:15.993 W/service ( 5646): Thread Pool max thread count is 0. Cannot cache binder as linkToDeath cannot be implemented. serviceName: android.hardware.radio.network.IRadioNetwork/slot1
09-20 09:54:15.993 E/IPCThreadState( 5646): Binder transaction failure. id: 462019, BR_*: 29201, error: -1 (Operation not permitted)
09-20 09:54:15.993 W/service ( 5646): Thread Pool max thread count is 0. Cannot cache binder as linkToDeath cannot be implemented. serviceName: android.hardware.radio.sap.ISap/slot1
09-20 09:54:15.993 E/IPCThreadState( 5646): Binder transaction failure. id: 462023, BR_*: 29201, error: -1 (Operation not permitted)
09-20 09:54:15.994 W/service ( 5646): Thread Pool max thread count is 0. Cannot cache binder as linkToDeath cannot be implemented. serviceName: android.hardware.radio.sim.IRadioSim/slot1
09-20 09:54:15.994 E/IPCThreadState( 5646): Binder transaction failure. id: 462027, BR_*: 29201, error: -1 (Operation not permitted)
09-20 09:54:15.994 W/service ( 5646): Thread Pool max thread count is 0. Cannot cache binder as linkToDeath cannot be implemented. serviceName: android.hardware.radio.voice.IRadioVoice/slot1
09-20 09:54:15.994 E/IPCThreadState( 5646): Binder transaction failure. id: 462031, BR_*: 29201, error: -1 (Operation not permitted)
09-20 09:54:15.995 W/service ( 5646): Thread Pool max thread count is 0. Cannot cache binder as linkToDeath cannot be implemented. serviceName: android.hardware.rebootescrow.IRebootEscrow/default
09-20 09:54:15.995 E/IPCThreadState( 5646): Binder transaction failure. id: 462035, BR_*: 29201, error: -1 (Operation not permitted)
09-20 09:54:15.996 W/service ( 5646): Thread Pool max thread count is 0. Cannot cache binder as linkToDeath cannot be implemented. serviceName: android.hardware.security.keymint.IRemotelyProvisionedComponent/default
09-20 09:54:15.997 W/service ( 5646): Thread Pool max thread count is 0. Cannot cache binder as linkToDeath cannot be implemented. serviceName: android.hardware.security.sharedsecret.ISharedSecret/gatekeeper
09-20 09:54:15.997 E/IPCThreadState( 5646): Binder transaction failure. id: 462050, BR_*: 29201, error: -1 (Operation not permitted)
09-20 09:54:15.997 W/service ( 5646): Thread Pool max thread count is 0. Cannot cache binder as linkToDeath cannot be implemented. serviceName: android.hardware.sensors.ISensors/default
09-20 09:54:15.997 E/IPCThreadState( 5646): Binder transaction failure. id: 462054, BR_*: 29201, error: -1 (Operation not permitted)
09-20 09:54:15.998 W/service ( 5646): Thread Pool max thread count is 0. Cannot cache binder as linkToDeath cannot be implemented. serviceName: android.hardware.thermal.IThermal/default
09-20 09:54:15.998 E/IPCThreadState( 5646): Binder transaction failure. id: 462058, BR_*: 29201, error: -1 (Operation not permitted)
09-20 09:54:15.998 W/service ( 5646): Thread Pool max thread count is 0. Cannot cache binder as linkToDeath cannot be implemented. serviceName: android.hardware.threadnetwork.IThreadChip/chip0
09-20 09:54:15.998 E/IPCThreadState( 5646): Binder transaction failure. id: 462062, BR_*: 29201, error: -1 (Operation not permitted)
09-20 09:54:15.999 W/service ( 5646): Thread Pool max thread count is 0. Cannot cache binder as linkToDeath cannot be implemented. serviceName: android.hardware.usb.IUsb/default
09-20 09:54:15.999 E/IPCThreadState( 5646): Binder transaction failure. id: 462067, BR_*: 29201, error: -1 (Operation not permitted)
09-20 09:54:15.999 W/service ( 5646): Thread Pool max thread count is 0. Cannot cache binder as linkToDeath cannot be implemented. serviceName: android.hardware.uwb.IUwb/default
09-20 09:54:15.999 E/IPCThreadState( 5646): Binder transaction failure. id: 462071, BR_*: 29201, error: -1 (Operation not permitted)
09-20 09:54:16.000 W/service ( 5646): Thread Pool max thread count is 0. Cannot cache binder as linkToDeath cannot be implemented. serviceName: android.hardware.vibrator.IVibrator/default
09-20 09:54:16.000 E/IPCThreadState( 5646): Binder transaction failure. id: 462075, BR_*: 29201, error: -1 (Operation not permitted)
09-20 09:54:16.001 W/service ( 5646): Thread Pool max thread count is 0. Cannot cache binder as linkToDeath cannot be implemented. serviceName: android.hardware.vibrator.IVibratorManager/default
09-20 09:54:16.001 E/IPCThreadState( 5646): Binder transaction failure. id: 462079, BR_*: 29201, error: -1 (Operation not permitted)
09-20 09:54:16.001 W/service ( 5646): Thread Pool max thread count is 0. Cannot cache binder as linkToDeath cannot be implemented. serviceName: android.hardware.wifi.IWifi/default
09-20 09:54:16.001 E/IPCThreadState( 5646): Binder transaction failure. id: 462083, BR_*: 29201, error: -1 (Operation not permitted)
09-20 09:54:16.002 W/service ( 5646): Thread Pool max thread count is 0. Cannot cache binder as linkToDeath cannot be implemented. serviceName: android.hardware.wifi.supplicant.ISupplicant/default
09-20 09:54:16.002 E/IPCThreadState( 5646): Binder transaction failure. id: 462087, BR_*: 29201, error: -1 (Operation not permitted)
09-20 09:54:16.003 W/service ( 5646): Thread Pool max thread count is 0. Cannot cache binder as linkToDeath cannot be implemented. serviceName: android.security.apc
09-20 09:54:16.003 W/service ( 5646): Thread Pool max thread count is 0. Cannot cache binder as linkToDeath cannot be implemented. serviceName: android.security.authorization
09-20 09:54:16.004 W/service ( 5646): Thread Pool max thread count is 0. Cannot cache binder as linkToDeath cannot be implemented. serviceName: android.security.compat
09-20 09:54:16.004 W/service ( 5646): Thread Pool max thread count is 0. Cannot cache binder as linkToDeath cannot be implemented. serviceName: android.security.identity
09-20 09:54:16.006 W/service ( 5646): Thread Pool max thread count is 0. Cannot cache binder as linkToDeath cannot be implemented. serviceName: android.security.legacykeystore
09-20 09:54:16.007 W/service ( 5646): Thread Pool max thread count is 0. Cannot cache binder as linkToDeath cannot be implemented. serviceName: android.security.maintenance
09-20 09:54:16.007 W/service ( 5646): Thread Pool max thread count is 0. Cannot cache binder as linkToDeath cannot be implemented. serviceName: android.security.metrics
09-20 09:54:16.008 W/service ( 5646): Thread Pool max thread count is 0. Cannot cache binder as linkToDeath cannot be implemented. serviceName: android.system.keystore2.IKeystoreService/default
09-20 09:54:16.009 W/service ( 5646): Thread Pool max thread count is 0. Cannot cache binder as linkToDeath cannot be implemented. serviceName: android.system.net.netd.INetd/default
09-20 09:54:16.009 E/IPCThreadState( 5646): Binder transaction failure. id: 462133, BR_*: 29201, error: -1 (Operation not permitted)
09-20 09:54:16.009 W/service ( 5646): Thread Pool max thread count is 0. Cannot cache binder as linkToDeath cannot be implemented. serviceName: android.system.suspend.ISystemSuspend/default
09-20 09:54:16.009 E/IPCThreadState( 5646): Binder transaction failure. id: 462137, BR_*: 29201, error: -1 (Operation not permitted)
09-20 09:54:16.010 W/service ( 5646): Thread Pool max thread count is 0. Cannot cache binder as linkToDeath cannot be implemented. serviceName: android.system.vold.IVold/default
09-20 09:54:16.010 E/IPCThreadState( 5646): Binder transaction failure. id: 462141, BR_*: 29201, error: -1 (Operation not permitted)
09-20 09:54:16.010 W/service ( 5646): Thread Pool max thread count is 0. Cannot cache binder as linkToDeath cannot be implemented. serviceName: app_binding
09-20 09:54:16.011 E/Parcel  ( 5646): Reading a NULL string not supported here.
09-20 09:54:16.011 W/service ( 5646): Thread Pool max thread count is 0. Cannot cache binder as linkToDeath cannot be implemented. serviceName: app_function
09-20 09:54:16.012 W/service ( 5646): Thread Pool max thread count is 0. Cannot cache binder as linkToDeath cannot be implemented. serviceName: app_hibernation
09-20 09:54:16.012 W/service ( 5646): Thread Pool max thread count is 0. Cannot cache binder as linkToDeath cannot be implemented. serviceName: app_integrity
09-20 09:54:16.012 W/service ( 5646): Thread Pool max thread count is 0. Cannot cache binder as linkToDeath cannot be implemented. serviceName: app_prediction
09-20 09:54:16.013 W/service ( 5646): Thread Pool max thread count is 0. Cannot cache binder as linkToDeath cannot be implemented. serviceName: app_search
09-20 09:54:16.014 W/service ( 5646): Thread Pool max thread count is 0. Cannot cache binder as linkToDeath cannot be implemented. serviceName: appops
09-20 09:54:16.014 W/service ( 5646): Thread Pool max thread count is 0. Cannot cache binder as linkToDeath cannot be implemented. serviceName: appwidget
09-20 09:54:16.015 W/service ( 5646): Thread Pool max thread count is 0. Cannot cache binder as linkToDeath cannot be implemented. serviceName: attestation_verification
09-20 09:54:16.015 W/service ( 5646): Thread Pool max thread count is 0. Cannot cache binder as linkToDeath cannot be implemented. serviceName: audio
09-20 09:54:16.015 W/service ( 5646): Thread Pool max thread count is 0. Cannot cache binder as linkToDeath cannot be implemented. serviceName: auth
09-20 09:54:16.016 W/service ( 5646): Thread Pool max thread count is 0. Cannot cache binder as linkToDeath cannot be implemented. serviceName: authentication_policy
09-20 09:54:16.016 W/service ( 5646): Thread Pool max thread count is 0. Cannot cache binder as linkToDeath cannot be implemented. serviceName: autofill
09-20 09:54:16.017 W/service ( 5646): Thread Pool max thread count is 0. Cannot cache binder as linkToDeath cannot be implemented. serviceName: background_install_control
09-20 09:54:16.017 W/service ( 5646): Thread Pool max thread count is 0. Cannot cache binder as linkToDeath cannot be implemented. serviceName: backup
09-20 09:54:16.018 W/service ( 5646): Thread Pool max thread count is 0. Cannot cache binder as linkToDeath cannot be implemented. serviceName: battery
09-20 09:54:16.018 E/Parcel  ( 5646): Reading a NULL string not supported here.
09-20 09:54:16.018 W/service ( 5646): Thread Pool max thread count is 0. Cannot cache binder as linkToDeath cannot be implemented. serviceName: batteryproperties
09-20 09:54:16.018 W/service ( 5646): Thread Pool max thread count is 0. Cannot cache binder as linkToDeath cannot be implemented. serviceName: batterystats
09-20 09:54:16.018 W/service ( 5646): Thread Pool max thread count is 0. Cannot cache binder as linkToDeath cannot be implemented. serviceName: binder_calls_stats
09-20 09:54:16.019 E/Parcel  ( 5646): Reading a NULL string not supported here.
09-20 09:54:16.019 W/service ( 5646): Thread Pool max thread count is 0. Cannot cache binder as linkToDeath cannot be implemented. serviceName: biometric
09-20 09:54:16.020 W/service ( 5646): Thread Pool max thread count is 0. Cannot cache binder as linkToDeath cannot be implemented. serviceName: blob_store
09-20 09:54:16.020 W/service ( 5646): Thread Pool max thread count is 0. Cannot cache binder as linkToDeath cannot be implemented. serviceName: bluetooth_manager
09-20 09:54:16.020 W/service ( 5646): Thread Pool max thread count is 0. Cannot cache binder as linkToDeath cannot be implemented. serviceName: bugreport
09-20 09:54:16.021 W/service ( 5646): Thread Pool max thread count is 0. Cannot cache binder as linkToDeath cannot be implemented. serviceName: cacheinfo
09-20 09:54:16.021 E/Parcel  ( 5646): Reading a NULL string not supported here.
09-20 09:54:16.021 W/service ( 5646): Thread Pool max thread count is 0. Cannot cache binder as linkToDeath cannot be implemented. serviceName: carrier_config
09-20 09:54:16.021 W/service ( 5646): Thread Pool max thread count is 0. Cannot cache binder as linkToDeath cannot be implemented. serviceName: clipboard
09-20 09:54:16.022 W/service ( 5646): Thread Pool max thread count is 0. Cannot cache binder as linkToDeath cannot be implemented. serviceName: color_display
09-20 09:54:16.023 W/service ( 5646): Thread Pool max thread count is 0. Cannot cache binder as linkToDeath cannot be implemented. serviceName: companiondevice
09-20 09:54:16.023 W/service ( 5646): Thread Pool max thread count is 0. Cannot cache binder as linkToDeath cannot be implemented. serviceName: connectivity
09-20 09:54:16.024 W/service ( 5646): Thread Pool max thread count is 0. Cannot cache binder as linkToDeath cannot be implemented. serviceName: connectivity_native
09-20 09:54:16.024 W/service ( 5646): Thread Pool max thread count is 0. Cannot cache binder as linkToDeath cannot be implemented. serviceName: connmetrics
09-20 09:54:16.025 W/service ( 5646): Thread Pool max thread count is 0. Cannot cache binder as linkToDeath cannot be implemented. serviceName: content
09-20 09:54:16.025 W/service ( 5646): Thread Pool max thread count is 0. Cannot cache binder as linkToDeath cannot be implemented. serviceName: content_capture
09-20 09:54:16.026 W/service ( 5646): Thread Pool max thread count is 0. Cannot cache binder as linkToDeath cannot be implemented. serviceName: content_suggestions
09-20 09:54:16.026 W/service ( 5646): Thread Pool max thread count is 0. Cannot cache binder as linkToDeath cannot be implemented. serviceName: contexthub
09-20 09:54:16.028 W/service ( 5646): Thread Pool max thread count is 0. Cannot cache binder as linkToDeath cannot be implemented. serviceName: country_detector
09-20 09:54:16.029 W/service ( 5646): Thread Pool max thread count is 0. Cannot cache binder as linkToDeath cannot be implemented. serviceName: cpuinfo
09-20 09:54:16.029 E/Parcel  ( 5646): Reading a NULL string not supported here.
09-20 09:54:16.029 W/service ( 5646): Thread Pool max thread count is 0. Cannot cache binder as linkToDeath cannot be implemented. serviceName: credential
09-20 09:54:16.030 W/service ( 5646): Thread Pool max thread count is 0. Cannot cache binder as linkToDeath cannot be implemented. serviceName: crossprofileapps
09-20 09:54:16.030 W/service ( 5646): Thread Pool max thread count is 0. Cannot cache binder as linkToDeath cannot be implemented. serviceName: dataloader_manager
09-20 09:54:16.031 W/service ( 5646): Thread Pool max thread count is 0. Cannot cache binder as linkToDeath cannot be implemented. serviceName: dbinfo
09-20 09:54:16.031 E/Parcel  ( 5646): Reading a NULL string not supported here.
09-20 09:54:16.031 W/service ( 5646): Thread Pool max thread count is 0. Cannot cache binder as linkToDeath cannot be implemented. serviceName: device_config
09-20 09:54:16.031 E/Parcel  ( 5646): Reading a NULL string not supported here.
09-20 09:54:16.032 W/service ( 5646): Thread Pool max thread count is 0. Cannot cache binder as linkToDeath cannot be implemented. serviceName: device_identifiers
09-20 09:54:16.032 W/service ( 5646): Thread Pool max thread count is 0. Cannot cache binder as linkToDeath cannot be implemented. serviceName: device_lock
09-20 09:54:16.032 W/service ( 5646): Thread Pool max thread count is 0. Cannot cache binder as linkToDeath cannot be implemented. serviceName: device_policy
09-20 09:54:16.033 W/service ( 5646): Thread Pool max thread count is 0. Cannot cache binder as linkToDeath cannot be implemented. serviceName: device_state
09-20 09:54:16.033 W/service ( 5646): Thread Pool max thread count is 0. Cannot cache binder as linkToDeath cannot be implemented. serviceName: deviceidle
09-20 09:54:16.033 W/service ( 5646): Thread Pool max thread count is 0. Cannot cache binder as linkToDeath cannot be implemented. serviceName: devicestoragemonitor
09-20 09:54:16.033 E/Parcel  ( 5646): Reading a NULL string not supported here.
09-20 09:54:16.033 W/service ( 5646): Thread Pool max thread count is 0. Cannot cache binder as linkToDeath cannot be implemented. serviceName: diskstats
09-20 09:54:16.033 E/Parcel  ( 5646): Reading a NULL string not supported here.
09-20 09:54:16.033 W/service ( 5646): Thread Pool max thread count is 0. Cannot cache binder as linkToDeath cannot be implemented. serviceName: display
09-20 09:54:16.035 W/service ( 5646): Thread Pool max thread count is 0. Cannot cache binder as linkToDeath cannot be implemented. serviceName: domain_verification
09-20 09:54:16.036 W/service ( 5646): Thread Pool max thread count is 0. Cannot cache binder as linkToDeath cannot be implemented. serviceName: dreams
09-20 09:54:16.037 W/service ( 5646): Thread Pool max thread count is 0. Cannot cache binder as linkToDeath cannot be implemented. serviceName: drm.drmManager
09-20 09:54:16.038 W/service ( 5646): Thread Pool max thread count is 0. Cannot cache binder as linkToDeath cannot be implemented. serviceName: dropbox
09-20 09:54:16.038 W/service ( 5646): Thread Pool max thread count is 0. Cannot cache binder as linkToDeath cannot be implemented. serviceName: dynamic_instrumentation
09-20 09:54:16.039 W/service ( 5646): Thread Pool max thread count is 0. Cannot cache binder as linkToDeath cannot be implemented. serviceName: dynamic_system
09-20 09:54:16.039 W/service ( 5646): Thread Pool max thread count is 0. Cannot cache binder as linkToDeath cannot be implemented. serviceName: ecm_enhanced_confirmation
09-20 09:54:16.040 W/service ( 5646): Thread Pool max thread count is 0. Cannot cache binder as linkToDeath cannot be implemented. serviceName: emergency_affordance
09-20 09:54:16.040 E/Parcel  ( 5646): Reading a NULL string not supported here.
09-20 09:54:16.040 W/service ( 5646): Thread Pool max thread count is 0. Cannot cache binder as linkToDeath cannot be implemented. serviceName: external_vibrator_service
09-20 09:54:16.041 W/service ( 5646): Thread Pool max thread count is 0. Cannot cache binder as linkToDeath cannot be implemented. serviceName: feature_flags
09-20 09:54:16.041 W/service ( 5646): Thread Pool max thread count is 0. Cannot cache binder as linkToDeath cannot be implemented. serviceName: file_integrity
09-20 09:54:16.041 W/service ( 5646): Thread Pool max thread count is 0. Cannot cache binder as linkToDeath cannot be implemented. serviceName: fingerprint
09-20 09:54:16.042 W/service ( 5646): Thread Pool max thread count is 0. Cannot cache binder as linkToDeath cannot be implemented. serviceName: font
09-20 09:54:16.044 W/service ( 5646): Thread Pool max thread count is 0. Cannot cache binder as linkToDeath cannot be implemented. serviceName: game
09-20 09:54:16.044 W/service ( 5646): Thread Pool max thread count is 0. Cannot cache binder as linkToDeath cannot be implemented. serviceName: gfxinfo
09-20 09:54:16.044 E/Parcel  ( 5646): Reading a NULL string not supported here.
09-20 09:54:16.045 W/service ( 5646): Thread Pool max thread count is 0. Cannot cache binder as linkToDeath cannot be implemented. serviceName: gpu
09-20 09:54:16.047 W/service ( 5646): Thread Pool max thread count is 0. Cannot cache binder as linkToDeath cannot be implemented. serviceName: grammatical_inflection
09-20 09:54:16.048 W/service ( 5646): Thread Pool max thread count is 0. Cannot cache binder as linkToDeath cannot be implemented. serviceName: graphicsstats
09-20 09:54:16.048 W/service ( 5646): Thread Pool max thread count is 0. Cannot cache binder as linkToDeath cannot be implemented. serviceName: hardware_properties
09-20 09:54:16.049 W/service ( 5646): Thread Pool max thread count is 0. Cannot cache binder as linkToDeath cannot be implemented. serviceName: healthconnect
09-20 09:54:16.050 W/service ( 5646): Thread Pool max thread count is 0. Cannot cache binder as linkToDeath cannot be implemented. serviceName: imms
09-20 09:54:16.051 W/service ( 5646): Thread Pool max thread count is 0. Cannot cache binder as linkToDeath cannot be implemented. serviceName: incidentcompanion
09-20 09:54:16.051 W/service ( 5646): Thread Pool max thread count is 0. Cannot cache binder as linkToDeath cannot be implemented. serviceName: incremental
09-20 09:54:16.053 W/service ( 5646): Thread Pool max thread count is 0. Cannot cache binder as linkToDeath cannot be implemented. serviceName: input
09-20 09:54:16.054 W/service ( 5646): Thread Pool max thread count is 0. Cannot cache binder as linkToDeath cannot be implemented. serviceName: input_method
09-20 09:54:16.055 W/service ( 5646): Thread Pool max thread count is 0. Cannot cache binder as linkToDeath cannot be implemented. serviceName: inputflinger
09-20 09:54:16.056 W/service ( 5646): Thread Pool max thread count is 0. Cannot cache binder as linkToDeath cannot be implemented. serviceName: intrusion_detection
09-20 09:54:16.056 W/service ( 5646): Thread Pool max thread count is 0. Cannot cache binder as linkToDeath cannot be implemented. serviceName: ions
