08-24 20:09:53.428 I/CecConfigFactory(18206): Using HdmiControlManager for CEC settings
08-24 20:09:53.428 W/SystemServiceRegistry(18206): No service published for: hdmi_control
08-24 20:09:53.429 W/ActivityManager(  508): Foreground service started from background can not have location/camera/microphone access: service com.google.android.tv.axel/.remote.IrService
08-24 20:09:53.432 V/TvNotificationHandler(  757): Notification not added because it isn't relevant for tv
08-24 20:09:53.437 I/Axel.IrService(18206): IR Service has started
08-24 20:09:53.441 I/Axel.DeviceProductInfo(18206): EDID read: DeviceProductInfo{name=EMU_display_0, manufacturerPnpId=GGL, productId=1, modelYear=-1, manufactureDate=ManufactureDate{week=27, year=2006}, connectionToSinkType=0}
08-24 20:09:53.442 W/Axel.DeviceProductInfo(18206): The type of the HDMI device cannot be determined
08-24 20:09:53.443 I/Axel.IrService(18206): EDID: null
08-24 20:09:53.446 I/Axel.A2dpConnectionStateChangeReceiver(18206): Checking for A2dp devices
08-24 20:09:53.447 D/BluetoothA2dp(18206): Binding service...
08-24 20:09:53.450 D/BluetoothA2dp(18206): Proxy object connected
08-24 20:09:53.451 I/Axel.A2dpConnectionStateChangeReceiver(18206): Connected a2dp devices left: 0
08-24 20:09:53.453 V/Axel.ClearcutLoggerImpl(18206): Usage reporting is disabled
08-24 20:09:54.267 E/chromium(17857): [17857:17889:ERROR:ssl_client_socket_impl.cc(981)] handshake failed; returned -1, SSL error code 1, net_error -201
08-24 20:09:54.268 E/chromium(17857): [17857:17881:ERROR:connectivity_checker_impl.cc(285)] Connectivity check failed: net_error=-501
08-24 20:09:54.268 I/chromium(17857): [17857:17881:INFO:connectivity_checker_impl.cc(320)] Notify connectivity check failure.
08-24 20:09:54.268 I/chromium(17857): [17857:17914:INFO:setup_manager_impl.cc(2554)] SetupManagerImpl::OnConnectivityCheckFailed: Trigger Network check.
08-24 20:09:55.327 E/chromium(17857): [17857:17889:ERROR:ssl_client_socket_impl.cc(981)] handshake failed; returned -1, SSL error code 1, net_error -201
08-24 20:09:55.327 E/chromium(17857): [17857:17881:ERROR:connectivity_checker_impl.cc(285)] Connectivity check failed: net_error=-501
08-24 20:09:55.327 I/chromium(17857): [17857:17881:INFO:connectivity_checker_impl.cc(320)] Notify connectivity check failure.
08-24 20:09:55.327 I/chromium(17857): [17857:17914:INFO:setup_manager_impl.cc(2554)] SetupManagerImpl::OnConnectivityCheckFailed: Trigger Network check.
08-24 20:09:56.385 E/chromium(17857): [17857:17889:ERROR:ssl_client_socket_impl.cc(981)] handshake failed; returned -1, SSL error code 1, net_error -201
08-24 20:09:56.385 E/chromium(17857): [17857:17881:ERROR:connectivity_checker_impl.cc(285)] Connectivity check failed: net_error=-501
08-24 20:09:56.385 I/chromium(17857): [17857:17881:INFO:connectivity_checker_impl.cc(320)] Notify connectivity check failure.
08-24 20:09:56.385 I/chromium(17857): [17857:17914:INFO:setup_manager_impl.cc(2554)] SetupManagerImpl::OnConnectivityCheckFailed: Trigger Network check.
08-24 20:09:57.442 E/chromium(17857): [17857:17889:ERROR:ssl_client_socket_impl.cc(981)] handshake failed; returned -1, SSL error code 1, net_error -201
08-24 20:09:57.442 E/chromium(17857): [17857:17881:ERROR:connectivity_checker_impl.cc(285)] Connectivity check failed: net_error=-501
08-24 20:09:57.442 I/chromium(17857): [17857:17881:INFO:connectivity_checker_impl.cc(320)] Notify connectivity check failure.
08-24 20:09:57.442 I/chromium(17857): [17857:17914:INFO:setup_manager_impl.cc(2554)] SetupManagerImpl::OnConnectivityCheckFailed: Trigger Network check.
08-24 20:09:58.353 W/ProcessStats(  508): Tracking association SourceState{12e5eb9 system/1000 BTopFgs #15648} whose proc state 2 is better than process ProcessState{db0e2fe com.google.android.tv.remote.service/10050 pkg=com.google.android.tv.remote.service} proc state 3 (47 skipped)
08-24 20:09:58.354 D/BoundBrokerSvc(17091): onUnbind: Intent { act=com.google.android.gms.udc.service.START dat=chimera-action:com.google.android.gms.udc.service.START cmp=com.google.android.gms/.chimera.PersistentApiService }
08-24 20:09:58.496 E/chromium(17857): [17857:17889:ERROR:ssl_client_socket_impl.cc(981)] handshake failed; returned -1, SSL error code 1, net_error -201
08-24 20:09:58.496 E/chromium(17857): [17857:17881:ERROR:connectivity_checker_impl.cc(285)] Connectivity check failed: net_error=-501
08-24 20:09:58.496 I/chromium(17857): [17857:17881:INFO:connectivity_checker_impl.cc(320)] Notify connectivity check failure.
08-24 20:09:58.496 I/chromium(17857): [17857:17914:INFO:setup_manager_impl.cc(2554)] SetupManagerImpl::OnConnectivityCheckFailed: Trigger Network check.
08-24 20:09:59.516 E/chromium(17857): [17857:17889:ERROR:ssl_client_socket_impl.cc(981)] handshake failed; returned -1, SSL error code 1, net_error -201
08-24 20:09:59.516 E/chromium(17857): [17857:17881:ERROR:connectivity_checker_impl.cc(285)] Connectivity check failed: net_error=-501
08-24 20:09:59.516 I/chromium(17857): [17857:17881:INFO:connectivity_checker_impl.cc(320)] Notify connectivity check failure.
08-24 20:09:59.516 I/chromium(17857): [17857:17914:INFO:setup_manager_impl.cc(2554)] SetupManagerImpl::OnConnectivityCheckFailed: Trigger Network check.
08-24 20:10:00.452 D/PhenotypeContext(18206): Application doesn't implement PhenotypeApplication interface, falling back to globally set context. See go/phenotype-flag#process-stable-init for more info.
08-24 20:10:00.472 V/ClearcutMetricXmitter(18206): Transmission is done.
08-24 20:10:00.473 V/ClearcutMetricXmitter(18206): Transmission is done.
08-24 20:10:00.573 E/chromium(17857): [17857:17889:ERROR:ssl_client_socket_impl.cc(981)] handshake failed; returned -1, SSL error code 1, net_error -201
08-24 20:10:00.574 E/chromium(17857): [17857:17881:ERROR:connectivity_checker_impl.cc(285)] Connectivity check failed: net_error=-501
08-24 20:10:00.574 I/chromium(17857): [17857:17881:INFO:connectivity_checker_impl.cc(320)] Notify connectivity check failure.
08-24 20:10:00.574 I/chromium(17857): [17857:17914:INFO:setup_manager_impl.cc(2554)] SetupManagerImpl::OnConnectivityCheckFailed: Trigger Network check.
08-24 20:10:01.341 D/NetworkMonitor/100(  941): PROBE_DNS www.google.com 5ms OK 142.251.10.104,142.251.10.99,142.251.10.105,142.251.10.106,142.251.10.103,142.251.10.147,2404:6800:4003:c01::69,2404:6800:4003:c01::93,2404:6800:4003:c01::67,2404:6800:4003:c01::68
08-24 20:10:01.341 D/NetworkMonitor/100(  941): PROBE_DNS connectivitycheck.gstatic.com 6ms OK 74.125.68.94,2404:6800:4003:c02::5e
08-24 20:10:01.361 D/NetworkMonitor/100(  941): PROBE_HTTPS https://www.google.com/generate_204 Probe failed with exception javax.net.ssl.SSLHandshakeException: Chain validation failed
08-24 20:10:01.362 D/NetworkMonitor/100(  941): PROBE_HTTP http://connectivitycheck.gstatic.com/generate_204 time=20ms ret=204 request={Connection=[close], User-Agent=[Mozilla/5.0 (X11; Linux x86_64) AppleWebKit/537.36 (KHTML, like Gecko) Chrome/60.0.3112.32 Safari/537.36]} headers={null=[HTTP/1.1 204 No Content], Connection=[close], Content-Length=[0], Cross-Origin-Resource-Policy=[cross-origin], Date=[Sat, 20 Sep 2025 02:17:27 GMT], X-Android-Received-Millis=[1756037401362], X-Android-Response-Source=[NETWORK 204], X-Android-Selected-Protocol=[http/1.1], X-Android-Sent-Millis=[1756037401351]}
08-24 20:10:01.378 D/NetworkMonitor/100(  941): PROBE_FALLBACK http://www.google.com/gen_204 time=15ms ret=204 request={Connection=[close], User-Agent=[Mozilla/5.0 (X11; Linux x86_64) AppleWebKit/537.36 (KHTML, like Gecko) Chrome/60.0.3112.32 Safari/537.36]} headers={null=[HTTP/1.1 204 No Content], Connection=[close], Content-Length=[0], Content-Security-Policy=[object-src 'none';base-uri 'self';script-src 'nonce-mc20_Qc-ljBFjEkMhJk_WA' 'strict-dynamic' 'report-sample' 'unsafe-eval' 'unsafe-inline' https: http:;report-uri https://csp.withgoogle.com/csp/gws/other], Content-Type=[text/html; charset=UTF-8], Date=[Sat, 20 Sep 2025 02:17:27 GMT], Permissions-Policy=[unload=()], Server=[gws], X-Android-Received-Millis=[1756037401378], X-Android-Response-Source=[NETWORK 204], X-Android-Selected-Protocol=[http/1.1], X-Android-Sent-Millis=[1756037401369], X-Frame-Options=[SAMEORIGIN], X-XSS-Protection=[0]}
08-24 20:10:01.378 D/NetworkMonitor/100(  941): isCaptivePortal: isSuccessful()=false isPortal()=false RedirectUrl=null isPartialConnectivity()=true Time=43ms
08-24 20:10:01.378 D/ConnectivityService(  508): [100 WIFI] validation failed
08-24 20:10:01.617 E/chromium(17857): [17857:17889:ERROR:ssl_client_socket_impl.cc(981)] handshake failed; returned -1, SSL error code 1, net_error -201
08-24 20:10:01.618 E/chromium(17857): [17857:17881:ERROR:connectivity_checker_impl.cc(285)] Connectivity check failed: net_error=-501
08-24 20:10:01.618 I/chromium(17857): [17857:17881:INFO:connectivity_checker_impl.cc(320)] Notify connectivity check failure.
08-24 20:10:01.618 I/chromium(17857): [17857:17914:INFO:setup_manager_impl.cc(2554)] SetupManagerImpl::OnConnectivityCheckFailed: Trigger Network check.
08-24 20:10:02.677 E/chromium(17857): [17857:17889:ERROR:ssl_client_socket_impl.cc(981)] handshake failed; returned -1, SSL error code 1, net_error -201
08-24 20:10:02.677 E/chromium(17857): [17857:17881:ERROR:connectivity_checker_impl.cc(285)] Connectivity check failed: net_error=-501
08-24 20:10:02.677 I/chromium(17857): [17857:17881:INFO:connectivity_checker_impl.cc(320)] Notify connectivity check failure.
08-24 20:10:02.677 I/chromium(17857): [17857:17914:INFO:setup_manager_impl.cc(2554)] SetupManagerImpl::OnConnectivityCheckFailed: Trigger Network check.
08-24 20:10:02.850 D/MainActivity(16080): Touch on GeckoView detected, hiding keyboard (current focus: GeckoView)
08-24 20:10:02.851 D/MainActivity(16080): hideKeyboard() called.
08-24 20:10:02.854 D/GeckoIdleService(16080): next timeout 5000 msec from now
08-24 20:10:02.854 D/GeckoIdleService(16080): SetTimerExpiryIfBefore: next timeout 5000 msec from now
08-24 20:10:02.854 D/GeckoIdleService(16080): reset timer expiry to 5010 msec from now
08-24 20:10:02.854 D/GeckoIdleService(16080): Reset idle timeout: tell observer 0x6d8ca205e8 user is back
08-24 20:10:03.713 E/chromium(17857): [17857:17889:ERROR:ssl_client_socket_impl.cc(981)] handshake failed; returned -1, SSL error code 1, net_error -201
08-24 20:10:03.713 E/chromium(17857): [17857:17881:ERROR:connectivity_checker_impl.cc(285)] Connectivity check failed: net_error=-501
08-24 20:10:03.713 I/chromium(17857): [17857:17881:INFO:connectivity_checker_impl.cc(320)] Notify connectivity check failure.
08-24 20:10:03.713 I/chromium(17857): [17857:17914:INFO:setup_manager_impl.cc(2554)] SetupManagerImpl::OnConnectivityCheckFailed: Trigger Network check.
08-24 20:10:03.945 I/keystore2(  200): keystore2::watchdog: Watchdog thread idle -> terminating. Have a great day.
08-24 20:10:04.747 E/chromium(17857): [17857:17889:ERROR:ssl_client_socket_impl.cc(981)] handshake failed; returned -1, SSL error code 1, net_error -201
08-24 20:10:04.748 E/chromium(17857): [17857:17881:ERROR:connectivity_checker_impl.cc(285)] Connectivity check failed: net_error=-501
08-24 20:10:04.748 I/chromium(17857): [17857:17881:INFO:connectivity_checker_impl.cc(320)] Notify connectivity check failure.
08-24 20:10:04.748 I/chromium(17857): [17857:17914:INFO:setup_manager_impl.cc(2554)] SetupManagerImpl::OnConnectivityCheckFailed: Trigger Network check.
08-24 20:10:05.807 E/chromium(17857): [17857:17889:ERROR:ssl_client_socket_impl.cc(981)] handshake failed; returned -1, SSL error code 1, net_error -201
08-24 20:10:05.808 E/chromium(17857): [17857:17881:ERROR:connectivity_checker_impl.cc(285)] Connectivity check failed: net_error=-501
08-24 20:10:05.808 I/chromium(17857): [17857:17881:INFO:connectivity_checker_impl.cc(320)] Notify connectivity check failure.
08-24 20:10:05.808 I/chromium(17857): [17857:17914:INFO:setup_manager_impl.cc(2554)] SetupManagerImpl::OnConnectivityCheckFailed: Trigger Network check.
08-24 20:10:06.864 E/chromium(17857): [17857:17889:ERROR:ssl_client_socket_impl.cc(981)] handshake failed; returned -1, SSL error code 1, net_error -201
08-24 20:10:06.865 E/chromium(17857): [17857:17881:ERROR:connectivity_checker_impl.cc(285)] Connectivity check failed: net_error=-501
08-24 20:10:06.865 I/chromium(17857): [17857:17881:INFO:connectivity_checker_impl.cc(320)] Notify connectivity check failure.
08-24 20:10:06.865 I/chromium(17857): [17857:17914:INFO:setup_manager_impl.cc(2554)] SetupManagerImpl::OnConnectivityCheckFailed: Trigger Network check.
08-24 20:10:07.863 D/GeckoIdleService(16080): Get idle time: time since reset 4924 msec
08-24 20:10:07.863 D/GeckoIdleService(16080): Idle timer callback: current idle time 4924 msec
08-24 20:10:07.863 D/GeckoIdleService(16080): next timeout 75 msec from now
08-24 20:10:07.863 D/GeckoIdleService(16080): SetTimerExpiryIfBefore: next timeout 75 msec from now
08-24 20:10:07.863 D/GeckoIdleService(16080): reset timer expiry to 85 msec from now
08-24 20:10:07.919 E/chromium(17857): [17857:17889:ERROR:ssl_client_socket_impl.cc(981)] handshake failed; returned -1, SSL error code 1, net_error -201
08-24 20:10:07.919 E/chromium(17857): [17857:17881:ERROR:connectivity_checker_impl.cc(285)] Connectivity check failed: net_error=-501
08-24 20:10:07.920 I/chromium(17857): [17857:17881:INFO:connectivity_checker_impl.cc(320)] Notify connectivity check failure.
08-24 20:10:07.920 I/chromium(17857): [17857:17914:INFO:setup_manager_impl.cc(2554)] SetupManagerImpl::OnConnectivityCheckFailed: Trigger Network check.
08-24 20:10:07.949 D/GeckoIdleService(16080): Get idle time: time since reset 5010 msec
08-24 20:10:07.949 D/GeckoIdleService(16080): Idle timer callback: current idle time 5010 msec
08-24 20:10:07.949 D/GeckoIdleService(16080): next timeout 4294967289990 msec from now
08-24 20:10:07.949 D/GeckoIdleService(16080): SetTimerExpiryIfBefore: next timeout 4294967289990 msec from now
08-24 20:10:07.949 D/GeckoIdleService(16080): reset timer expiry to 4294967290000 msec from now
08-24 20:10:07.949 D/GeckoIdleService(16080): Idle timer callback: tell observer 0x6d8ca205e8 user is idle
08-24 20:10:08.942 E/chromium(17857): [17857:17889:ERROR:ssl_client_socket_impl.cc(981)] handshake failed; returned -1, SSL error code 1, net_error -201
08-24 20:10:08.942 E/chromium(17857): [17857:17881:ERROR:connectivity_checker_impl.cc(285)] Connectivity check failed: net_error=-501
08-24 20:10:08.942 I/chromium(17857): [17857:17881:INFO:connectivity_checker_impl.cc(320)] Notify connectivity check failure.
08-24 20:10:08.942 I/chromium(17857): [17857:17914:INFO:setup_manager_impl.cc(2554)] SetupManagerImpl::OnConnectivityCheckFailed: Trigger Network check.
08-24 20:10:09.598 I/chromium(17857): [17857:17857:INFO:service_base.h(78)] Size of the map for type AuthTokenResponse is 0
08-24 20:10:09.605 I/chromium(17857): [17857:17857:INFO:service_base.h(246)] Container sizes for type CloudSetting are (session_info_map: 0), (topic_info_map: 21), (pending_events: 0).
08-24 20:10:09.655 I/chromium(17857): [17857:17857:INFO:service_base.h(78)] Size of the map for type LocalDeviceInfo is 0
08-24 20:10:09.655 I/chromium(17857): [17857:17857:INFO:service_base.h(78)] Size of the map for type NetworkInfo is 0
08-24 20:10:09.667 I/chromium(17857): [17857:17857:INFO:metrics_stat_logger.cc(55)] Metrics stat for the past 60 secs : total=4
08-24 20:10:09.667 I/chromium(17857): [metrics_stat_logger] Cast.Discovery.Mdns.Query.Cast.Count=1
08-24 20:10:09.667 I/chromium(17857): [metrics_stat_logger] Cast.Discovery.Mdns.Request.In=1
08-24 20:10:09.667 I/chromium(17857): [metrics_stat_logger] Cast.Discovery.Mdns.Response.Out=1
08-24 20:10:09.667 I/chromium(17857): [metrics_stat_logger] Usonia.DirectoryService.SendHeartbeat=2
08-24 20:10:09.747 I/chromium(17857): [17857:17928:INFO:mdns_app_filter.cc(3338)] Mdns cast queries recently sent: queries=1
08-24 20:10:10.001 E/chromium(17857): [17857:17889:ERROR:ssl_client_socket_impl.cc(981)] handshake failed; returned -1, SSL error code 1, net_error -201
08-24 20:10:10.001 E/chromium(17857): [17857:17881:ERROR:connectivity_checker_impl.cc(285)] Connectivity check failed: net_error=-501
08-24 20:10:10.001 I/chromium(17857): [17857:17881:INFO:connectivity_checker_impl.cc(320)] Notify connectivity check failure.
08-24 20:10:10.002 I/chromium(17857): [17857:17914:INFO:setup_manager_impl.cc(2554)] SetupManagerImpl::OnConnectivityCheckFailed: Trigger Network check.
08-24 20:10:10.649 D/MainActivity(16080): Touch on GeckoView detected, hiding keyboard (current focus: GeckoView)
08-24 20:10:10.650 D/MainActivity(16080): hideKeyboard() called.
08-24 20:10:10.650 D/GeckoIdleService(16080): next timeout 5000 msec from now
08-24 20:10:10.650 D/GeckoIdleService(16080): SetTimerExpiryIfBefore: next timeout 5000 msec from now
08-24 20:10:10.650 D/GeckoIdleService(16080): reset timer expiry to 5010 msec from now
08-24 20:10:10.650 D/GeckoIdleService(16080): Reset idle timeout: tell observer 0x6d8ca205e8 user is back
08-24 20:10:11.064 E/chromium(17857): [17857:17889:ERROR:ssl_client_socket_impl.cc(981)] handshake failed; returned -1, SSL error code 1, net_error -201
08-24 20:10:11.064 E/chromium(17857): [17857:17881:ERROR:connectivity_checker_impl.cc(285)] Connectivity check failed: net_error=-501
08-24 20:10:11.064 I/chromium(17857): [17857:17881:INFO:connectivity_checker_impl.cc(320)] Notify connectivity check failure.
08-24 20:10:11.065 I/chromium(17857): [17857:17914:INFO:setup_manager_impl.cc(2554)] SetupManagerImpl::OnConnectivityCheckFailed: Trigger Network check.
08-24 20:10:11.919 I/GoogleInputMethodService(17771): GoogleInputMethodService.onFinishInput():3466 
08-24 20:10:11.919 D/InputMethodManager(16080): showSoftInput() view=androidx.appcompat.widget.AppCompatEditText{f9f2f73 VFED..CL. .F.p..ID 108,14-1428,97 #7f0902c9 app:id/urlBar aid=1073741824} flags=1 reason=SHOW_SOFT_INPUT
08-24 20:10:11.920 W/ProcessStats(  508): Tracking association SourceState{a6c002 com.google.android.inputmethod.latin/10069 BTopFgs #15660} whose proc state 2 is better than process ProcessState{db0e2fe com.google.android.tv.remote.service/10050 pkg=com.google.android.tv.remote.service} proc state 3 (26 skipped)
08-24 20:10:11.920 D/MainActivity(16080): showKeyboard() called for view: AppCompatEditText
08-24 20:10:11.921 D/InputMethodManager(16080): showSoftInput() view=androidx.appcompat.widget.AppCompatEditText{f9f2f73 VFED..CL. .F.P..ID 108,14-1428,97 #7f0902c9 app:id/urlBar aid=1073741824} flags=0 reason=SHOW_SOFT_INPUT
08-24 20:10:11.921 I/GoogleInputMethodService(17771): GoogleInputMethodService.onStartInput():2045 
08-24 20:10:11.922 I/DeviceUnlockedTag(17771): DeviceUnlockedTag.notifyDeviceLockStatusChanged():38 Notify device unlocked.
08-24 20:10:11.924 I/GoogleInputMethodService(17771): GoogleInputMethodService.onStartInput():2045 
08-24 20:10:11.924 I/DeviceUnlockedTag(17771): DeviceUnlockedTag.notifyDeviceLockStatusChanged():38 Notify device unlocked.
08-24 20:10:11.924 W/SessionManager(17771): SessionManager.beginSession():55 Try to begin an already begun session [INPUT_SESSION], end it first
08-24 20:10:11.925 I/KeyboardViewUtil(17771): KeyboardViewUtil.canAvoidFullscreenModeByReducingKeyboardHeight():83 can disable full screen mode by lowering keyboard. bodyHeight:736 minBodyHeight:360
08-24 20:10:11.925 I/KeyboardViewUtil(17771): KeyboardViewUtil.canAvoidFullscreenModeByReducingKeyboardHeight():83 can disable full screen mode by lowering keyboard. bodyHeight:736 minBodyHeight:360
08-24 20:10:11.926 I/GoogleInputMethodService(17771): GoogleInputMethodService.onStartInputView():2192 
08-24 20:10:11.927 I/DeviceUnlockedTag(17771): DeviceUnlockedTag.notifyDeviceLockStatusChanged():38 Notify device unlocked.
08-24 20:10:11.933 D/GeckoSession(16080): handleMessage: GeckoView:DismissClipboardPermissionRequest
08-24 20:10:11.933 D/EGL_emulation(16080): app_time_stats: avg=1048.51ms min=11.92ms max=59852.53ms count=58
08-24 20:10:11.961 I/KeyboardViewUtil(17771): KeyboardViewUtil.getKeyboardHeightRatio():170 systemKeyboardHeightRatio:1.000000; userKeyboardHeightRatio:1.000000.
08-24 20:10:11.963 I/LatinIme(17771): LatinIme.<init>():378 Language = en-US
08-24 20:10:11.965 I/Delight5Facilitator(17771): Delight5Facilitator.initializeForIme():762 initializeForIme() : Locale = [en_US], layout = qwerty
08-24 20:10:11.966 I/AndroidIME(17771): AbstractIme.onActivate():86 LatinTVIme.onActivate() : EditorInfo = inputType=URI imeActionName=GO dump=[inputType=0x11 imeOptions=0x8000002 privateImeOptions=null actionLabel=null actionId=0 initialSelStart=0 initialSelEnd=0 initialCapsMode=0x0 hintText=Search or enter address label=null packageName=com.neew.browser autofillId=1073741824 fieldId=2131296969 fieldName=null extras=Bundle[{android.support.text.emoji.emojiCompat_metadataVersion=8, android.support.text.emoji.emojiCompat_replaceAll=false}] hintLocales=null contentMimeTypes=null ], IncognitoMode = false, DeviceLocked = false
08-24 20:10:11.967 I/VoiceInputManagerWrapper(17771): VoiceInputManagerWrapper.cancelShutdown():54 cancelShutdown()
08-24 20:10:11.967 I/VoiceInputManagerWrapper(17771): VoiceInputManagerWrapper.syncLanguagePacks():66 syncLanguagePacks()
08-24 20:10:11.968 I/LatinIme(17771): LatinIme.updateEnableInlineSuggestionsOnDecoderSideFlags():1283 inline flag updated to:false
08-24 20:10:11.968 I/SpeechFactory(17771): SpeechRecognitionFactory.maybeScheduleAutoPackDownloadForFallback():182 maybeScheduleAutoPackDownloadForFallback()
08-24 20:10:11.970 I/KeyboardWrapper(17771): KeyboardWrapper.consumeEvent():284 Skip consuming an event as current keyboard is deactivated (state=0, keyboard existence=true)
08-24 20:10:11.971 I/DeviceModeUtil(17771): DeviceModeUtil.getDeviceMode():68 Get device mode by ui mode:4 and smallestScreenWidthDp:540
08-24 20:10:11.972 I/KeyboardViewUtil(17771): KeyboardViewUtil.calculateMaxKeyboardBodyHeight():62 leave 270 height for app when screen height:1080, header height:74 and isFullscreenMode:false, so the max keyboard body height is:736
08-24 20:10:11.973 E/putmethod.lati(17771): Invalid ID 0x00000000.
08-24 20:10:11.973 E/putmethod.lati(17771): Invalid ID 0x00000000.
08-24 20:10:11.973 W/Keyboard(17771): Keyboard.getKeyboardViewHelper():604 null helper is returned: keyboardDef=frf{className=.tv.keyboard.LatinTVKeyboard, id=keyboard_en, initialStates=0, keyboardViewDefs=[frz{direction=null, id=default_keyboard_view, isScalable=true, layoutId=keyboard_body_4x10_m2, type=BODY, touchable=true}], keyTextSizeRatio=1.0, persistentStates=0, persistentStatesPrefKey=null, popupBubbleLayoutId=PopupBubbleLayout, recentKeyLayoutId=#0x0, recentKeyPopupLayoutId=#0x0, recentKeyType=null, rememberRecentKey=NONE, sessionStates=0}, type=FLOATING_CANDIDATES, helpersCreated=[null, fjp@37acb61, null], 
08-24 20:10:11.974 E/putmethod.lati(17771): Invalid ID 0x00000000.
08-24 20:10:11.974 E/putmethod.lati(17771): Invalid ID 0x00000000.
08-24 20:10:11.974 W/Keyboard(17771): Keyboard.getKeyboardViewHelper():604 null helper is returned: keyboardDef=frf{className=.tv.keyboard.LatinTVKeyboard, id=keyboard_en, initialStates=0, keyboardViewDefs=[frz{direction=null, id=default_keyboard_view, isScalable=true, layoutId=keyboard_body_4x10_m2, type=BODY, touchable=true}], keyTextSizeRatio=1.0, persistentStates=0, persistentStatesPrefKey=null, popupBubbleLayoutId=PopupBubbleLayout, recentKeyLayoutId=#0x0, recentKeyPopupLayoutId=#0x0, recentKeyType=null, rememberRecentKey=NONE, sessionStates=0}, type=FLOATING_CANDIDATES, helpersCreated=[null, fjp@37acb61, null], 
08-24 20:10:11.974 I/NormalModeController(17771): NormalModeController.getKeyboardBodyViewHolderPaddingBottom():109 currentPrimeKeyboardType:SOFT systemPaddingBottom:-1
08-24 20:10:11.975 I/Delight5Decoder(17771): Delight5DecoderWrapper.setKeyboardLayout():435 setKeyboardLayout()
08-24 20:10:11.976 I/KeyboardViewUtil(17771): KeyboardViewUtil.canAvoidFullscreenModeByReducingKeyboardHeight():83 can disable full screen mode by lowering keyboard. bodyHeight:736 minBodyHeight:360
08-24 20:10:11.976 I/NormalModeController(17771): NormalModeController.getKeyboardBodyViewHolderPaddingBottom():109 currentPrimeKeyboardType:SOFT systemPaddingBottom:-1
08-24 20:10:11.976 I/AndroidIME(17771): KeyboardViewManager.updateKeyboardBodyViewHolderPaddingBottom():567 Set finalPaddingBottom = 0 while keyboardBottomGapFromScreen = 0; navigationHeight = 0
08-24 20:10:11.976 I/NormalModeController(17771): NormalModeController.getKeyboardBodyViewHolderPaddingBottom():109 currentPrimeKeyboardType:SOFT systemPaddingBottom:-1
08-24 20:10:11.977 I/AndroidIME(17771): KeyboardViewManager.updateKeyboardBodyViewHolderPaddingBottom():567 Set finalPaddingBottom = 0 while keyboardBottomGapFromScreen = 0; navigationHeight = 0
08-24 20:10:11.977 I/AssistClient(17771): AssistClient.onKeyboardOpened():177 voice onKeyboardOpened
08-24 20:10:11.977 I/AssistClient(17771): AssistClient.connect():140 Trying to bind to KeyboardService
08-24 20:10:11.978 W/ActivityManager(  508): Unable to start service Intent { act=com.google.android.katniss.search.serviceapi.IKeyboardService cmp=com.google.android.katniss/.search.serviceapi.KeyboardService } U=0: not found
08-24 20:10:11.978 W/AssistClient(17771): AssistClient.connect():147 Bind to KeyboardService returns false
08-24 20:10:11.978 I/AssistClient(17771): AssistClient.connect():140 Trying to bind to KeyboardService
08-24 20:10:11.978 W/ActivityManager(  508): Unable to start service Intent { act=com.google.android.katniss.search.serviceapi.IKeyboardService cmp=com.google.android.katniss/.search.serviceapi.KeyboardService } U=0: not found
08-24 20:10:11.978 W/AssistClient(17771): AssistClient.connect():147 Bind to KeyboardService returns false
08-24 20:10:11.979 I/VoiceImeExtension(17771): VoiceImeExtension.shouldStartVoiceInputAutomatically():356 No private IME option set to start voice input.
08-24 20:10:11.981 I/KeyboardViewUtil(17771): KeyboardViewUtil.canAvoidFullscreenModeByReducingKeyboardHeight():83 can disable full screen mode by lowering keyboard. bodyHeight:736 minBodyHeight:360
08-24 20:10:11.981 W/NotificationHistory(  508): Attempted to add notif for locked/gone/disabled user 0
08-24 20:10:11.981 V/TvNotificationHandler(  757): Notification not added because it isn't relevant for tv
08-24 20:10:11.984 V/TvNotificationHandler(  757): Notification not added because it isn't relevant for tv
08-24 20:10:11.984 D/goldfish-address-space(  339): claimShared: Ask to claim region [0x1f05ec000 0x1f0dd8000]
08-24 20:10:11.985 V/TvNotificationHandler(  757): Notification not added because it isn't relevant for tv
08-24 20:10:11.988 D/goldfish-address-space(  339): claimShared: Ask to claim region [0x1f0dd8000 0x1f15c4000]
08-24 20:10:11.989 D/goldfish-address-space(  339): claimShared: Ask to claim region [0x1f4000000 0x1f47ec000]
08-24 20:10:11.992 I/KeyboardViewUtil(17771): KeyboardViewUtil.canAvoidFullscreenModeByReducingKeyboardHeight():83 can disable full screen mode by lowering keyboard. bodyHeight:736 minBodyHeight:360
08-24 20:10:11.993 I/KeyboardViewUtil(17771): KeyboardViewUtil.canAvoidFullscreenModeByReducingKeyboardHeight():83 can disable full screen mode by lowering keyboard. bodyHeight:736 minBodyHeight:360
08-24 20:10:11.994 D/InsetsController(16080): show(ime(), fromIme=true)
08-24 20:10:12.011 V/TvNotificationHandler(  757): Notification not added because it isn't relevant for tv
08-24 20:10:12.120 E/chromium(17857): [17857:17889:ERROR:ssl_client_socket_impl.cc(981)] handshake failed; returned -1, SSL error code 1, net_error -201
08-24 20:10:12.121 E/chromium(17857): [17857:17881:ERROR:connectivity_checker_impl.cc(285)] Connectivity check failed: net_error=-501
08-24 20:10:12.121 I/chromium(17857): [17857:17881:INFO:connectivity_checker_impl.cc(320)] Notify connectivity check failure.
08-24 20:10:12.121 I/chromium(17857): [17857:17914:INFO:setup_manager_impl.cc(2554)] SetupManagerImpl::OnConnectivityCheckFailed: Trigger Network check.
08-24 20:10:12.195 V/TvNotificationHandler(  757): Notification not added because it isn't relevant for tv
08-24 20:10:13.169 E/chromium(17857): [17857:17889:ERROR:ssl_client_socket_impl.cc(981)] handshake failed; returned -1, SSL error code 1, net_error -201
08-24 20:10:13.169 E/chromium(17857): [17857:17881:ERROR:connectivity_checker_impl.cc(285)] Connectivity check failed: net_error=-501
08-24 20:10:13.169 I/chromium(17857): [17857:17881:INFO:connectivity_checker_impl.cc(320)] Notify connectivity check failure.
08-24 20:10:13.169 I/chromium(17857): [17857:17914:INFO:setup_manager_impl.cc(2554)] SetupManagerImpl::OnConnectivityCheckFailed: Trigger Network check.
08-24 20:10:13.267 D/MainActivity(16080): isFullscreenVideo: false
08-24 20:10:13.267 D/MainActivity(16080): [TV][DPAD] key=35 action=DOWN uiFocused=true cursor=(1530,0) step=30
08-24 20:10:13.278 D/EGL_emulation(16080): app_time_stats: avg=448.37ms min=350.24ms max=499.78ms count=3
08-24 20:10:13.499 D/EGL_emulation(17771): app_time_stats: avg=188.54ms min=14.19ms max=1386.36ms count=8
08-24 20:10:13.583 D/MainActivity(16080): isFullscreenVideo: false
08-24 20:10:13.583 D/MainActivity(16080): [TV][DPAD] key=43 action=DOWN uiFocused=true cursor=(1530,0) step=30
08-24 20:10:13.757 D/MainActivity(16080): isFullscreenVideo: false
08-24 20:10:13.757 D/MainActivity(16080): [TV][DPAD] key=43 action=DOWN uiFocused=true cursor=(1530,0) step=30
08-24 20:10:13.911 I/chromium(17857): [17857:17928:INFO:mdns_app_filter.cc(3154)] MdnsAppFilter: responses sent in 64 seconds: 1
08-24 20:10:14.136 D/MainActivity(16080): isFullscreenVideo: false
08-24 20:10:14.136 D/MainActivity(16080): [TV][DPAD] key=35 action=DOWN uiFocused=true cursor=(1530,0) step=30
08-24 20:10:14.225 E/chromium(17857): [17857:17889:ERROR:ssl_client_socket_impl.cc(981)] handshake failed; returned -1, SSL error code 1, net_error -201
08-24 20:10:14.227 E/chromium(17857): [17857:17881:ERROR:connectivity_checker_impl.cc(285)] Connectivity check failed: net_error=-501
08-24 20:10:14.227 I/chromium(17857): [17857:17881:INFO:connectivity_checker_impl.cc(320)] Notify connectivity check failure.
08-24 20:10:14.227 I/chromium(17857): [17857:17914:INFO:setup_manager_impl.cc(2554)] SetupManagerImpl::OnConnectivityCheckFailed: Trigger Network check.
08-24 20:10:14.362 D/EGL_emulation(16080): app_time_stats: avg=180.66ms min=100.11ms max=220.53ms count=6
08-24 20:10:14.435 D/MainActivity(16080): isFullscreenVideo: false
08-24 20:10:14.435 D/MainActivity(16080): [TV][DPAD] key=40 action=DOWN uiFocused=true cursor=(1530,0) step=30
08-24 20:10:14.512 D/EGL_emulation(17771): app_time_stats: avg=23.55ms min=12.88ms max=119.03ms count=43
08-24 20:10:15.031 D/MainActivity(16080): isFullscreenVideo: false
08-24 20:10:15.031 D/MainActivity(16080): [TV][DPAD] key=33 action=DOWN uiFocused=true cursor=(1530,0) step=30
08-24 20:10:15.259 E/chromium(17857): [17857:17889:ERROR:ssl_client_socket_impl.cc(981)] handshake failed; returned -1, SSL error code 1, net_error -201
08-24 20:10:15.259 E/chromium(17857): [17857:17881:ERROR:connectivity_checker_impl.cc(285)] Connectivity check failed: net_error=-501
08-24 20:10:15.259 I/chromium(17857): [17857:17881:INFO:connectivity_checker_impl.cc(320)] Notify connectivity check failure.
08-24 20:10:15.259 I/chromium(17857): [17857:17914:INFO:setup_manager_impl.cc(2554)] SetupManagerImpl::OnConnectivityCheckFailed: Trigger Network check.
08-24 20:10:15.507 D/BoundBrokerSvc(17091): onUnbind: Intent { act=com.google.android.gms.phenotype.service.START pkg=com.google.android.gms }
08-24 20:10:15.529 D/EGL_emulation(17771): app_time_stats: avg=23.20ms min=3.99ms max=286.48ms count=40
08-24 20:10:15.556 D/MainActivity(16080): isFullscreenVideo: false
08-24 20:10:15.556 D/MainActivity(16080): [TV][DPAD] key=56 action=DOWN uiFocused=true cursor=(1530,0) step=30
08-24 20:10:15.562 D/EGL_emulation(16080): app_time_stats: avg=240.01ms min=86.37ms max=379.72ms count=5
08-24 20:10:15.659 D/GeckoIdleService(16080): Get idle time: time since reset 4927 msec
08-24 20:10:15.659 D/GeckoIdleService(16080): Idle timer callback: current idle time 4927 msec
08-24 20:10:15.659 D/GeckoIdleService(16080): next timeout 72 msec from now
08-24 20:10:15.659 D/GeckoIdleService(16080): SetTimerExpiryIfBefore: next timeout 72 msec from now
08-24 20:10:15.659 D/GeckoIdleService(16080): reset timer expiry to 82 msec from now
08-24 20:10:15.742 D/GeckoIdleService(16080): Get idle time: time since reset 5009 msec
08-24 20:10:15.742 D/GeckoIdleService(16080): Idle timer callback: current idle time 5009 msec
08-24 20:10:15.742 D/GeckoIdleService(16080): next timeout 4294967289990 msec from now
08-24 20:10:15.742 D/GeckoIdleService(16080): SetTimerExpiryIfBefore: next timeout 4294967289990 msec from now
08-24 20:10:15.742 D/GeckoIdleService(16080): reset timer expiry to 4294967290000 msec from now
08-24 20:10:15.742 D/GeckoIdleService(16080): Idle timer callback: tell observer 0x6d8ca205e8 user is idle
08-24 20:10:15.778 I/NormalModeController(17771): NormalModeController.getKeyboardBodyViewHolderPaddingBottom():109 currentPrimeKeyboardType:SOFT systemPaddingBottom:-1
08-24 20:10:15.780 I/Delight5Decoder(17771): Delight5DecoderWrapper.setKeyboardLayout():435 setKeyboardLayout()
08-24 20:10:15.910 D/MainActivity(16080): isFullscreenVideo: false
08-24 20:10:15.910 D/MainActivity(16080): [TV][DPAD] key=31 action=DOWN uiFocused=true cursor=(1530,0) step=30
08-24 20:10:16.316 D/MainActivity(16080): isFullscreenVideo: false
08-24 20:10:16.316 D/MainActivity(16080): [TV][DPAD] key=43 action=DOWN uiFocused=true cursor=(1530,0) step=30
08-24 20:10:16.321 E/chromium(17857): [17857:17889:ERROR:ssl_client_socket_impl.cc(981)] handshake failed; returned -1, SSL error code 1, net_error -201
08-24 20:10:16.321 E/chromium(17857): [17857:17881:ERROR:connectivity_checker_impl.cc(285)] Connectivity check failed: net_error=-501
08-24 20:10:16.321 I/chromium(17857): [17857:17881:INFO:connectivity_checker_impl.cc(320)] Notify connectivity check failure.
08-24 20:10:16.321 I/chromium(17857): [17857:17914:INFO:setup_manager_impl.cc(2554)] SetupManagerImpl::OnConnectivityCheckFailed: Trigger Network check.
08-24 20:10:16.489 D/MainActivity(16080): isFullscreenVideo: false
08-24 20:10:16.489 D/MainActivity(16080): [TV][DPAD] key=41 action=DOWN uiFocused=true cursor=(1530,0) step=30
08-24 20:10:16.686 D/MainActivity(16080): Input received: 'google.com'
08-24 20:10:16.686 D/MainActivity(16080): MainTab NavDelegate onLoadRequest: URI=https://google.com (Session: about:blank)
08-24 20:10:16.686 D/MainActivity(16080): MainTab NavDelegate onLoadRequest: Allowing non-intent URI: https://google.com
08-24 20:10:16.686 D/MainActivity(16080): Called loadUri with: https://google.com
08-24 20:10:16.686 I/GoogleInputMethodService(17771): GoogleInputMethodService.onFinishInputView():2417 
08-24 20:10:16.687 I/AssistClient(17771): AssistClient.onKeyboardClosed():184 voice onKeyboardClosed
08-24 20:10:16.687 I/AssistClient(17771): AssistClient.connect():140 Trying to bind to KeyboardService
08-24 20:10:16.687 D/MainActivity(16080): hideKeyboard() called.
08-24 20:10:16.687 W/ActivityManager(  508): Unable to start service Intent { act=com.google.android.katniss.search.serviceapi.IKeyboardService cmp=com.google.android.katniss/.search.serviceapi.KeyboardService } U=0: not found
08-24 20:10:16.687 W/AssistClient(17771): AssistClient.connect():147 Bind to KeyboardService returns false
08-24 20:10:16.689 I/KeyboardWrapper(17771): KeyboardWrapper.consumeEvent():284 Skip consuming an event as current keyboard is deactivated (state=0, keyboard existence=true)
08-24 20:10:16.689 I/VoiceInputManagerWrapper(17771): VoiceInputManagerWrapper.shutdown():76 shutdown()
08-24 20:10:16.689 I/AndroidIME(17771): AbstractIme.onDeactivate():207 LatinTVIme.onDeactivate()
08-24 20:10:16.692 I/GoogleInputMethodService(17771): GoogleInputMethodService.onFinishInput():3466 
08-24 20:10:16.692 I/GoogleInputMethodService(17771): GoogleInputMethodService.onStartInput():2045 
08-24 20:10:16.692 I/DeviceUnlockedTag(17771): DeviceUnlockedTag.notifyDeviceLockStatusChanged():38 Notify device unlocked.
08-24 20:10:16.693 I/DlamWrapper(17771): DlamWrapper$1.onSuccess():148 close(): Successfully wrote DLAM properties file.
08-24 20:10:16.694 W/IInputConnectionWrapper(16080): beginBatchEdit on inactive InputConnection
08-24 20:10:16.694 W/IInputConnectionWrapper(16080): endBatchEdit on inactive InputConnection
08-24 20:10:16.696 W/GeckoEventDispatcher(16080): No listener for GeckoView:BrowserAction:Update
08-24 20:10:16.696 W/GeckoEventDispatcher(16080): No listener for GeckoView:BrowserAction:Update
08-24 20:10:16.697 W/GeckoEventDispatcher(16080): No listener for GeckoView:BrowserAction:Update
08-24 20:10:16.697 W/GeckoEventDispatcher(16080): No listener for GeckoView:BrowserAction:Update
08-24 20:10:16.698 D/GeckoSession(16080): handleMessage GeckoView:ProgressChanged uri=null
08-24 20:10:16.698 D/MainActivity(16080): ProgressDelegate: onProgressChange on ACTIVE session: 15
08-24 20:10:16.698 D/GeckoSession(16080): handleMessage GeckoView:PageStart uri=https://google.com/
08-24 20:10:16.698 D/MainActivity(16080): ProgressDelegate: onPageStart called for session: 192209327, URL: https://google.com/
08-24 20:10:16.698 D/MainActivity(16080): ProgressDelegate: onPageStart on ACTIVE session. Showing progress.
08-24 20:10:16.699 D/EGL_emulation(16080): app_time_stats: avg=227.17ms min=148.86ms max=399.46ms count=5
08-24 20:10:16.714 D/EGL_emulation(17771): app_time_stats: avg=237.11ms min=6.85ms max=915.79ms count=5
08-24 20:10:16.717 D/goldfish-address-space(  339): claimShared: Ask to claim region [0x1f47ec000 0x1f4ec8000]
08-24 20:10:16.723 D/goldfish-address-space(  339): claimShared: Ask to claim region [0x1f4ec8000 0x1f55a4000]
08-24 20:10:16.736 W/GeckoEventDispatcher(16080): No listener for GeckoView:BrowserAction:Update
08-24 20:10:16.736 W/GeckoEventDispatcher(16080): No listener for GeckoView:BrowserAction:Update
08-24 20:10:16.736 W/GeckoEventDispatcher(16080): No listener for GeckoView:BrowserAction:Update
08-24 20:10:16.736 W/GeckoEventDispatcher(16080): No listener for GeckoView:BrowserAction:Update
08-24 20:10:16.765 D/goldfish-address-space(  339): claimShared: Ask to claim region [0x1efed4000 0x1f05b0000]
08-24 20:10:16.779 D/GeckoSession(16080): handleMessage GeckoView:OnLoadError uri=https://google.com/
08-24 20:10:16.779 E/MainActivity(16080): onLoadError: Uri=https://google.com/, Error=2: Request failed, error=0x32, category=0x2
08-24 20:10:16.786 W/ziparchive(  757): Unable to open '/data/app/~~79qA42nLhnvZTN6JWGTnqA==/com.neew.browser-OkVTAhGOL-W8wATbxNh_WA==/base.apk': No such file or directory
08-24 20:10:16.786 E/ndroid.systemu(  757): Failed to open APK '/data/app/~~79qA42nLhnvZTN6JWGTnqA==/com.neew.browser-OkVTAhGOL-W8wATbxNh_WA==/base.apk': I/O error
08-24 20:10:16.786 W/ResourcesManager(  757): failed to preload asset path '/data/app/~~79qA42nLhnvZTN6JWGTnqA==/com.neew.browser-OkVTAhGOL-W8wATbxNh_WA==/base.apk'
08-24 20:10:16.786 W/ResourcesManager(  757): java.io.IOException: Failed to load asset path /data/app/~~79qA42nLhnvZTN6JWGTnqA==/com.neew.browser-OkVTAhGOL-W8wATbxNh_WA==/base.apk
08-24 20:10:16.786 W/ResourcesManager(  757): 	at android.content.res.ApkAssets.nativeLoad(Native Method)
08-24 20:10:16.786 W/ResourcesManager(  757): 	at android.content.res.ApkAssets.<init>(ApkAssets.java:295)
08-24 20:10:16.786 W/ResourcesManager(  757): 	at android.content.res.ApkAssets.loadFromPath(ApkAssets.java:144)
08-24 20:10:16.786 W/ResourcesManager(  757): 	at android.app.ResourcesManager.loadApkAssets(ResourcesManager.java:454)
08-24 20:10:16.786 W/ResourcesManager(  757): 	at android.app.ResourcesManager.access$000(ResourcesManager.java:72)
08-24 20:10:16.786 W/ResourcesManager(  757): 	at android.app.ResourcesManager$ApkAssetsSupplier.load(ResourcesManager.java:168)
08-24 20:10:16.786 W/ResourcesManager(  757): 	at android.app.ResourcesManager.createApkAssetsSupplierNotLocked(ResourcesManager.java:980)
08-24 20:10:16.786 W/ResourcesManager(  757): 	at android.app.ResourcesManager.getResources(ResourcesManager.java:1101)
08-24 20:10:16.786 W/ResourcesManager(  757): 	at android.app.ActivityThread.getTopLevelResources(ActivityThread.java:2372)
08-24 20:10:16.786 W/ResourcesManager(  757): 	at android.app.ApplicationPackageManager.getResourcesForApplication(ApplicationPackageManager.java:1751)
08-24 20:10:16.786 W/ResourcesManager(  757): 	at android.app.ApplicationPackageManager.getResourcesForApplication(ApplicationPackageManager.java:1737)
08-24 20:10:16.786 W/ResourcesManager(  757): 	at android.app.ApplicationPackageManager.getDrawable(ApplicationPackageManager.java:1506)
08-24 20:10:16.786 W/ResourcesManager(  757): 	at android.app.ApplicationPackageManager.loadUnbadgedItemIcon(ApplicationPackageManager.java:3029)
08-24 20:10:16.786 W/ResourcesManager(  757): 	at android.content.pm.PackageItemInfo.loadUnbadgedIcon(PackageItemInfo.java:290)
08-24 20:10:16.786 W/ResourcesManager(  757): 	at com.android.systemui.toast.SystemUIToast.getBadgedIcon(SystemUIToast.java:284)
08-24 20:10:16.786 W/ResourcesManager(  757): 	at com.android.systemui.toast.SystemUIToast.inflateToastView(SystemUIToast.java:198)
08-24 20:10:16.786 W/ResourcesManager(  757): 	at com.android.systemui.toast.SystemUIToast.<init>(SystemUIToast.java:90)
08-24 20:10:16.786 W/ResourcesManager(  757): 	at com.android.systemui.toast.SystemUIToast.<init>(SystemUIToast.java:77)
08-24 20:10:16.786 W/ResourcesManager(  757): 	at com.android.systemui.toast.ToastFactory.createToast(ToastFactory.java:78)
08-24 20:10:16.786 W/ResourcesManager(  757): 	at com.android.systemui.toast.ToastUI.lambda$showToast$0(ToastUI.java:113)
08-24 20:10:16.786 W/ResourcesManager(  757): 	at com.android.systemui.toast.ToastUI.$r8$lambda$w_gPCh3F8Xxn1jN4lkQZoUci71c(Unknown Source:0)
08-24 20:10:16.786 W/ResourcesManager(  757): 	at com.android.systemui.toast.ToastUI$$ExternalSyntheticLambda0.run(Unknown Source:16)
08-24 20:10:16.786 W/ResourcesManager(  757): 	at com.android.systemui.toast.ToastUI.showToast(ToastUI.java:140)
08-24 20:10:16.786 W/ResourcesManager(  757): 	at com.android.systemui.statusbar.CommandQueue$H.handleMessage(CommandQueue.java:1431)
08-24 20:10:16.786 W/ResourcesManager(  757): 	at android.os.Handler.dispatchMessage(Handler.java:106)
08-24 20:10:16.786 W/ResourcesManager(  757): 	at android.os.Looper.loopOnce(Looper.java:201)
08-24 20:10:16.786 W/ResourcesManager(  757): 	at android.os.Looper.loop(Looper.java:288)
08-24 20:10:16.786 W/ResourcesManager(  757): 	at android.app.ActivityThread.main(ActivityThread.java:7839)
08-24 20:10:16.786 W/ResourcesManager(  757): 	at java.lang.reflect.Method.invoke(Native Method)
08-24 20:10:16.786 W/ResourcesManager(  757): 	at com.android.internal.os.RuntimeInit$MethodAndArgsCaller.run(RuntimeInit.java:548)
08-24 20:10:16.786 W/ResourcesManager(  757): 	at com.android.internal.os.ZygoteInit.main(ZygoteInit.java:1003)
08-24 20:10:16.786 W/ziparchive(  757): Unable to open '/data/app/~~79qA42nLhnvZTN6JWGTnqA==/com.neew.browser-OkVTAhGOL-W8wATbxNh_WA==/base.apk': No such file or directory
08-24 20:10:16.786 E/ndroid.systemu(  757): Failed to open APK '/data/app/~~79qA42nLhnvZTN6JWGTnqA==/com.neew.browser-OkVTAhGOL-W8wATbxNh_WA==/base.apk': I/O error
08-24 20:10:16.786 E/ResourcesManager(  757): failed to add asset path '/data/app/~~79qA42nLhnvZTN6JWGTnqA==/com.neew.browser-OkVTAhGOL-W8wATbxNh_WA==/base.apk'
08-24 20:10:16.786 E/ResourcesManager(  757): java.io.IOException: Failed to load asset path /data/app/~~79qA42nLhnvZTN6JWGTnqA==/com.neew.browser-OkVTAhGOL-W8wATbxNh_WA==/base.apk
08-24 20:10:16.786 E/ResourcesManager(  757): 	at android.content.res.ApkAssets.nativeLoad(Native Method)
08-24 20:10:16.786 E/ResourcesManager(  757): 	at android.content.res.ApkAssets.<init>(ApkAssets.java:295)
08-24 20:10:16.786 E/ResourcesManager(  757): 	at android.content.res.ApkAssets.loadFromPath(ApkAssets.java:144)
08-24 20:10:16.786 E/ResourcesManager(  757): 	at android.app.ResourcesManager.loadApkAssets(ResourcesManager.java:454)
08-24 20:10:16.786 E/ResourcesManager(  757): 	at android.app.ResourcesManager.access$000(ResourcesManager.java:72)
08-24 20:10:16.786 E/ResourcesManager(  757): 	at android.app.ResourcesManager$ApkAssetsSupplier.load(ResourcesManager.java:168)
08-24 20:10:16.786 E/ResourcesManager(  757): 	at android.app.ResourcesManager.createAssetManager(ResourcesManager.java:530)
08-24 20:10:16.786 E/ResourcesManager(  757): 	at android.app.ResourcesManager.createResourcesImpl(ResourcesManager.java:612)
08-24 20:10:16.786 E/ResourcesManager(  757): 	at android.app.ResourcesManager.findOrCreateResourcesImplForKeyLocked(ResourcesManager.java:664)
08-24 20:10:16.786 E/ResourcesManager(  757): 	at android.app.ResourcesManager.createResources(ResourcesManager.java:1011)
08-24 20:10:16.786 E/ResourcesManager(  757): 	at android.app.ResourcesManager.getResources(ResourcesManager.java:1114)
08-24 20:10:16.786 E/ResourcesManager(  757): 	at android.app.ActivityThread.getTopLevelResources(ActivityThread.java:2372)
08-24 20:10:16.786 E/ResourcesManager(  757): 	at android.app.ApplicationPackageManager.getResourcesForApplication(ApplicationPackageManager.java:1751)
08-24 20:10:16.786 E/ResourcesManager(  757): 	at android.app.ApplicationPackageManager.getResourcesForApplication(ApplicationPackageManager.java:1737)
08-24 20:10:16.786 E/ResourcesManager(  757): 	at android.app.ApplicationPackageManager.getDrawable(ApplicationPackageManager.java:1506)
08-24 20:10:16.786 E/ResourcesManager(  757): 	at android.app.ApplicationPackageManager.loadUnbadgedItemIcon(ApplicationPackageManager.java:3029)
08-24 20:10:16.786 E/ResourcesManager(  757): 	at android.content.pm.PackageItemInfo.loadUnbadgedIcon(PackageItemInfo.java:290)
08-24 20:10:16.786 E/ResourcesManager(  757): 	at com.android.systemui.toast.SystemUIToast.getBadgedIcon(SystemUIToast.java:284)
08-24 20:10:16.786 E/ResourcesManager(  757): 	at com.android.systemui.toast.SystemUIToast.inflateToastView(SystemUIToast.java:198)
08-24 20:10:16.786 E/ResourcesManager(  757): 	at com.android.systemui.toast.SystemUIToast.<init>(SystemUIToast.java:90)
08-24 20:10:16.786 E/ResourcesManager(  757): 	at com.android.systemui.toast.SystemUIToast.<init>(SystemUIToast.java:77)
08-24 20:10:16.786 E/ResourcesManager(  757): 	at com.android.systemui.toast.ToastFactory.createToast(ToastFactory.java:78)
08-24 20:10:16.786 E/ResourcesManager(  757): 	at com.android.systemui.toast.ToastUI.lambda$showToast$0(ToastUI.java:113)
08-24 20:10:16.786 E/ResourcesManager(  757): 	at com.android.systemui.toast.ToastUI.$r8$lambda$w_gPCh3F8Xxn1jN4lkQZoUci71c(Unknown Source:0)
08-24 20:10:16.786 E/ResourcesManager(  757): 	at com.android.systemui.toast.ToastUI$$ExternalSyntheticLambda0.run(Unknown Source:16)
08-24 20:10:16.786 E/ResourcesManager(  757): 	at com.android.systemui.toast.ToastUI.showToast(ToastUI.java:140)
08-24 20:10:16.786 E/ResourcesManager(  757): 	at com.android.systemui.statusbar.CommandQueue$H.handleMessage(CommandQueue.java:1431)
08-24 20:10:16.786 E/ResourcesManager(  757): 	at android.os.Handler.dispatchMessage(Handler.java:106)
08-24 20:10:16.786 E/ResourcesManager(  757): 	at android.os.Looper.loopOnce(Looper.java:201)
08-24 20:10:16.786 E/ResourcesManager(  757): 	at android.os.Looper.loop(Looper.java:288)
08-24 20:10:16.786 E/ResourcesManager(  757): 	at android.app.ActivityThread.main(ActivityThread.java:7839)
08-24 20:10:16.786 E/ResourcesManager(  757): 	at java.lang.reflect.Method.invoke(Native Method)
08-24 20:10:16.786 E/ResourcesManager(  757): 	at com.android.internal.os.RuntimeInit$MethodAndArgsCaller.run(RuntimeInit.java:548)
08-24 20:10:16.786 E/ResourcesManager(  757): 	at com.android.internal.os.ZygoteInit.main(ZygoteInit.java:1003)
08-24 20:10:16.786 W/PackageManager(  757): Failure retrieving resources for com.neew.browser
08-24 20:10:16.794 W/GeckoEventDispatcher(16080): No listener for GeckoView:BrowserAction:Update
08-24 20:10:16.795 W/GeckoEventDispatcher(16080): No listener for GeckoView:BrowserAction:Update
08-24 20:10:16.795 W/GeckoEventDispatcher(16080): No listener for GeckoView:BrowserAction:Update
08-24 20:10:16.796 W/GeckoEventDispatcher(16080): No listener for GeckoView:BrowserAction:Update
08-24 20:10:16.800 D/goldfish-address-space(  339): claimShared: Ask to claim region [0x1efed4000 0x1f05ec000]
08-24 20:10:16.805 D/GeckoSession(16080): handleMessage GeckoView:ProgressChanged uri=null
08-24 20:10:16.805 D/goldfish-address-space(  339): claimShared: Ask to claim region [0x1f1e44000 0x1f1ec4000]
08-24 20:10:16.805 D/MainActivity(16080): ProgressDelegate: onProgressChange on ACTIVE session: 100
08-24 20:10:16.805 D/GeckoSession(16080): handleMessage GeckoView:PageStop uri=null
08-24 20:10:16.805 D/MainActivity(16080): ProgressDelegate: onPageStop called for session: 192209327, Success: false
08-24 20:10:16.805 D/MainActivity(16080): ProgressDelegate: onPageStop on ACTIVE session. Hiding progress.
08-24 20:10:16.807 D/goldfish-address-space(  339): claimShared: Ask to claim region [0x1f1ec4000 0x1f1f44000]
08-24 20:10:16.810 D/goldfish-address-space(  339): claimShared: Ask to claim region [0x1f1f44000 0x1f1fc4000]
08-24 20:10:16.812 D/goldfish-address-space(  339): claimShared: Ask to claim region [0x1edff8000 0x1ee710000]
08-24 20:10:16.832 D/goldfish-address-space(  339): claimShared: Ask to claim region [0x1f55a4000 0x1f5cbc000]
08-24 20:10:17.378 E/chromium(17857): [17857:17889:ERROR:ssl_client_socket_impl.cc(981)] handshake failed; returned -1, SSL error code 1, net_error -201
08-24 20:10:17.379 E/chromium(17857): [17857:17881:ERROR:connectivity_checker_impl.cc(285)] Connectivity check failed: net_error=-501
08-24 20:10:17.379 I/chromium(17857): [17857:17881:INFO:connectivity_checker_impl.cc(320)] Notify connectivity check failure.
