09-20 10:44:09.614 E/DeviceCustomizationsImp(25277): 	at wmu.run(PG:89)
09-20 10:44:09.614 E/DeviceCustomizationsImp(25277): 	at ysg.g(PG:17)
09-20 10:44:09.614 E/DeviceCustomizationsImp(25277): 	at ysg.a(PG:12)
09-20 10:44:09.614 E/DeviceCustomizationsImp(25277): 	at wmu.run(PG:220)
09-20 10:44:09.614 E/DeviceCustomizationsImp(25277): 	at yqm.run(PG:310)
09-20 10:44:09.614 E/DeviceCustomizationsImp(25277): 	at yju.run(PG:13)
09-20 10:44:09.614 E/DeviceCustomizationsImp(25277): 	at whb.run(PG:86)
09-20 10:44:09.614 E/DeviceCustomizationsImp(25277): 	at yif.execute(PG:1)
09-20 10:44:09.614 E/DeviceCustomizationsImp(25277): 	at yrz.execute(PG:3)
09-20 10:44:09.614 E/DeviceCustomizationsImp(25277): 	at yjv.execute(PG:35)
09-20 10:44:09.614 E/DeviceCustomizationsImp(25277): 	at wbv.execute(PG:44)
09-20 10:44:09.614 E/DeviceCustomizationsImp(25277): 	at yrx.a(PG:16)
09-20 10:44:09.614 E/DeviceCustomizationsImp(25277): 	at ysc.g(PG:98)
09-20 10:44:09.614 E/DeviceCustomizationsImp(25277): 	at ysc.cn(PG:23)
09-20 10:44:09.614 E/DeviceCustomizationsImp(25277): 	at ysc.a(PG:8)
09-20 10:44:09.614 E/DeviceCustomizationsImp(25277): 	at wmu.run(PG:89)
09-20 10:44:09.614 E/DeviceCustomizationsImp(25277): 	at ysg.g(PG:17)
09-20 10:44:09.614 E/DeviceCustomizationsImp(25277): 	at ysg.a(PG:12)
09-20 10:44:09.614 E/DeviceCustomizationsImp(25277): 	at wmu.run(PG:220)
09-20 10:44:09.614 E/DeviceCustomizationsImp(25277): 	at yqm.run(PG:310)
09-20 10:44:09.614 E/DeviceCustomizationsImp(25277): 	at yju.run(PG:13)
09-20 10:44:09.614 E/DeviceCustomizationsImp(25277): 	at whb.run(PG:86)
09-20 10:44:09.614 E/DeviceCustomizationsImp(25277): 	at yif.execute(PG:1)
09-20 10:44:09.614 E/DeviceCustomizationsImp(25277): 	at yrz.execute(PG:3)
09-20 10:44:09.614 E/DeviceCustomizationsImp(25277): 	at yjv.execute(PG:35)
09-20 10:44:09.614 E/DeviceCustomizationsImp(25277): 	at wbv.execute(PG:44)
09-20 10:44:09.614 E/DeviceCustomizationsImp(25277): 	at yrx.a(PG:16)
09-20 10:44:09.614 E/DeviceCustomizationsImp(25277): 	at ysc.g(PG:98)
09-20 10:44:09.614 E/DeviceCustomizationsImp(25277): 	at ysc.cn(PG:23)
09-20 10:44:09.614 E/DeviceCustomizationsImp(25277): 	at ysc.a(PG:8)
09-20 10:44:09.614 E/DeviceCustomizationsImp(25277): 	at wmu.run(PG:89)
09-20 10:44:09.614 E/DeviceCustomizationsImp(25277): 	at ysg.g(PG:17)
09-20 10:44:09.614 E/DeviceCustomizationsImp(25277): 	at ysg.a(PG:12)
09-20 10:44:09.614 E/DeviceCustomizationsImp(25277): 	at wmu.run(PG:220)
09-20 10:44:09.614 E/DeviceCustomizationsImp(25277): 	at yqm.run(PG:310)
09-20 10:44:09.614 E/DeviceCustomizationsImp(25277): 	at yju.run(PG:13)
09-20 10:44:09.614 E/DeviceCustomizationsImp(25277): 	at whb.run(PG:86)
09-20 10:44:09.614 E/DeviceCustomizationsImp(25277): 	at yif.execute(PG:1)
09-20 10:44:09.614 E/DeviceCustomizationsImp(25277): 	at yrz.execute(PG:3)
09-20 10:44:09.614 E/DeviceCustomizationsImp(25277): 	at yjv.execute(PG:35)
09-20 10:44:09.614 E/DeviceCustomizationsImp(25277): 	at wbv.execute(PG:44)
09-20 10:44:09.614 E/DeviceCustomizationsImp(25277): 	at yrx.a(PG:16)
09-20 10:44:09.614 E/DeviceCustomizationsImp(25277): 	at ysc.g(PG:98)
09-20 10:44:09.614 E/DeviceCustomizationsImp(25277): 	at ysc.cn(PG:23)
09-20 10:44:09.614 E/DeviceCustomizationsImp(25277): 	at ysc.a(PG:8)
09-20 10:44:09.614 E/DeviceCustomizationsImp(25277): 	at wmu.run(PG:89)
09-20 10:44:09.614 E/DeviceCustomizationsImp(25277): 	at ysg.g(PG:17)
09-20 10:44:09.614 E/DeviceCustomizationsImp(25277): 	at ysg.a(PG:12)
09-20 10:44:09.614 E/DeviceCustomizationsImp(25277): 	at wmu.run(PG:220)
09-20 10:44:09.614 E/DeviceCustomizationsImp(25277): 	at yqm.run(PG:310)
09-20 10:44:09.614 E/DeviceCustomizationsImp(25277): 	at yju.run(PG:13)
09-20 10:44:09.614 E/DeviceCustomizationsImp(25277): 	at whb.run(PG:86)
09-20 10:44:09.614 E/DeviceCustomizationsImp(25277): 	at yif.execute(PG:1)
09-20 10:44:09.614 E/DeviceCustomizationsImp(25277): 	at yrz.execute(PG:3)
09-20 10:44:09.614 E/DeviceCustomizationsImp(25277): 	at yjv.execute(PG:35)
09-20 10:44:09.614 E/DeviceCustomizationsImp(25277): 	at wbv.execute(PG:44)
09-20 10:44:09.614 E/DeviceCustomizationsImp(25277): 	at yrx.a(PG:16)
09-20 10:44:09.614 E/DeviceCustomizationsImp(25277): 	at ysc.g(PG:98)
09-20 10:44:09.614 E/DeviceCustomizationsImp(25277): 	at ysc.cn(PG:23)
09-20 10:44:09.614 E/DeviceCustomizationsImp(25277): 	at ysc.a(PG:8)
09-20 10:44:09.614 E/DeviceCustomizationsImp(25277): 	at wmu.run(PG:89)
09-20 10:44:09.614 E/DeviceCustomizationsImp(25277): 	at ysg.g(PG:17)
09-20 10:44:09.614 E/DeviceCustomizationsImp(25277): 	at ysg.a(PG:12)
09-20 10:44:09.614 E/DeviceCustomizationsImp(25277): 	at wmu.run(PG:220)
09-20 10:44:09.614 E/DeviceCustomizationsImp(25277): 	at yqm.run(PG:310)
09-20 10:44:09.614 E/DeviceCustomizationsImp(25277): 	at yju.run(PG:13)
09-20 10:44:09.614 E/DeviceCustomizationsImp(25277): 	at whb.run(PG:86)
09-20 10:44:09.614 E/DeviceCustomizationsImp(25277): 	at yif.execute(PG:1)
09-20 10:44:09.614 E/DeviceCustomizationsImp(25277): 	at yrz.execute(PG:3)
09-20 10:44:09.614 E/DeviceCustomizationsImp(25277): 	at yjv.execute(PG:35)
09-20 10:44:09.614 E/DeviceCustomizationsImp(25277): 	at wbv.execute(PG:44)
09-20 10:44:09.614 E/DeviceCustomizationsImp(25277): 	at yrx.a(PG:16)
09-20 10:44:09.614 E/DeviceCustomizationsImp(25277): 	at ysc.g(PG:98)
09-20 10:44:09.614 E/DeviceCustomizationsImp(25277): 	at ysc.cn(PG:23)
09-20 10:44:09.614 E/DeviceCustomizationsImp(25277): 	at ysc.a(PG:8)
09-20 10:44:09.614 E/DeviceCustomizationsImp(25277): 	at wmu.run(PG:89)
09-20 10:44:09.614 E/DeviceCustomizationsImp(25277): 	at xeo.run(PG:13)
09-20 10:44:09.614 E/DeviceCustomizationsImp(25277): 	at ysg.g(PG:13)
09-20 10:44:09.614 E/DeviceCustomizationsImp(25277): 	at ysg.a(PG:12)
09-20 10:44:09.614 E/DeviceCustomizationsImp(25277): 	at wmu.run(PG:220)
09-20 10:44:09.614 E/DeviceCustomizationsImp(25277): 	at yqm.run(PG:310)
09-20 10:44:09.614 E/DeviceCustomizationsImp(25277): 	at yju.run(PG:13)
09-20 10:44:09.614 E/DeviceCustomizationsImp(25277): 	at whb.run(PG:86)
09-20 10:44:09.614 E/DeviceCustomizationsImp(25277): 	at yif.execute(PG:1)
09-20 10:44:09.614 E/DeviceCustomizationsImp(25277): 	at yrz.execute(PG:3)
09-20 10:44:09.614 E/DeviceCustomizationsImp(25277): 	at yjv.execute(PG:35)
09-20 10:44:09.614 E/DeviceCustomizationsImp(25277): 	at wbv.execute(PG:44)
09-20 10:44:09.614 E/DeviceCustomizationsImp(25277): 	at yrx.a(PG:16)
09-20 10:44:09.614 E/DeviceCustomizationsImp(25277): 	at adhi.g(PG:1)
09-20 10:44:09.614 E/DeviceCustomizationsImp(25277): 	at adhf.a(PG:28)
09-20 10:44:09.614 E/DeviceCustomizationsImp(25277): 	at adhw.run(PG:7)
09-20 10:44:09.614 E/DeviceCustomizationsImp(25277): 	at adnk.run(PG:12)
09-20 10:44:09.614 E/DeviceCustomizationsImp(25277): 	at pcb.run(PG:7)
09-20 10:44:09.614 E/DeviceCustomizationsImp(25277): 	at xzo.run(PG:44)
09-20 10:44:09.614 E/DeviceCustomizationsImp(25277): 	at iao.run(PG:845)
09-20 10:44:09.614 E/DeviceCustomizationsImp(25277): 	at java.lang.Thread.run(Thread.java:920)
09-20 10:44:09.614 E/DeviceCustomizationsImp(25277): 	at pdt.run(PG:62)
09-20 10:44:09.615 W/DeviceCustomizationsImp(25277): No cached DeviceCustomizations found.
09-20 10:44:09.615 E/ActivityThread(25277): Failed to find provider info for com.google.android.apps.youtube.tvunplugged.client.provider
09-20 10:44:09.616 W/GLSUser (23991): [DeviceKeyStore] Cannot load key: Device key file not found.
09-20 10:44:09.616 W/GLSUser (23991): [DeviceKeyStore] Cannot load key: Device key file not found.
09-20 10:44:09.620 I/Finsky  (24485): [188] VerifyApps: Installer app: com.android.shell
09-20 10:44:09.623 I/Finsky  (24485): [188] Task 7 requested foreground
09-20 10:44:09.623 I/Finsky  (24485): [188] Not entering foreground
09-20 10:44:09.624 I/Finsky  (24485): [63] VerifyApps: Starting APK Analysis scan for com.neew.browser.test.
09-20 10:44:09.624 I/Finsky  (24485): [63] Scanning package com.neew.browser.test contents with client side protections. File: [q0zrMk74YF5nBMGxSiC8Jk_Hf8dxwjS7yXiwC0VZff0]
09-20 10:44:09.624 E/Finsky  (24485): [63] 5 file not found
09-20 10:44:09.624 E/Finsky  (24485): [63] APK Analysis allow list check failed; APK Analysis will be skipped!
09-20 10:44:09.624 E/Finsky  (24485): com.google.android.finsky.verifier.apkanalysis.client.ApkAnalysisException: DOWNLOAD_FILE_NOT_FOUND_EXCEPTION while analyzing APK
09-20 10:44:09.624 E/Finsky  (24485): 	at vwl.d(PG:512)
09-20 10:44:09.624 E/Finsky  (24485): 	at vwk.b(PG:298)
09-20 10:44:09.624 E/Finsky  (24485): 	at vwk.a(PG:13)
09-20 10:44:09.624 E/Finsky  (24485): 	at internal.org.jni_zero.JniUtil.v(PG:14)
09-20 10:44:09.624 E/Finsky  (24485): 	at internal.org.jni_zero.JniUtil.u(PG:2)
09-20 10:44:09.624 E/Finsky  (24485): 	at apbd.d(PG:10)
09-20 10:44:09.624 E/Finsky  (24485): 	at ubt.b(PG:234)
09-20 10:44:09.624 E/Finsky  (24485): 	at ubt.a(PG:154)
09-20 10:44:09.624 E/Finsky  (24485): 	at internal.org.jni_zero.JniUtil.v(PG:14)
09-20 10:44:09.624 E/Finsky  (24485): 	at apbd.Q(PG:28)
09-20 10:44:09.624 E/Finsky  (24485): 	at apbd.L(PG:12)
09-20 10:44:09.624 E/Finsky  (24485): 	at wda.a(PG:104)
09-20 10:44:09.624 E/Finsky  (24485): 	at ubt.b(PG:191)
09-20 10:44:09.624 E/Finsky  (24485): 	at aovc.u(PG:5)
09-20 10:44:09.624 E/Finsky  (24485): 	at apbm.run(PG:109)
09-20 10:44:09.624 E/Finsky  (24485): 	at java.util.concurrent.ThreadPoolExecutor.runWorker(ThreadPoolExecutor.java:1167)
09-20 10:44:09.624 E/Finsky  (24485): 	at java.util.concurrent.ThreadPoolExecutor$Worker.run(ThreadPoolExecutor.java:641)
09-20 10:44:09.624 E/Finsky  (24485): 	at lsp.run(PG:309)
09-20 10:44:09.624 E/Finsky  (24485): 	at java.lang.Thread.run(Thread.java:920)
09-20 10:44:09.624 E/Finsky  (24485): [63] Logging timeout report message
09-20 10:44:09.624 E/Finsky  (24485): com.google.android.finsky.verifier.apkanalysis.client.ApkAnalysisException: DOWNLOAD_FILE_NOT_FOUND_EXCEPTION while analyzing APK
09-20 10:44:09.624 E/Finsky  (24485): 	at vwl.d(PG:512)
09-20 10:44:09.624 E/Finsky  (24485): 	at vwk.b(PG:298)
09-20 10:44:09.624 E/Finsky  (24485): 	at vwk.a(PG:13)
09-20 10:44:09.624 E/Finsky  (24485): 	at internal.org.jni_zero.JniUtil.v(PG:14)
09-20 10:44:09.624 E/Finsky  (24485): 	at internal.org.jni_zero.JniUtil.u(PG:2)
09-20 10:44:09.624 E/Finsky  (24485): 	at apbd.d(PG:10)
09-20 10:44:09.624 E/Finsky  (24485): 	at ubt.b(PG:234)
09-20 10:44:09.624 E/Finsky  (24485): 	at ubt.a(PG:154)
09-20 10:44:09.624 E/Finsky  (24485): 	at internal.org.jni_zero.JniUtil.v(PG:14)
09-20 10:44:09.624 E/Finsky  (24485): 	at apbd.Q(PG:28)
09-20 10:44:09.624 E/Finsky  (24485): 	at apbd.L(PG:12)
09-20 10:44:09.624 E/Finsky  (24485): 	at wda.a(PG:104)
09-20 10:44:09.624 E/Finsky  (24485): 	at ubt.b(PG:191)
09-20 10:44:09.624 E/Finsky  (24485): 	at aovc.u(PG:5)
09-20 10:44:09.624 E/Finsky  (24485): 	at apbm.run(PG:109)
09-20 10:44:09.624 E/Finsky  (24485): 	at java.util.concurrent.ThreadPoolExecutor.runWorker(ThreadPoolExecutor.java:1167)
09-20 10:44:09.624 E/Finsky  (24485): 	at java.util.concurrent.ThreadPoolExecutor$Worker.run(ThreadPoolExecutor.java:641)
09-20 10:44:09.624 E/Finsky  (24485): 	at lsp.run(PG:309)
09-20 10:44:09.624 E/Finsky  (24485): 	at java.lang.Thread.run(Thread.java:920)
09-20 10:44:09.624 E/Finsky  (24485): [63] VerifyApps: APK Analysis scan failed for com.neew.browser.test
09-20 10:44:09.624 E/Finsky  (24485): com.google.android.finsky.verifier.apkanalysis.client.ApkAnalysisException: DOWNLOAD_FILE_NOT_FOUND_EXCEPTION while analyzing APK
09-20 10:44:09.624 E/Finsky  (24485): 	at vwl.d(PG:512)
09-20 10:44:09.624 E/Finsky  (24485): 	at vwk.b(PG:298)
09-20 10:44:09.624 E/Finsky  (24485): 	at vwk.a(PG:13)
09-20 10:44:09.624 E/Finsky  (24485): 	at internal.org.jni_zero.JniUtil.v(PG:14)
09-20 10:44:09.624 E/Finsky  (24485): 	at internal.org.jni_zero.JniUtil.u(PG:2)
09-20 10:44:09.624 E/Finsky  (24485): 	at apbd.d(PG:10)
09-20 10:44:09.624 E/Finsky  (24485): 	at ubt.b(PG:234)
09-20 10:44:09.624 E/Finsky  (24485): 	at ubt.a(PG:154)
09-20 10:44:09.624 E/Finsky  (24485): 	at internal.org.jni_zero.JniUtil.v(PG:14)
09-20 10:44:09.624 E/Finsky  (24485): 	at apbd.Q(PG:28)
09-20 10:44:09.624 E/Finsky  (24485): 	at apbd.L(PG:12)
09-20 10:44:09.624 E/Finsky  (24485): 	at wda.a(PG:104)
09-20 10:44:09.624 E/Finsky  (24485): 	at ubt.b(PG:191)
09-20 10:44:09.624 E/Finsky  (24485): 	at aovc.u(PG:5)
09-20 10:44:09.624 E/Finsky  (24485): 	at apbm.run(PG:109)
09-20 10:44:09.624 E/Finsky  (24485): 	at java.util.concurrent.ThreadPoolExecutor.runWorker(ThreadPoolExecutor.java:1167)
09-20 10:44:09.624 E/Finsky  (24485): 	at java.util.concurrent.ThreadPoolExecutor$Worker.run(ThreadPoolExecutor.java:641)
09-20 10:44:09.624 E/Finsky  (24485): 	at lsp.run(PG:309)
09-20 10:44:09.624 E/Finsky  (24485): 	at java.lang.Thread.run(Thread.java:920)
09-20 10:44:09.624 I/Finsky  (24485): [63] VerifyApps: APK Analysis scan finished for com.neew.browser.test. Verdict: SAFE
09-20 10:44:09.624 I/Finsky  (24485): [191] Apk Analysis scan verification duration=PT0S 
09-20 10:44:09.624 I/Finsky  (24485): [46] Apk Analysis Protection verdict logged: null.
09-20 10:44:09.626 E/AbstractLogEventBuilder(24485): The provided ProductIdOrigin 3 is not one of the process-level expected values: 1 or 2
09-20 10:44:09.640 I/cn_CronetUrlRequestContext(25277): destroyNativeStreamLocked org.chromium.net.impl.CronetBidirectionalStream@51995fa
09-20 10:44:09.640 E/DeviceCustomizationsImp(25277): Failed to fetch and update GetDeviceCustomizationsResponse in ProtoDataStore.
09-20 10:44:09.640 E/DeviceCustomizationsImp(25277): addt: INVALID_ARGUMENT: Application credential header not valid. Please fix the client to pass a valid application credential header.
09-20 10:44:09.640 E/DeviceCustomizationsImp(25277): 	at adru.a(PG:41)
09-20 10:44:09.640 E/DeviceCustomizationsImp(25277): 	at adda.a(PG:3)
09-20 10:44:09.640 E/DeviceCustomizationsImp(25277): 	at wwz.a(PG:2)
09-20 10:44:09.640 E/DeviceCustomizationsImp(25277): 	at ysc.g(PG:98)
09-20 10:44:09.640 E/DeviceCustomizationsImp(25277): 	at ysc.cn(PG:23)
09-20 10:44:09.640 E/DeviceCustomizationsImp(25277): 	at ysc.a(PG:8)
09-20 10:44:09.640 E/DeviceCustomizationsImp(25277): 	at wmu.run(PG:89)
09-20 10:44:09.640 E/DeviceCustomizationsImp(25277): 	at ysg.g(PG:17)
09-20 10:44:09.640 E/DeviceCustomizationsImp(25277): 	at ysg.a(PG:12)
09-20 10:44:09.640 E/DeviceCustomizationsImp(25277): 	at wmu.run(PG:220)
09-20 10:44:09.640 E/DeviceCustomizationsImp(25277): 	at yqm.run(PG:310)
09-20 10:44:09.640 E/DeviceCustomizationsImp(25277): 	at yju.run(PG:13)
09-20 10:44:09.640 E/DeviceCustomizationsImp(25277): 	at whb.run(PG:86)
09-20 10:44:09.640 E/DeviceCustomizationsImp(25277): 	at yif.execute(PG:1)
09-20 10:44:09.640 E/DeviceCustomizationsImp(25277): 	at yrz.execute(PG:3)
09-20 10:44:09.640 E/DeviceCustomizationsImp(25277): 	at yjv.execute(PG:35)
09-20 10:44:09.640 E/DeviceCustomizationsImp(25277): 	at wbv.execute(PG:44)
09-20 10:44:09.640 E/DeviceCustomizationsImp(25277): 	at yrx.a(PG:16)
09-20 10:44:09.640 E/DeviceCustomizationsImp(25277): 	at ysc.g(PG:98)
09-20 10:44:09.640 E/DeviceCustomizationsImp(25277): 	at ysc.cn(PG:23)
09-20 10:44:09.640 E/DeviceCustomizationsImp(25277): 	at ysc.a(PG:8)
09-20 10:44:09.640 E/DeviceCustomizationsImp(25277): 	at wmu.run(PG:89)
09-20 10:44:09.640 E/DeviceCustomizationsImp(25277): 	at ysg.g(PG:17)
09-20 10:44:09.640 E/DeviceCustomizationsImp(25277): 	at ysg.a(PG:12)
09-20 10:44:09.640 E/DeviceCustomizationsImp(25277): 	at wmu.run(PG:220)
09-20 10:44:09.640 E/DeviceCustomizationsImp(25277): 	at yqm.run(PG:310)
09-20 10:44:09.640 E/DeviceCustomizationsImp(25277): 	at yju.run(PG:13)
09-20 10:44:09.640 E/DeviceCustomizationsImp(25277): 	at whb.run(PG:86)
09-20 10:44:09.640 E/DeviceCustomizationsImp(25277): 	at yif.execute(PG:1)
09-20 10:44:09.640 E/DeviceCustomizationsImp(25277): 	at yrz.execute(PG:3)
09-20 10:44:09.640 E/DeviceCustomizationsImp(25277): 	at yjv.execute(PG:35)
09-20 10:44:09.640 E/DeviceCustomizationsImp(25277): 	at wbv.execute(PG:44)
09-20 10:44:09.640 E/DeviceCustomizationsImp(25277): 	at yrx.a(PG:16)
09-20 10:44:09.640 E/DeviceCustomizationsImp(25277): 	at ysc.g(PG:98)
09-20 10:44:09.640 E/DeviceCustomizationsImp(25277): 	at ysc.cn(PG:23)
09-20 10:44:09.640 E/DeviceCustomizationsImp(25277): 	at ysc.a(PG:8)
09-20 10:44:09.640 E/DeviceCustomizationsImp(25277): 	at wmu.run(PG:89)
09-20 10:44:09.640 E/DeviceCustomizationsImp(25277): 	at ysg.g(PG:17)
09-20 10:44:09.640 E/DeviceCustomizationsImp(25277): 	at ysg.a(PG:12)
09-20 10:44:09.640 E/DeviceCustomizationsImp(25277): 	at wmu.run(PG:220)
09-20 10:44:09.640 E/DeviceCustomizationsImp(25277): 	at yqm.run(PG:310)
09-20 10:44:09.640 E/DeviceCustomizationsImp(25277): 	at yju.run(PG:13)
09-20 10:44:09.640 E/DeviceCustomizationsImp(25277): 	at whb.run(PG:86)
09-20 10:44:09.640 E/DeviceCustomizationsImp(25277): 	at yif.execute(PG:1)
09-20 10:44:09.640 E/DeviceCustomizationsImp(25277): 	at yrz.execute(PG:3)
09-20 10:44:09.640 E/DeviceCustomizationsImp(25277): 	at yjv.execute(PG:35)
09-20 10:44:09.640 E/DeviceCustomizationsImp(25277): 	at wbv.execute(PG:44)
09-20 10:44:09.640 E/DeviceCustomizationsImp(25277): 	at yrx.a(PG:16)
09-20 10:44:09.640 E/DeviceCustomizationsImp(25277): 	at ysc.g(PG:98)
09-20 10:44:09.640 E/DeviceCustomizationsImp(25277): 	at ysc.cn(PG:23)
09-20 10:44:09.640 E/DeviceCustomizationsImp(25277): 	at ysc.a(PG:8)
09-20 10:44:09.640 E/DeviceCustomizationsImp(25277): 	at wmu.run(PG:89)
09-20 10:44:09.640 E/DeviceCustomizationsImp(25277): 	at ysg.g(PG:17)
09-20 10:44:09.640 E/DeviceCustomizationsImp(25277): 	at ysg.a(PG:12)
09-20 10:44:09.640 E/DeviceCustomizationsImp(25277): 	at wmu.run(PG:220)
09-20 10:44:09.640 E/DeviceCustomizationsImp(25277): 	at yqm.run(PG:310)
09-20 10:44:09.640 E/DeviceCustomizationsImp(25277): 	at yju.run(PG:13)
09-20 10:44:09.640 E/DeviceCustomizationsImp(25277): 	at whb.run(PG:86)
09-20 10:44:09.640 E/DeviceCustomizationsImp(25277): 	at yif.execute(PG:1)
09-20 10:44:09.640 E/DeviceCustomizationsImp(25277): 	at yrz.execute(PG:3)
09-20 10:44:09.640 E/DeviceCustomizationsImp(25277): 	at yjv.execute(PG:35)
09-20 10:44:09.640 E/DeviceCustomizationsImp(25277): 	at wbv.execute(PG:44)
09-20 10:44:09.640 E/DeviceCustomizationsImp(25277): 	at yrx.a(PG:16)
09-20 10:44:09.640 E/DeviceCustomizationsImp(25277): 	at ysc.g(PG:98)
09-20 10:44:09.640 E/DeviceCustomizationsImp(25277): 	at ysc.cn(PG:23)
09-20 10:44:09.640 E/DeviceCustomizationsImp(25277): 	at ysc.a(PG:8)
09-20 10:44:09.640 E/DeviceCustomizationsImp(25277): 	at wmu.run(PG:89)
09-20 10:44:09.640 E/DeviceCustomizationsImp(25277): 	at ysg.g(PG:17)
09-20 10:44:09.640 E/DeviceCustomizationsImp(25277): 	at ysg.a(PG:12)
09-20 10:44:09.640 E/DeviceCustomizationsImp(25277): 	at wmu.run(PG:220)
09-20 10:44:09.640 E/DeviceCustomizationsImp(25277): 	at yqm.run(PG:310)
09-20 10:44:09.640 E/DeviceCustomizationsImp(25277): 	at yju.run(PG:13)
09-20 10:44:09.640 E/DeviceCustomizationsImp(25277): 	at whb.run(PG:86)
09-20 10:44:09.640 E/DeviceCustomizationsImp(25277): 	at yif.execute(PG:1)
09-20 10:44:09.640 E/DeviceCustomizationsImp(25277): 	at yrz.execute(PG:3)
09-20 10:44:09.640 E/DeviceCustomizationsImp(25277): 	at yjv.execute(PG:35)
09-20 10:44:09.640 E/DeviceCustomizationsImp(25277): 	at wbv.execute(PG:44)
09-20 10:44:09.640 E/DeviceCustomizationsImp(25277): 	at yrx.a(PG:16)
09-20 10:44:09.640 E/DeviceCustomizationsImp(25277): 	at ysc.g(PG:98)
09-20 10:44:09.640 E/DeviceCustomizationsImp(25277): 	at ysc.cn(PG:23)
09-20 10:44:09.640 E/DeviceCustomizationsImp(25277): 	at ysc.a(PG:8)
09-20 10:44:09.640 E/DeviceCustomizationsImp(25277): 	at wmu.run(PG:89)
09-20 10:44:09.640 E/DeviceCustomizationsImp(25277): 	at ysg.g(PG:17)
09-20 10:44:09.640 E/DeviceCustomizationsImp(25277): 	at ysg.a(PG:12)
09-20 10:44:09.640 E/DeviceCustomizationsImp(25277): 	at wmu.run(PG:220)
09-20 10:44:09.640 E/DeviceCustomizationsImp(25277): 	at yqm.run(PG:310)
09-20 10:44:09.640 E/DeviceCustomizationsImp(25277): 	at yju.run(PG:13)
09-20 10:44:09.640 E/DeviceCustomizationsImp(25277): 	at whb.run(PG:86)
09-20 10:44:09.640 E/DeviceCustomizationsImp(25277): 	at yif.execute(PG:1)
09-20 10:44:09.640 E/DeviceCustomizationsImp(25277): 	at yrz.execute(PG:3)
09-20 10:44:09.640 E/DeviceCustomizationsImp(25277): 	at yjv.execute(PG:35)
09-20 10:44:09.640 E/DeviceCustomizationsImp(25277): 	at wbv.execute(PG:44)
09-20 10:44:09.640 E/DeviceCustomizationsImp(25277): 	at yrx.a(PG:16)
09-20 10:44:09.640 E/DeviceCustomizationsImp(25277): 	at ysc.g(PG:98)
09-20 10:44:09.640 E/DeviceCustomizationsImp(25277): 	at ysc.cn(PG:23)
09-20 10:44:09.640 E/DeviceCustomizationsImp(25277): 	at ysc.a(PG:8)
09-20 10:44:09.640 E/DeviceCustomizationsImp(25277): 	at wmu.run(PG:89)
09-20 10:44:09.640 E/DeviceCustomizationsImp(25277): 	at xeo.run(PG:13)
09-20 10:44:09.640 E/DeviceCustomizationsImp(25277): 	at ysg.g(PG:13)
09-20 10:44:09.640 E/DeviceCustomizationsImp(25277): 	at ysg.a(PG:12)
09-20 10:44:09.640 E/DeviceCustomizationsImp(25277): 	at wmu.run(PG:220)
09-20 10:44:09.640 E/DeviceCustomizationsImp(25277): 	at yqm.run(PG:310)
09-20 10:44:09.640 E/DeviceCustomizationsImp(25277): 	at yju.run(PG:13)
09-20 10:44:09.640 E/DeviceCustomizationsImp(25277): 	at whb.run(PG:86)
09-20 10:44:09.640 E/DeviceCustomizationsImp(25277): 	at yif.execute(PG:1)
09-20 10:44:09.640 E/DeviceCustomizationsImp(25277): 	at yrz.execute(PG:3)
09-20 10:44:09.640 E/DeviceCustomizationsImp(25277): 	at yjv.execute(PG:35)
09-20 10:44:09.640 E/DeviceCustomizationsImp(25277): 	at wbv.execute(PG:44)
09-20 10:44:09.640 E/DeviceCustomizationsImp(25277): 	at yrx.a(PG:16)
09-20 10:44:09.640 E/DeviceCustomizationsImp(25277): 	at adhi.g(PG:1)
09-20 10:44:09.640 E/DeviceCustomizationsImp(25277): 	at adhf.a(PG:28)
09-20 10:44:09.640 E/DeviceCustomizationsImp(25277): 	at adhw.run(PG:7)
09-20 10:44:09.640 E/DeviceCustomizationsImp(25277): 	at adnk.run(PG:12)
09-20 10:44:09.640 E/DeviceCustomizationsImp(25277): 	at pcb.run(PG:7)
09-20 10:44:09.640 E/DeviceCustomizationsImp(25277): 	at xzo.run(PG:44)
09-20 10:44:09.640 E/DeviceCustomizationsImp(25277): 	at iao.run(PG:845)
09-20 10:44:09.640 E/DeviceCustomizationsImp(25277): 	at java.lang.Thread.run(Thread.java:920)
09-20 10:44:09.640 E/DeviceCustomizationsImp(25277): 	at pdt.run(PG:62)
09-20 10:44:09.641 W/DeviceCustomizationsImp(25277): No cached DeviceCustomizations found.
09-20 10:44:09.645 E/ActivityThread(25277): Failed to find provider info for com.google.android.apps.youtube.tvunplugged.client.provider
09-20 10:44:09.645 W/GLSUser (23991): [DeviceKeyStore] Cannot load key: Device key file not found.
09-20 10:44:09.645 W/GLSUser (23991): [DeviceKeyStore] Cannot load key: Device key file not found.
09-20 10:44:09.663 I/cn_CronetUrlRequestContext(25277): destroyNativeStreamLocked org.chromium.net.impl.CronetBidirectionalStream@f550d0a
09-20 10:44:09.664 I/cn_CronetUrlRequestContext(25277): destroyNativeStreamLocked org.chromium.net.impl.CronetBidirectionalStream@bea7398
09-20 10:44:09.664 E/DeviceCustomizationsImp(25277): Failed to fetch and update GetDeviceCustomizationsResponse in ProtoDataStore.
09-20 10:44:09.664 E/DeviceCustomizationsImp(25277): addt: INVALID_ARGUMENT: Application credential header not valid. Please fix the client to pass a valid application credential header.
09-20 10:44:09.664 E/DeviceCustomizationsImp(25277): 	at adru.a(PG:41)
09-20 10:44:09.664 E/DeviceCustomizationsImp(25277): 	at adda.a(PG:3)
09-20 10:44:09.664 E/DeviceCustomizationsImp(25277): 	at wwz.a(PG:2)
09-20 10:44:09.664 E/DeviceCustomizationsImp(25277): 	at ysc.g(PG:98)
09-20 10:44:09.664 E/DeviceCustomizationsImp(25277): 	at ysc.cn(PG:23)
09-20 10:44:09.664 E/DeviceCustomizationsImp(25277): 	at ysc.a(PG:8)
09-20 10:44:09.664 E/DeviceCustomizationsImp(25277): 	at wmu.run(PG:89)
09-20 10:44:09.664 E/DeviceCustomizationsImp(25277): 	at ysg.g(PG:17)
09-20 10:44:09.664 E/DeviceCustomizationsImp(25277): 	at ysg.a(PG:12)
09-20 10:44:09.664 E/DeviceCustomizationsImp(25277): 	at wmu.run(PG:220)
09-20 10:44:09.664 E/DeviceCustomizationsImp(25277): 	at yqm.run(PG:310)
09-20 10:44:09.664 E/DeviceCustomizationsImp(25277): 	at yju.run(PG:13)
09-20 10:44:09.664 E/DeviceCustomizationsImp(25277): 	at whb.run(PG:86)
09-20 10:44:09.664 E/DeviceCustomizationsImp(25277): 	at yif.execute(PG:1)
09-20 10:44:09.664 E/DeviceCustomizationsImp(25277): 	at yrz.execute(PG:3)
09-20 10:44:09.664 E/DeviceCustomizationsImp(25277): 	at yjv.execute(PG:35)
09-20 10:44:09.664 E/DeviceCustomizationsImp(25277): 	at wbv.execute(PG:44)
09-20 10:44:09.664 E/DeviceCustomizationsImp(25277): 	at yrx.a(PG:16)
09-20 10:44:09.664 E/DeviceCustomizationsImp(25277): 	at ysc.g(PG:98)
09-20 10:44:09.664 E/DeviceCustomizationsImp(25277): 	at ysc.cn(PG:23)
09-20 10:44:09.664 E/DeviceCustomizationsImp(25277): 	at ysc.a(PG:8)
09-20 10:44:09.664 E/DeviceCustomizationsImp(25277): 	at wmu.run(PG:89)
09-20 10:44:09.664 E/DeviceCustomizationsImp(25277): 	at ysg.g(PG:17)
09-20 10:44:09.664 E/DeviceCustomizationsImp(25277): 	at ysg.a(PG:12)
09-20 10:44:09.664 E/DeviceCustomizationsImp(25277): 	at wmu.run(PG:220)
09-20 10:44:09.664 E/DeviceCustomizationsImp(25277): 	at yqm.run(PG:310)
09-20 10:44:09.664 E/DeviceCustomizationsImp(25277): 	at yju.run(PG:13)
09-20 10:44:09.664 E/DeviceCustomizationsImp(25277): 	at whb.run(PG:86)
09-20 10:44:09.664 E/DeviceCustomizationsImp(25277): 	at yif.execute(PG:1)
09-20 10:44:09.664 E/DeviceCustomizationsImp(25277): 	at yrz.execute(PG:3)
09-20 10:44:09.664 E/DeviceCustomizationsImp(25277): 	at yjv.execute(PG:35)
09-20 10:44:09.664 E/DeviceCustomizationsImp(25277): 	at wbv.execute(PG:44)
09-20 10:44:09.664 E/DeviceCustomizationsImp(25277): 	at yrx.a(PG:16)
09-20 10:44:09.664 E/DeviceCustomizationsImp(25277): 	at ysc.g(PG:98)
09-20 10:44:09.664 E/DeviceCustomizationsImp(25277): 	at ysc.cn(PG:23)
09-20 10:44:09.664 E/DeviceCustomizationsImp(25277): 	at ysc.a(PG:8)
09-20 10:44:09.664 E/DeviceCustomizationsImp(25277): 	at wmu.run(PG:89)
09-20 10:44:09.664 E/DeviceCustomizationsImp(25277): 	at ysg.g(PG:17)
09-20 10:44:09.664 E/DeviceCustomizationsImp(25277): 	at ysg.a(PG:12)
09-20 10:44:09.664 E/DeviceCustomizationsImp(25277): 	at wmu.run(PG:220)
09-20 10:44:09.664 E/DeviceCustomizationsImp(25277): 	at yqm.run(PG:310)
09-20 10:44:09.664 E/DeviceCustomizationsImp(25277): 	at yju.run(PG:13)
09-20 10:44:09.664 E/DeviceCustomizationsImp(25277): 	at whb.run(PG:86)
09-20 10:44:09.664 E/DeviceCustomizationsImp(25277): 	at yif.execute(PG:1)
09-20 10:44:09.664 E/DeviceCustomizationsImp(25277): 	at yrz.execute(PG:3)
09-20 10:44:09.664 E/DeviceCustomizationsImp(25277): 	at yjv.execute(PG:35)
09-20 10:44:09.664 E/DeviceCustomizationsImp(25277): 	at wbv.execute(PG:44)
09-20 10:44:09.664 E/DeviceCustomizationsImp(25277): 	at yrx.a(PG:16)
09-20 10:44:09.664 E/DeviceCustomizationsImp(25277): 	at ysc.g(PG:98)
09-20 10:44:09.664 E/DeviceCustomizationsImp(25277): 	at ysc.cn(PG:23)
09-20 10:44:09.664 E/DeviceCustomizationsImp(25277): 	at ysc.a(PG:8)
09-20 10:44:09.664 E/DeviceCustomizationsImp(25277): 	at wmu.run(PG:89)
09-20 10:44:09.664 E/DeviceCustomizationsImp(25277): 	at ysg.g(PG:17)
09-20 10:44:09.664 E/DeviceCustomizationsImp(25277): 	at ysg.a(PG:12)
09-20 10:44:09.664 E/DeviceCustomizationsImp(25277): 	at wmu.run(PG:220)
09-20 10:44:09.664 E/DeviceCustomizationsImp(25277): 	at yqm.run(PG:310)
09-20 10:44:09.664 E/DeviceCustomizationsImp(25277): 	at yju.run(PG:13)
09-20 10:44:09.664 E/DeviceCustomizationsImp(25277): 	at whb.run(PG:86)
09-20 10:44:09.664 E/DeviceCustomizationsImp(25277): 	at yif.execute(PG:1)
09-20 10:44:09.664 E/DeviceCustomizationsImp(25277): 	at yrz.execute(PG:3)
09-20 10:44:09.664 E/DeviceCustomizationsImp(25277): 	at yjv.execute(PG:35)
09-20 10:44:09.664 E/DeviceCustomizationsImp(25277): 	at wbv.execute(PG:44)
09-20 10:44:09.664 E/DeviceCustomizationsImp(25277): 	at yrx.a(PG:16)
09-20 10:44:09.664 E/DeviceCustomizationsImp(25277): 	at ysc.g(PG:98)
09-20 10:44:09.664 E/DeviceCustomizationsImp(25277): 	at ysc.cn(PG:23)
09-20 10:44:09.664 E/DeviceCustomizationsImp(25277): 	at ysc.a(PG:8)
09-20 10:44:09.664 E/DeviceCustomizationsImp(25277): 	at wmu.run(PG:89)
09-20 10:44:09.664 E/DeviceCustomizationsImp(25277): 	at ysg.g(PG:17)
09-20 10:44:09.664 E/DeviceCustomizationsImp(25277): 	at ysg.a(PG:12)
09-20 10:44:09.664 E/DeviceCustomizationsImp(25277): 	at wmu.run(PG:220)
09-20 10:44:09.664 E/DeviceCustomizationsImp(25277): 	at yqm.run(PG:310)
09-20 10:44:09.664 E/DeviceCustomizationsImp(25277): 	at yju.run(PG:13)
09-20 10:44:09.664 E/DeviceCustomizationsImp(25277): 	at whb.run(PG:86)
09-20 10:44:09.664 E/DeviceCustomizationsImp(25277): 	at yif.execute(PG:1)
09-20 10:44:09.664 E/DeviceCustomizationsImp(25277): 	at yrz.execute(PG:3)
09-20 10:44:09.664 E/DeviceCustomizationsImp(25277): 	at yjv.execute(PG:35)
09-20 10:44:09.664 E/DeviceCustomizationsImp(25277): 	at wbv.execute(PG:44)
09-20 10:44:09.664 E/DeviceCustomizationsImp(25277): 	at yrx.a(PG:16)
09-20 10:44:09.664 E/DeviceCustomizationsImp(25277): 	at ysc.g(PG:98)
09-20 10:44:09.664 E/DeviceCustomizationsImp(25277): 	at ysc.cn(PG:23)
09-20 10:44:09.664 E/DeviceCustomizationsImp(25277): 	at ysc.a(PG:8)
09-20 10:44:09.664 E/DeviceCustomizationsImp(25277): 	at wmu.run(PG:89)
09-20 10:44:09.664 E/DeviceCustomizationsImp(25277): 	at ysg.g(PG:17)
09-20 10:44:09.664 E/DeviceCustomizationsImp(25277): 	at ysg.a(PG:12)
09-20 10:44:09.664 E/DeviceCustomizationsImp(25277): 	at wmu.run(PG:220)
09-20 10:44:09.664 E/DeviceCustomizationsImp(25277): 	at yqm.run(PG:310)
09-20 10:44:09.664 E/DeviceCustomizationsImp(25277): 	at yju.run(PG:13)
09-20 10:44:09.664 E/DeviceCustomizationsImp(25277): 	at whb.run(PG:86)
09-20 10:44:09.664 E/DeviceCustomizationsImp(25277): 	at yif.execute(PG:1)
09-20 10:44:09.664 E/DeviceCustomizationsImp(25277): 	at yrz.execute(PG:3)
09-20 10:44:09.664 E/DeviceCustomizationsImp(25277): 	at yjv.execute(PG:35)
09-20 10:44:09.664 E/DeviceCustomizationsImp(25277): 	at wbv.execute(PG:44)
09-20 10:44:09.664 E/DeviceCustomizationsImp(25277): 	at yrx.a(PG:16)
09-20 10:44:09.664 E/DeviceCustomizationsImp(25277): 	at ysc.g(PG:98)
09-20 10:44:09.664 E/DeviceCustomizationsImp(25277): 	at ysc.cn(PG:23)
09-20 10:44:09.664 E/DeviceCustomizationsImp(25277): 	at ysc.a(PG:8)
09-20 10:44:09.664 E/DeviceCustomizationsImp(25277): 	at wmu.run(PG:89)
09-20 10:44:09.664 E/DeviceCustomizationsImp(25277): 	at xeo.run(PG:13)
09-20 10:44:09.664 E/DeviceCustomizationsImp(25277): 	at ysg.g(PG:13)
09-20 10:44:09.664 E/DeviceCustomizationsImp(25277): 	at ysg.a(PG:12)
09-20 10:44:09.664 E/DeviceCustomizationsImp(25277): 	at wmu.run(PG:220)
09-20 10:44:09.664 E/DeviceCustomizationsImp(25277): 	at yqm.run(PG:310)
09-20 10:44:09.664 E/DeviceCustomizationsImp(25277): 	at yju.run(PG:13)
09-20 10:44:09.664 E/DeviceCustomizationsImp(25277): 	at whb.run(PG:86)
09-20 10:44:09.664 E/DeviceCustomizationsImp(25277): 	at yif.execute(PG:1)
09-20 10:44:09.664 E/DeviceCustomizationsImp(25277): 	at yrz.execute(PG:3)
09-20 10:44:09.664 E/DeviceCustomizationsImp(25277): 	at yjv.execute(PG:35)
09-20 10:44:09.664 E/DeviceCustomizationsImp(25277): 	at wbv.execute(PG:44)
09-20 10:44:09.664 E/DeviceCustomizationsImp(25277): 	at yrx.a(PG:16)
09-20 10:44:09.664 E/DeviceCustomizationsImp(25277): 	at adhi.g(PG:1)
09-20 10:44:09.664 E/DeviceCustomizationsImp(25277): 	at adhf.a(PG:28)
09-20 10:44:09.664 E/DeviceCustomizationsImp(25277): 	at adhw.run(PG:7)
09-20 10:44:09.664 E/DeviceCustomizationsImp(25277): 	at adnk.run(PG:12)
09-20 10:44:09.664 E/DeviceCustomizationsImp(25277): 	at pcb.run(PG:7)
09-20 10:44:09.664 E/DeviceCustomizationsImp(25277): 	at xzo.run(PG:44)
09-20 10:44:09.664 E/DeviceCustomizationsImp(25277): 	at iao.run(PG:845)
09-20 10:44:09.664 E/DeviceCustomizationsImp(25277): 	at java.lang.Thread.run(Thread.java:920)
09-20 10:44:09.664 E/DeviceCustomizationsImp(25277): 	at pdt.run(PG:62)
09-20 10:44:09.666 E/ActivityThread(25277): Failed to find provider info for com.google.android.apps.youtube.tvunplugged.client.provider
09-20 10:44:09.757 I/cn_CronetUrlRequestContext(25277): destroyNativeStreamLocked org.chromium.net.impl.CronetBidirectionalStream@ea033e6
09-20 10:44:09.781 E/ActivityThread(25277): Failed to find provider info for com.google.android.apps.youtube.tvunplugged.client.provider
09-20 10:44:09.782 W/GLSUser (23991): [DeviceKeyStore] Cannot load key: Device key file not found.
09-20 10:44:09.783 W/GLSUser (23991): [DeviceKeyStore] Cannot load key: Device key file not found.
09-20 10:44:09.786 D/EGL_emulation(25277): app_time_stats: avg=371.36ms min=11.44ms max=1071.23ms count=3
09-20 10:44:09.804 I/Finsky  (24485): [191] VerifyApps: Verification package=com.neew.browser.test, id=12, response=0, upload_requested=false, enable_ecm=false
09-20 10:44:09.805 I/Finsky  (24485): [191] VerifyApps: PAM result saving to datastore delayed for package: com.neew.browser.test
09-20 10:44:09.806 E/AbstractLogEventBuilder(24485): The provided ProductIdOrigin 3 is not one of the process-level expected values: 1 or 2
09-20 10:44:09.808 I/Finsky  (24485): [188] VerifyApps: Starting required split types check for com.neew.browser.test.
09-20 10:44:09.810 I/Finsky  (24485): [188] VerifyApps: Required split types check successful for com.neew.browser.test.
09-20 10:44:09.811 I/Finsky  (24485): [188] VerifyApps AdvancedProtection: Verify AP install started
09-20 10:44:09.811 I/Finsky  (24485): [188] VerifyApps AdvancedProtection: Allowing install because there are no Advanced Protection users
09-20 10:44:09.811 I/Finsky  (24485): [2] VerifyApps AdvancedProtection: Reported Advanced Protection verification result: ALLOW
09-20 10:44:09.813 E/Finsky  (24485): [188] Package name null is not an installed package
09-20 10:44:09.813 I/Finsky  (24485): [188] Skipping logging for attempted installation. The source is a system package.
09-20 10:44:09.816 I/Finsky  (24485): [188] VerifyApps: Returning package verification result id=12, result=ALLOW
09-20 10:44:09.818 I/Finsky  (24485): [2] VerifyApps: Install-time verification complete: id=12, package_name=com.neew.browser.test
09-20 10:44:09.819 W/PackageParsing(20024): No actions in intent-filter at /data/app/vmdl1766199317.tmp/base.apk Binary XML file line #33
09-20 10:44:09.819 W/PackageParsing(20024): No actions in intent-filter at /data/app/vmdl1766199317.tmp/base.apk Binary XML file line #41
09-20 10:44:09.819 W/PackageParsing(20024): No actions in intent-filter at /data/app/vmdl1766199317.tmp/base.apk Binary XML file line #49
09-20 10:44:09.832 V/BackupManagerService(20024): [UserID:0] restoreAtInstall pkg=com.neew.browser.test token=d restoreSet=0
09-20 10:44:09.832 W/BackupTransportManager(20024): Transport com.google.android.gms/.backup.BackupTransportService not registered
09-20 10:44:09.832 W/BackupManagerService(20024): [UserID:0] No transport client
09-20 10:44:09.832 V/BackupManagerService(20024): [UserID:0] Finishing install immediately
09-20 10:44:09.834 E/installd(  423): Couldn't opendir /data/app/vmdl1766199317.tmp: No such file or directory
09-20 10:44:09.834 E/installd(  423): Failed to delete /data/app/vmdl1766199317.tmp: No such file or directory
09-20 10:44:09.834 D/CompatibilityChangeReporter(20024): Compat change id reported: 168419799; UID 10089; state: DISABLED
09-20 10:44:09.835 W/BroadcastQueue(20024): Background execution not allowed: receiving Intent { act=android.intent.action.PACKAGE_ADDED dat=package:com.neew.browser.test flg=0x4000010 (has extras) } to com.google.android.packageinstaller/com.android.packageinstaller.PackageInstalledReceiver
09-20 10:44:09.835 W/BroadcastQueue(20024): Background execution not allowed: receiving Intent { act=android.intent.action.PACKAGE_ADDED dat=package:com.neew.browser.test flg=0x4000010 (has extras) } to com.android.vending/com.google.android.finsky.packagemonitor.impl.PackageMonitorReceiverImpl$RegisteredReceiver
09-20 10:44:09.835 W/BroadcastQueue(20024): Background execution not allowed: receiving Intent { act=android.intent.action.PACKAGE_ADDED dat=package:com.neew.browser.test flg=0x4000010 (has extras) } to com.android.vending/com.google.android.finsky.packagemonitor.backgroundimpl.BackgroundPackageMonitorReceiverImpl$RegisteredReceiver
09-20 10:44:09.835 W/BroadcastQueue(20024): Background execution not allowed: receiving Intent { act=android.intent.action.PACKAGE_ADDED dat=package:com.neew.browser.test flg=0x4000010 (has extras) } to com.google.android.apps.tv.launcherx/.stream.refreshtrigger.appinstall.AppInstallReceiver_Receiver
09-20 10:44:09.835 W/BroadcastQueue(20024): Background execution not allowed: receiving Intent { act=android.intent.action.PACKAGE_ADDED dat=package:com.neew.browser.test flg=0x4000010 (has extras) } to com.google.android.gms/.chimera.GmsIntentOperationService$PersistentTrustedReceiver
09-20 10:44:09.835 W/BroadcastQueue(20024): Background execution not allowed: receiving Intent { act=android.intent.action.PACKAGE_ADDED dat=package:com.neew.browser.test flg=0x4000010 (has extras) } to com.google.android.gms/.games.chimera.GamesSystemBroadcastReceiverProxy
09-20 10:44:09.835 W/BroadcastQueue(20024): Background execution not allowed: receiving Intent { act=android.intent.action.PACKAGE_ADDED dat=package:com.neew.browser.test flg=0x4000010 (has extras) } to com.google.android.gms/.gass.chimera.PackageChangeBroadcastReceiver
09-20 10:44:09.836 I/MediaProvider(20599): Invalidating LocalCallingIdentity cache for package com.neew.browser.test. Reason: package android.intent.action.PACKAGE_ADDED
09-20 10:44:09.836 I/InputReader(20024): Reconfiguring input devices, changes=KEYBOARD_LAYOUTS | 
09-20 10:44:09.837 V/MediaPlayerList(20180): mPackageChangedBroadcastReceiver: action: android.intent.action.PACKAGE_ADDED
09-20 10:44:09.837 D/MediaPlayerList(20180): Name of package changed: com.neew.browser.test
09-20 10:44:09.839 I/Finsky  (24485): [2] psx - Received: android.intent.action.PACKAGE_ADDED, [XHydXUZzPKrNL5XKJOnw8fOCZK0L1A4M7rg7IdrXF-4]
09-20 10:44:09.840 I/Finsky:background(22722): [2] psm - Received: android.intent.action.PACKAGE_ADDED, [XHydXUZzPKrNL5XKJOnw8fOCZK0L1A4M7rg7IdrXF-4]
09-20 10:44:09.846 I/PermissionControllerServiceImpl(21605): Updating user sensitive for uid 10089
09-20 10:44:09.847 E/VerityUtils(20024): Failed to measure fs-verity, errno 1: /data/app/~~FeN49FJJgX7xeEu9e3zajA==/com.neew.browser.test-0cx1egLRusDUAPwf2Ija0A==/base.apk
09-20 10:44:09.847 W/DeviceCustomizationsImp(25277): No cached DeviceCustomizations found.
09-20 10:44:09.849 E/ActivityThread(25277): Failed to find provider info for com.google.android.apps.youtube.tvunplugged.client.provider
09-20 10:44:09.849 W/GCM     (23991): Unexpected forwarded intent: Intent { act=android.intent.action.PACKAGE_ADDED dat=package:com.neew.browser.test flg=0x4000010 pkg=com.google.android.gms cmp=com.google.android.gms/.chimera.PersistentIntentOperationService (has extras) }
09-20 10:44:09.849 I/FontLog (23991): (REDACTED) Package %s has no metadata
09-20 10:44:09.849 W/NetworkScheduler(23991): Unexpected forwarded intent: Intent { act=android.intent.action.PACKAGE_ADDED dat=package:com.neew.browser.test flg=0x4000010 pkg=com.google.android.gms cmp=com.google.android.gms/.chimera.PersistentIntentOperationService (has extras) }
09-20 10:44:09.851 I/cn_CronetUrlRequestContext(25277): destroyNativeStreamLocked org.chromium.net.impl.CronetBidirectionalStream@d542c05
09-20 10:44:09.857 I/Auth    (23961): (REDACTED) [SupervisedAccountIntentOperationV2] onHandleIntent: %s
09-20 10:44:09.858 V/BackupManagerConstants(20024): getFullBackupIntervalMilliseconds(...) returns 86400000
09-20 10:44:09.858 V/BackupManagerConstants(20024): getFullBackupRequiredNetworkType(...) returns 2
09-20 10:44:09.858 V/BackupManagerConstants(20024): getFullBackupRequireCharging(...) returns true
09-20 10:44:09.858 I/Blockstore(23961): (REDACTED) [DataStoreImpl] Clearing Blockstore Data for package %s
09-20 10:44:09.858 I/Blockstore(23961): [DataStoreImpl] Keyless data not found or its IsLastInstallationData = false. [CONTEXT service_id=258 ]
09-20 10:44:09.864 W/GLSUser (23991): [DeviceKeyStore] Cannot load key: Device key file not found.
09-20 10:44:09.864 W/GLSUser (23991): [DeviceKeyStore] Cannot load key: Device key file not found.
09-20 10:44:09.865 I/Finsky:background(22722): [245] Wrote row to frosting DB: 201
09-20 10:44:09.866 I/NearbyDiscovery(23961): (REDACTED) processGrantSlicePermission: %s
09-20 10:44:09.867 I/Finsky  (24485): [2] Clearing split related stale data.
09-20 10:44:09.867 I/Finsky  (24485): [2] DTU: Received onPackageAdded, replacing: false
09-20 10:44:09.867 I/Finsky  (24485): [63] AIM: AppInfoManager-Perf > OnDeviceAppInfo > cacheHitCount=0, cacheMissCount=1. Missed  in cache (limit 10) : [com.neew.browser.test]
09-20 10:44:09.867 I/Finsky  (24485): [63] AIM: Got app ownership map. App counts: . Unique apps: 0
09-20 10:44:09.868 I/Finsky  (24485): [2] [ContentSync] finished, scheduled=false
09-20 10:44:09.869 W/TextServicesManagerService(20024): no available spell checker services found
09-20 10:44:09.870 W/Searchables(20024): No global search activity found
09-20 10:44:09.872 W/PackageManager(20024): Failed registering loading progress callback. Package is fully loaded.
09-20 10:44:09.872 E/Finsky  (24485): [63] [Counters] attempted to use a non-positive increment for: 4752
09-20 10:44:09.873 E/Finsky  (24485): [63] [Counters] attempted to use a non-positive increment for: 4753
09-20 10:44:09.878 I/cn_CronetUrlRequestContext(25277): destroyNativeStreamLocked org.chromium.net.impl.CronetBidirectionalStream@5622e62
09-20 10:44:09.881 I/CoexistenceUtils(23961): com.android.chrome not installed, not blocking Coexistence [CONTEXT service_id=42 ]
09-20 10:44:09.881 I/CoexistenceUtils(23961): com.google.android.gms version: 253534119. Coexistence min required: 12600000 [CONTEXT service_id=42 ]
09-20 10:44:09.882 I/CoexistenceUtils(23961): com.google.android.googlequicksearchbox not installed, not blocking Coexistence [CONTEXT service_id=42 ]
09-20 10:44:09.882 I/Icing   (23961): Indexing com.google.android.gms-apps from com.google.android.gms
09-20 10:44:09.883 I/Icing   (23961): Indexing done com.google.android.gms-apps
09-20 10:44:09.883 I/Finsky  (24485): [69] AIM: AppInfoManager-Perf > ItemModel > CacheSize=11, cacheHitCount=0, cacheMissCount=0, total appsWithNoServerDataCount=0. Missed  in cache (limit 10) : []
09-20 10:44:09.884 I/Finsky  (24485): [2] AIM: AppInfoCacheUpdater -> invalidating apps: [com.neew.browser.test]
09-20 10:44:09.884 I/Finsky  (24485): [2] AIM: AppInfoManager-Perf > getApps > called for 1 apps
09-20 10:44:09.887 I/Finsky  (24485): [63] AIM: AppInfoManager-Perf > OnDeviceAppInfo > cacheHitCount=0, cacheMissCount=1. Missed  in cache (limit 10) : [com.neew.browser.test]
09-20 10:44:09.888 I/Finsky  (24485): [63] AIM: Got app ownership map. App counts: . Unique apps: 0
09-20 10:44:09.888 E/Finsky  (24485): [63] [Counters] attempted to use a non-positive increment for: 4752
09-20 10:44:09.888 E/Finsky  (24485): [63] [Counters] attempted to use a non-positive increment for: 4753
09-20 10:44:09.893 I/Finsky:background(22722): [245] Wrote row to frosting DB: 202
09-20 10:44:09.893 I/Finsky  (24485): [63] AIM: AppInfoManager-Perf > ItemModel > CacheSize=11, cacheHitCount=0, cacheMissCount=0, total appsWithNoServerDataCount=0. Missed  in cache (limit 10) : []
09-20 10:44:09.893 E/DeviceCustomizationsImp(25277): Failed to fetch and update GetDeviceCustomizationsResponse in ProtoDataStore.
09-20 10:44:09.893 E/DeviceCustomizationsImp(25277): addt: INVALID_ARGUMENT: Application credential header not valid. Please fix the client to pass a valid application credential header.
09-20 10:44:09.893 E/DeviceCustomizationsImp(25277): 	at adru.a(PG:41)
09-20 10:44:09.893 E/DeviceCustomizationsImp(25277): 	at adda.a(PG:3)
09-20 10:44:09.893 E/DeviceCustomizationsImp(25277): 	at wwz.a(PG:2)
09-20 10:44:09.893 E/DeviceCustomizationsImp(25277): 	at ysc.g(PG:98)
09-20 10:44:09.893 E/DeviceCustomizationsImp(25277): 	at ysc.cn(PG:23)
09-20 10:44:09.893 E/DeviceCustomizationsImp(25277): 	at ysc.a(PG:8)
09-20 10:44:09.893 E/DeviceCustomizationsImp(25277): 	at wmu.run(PG:89)
09-20 10:44:09.893 E/DeviceCustomizationsImp(25277): 	at ysg.g(PG:17)
09-20 10:44:09.893 E/DeviceCustomizationsImp(25277): 	at ysg.a(PG:12)
09-20 10:44:09.893 E/DeviceCustomizationsImp(25277): 	at wmu.run(PG:220)
09-20 10:44:09.893 E/DeviceCustomizationsImp(25277): 	at yqm.run(PG:310)
09-20 10:44:09.893 E/DeviceCustomizationsImp(25277): 	at yju.run(PG:13)
09-20 10:44:09.893 E/DeviceCustomizationsImp(25277): 	at whb.run(PG:86)
09-20 10:44:09.893 E/DeviceCustomizationsImp(25277): 	at yif.execute(PG:1)
09-20 10:44:09.893 E/DeviceCustomizationsImp(25277): 	at yrz.execute(PG:3)
09-20 10:44:09.893 E/DeviceCustomizationsImp(25277): 	at yjv.execute(PG:35)
09-20 10:44:09.893 E/DeviceCustomizationsImp(25277): 	at wbv.execute(PG:44)
09-20 10:44:09.893 E/DeviceCustomizationsImp(25277): 	at yrx.a(PG:16)
09-20 10:44:09.893 E/DeviceCustomizationsImp(25277): 	at ysc.g(PG:98)
09-20 10:44:09.893 E/DeviceCustomizationsImp(25277): 	at ysc.cn(PG:23)
09-20 10:44:09.893 E/DeviceCustomizationsImp(25277): 	at ysc.a(PG:8)
09-20 10:44:09.893 E/DeviceCustomizationsImp(25277): 	at wmu.run(PG:89)
09-20 10:44:09.893 E/DeviceCustomizationsImp(25277): 	at ysg.g(PG:17)
09-20 10:44:09.893 E/DeviceCustomizationsImp(25277): 	at ysg.a(PG:12)
09-20 10:44:09.893 E/DeviceCustomizationsImp(25277): 	at wmu.run(PG:220)
09-20 10:44:09.893 E/DeviceCustomizationsImp(25277): 	at yqm.run(PG:310)
09-20 10:44:09.893 E/DeviceCustomizationsImp(25277): 	at yju.run(PG:13)
09-20 10:44:09.893 E/DeviceCustomizationsImp(25277): 	at whb.run(PG:86)
09-20 10:44:09.893 E/DeviceCustomizationsImp(25277): 	at yif.execute(PG:1)
09-20 10:44:09.893 E/DeviceCustomizationsImp(25277): 	at yrz.execute(PG:3)
09-20 10:44:09.893 E/DeviceCustomizationsImp(25277): 	at yjv.execute(PG:35)
09-20 10:44:09.893 E/DeviceCustomizationsImp(25277): 	at wbv.execute(PG:44)
09-20 10:44:09.893 E/DeviceCustomizationsImp(25277): 	at yrx.a(PG:16)
09-20 10:44:09.893 E/DeviceCustomizationsImp(25277): 	at ysc.g(PG:98)
09-20 10:44:09.893 E/DeviceCustomizationsImp(25277): 	at ysc.cn(PG:23)
09-20 10:44:09.893 E/DeviceCustomizationsImp(25277): 	at ysc.a(PG:8)
09-20 10:44:09.893 E/DeviceCustomizationsImp(25277): 	at wmu.run(PG:89)
09-20 10:44:09.893 E/DeviceCustomizationsImp(25277): 	at ysg.g(PG:17)
09-20 10:44:09.893 E/DeviceCustomizationsImp(25277): 	at ysg.a(PG:12)
09-20 10:44:09.893 E/DeviceCustomizationsImp(25277): 	at wmu.run(PG:220)
09-20 10:44:09.893 E/DeviceCustomizationsImp(25277): 	at yqm.run(PG:310)
09-20 10:44:09.893 E/DeviceCustomizationsImp(25277): 	at yju.run(PG:13)
09-20 10:44:09.893 E/DeviceCustomizationsImp(25277): 	at whb.run(PG:86)
09-20 10:44:09.893 E/DeviceCustomizationsImp(25277): 	at yif.execute(PG:1)
09-20 10:44:09.893 E/DeviceCustomizationsImp(25277): 	at yrz.execute(PG:3)
09-20 10:44:09.893 E/DeviceCustomizationsImp(25277): 	at yjv.execute(PG:35)
09-20 10:44:09.893 E/DeviceCustomizationsImp(25277): 	at wbv.execute(PG:44)
09-20 10:44:09.893 E/DeviceCustomizationsImp(25277): 	at yrx.a(PG:16)
09-20 10:44:09.893 E/DeviceCustomizationsImp(25277): 	at ysc.g(PG:98)
09-20 10:44:09.893 E/DeviceCustomizationsImp(25277): 	at ysc.cn(PG:23)
09-20 10:44:09.893 E/DeviceCustomizationsImp(25277): 	at ysc.a(PG:8)
09-20 10:44:09.893 E/DeviceCustomizationsImp(25277): 	at wmu.run(PG:89)
09-20 10:44:09.893 E/DeviceCustomizationsImp(25277): 	at ysg.g(PG:17)
09-20 10:44:09.893 E/DeviceCustomizationsImp(25277): 	at ysg.a(PG:12)
09-20 10:44:09.893 E/DeviceCustomizationsImp(25277): 	at wmu.run(PG:220)
09-20 10:44:09.893 E/DeviceCustomizationsImp(25277): 	at yqm.run(PG:310)
09-20 10:44:09.893 E/DeviceCustomizationsImp(25277): 	at yju.run(PG:13)
09-20 10:44:09.893 E/DeviceCustomizationsImp(25277): 	at whb.run(PG:86)
09-20 10:44:09.893 E/DeviceCustomizationsImp(25277): 	at yif.execute(PG:1)
09-20 10:44:09.893 E/DeviceCustomizationsImp(25277): 	at yrz.execute(PG:3)
09-20 10:44:09.893 E/DeviceCustomizationsImp(25277): 	at yjv.execute(PG:35)
09-20 10:44:09.893 E/DeviceCustomizationsImp(25277): 	at wbv.execute(PG:44)
09-20 10:44:09.893 E/DeviceCustomizationsImp(25277): 	at yrx.a(PG:16)
09-20 10:44:09.893 E/DeviceCustomizationsImp(25277): 	at ysc.g(PG:98)
09-20 10:44:09.893 E/DeviceCustomizationsImp(25277): 	at ysc.cn(PG:23)
09-20 10:44:09.893 E/DeviceCustomizationsImp(25277): 	at ysc.a(PG:8)
09-20 10:44:09.893 E/DeviceCustomizationsImp(25277): 	at wmu.run(PG:89)
09-20 10:44:09.893 E/DeviceCustomizationsImp(25277): 	at ysg.g(PG:17)
09-20 10:44:09.893 E/DeviceCustomizationsImp(25277): 	at ysg.a(PG:12)
09-20 10:44:09.893 E/DeviceCustomizationsImp(25277): 	at wmu.run(PG:220)
09-20 10:44:09.893 E/DeviceCustomizationsImp(25277): 	at yqm.run(PG:310)
09-20 10:44:09.893 E/DeviceCustomizationsImp(25277): 	at yju.run(PG:13)
09-20 10:44:09.893 E/DeviceCustomizationsImp(25277): 	at whb.run(PG:86)
09-20 10:44:09.893 E/DeviceCustomizationsImp(25277): 	at yif.execute(PG:1)
09-20 10:44:09.893 E/DeviceCustomizationsImp(25277): 	at yrz.execute(PG:3)
09-20 10:44:09.893 E/DeviceCustomizationsImp(25277): 	at yjv.execute(PG:35)
09-20 10:44:09.893 E/DeviceCustomizationsImp(25277): 	at wbv.execute(PG:44)
09-20 10:44:09.893 E/DeviceCustomizationsImp(25277): 	at yrx.a(PG:16)
09-20 10:44:09.893 E/DeviceCustomizationsImp(25277): 	at ysc.g(PG:98)
09-20 10:44:09.893 E/DeviceCustomizationsImp(25277): 	at ysc.cn(PG:23)
09-20 10:44:09.893 E/DeviceCustomizationsImp(25277): 	at ysc.a(PG:8)
09-20 10:44:09.893 E/DeviceCustomizationsImp(25277): 	at wmu.run(PG:89)
09-20 10:44:09.893 E/DeviceCustomizationsImp(25277): 	at ysg.g(PG:17)
09-20 10:44:09.893 E/DeviceCustomizationsImp(25277): 	at ysg.a(PG:12)
09-20 10:44:09.893 E/DeviceCustomizationsImp(25277): 	at wmu.run(PG:220)
09-20 10:44:09.893 E/DeviceCustomizationsImp(25277): 	at yqm.run(PG:310)
09-20 10:44:09.893 E/DeviceCustomizationsImp(25277): 	at yju.run(PG:13)
09-20 10:44:09.893 E/DeviceCustomizationsImp(25277): 	at whb.run(PG:86)
09-20 10:44:09.893 E/DeviceCustomizationsImp(25277): 	at yif.execute(PG:1)
