09-20 10:44:11.081 D/MainActivity(26660): [StorageDebug] restoreSessionState CALLED
09-20 10:44:11.081 D/MainActivity(26660): [StorageDebug] Found saved URLs JSON: ["https:\/\/www.google.com\/","https:\/\/www.google.com\/search?q=lucky%20plaza%20domestic%20worker%20gatherings&oq&ved=0ahUKEwipgNTXqOaPAxXOyzgGHRVNIh4Q470GCCA&sclient=mweb-insp&gs_lp=Egltd2ViLWluc3AqDwgAEAAYAxjqAhiPARiWBDINEAAYAxjqAhiPARiWBDINEAAYAxjqAhiPARiWBDINEAAYAxjqAhiPARiWBDINEAAYAxjqAhiPARiWBDINEAAYAxjqAhiPARiWBDINEAAYAxjqAhiPARiWBDINEAAYAxjqAhiPARiWBLgBGZgDugmyBgYQJRglKAE&gs_ss=1&biw=960&bih=484&dpr=2&sei=rxTOaIqyJPas4-EPia3VuAQ"], Saved Active Index: 1
09-20 10:44:11.081 D/MainActivity(26660): [StorageDebug] Found saved state. URLs: 2, Active Index: 1
09-20 10:44:11.081 D/MainActivity(26660): [StorageDebug] Restoring tab: https://www.google.com/
09-20 10:44:11.081 D/MainActivity(26660): Creating new tab. Initial URL: https://www.google.com/, Switch: false
09-20 10:44:11.092 D/MainActivity(26660): Applied user agent string: [Mozilla/5.0 (Linux; Android 14; SM-G998B) AppleWebKit/537.36 (KHTML, like Gecko) Chrome/120.0.0.0 Mobile Safari/537.36 IndicBrowser/v1.8.7] (derived from mode: mobile) to session for URL context: [https://www.google.com/]
09-20 10:44:11.092 D/MainActivity(26660): Viewport Setting: MOBILE (Reason: UA mode 'mobile')
09-20 10:44:11.093 D/MainActivity(26660): Opened new GeckoSession
09-20 10:44:11.098 D/MainActivity(26660): MainTab NavDelegate onLoadRequest: URI=https://www.google.com/ (Session: https://www.google.com/)
09-20 10:44:11.098 D/MainActivity(26660): MainTab NavDelegate onLoadRequest: Allowing non-intent URI: https://www.google.com/
09-20 10:44:11.099 D/MainActivity(26660): Loading initial URL in new session: https://www.google.com/
09-20 10:44:11.099 W/MainActivity(26660): updateUIForActiveSession: UI not ready, skipping update.
09-20 10:44:11.102 D/MainActivity(26660): Snapshot loaded from disk: /data/user/0/com.neew.browser/cache/tab_snapshots/d75277cdffef995a46ae59bdaef1db86.png
09-20 10:44:11.102 D/MainActivity(26660): [StorageDebug] Loaded snapshot from disk for: https://www.google.com/
09-20 10:44:11.102 D/MainActivity(26660): [StorageDebug] Restoring tab: https://www.google.com/search?q=lucky%20plaza%20domestic%20worker%20gatherings&oq&ved=0ahUKEwipgNTXqOaPAxXOyzgGHRVNIh4Q470GCCA&sclient=mweb-insp&gs_lp=Egltd2ViLWluc3AqDwgAEAAYAxjqAhiPARiWBDINEAAYAxjqAhiPARiWBDINEAAYAxjqAhiPARiWBDINEAAYAxjqAhiPARiWBDINEAAYAxjqAhiPARiWBDINEAAYAxjqAhiPARiWBDINEAAYAxjqAhiPARiWBDINEAAYAxjqAhiPARiWBLgBGZgDugmyBgYQJRglKAE&gs_ss=1&biw=960&bih=484&dpr=2&sei=rxTOaIqyJPas4-EPia3VuAQ
09-20 10:44:11.103 D/MainActivity(26660): Creating new tab. Initial URL: https://www.google.com/search?q=lucky%20plaza%20domestic%20worker%20gatherings&oq&ved=0ahUKEwipgNTXqOaPAxXOyzgGHRVNIh4Q470GCCA&sclient=mweb-insp&gs_lp=Egltd2ViLWluc3AqDwgAEAAYAxjqAhiPARiWBDINEAAYAxjqAhiPARiWBDINEAAYAxjqAhiPARiWBDINEAAYAxjqAhiPARiWBDINEAAYAxjqAhiPARiWBDINEAAYAxjqAhiPARiWBDINEAAYAxjqAhiPARiWBDINEAAYAxjqAhiPARiWBLgBGZgDugmyBgYQJRglKAE&gs_ss=1&biw=960&bih=484&dpr=2&sei=rxTOaIqyJPas4-EPia3VuAQ, Switch: false
09-20 10:44:11.104 D/MainActivity(26660): Applied user agent string: [Mozilla/5.0 (Linux; Android 14; SM-G998B) AppleWebKit/537.36 (KHTML, like Gecko) Chrome/120.0.0.0 Mobile Safari/537.36 IndicBrowser/v1.8.7] (derived from mode: mobile) to session for URL context: [https://www.google.com/search?q=lucky%20plaza%20domestic%20worker%20gatherings&oq&ved=0ahUKEwipgNTXqOaPAxXOyzgGHRVNIh4Q470GCCA&sclient=mweb-insp&gs_lp=Egltd2ViLWluc3AqDwgAEAAYAxjqAhiPARiWBDINEAAYAxjqAhiPARiWBDINEAAYAxjqAhiPARiWBDINEAAYAxjqAhiPARiWBDINEAAYAxjqAhiPARiWBDINEAAYAxjqAhiPARiWBDINEAAYAxjqAhiPARiWBDINEAAYAxjqAhiPARiWBLgBGZgDugmyBgYQJRglKAE&gs_ss=1&biw=960&bih=484&dpr=2&sei=rxTOaIqyJPas4-EPia3VuAQ]
09-20 10:44:11.106 D/MainActivity(26660): Viewport Setting: MOBILE (Reason: UA mode 'mobile')
09-20 10:44:11.106 D/MainActivity(26660): Opened new GeckoSession
09-20 10:44:11.106 D/MainActivity(26660): MainTab NavDelegate onLoadRequest: URI=https://www.google.com/search?q=lucky%20plaza%20domestic%20worker%20gatherings&oq&ved=0ahUKEwipgNTXqOaPAxXOyzgGHRVNIh4Q470GCCA&sclient=mweb-insp&gs_lp=Egltd2ViLWluc3AqDwgAEAAYAxjqAhiPARiWBDINEAAYAxjqAhiPARiWBDINEAAYAxjqAhiPARiWBDINEAAYAxjqAhiPARiWBDINEAAYAxjqAhiPARiWBDINEAAYAxjqAhiPARiWBDINEAAYAxjqAhiPARiWBDINEAAYAxjqAhiPARiWBLgBGZgDugmyBgYQJRglKAE&gs_ss=1&biw=960&bih=484&dpr=2&sei=rxTOaIqyJPas4-EPia3VuAQ (Session: https://www.google.com/search?q=lucky%20plaza%20domestic%20worker%20gatherings&oq&ved=0ahUKEwipgNTXqOaPAxXOyzgGHRVNIh4Q470GCCA&sclient=mweb-insp&gs_lp=Egltd2ViLWluc3AqDwgAEAAYAxjqAhiPARiWBDINEAAYAxjqAhiPARiWBDINEAAYAxjqAhiPARiWBDINEAAYAxjqAhiPARiWBDINEAAYAxjqAhiPARiWBDINEAAYAxjqAhiPARiWBDINEAAYAxjqAhiPARiWBDINEAAYAxjqAhiPARiWBLgBGZgDugmyBgYQJRglKAE&gs_ss=1&biw=960&bih=484&dpr=2&sei=rxTOaIqyJPas4-EPia3VuAQ)
09-20 10:44:11.106 D/MainActivity(26660): MainTab NavDelegate onLoadRequest: Allowing non-intent URI: https://www.google.com/search?q=lucky%20plaza%20domestic%20worker%20gatherings&oq&ved=0ahUKEwipgNTXqOaPAxXOyzgGHRVNIh4Q470GCCA&sclient=mweb-insp&gs_lp=Egltd2ViLWluc3AqDwgAEAAYAxjqAhiPARiWBDINEAAYAxjqAhiPARiWBDINEAAYAxjqAhiPARiWBDINEAAYAxjqAhiPARiWBDINEAAYAxjqAhiPARiWBDINEAAYAxjqAhiPARiWBDINEAAYAxjqAhiPARiWBDINEAAYAxjqAhiPARiWBLgBGZgDugmyBgYQJRglKAE&gs_ss=1&biw=960&bih=484&dpr=2&sei=rxTOaIqyJPas4-EPia3VuAQ
09-20 10:44:11.106 D/MainActivity(26660): Loading initial URL in new session: https://www.google.com/search?q=lucky%20plaza%20domestic%20worker%20gatherings&oq&ved=0ahUKEwipgNTXqOaPAxXOyzgGHRVNIh4Q470GCCA&sclient=mweb-insp&gs_lp=Egltd2ViLWluc3AqDwgAEAAYAxjqAhiPARiWBDINEAAYAxjqAhiPARiWBDINEAAYAxjqAhiPARiWBDINEAAYAxjqAhiPARiWBDINEAAYAxjqAhiPARiWBDINEAAYAxjqAhiPARiWBDINEAAYAxjqAhiPARiWBDINEAAYAxjqAhiPARiWBLgBGZgDugmyBgYQJRglKAE&gs_ss=1&biw=960&bih=484&dpr=2&sei=rxTOaIqyJPas4-EPia3VuAQ
09-20 10:44:11.106 W/MainActivity(26660): updateUIForActiveSession: UI not ready, skipping update.
09-20 10:44:11.112 D/MainActivity(26660): Snapshot loaded from disk: /data/user/0/com.neew.browser/cache/tab_snapshots/2e6bea5239c524a40e76f9276c45079b.png
09-20 10:44:11.112 D/MainActivity(26660): [StorageDebug] Loaded snapshot from disk for: https://www.google.com/search?q=lucky%20plaza%20domestic%20worker%20gatherings&oq&ved=0ahUKEwipgNTXqOaPAxXOyzgGHRVNIh4Q470GCCA&sclient=mweb-insp&gs_lp=Egltd2ViLWluc3AqDwgAEAAYAxjqAhiPARiWBDINEAAYAxjqAhiPARiWBDINEAAYAxjqAhiPARiWBDINEAAYAxjqAhiPARiWBDINEAAYAxjqAhiPARiWBDINEAAYAxjqAhiPARiWBDINEAAYAxjqAhiPARiWBDINEAAYAxjqAhiPARiWBLgBGZgDugmyBgYQJRglKAE&gs_ss=1&biw=960&bih=484&dpr=2&sei=rxTOaIqyJPas4-EPia3VuAQ
09-20 10:44:11.112 D/MainActivity(26660): [StorageDebug] Session state restored. Active index set to: 1
09-20 10:44:11.113 D/MainActivity(26660): Setting GeckoView session after restore/create
09-20 10:44:11.118 W/MainActivity(26660): updateUIForActiveSession: UI not ready, skipping update.
09-20 10:44:11.123 E/GeckoLibLoad(26660): Loaded libs in 49.123625ms total, 0ms(24ms) user, 18ms(38ms) system, 104(107) faults
09-20 10:44:11.123 D/GeckoThread(26660): State changed to LIBS_READY
09-20 10:44:11.126 W/GeckoThread(26660): zerdatime 11283621 - runGecko
09-20 10:44:11.162 D/MainActivity(26660): [StorageDebug] App used storage: 109151511 bytes (104.09499263763428 MB)
09-20 10:44:11.162 D/MainActivity(26660): [StorageDebug] Threshold not reached, no dialog.
09-20 10:44:11.164 D/LifecycleMonitor(26660): Lifecycle status change: com.neew.browser.MainActivity@b5388e9 in: CREATED
09-20 10:44:11.164 V/ActivityScenario(26660): Update currentActivityStage to CREATED, currentActivity=com.neew.browser.MainActivity@b5388e9
09-20 10:44:11.166 D/MainActivity(26660): onStart: Setting active session active=true
09-20 10:44:11.166 D/LifecycleMonitor(26660): Lifecycle status change: com.neew.browser.MainActivity@b5388e9 in: STARTED
09-20 10:44:11.166 V/ActivityScenario(26660): Update currentActivityStage to STARTED, currentActivity=com.neew.browser.MainActivity@b5388e9
09-20 10:44:11.167 D/GeckoRuntime(26660): Lifecycle: onStart
09-20 10:44:11.170 D/MainActivity(26660): onResume: Ensuring active session active=true
09-20 10:44:11.170 D/LifecycleMonitor(26660): Lifecycle status change: com.neew.browser.MainActivity@b5388e9 in: RESUMED
09-20 10:44:11.170 V/ActivityScenario(26660): Update currentActivityStage to RESUMED, currentActivity=com.neew.browser.MainActivity@b5388e9
09-20 10:44:11.170 D/GeckoRuntime(26660): Lifecycle: onResume
09-20 10:44:11.171 I/FA      (26660): Tag Manager is not found and thus will not be used
09-20 10:44:11.173 D/GeckoNetworkManager(26660): Incoming event start for state OffNoListeners -> OnNoListeners
09-20 10:44:11.175 D/GeckoNetworkManager(26660): New network state: UP, WIFI, WIFI
09-20 10:44:11.187 W/WindowManager(20024): Failed looking up window session=Session{dc2ee07 26660:u0a10086} callers=com.android.server.wm.WindowManagerService.windowForClientLocked:5603 com.android.server.wm.Session.insetsModified:629 android.view.IWindowSession$Stub.onTransact:1151 
09-20 10:44:11.189 D/GeckoNetworkManager(26660): Incoming event receivedUpdate for state OnNoListeners -> OnNoListeners
09-20 10:44:11.190 D/GeckoNetworkManager(26660): New network state: UP, WIFI, WIFI
09-20 10:44:11.190 I/Gecko:DumpUtils(26660): Fifo watcher disabled via pref.
09-20 10:44:11.187 W/com.neew.browser(26660): type=1400 audit(0.0:392): avc: denied { bind } for comm=4E65746C696E6B204D6F6E69746F72 scontext=u:r:untrusted_app:s0:c86,c256,c512,c768 tcontext=u:r:untrusted_app:s0:c86,c256,c512,c768 tclass=netlink_route_socket permissive=0 bug=b/155595000 app=com.neew.browser
09-20 10:44:11.200 D/GeckoScreenOrientation(26660): updating to new orientation LANDSCAPE_PRIMARY
09-20 10:44:11.206 D/GeckoAppShell(26660): System memory: 1968MB.
09-20 10:44:11.207 W/om.neew.browse(26660): Accessing hidden field Landroid/os/MessageQueue;->mMessages:Landroid/os/Message; (unsupported, JNI, allowed)
09-20 10:44:11.207 W/om.neew.browse(26660): Accessing hidden field Ljava/lang/Boolean;->value:Z (max-target-p, JNI, denied)
09-20 10:44:11.208 W/om.neew.browse(26660): Accessing hidden field Ljava/lang/Integer;->value:I (max-target-p, JNI, denied)
09-20 10:44:11.208 W/om.neew.browse(26660): Accessing hidden field Ljava/lang/Double;->value:D (max-target-p, JNI, denied)
09-20 10:44:11.209 D/GeckoThread(26660): State changed to JNI_READY
09-20 10:44:11.215 D/CompatibilityChangeReporter(20024): Compat change id reported: 135634846; UID 10086; state: DISABLED
09-20 10:44:11.215 D/CompatibilityChangeReporter(20024): Compat change id reported: 177438394; UID 10086; state: DISABLED
09-20 10:44:11.215 D/CompatibilityChangeReporter(20024): Compat change id reported: 135772972; UID 10086; state: DISABLED
09-20 10:44:11.215 D/CompatibilityChangeReporter(20024): Compat change id reported: 135754954; UID 10086; state: ENABLED
09-20 10:44:11.215 D/CompatibilityChangeReporter(20024): Compat change id reported: 143937733; UID 10086; state: ENABLED
09-20 10:44:11.216 D/ServiceAllocator(26660): org.mozilla.gecko.process.GeckoChildProcessServices$tab26 updateBindings: BACKGROUND priority, 0 importance, 2 successful binds, 0 failed binds, 0 successful unbinds
09-20 10:44:11.222 D/Zygote  (19955): Forked child process 26716
09-20 10:44:11.222 I/ActivityManager(20024): Start proc 26716:com.neew.browser:tab26/u0a86 for service {com.neew.browser/org.mozilla.gecko.process.GeckoChildProcessServices$tab26}
09-20 10:44:11.226 D/CompatibilityChangeReporter(20024): Compat change id reported: 158002302; UID 10086; state: ENABLED
09-20 10:44:11.230 I/w.browser:tab2(26716): Late-enabling -Xcheck:jni
09-20 10:44:11.231 D/HostConnection(26660): createUnique: call
09-20 10:44:11.231 D/HostConnection(26660): HostConnection::get() New Host Connection established 0xb400007310529290, tid 26688
09-20 10:44:11.232 D/HostConnection(26660): HostComposition ext ANDROID_EMU_CHECKSUM_HELPER_v1 ANDROID_EMU_native_sync_v2 ANDROID_EMU_native_sync_v3 ANDROID_EMU_native_sync_v4 ANDROID_EMU_dma_v1 ANDROID_EMU_direct_mem ANDROID_EMU_host_composition_v1 ANDROID_EMU_host_composition_v2 ANDROID_EMU_vulkan ANDROID_EMU_deferred_vulkan_commands ANDROID_EMU_vulkan_null_optional_strings ANDROID_EMU_vulkan_create_resources_with_requirements ANDROID_EMU_YUV_Cache ANDROID_EMU_vulkan_ignored_handles ANDROID_EMU_has_shared_slots_host_memory_allocator ANDROID_EMU_vulkan_free_memory_sync ANDROID_EMU_vulkan_shader_float16_int8 ANDROID_EMU_vulkan_async_queue_submit ANDROID_EMU_vulkan_queue_submit_with_commands ANDROID_EMU_sync_buffer_data ANDROID_EMU_vulkan_async_qsri ANDROID_EMU_read_color_buffer_dma GL_OES_EGL_image_external_essl3 GL_OES_vertex_array_object ANDROID_EMU_host_side_tracing ANDROID_EMU_gles_max_version_3_0 
09-20 10:44:11.233 I/hwservicemanager(  186): getTransport: Cannot find entry android.hardware.configstore@1.0::ISurfaceFlingerConfigs/default in either framework or device VINTF manifest.
09-20 10:44:11.234 W/OpenGLRenderer(26660): Failed to choose config with EGL_SWAP_BEHAVIOR_PRESERVED, retrying without...
09-20 10:44:11.234 W/OpenGLRenderer(26660): Failed to initialize 101010-2 format, error = EGL_SUCCESS
09-20 10:44:11.235 D/EGL_emulation(26660): eglCreateContext: 0xb400007310523f50: maj 3 min 0 rcv 3
09-20 10:44:11.236 D/EGL_emulation(26660): eglMakeCurrent: 0xb400007310523f50: ver 3 0 (tinfo 0x75272f3080) (first time)
09-20 10:44:11.245 E/HWComposer(  367): getSupportedContentTypes: getSupportedContentTypes failed for display 4619827259835644672: Unsupported (8)
09-20 10:44:11.246 I/hwservicemanager(  186): getTransport: Cannot find entry android.hardware.graphics.mapper@4.0::IMapper/default in either framework or device VINTF manifest.
09-20 10:44:11.246 I/Gralloc4(26660): mapper 4.x is not supported
09-20 10:44:11.248 D/HostConnection(26660): createUnique: call
09-20 10:44:11.248 D/HostConnection(26660): HostConnection::get() New Host Connection established 0xb40000731051b850, tid 26688
09-20 10:44:11.248 D/goldfish-address-space(26660): allocate: Ask for block of size 0x100
09-20 10:44:11.248 D/goldfish-address-space(26660): allocate: ioctl allocate returned offset 0x1edff0000 size 0x8000
09-20 10:44:11.250 I/hwservicemanager(  186): getTransport: Cannot find entry android.hardware.graphics.allocator@4.0::IAllocator/default in either framework or device VINTF manifest.
09-20 10:44:11.250 W/Gralloc4(26660): allocator 4.x is not supported
09-20 10:44:11.250 I/adbd    ( 1510): jdwp connection from 26716
09-20 10:44:11.251 D/goldfish-address-space(  339): claimShared: Ask to claim region [0x1f4000000 0x1f47ec000]
09-20 10:44:11.255 D/HostConnection(26660): HostComposition ext ANDROID_EMU_CHECKSUM_HELPER_v1 ANDROID_EMU_native_sync_v2 ANDROID_EMU_native_sync_v3 ANDROID_EMU_native_sync_v4 ANDROID_EMU_dma_v1 ANDROID_EMU_direct_mem ANDROID_EMU_host_composition_v1 ANDROID_EMU_host_composition_v2 ANDROID_EMU_vulkan ANDROID_EMU_deferred_vulkan_commands ANDROID_EMU_vulkan_null_optional_strings ANDROID_EMU_vulkan_create_resources_with_requirements ANDROID_EMU_YUV_Cache ANDROID_EMU_vulkan_ignored_handles ANDROID_EMU_has_shared_slots_host_memory_allocator ANDROID_EMU_vulkan_free_memory_sync ANDROID_EMU_vulkan_shader_float16_int8 ANDROID_EMU_vulkan_async_queue_submit ANDROID_EMU_vulkan_queue_submit_with_commands ANDROID_EMU_sync_buffer_data ANDROID_EMU_vulkan_async_qsri ANDROID_EMU_read_color_buffer_dma GL_OES_EGL_image_external_essl3 GL_OES_vertex_array_object ANDROID_EMU_host_side_tracing ANDROID_EMU_gles_max_version_3_0 
09-20 10:44:11.266 D/CompatibilityChangeReporter(26716): Compat change id reported: 171979766; UID 10086; state: ENABLED
09-20 10:44:11.291 D/goldfish-address-space(  339): claimShared: Ask to claim region [0x1f47ec000 0x1f4fd8000]
09-20 10:44:11.299 I/ActivityTaskManager(20024): Displayed com.neew.browser/.MainActivity: +393ms
09-20 10:44:11.300 I/GeckoConsole(26660): No chrome package registered for chrome://browser/content/built_in_addons.json
09-20 10:44:11.302 D/goldfish-address-space(  339): claimShared: Ask to claim region [0x1f4fd8000 0x1f57c4000]
09-20 10:44:11.310 D/AdvertisingIdClient(23961): AdvertisingIdClient already created.
09-20 10:44:11.310 D/AdvertisingIdClient(23961): AdvertisingIdClient is not bounded. Starting to bind it...
09-20 10:44:11.313 D/MainActivity(26660): onWindowFocusChanged(true): Re-applying immersive mode. Current switch state: true
09-20 10:44:11.313 D/MainActivity(26660): onWindowFocusChanged(true): First window focus, explicitly re-applying immersive mode.
09-20 10:44:11.314 D/AdvertisingIdClient(23961): AdvertisingIdClient is bounded
09-20 10:44:11.317 I/AdvertisingIdClient(23961): shouldSendLog 10794302
09-20 10:44:11.317 I/AdvertisingIdClient(23961): GetInfoInternal elapse 7ms
09-20 10:44:11.318 I/GoogleInputMethodService(25933): GoogleInputMethodService.onFinishInput():2097 
09-20 10:44:11.318 I/Module  (25933): DeviceLockedStatusModuleProvider$Module.updateDeviceLockedStatus():100 repeatCheckTimes = 0, locked = false
09-20 10:44:11.319 I/GoogleInputMethodService(25933): GoogleInputMethodService.onStartInput():1357 onStartInput(EditorInfo{EditorInfo{packageName=com.neew.browser, inputType=0, inputTypeString=NULL, enableLearning=false, autoCorrection=false, autoComplete=false, imeOptions=0, privateImeOptions=null, actionName=UNSPECIFIED, actionLabel=null, initialSelStart=-1, initialSelEnd=-1, initialCapsMode=0, label=null, fieldId=0, fieldName=null, extras=null, hintText=null, hintLocales=[]}}, false)
09-20 10:44:11.320 I/Module  (25933): DeviceLockedStatusModuleProvider$Module.updateDeviceLockedStatus():100 repeatCheckTimes = 1, locked = false
09-20 10:44:11.358 D/GeckoThread(26660): State changed to PROFILE_READY
09-20 10:44:11.368 D/GeckoThread(26660): State changed to RUNNING
09-20 10:44:11.384 E/libprocessgroup(25277): set_timerslack_ns write failed: Operation not permitted
09-20 10:44:11.384 E/libprocessgroup(25277): set_timerslack_ns write failed: Operation not permitted
09-20 10:44:11.384 E/libprocessgroup(25277): set_timerslack_ns write failed: Operation not permitted
09-20 10:44:11.384 E/libprocessgroup(25277): set_timerslack_ns write failed: Operation not permitted
09-20 10:44:11.384 E/libprocessgroup(25277): set_timerslack_ns write failed: Operation not permitted
09-20 10:44:11.384 E/libprocessgroup(25277): set_timerslack_ns write failed: Operation not permitted
09-20 10:44:11.384 E/libprocessgroup(25277): set_timerslack_ns write failed: Operation not permitted
09-20 10:44:11.384 E/libprocessgroup(25277): set_timerslack_ns write failed: Operation not permitted
09-20 10:44:11.384 E/libprocessgroup(25277): set_timerslack_ns write failed: Operation not permitted
09-20 10:44:11.384 E/libprocessgroup(25277): set_timerslack_ns write failed: Operation not permitted
09-20 10:44:11.384 E/libprocessgroup(25277): set_timerslack_ns write failed: Operation not permitted
09-20 10:44:11.393 W/TifLauncherHelper(25277): Allow remove LastInput? com.neew.browser in foreground
09-20 10:44:11.394 W/LastUsedInputProtoDataS(25277): Sending last used input update broadcast
09-20 10:44:11.398 W/EntityManagerImpl(25277): Memory trim level 20, clearing (all) 0 entities
09-20 10:44:11.399 W/FileTestStorage(26660): Output properties is not supported.
09-20 10:44:11.399 I/Tracing (26660): Tracer added: class androidx.test.platform.tracing.AndroidXTracer
09-20 10:44:11.401 W/LastUsedInputUpdateRece(25277): Notify last used input data change
09-20 10:44:11.401 D/EventInjectionStrategy(26660): Creating injection strategy with input manager.
09-20 10:44:11.401 W/om.neew.browse(26660): Accessing hidden method Landroid/hardware/input/InputManager;->getInstance()Landroid/hardware/input/InputManager; (unsupported, reflection, allowed)
09-20 10:44:11.401 W/om.neew.browse(26660): Accessing hidden method Landroid/hardware/input/InputManager;->injectInputEvent(Landroid/view/InputEvent;I)Z (unsupported, reflection, allowed)
09-20 10:44:11.401 W/om.neew.browse(26660): Accessing hidden field Landroid/hardware/input/InputManager;->INJECT_INPUT_EVENT_MODE_WAIT_FOR_FINISH:I (unsupported, reflection, allowed)
09-20 10:44:11.417 W/om.neew.browse(26660): Accessing hidden method Landroid/view/ViewConfiguration;->getDoubleTapMinTime()I (unsupported, reflection, allowed)
09-20 10:44:11.420 D/HostConnection(26660): createUnique: call
09-20 10:44:11.420 W/om.neew.browse(26660): Accessing hidden method Landroid/os/MessageQueue;->next()Landroid/os/Message; (unsupported, reflection, allowed)
09-20 10:44:11.421 D/HostConnection(26660): HostConnection::get() New Host Connection established 0xb40000731052da90, tid 26700
09-20 10:44:11.422 W/om.neew.browse(26660): Accessing hidden method Landroid/os/Message;->recycleUnchecked()V (unsupported, reflection, allowed)
09-20 10:44:11.424 D/HostConnection(26660): HostComposition ext ANDROID_EMU_CHECKSUM_HELPER_v1 ANDROID_EMU_native_sync_v2 ANDROID_EMU_native_sync_v3 ANDROID_EMU_native_sync_v4 ANDROID_EMU_dma_v1 ANDROID_EMU_direct_mem ANDROID_EMU_host_composition_v1 ANDROID_EMU_host_composition_v2 ANDROID_EMU_vulkan ANDROID_EMU_deferred_vulkan_commands ANDROID_EMU_vulkan_null_optional_strings ANDROID_EMU_vulkan_create_resources_with_requirements ANDROID_EMU_YUV_Cache ANDROID_EMU_vulkan_ignored_handles ANDROID_EMU_has_shared_slots_host_memory_allocator ANDROID_EMU_vulkan_free_memory_sync ANDROID_EMU_vulkan_shader_float16_int8 ANDROID_EMU_vulkan_async_queue_submit ANDROID_EMU_vulkan_queue_submit_with_commands ANDROID_EMU_sync_buffer_data ANDROID_EMU_vulkan_async_qsri ANDROID_EMU_read_color_buffer_dma GL_OES_EGL_image_external_essl3 GL_OES_vertex_array_object ANDROID_EMU_host_side_tracing ANDROID_EMU_gles_max_version_3_0 
09-20 10:44:11.425 W/SurfaceFlinger(  367): couldn't log to binary event log: overflow.
09-20 10:44:11.425 W/om.neew.browse(26660): Accessing hidden method Landroid/view/WindowManagerGlobal;->getInstance()Landroid/view/WindowManagerGlobal; (unsupported, reflection, allowed)
09-20 10:44:11.425 W/om.neew.browse(26660): Accessing hidden field Landroid/view/WindowManagerGlobal;->mViews:Ljava/util/ArrayList; (unsupported, reflection, allowed)
09-20 10:44:11.425 W/om.neew.browse(26660): Accessing hidden field Landroid/view/WindowManagerGlobal;->mParams:Ljava/util/ArrayList; (unsupported, reflection, allowed)
09-20 10:44:11.428 I/ViewInteraction(26660): Performing 'single click' action on view view.getId() is <2131296748/com.neew.browser:id/newTabButton>
09-20 10:44:11.432 D/EGL_emulation(26660): eglCreateContext: 0xb40000731052c710: maj 3 min 0 rcv 3
09-20 10:44:11.434 D/EGL_emulation(26660): eglMakeCurrent: 0xb40000731052c710: ver 3 0 (tinfo 0x75272f3100) (first time)
09-20 10:44:11.450 D/CompatibilityChangeReporter(20024): Compat change id reported: 135634846; UID 10086; state: DISABLED
09-20 10:44:11.450 D/CompatibilityChangeReporter(20024): Compat change id reported: 177438394; UID 10086; state: DISABLED
09-20 10:44:11.450 D/CompatibilityChangeReporter(20024): Compat change id reported: 135772972; UID 10086; state: DISABLED
09-20 10:44:11.450 D/CompatibilityChangeReporter(20024): Compat change id reported: 135754954; UID 10086; state: ENABLED
09-20 10:44:11.450 D/CompatibilityChangeReporter(20024): Compat change id reported: 143937733; UID 10086; state: ENABLED
09-20 10:44:11.455 D/Zygote  (19955): Forked child process 26753
09-20 10:44:11.456 I/ActivityManager(20024): Start proc 26753:com.neew.browser:gpu/u0a86 for service {com.neew.browser/org.mozilla.gecko.process.GeckoChildProcessServices$gpu}
09-20 10:44:11.456 D/ServiceAllocator(26660): org.mozilla.gecko.process.GeckoChildProcessServices$gpu updateBindings: FOREGROUND priority, 0 importance, 3 successful binds, 0 failed binds, 0 successful unbinds
09-20 10:44:11.468 I/eew.browser:gp(26753): Late-enabling -Xcheck:jni
09-20 10:44:11.482 V/GraphicsEnvironment(26716): ANGLE Developer option for 'com.neew.browser' set to: 'default'
09-20 10:44:11.482 V/GraphicsEnvironment(26716): Neither updatable production driver nor prerelease driver is supported.
09-20 10:44:11.483 D/NetworkSecurityConfig(26716): No Network Security Config specified, using platform default
09-20 10:44:11.484 D/NetworkSecurityConfig(26716): No Network Security Config specified, using platform default
09-20 10:44:11.487 I/ServiceChildProcess(26716): onCreate
09-20 10:44:11.489 I/adbd    ( 1510): jdwp connection from 26753
09-20 10:44:11.498 D/GeckoThread(26716): State changed to LAUNCHED
09-20 10:44:11.499 I/GeckoThread(26716): preparing to run Gecko
09-20 10:44:11.505 D/MainActivity(26660): Expanded New Tab button clicked.
09-20 10:44:11.505 D/MainActivity(26660): Creating new tab. Initial URL: https://www.google.com, Switch: true
09-20 10:44:11.506 D/MainActivity(26660): Applied user agent string: [Mozilla/5.0 (Linux; Android 14; SM-G998B) AppleWebKit/537.36 (KHTML, like Gecko) Chrome/120.0.0.0 Mobile Safari/537.36 IndicBrowser/v1.8.7] (derived from mode: mobile) to session for URL context: [https://www.google.com]
09-20 10:44:11.506 D/MainActivity(26660): Viewport Setting: MOBILE (Reason: UA mode 'mobile')
09-20 10:44:11.506 D/MainActivity(26660): Opened new GeckoSession
09-20 10:44:11.506 D/MainActivity(26660): MainTab NavDelegate onLoadRequest: URI=https://www.google.com (Session: https://www.google.com)
09-20 10:44:11.506 D/MainActivity(26660): MainTab NavDelegate onLoadRequest: Allowing non-intent URI: https://www.google.com
09-20 10:44:11.506 D/MainActivity(26660): Loading initial URL in new session: https://www.google.com
09-20 10:44:11.506 D/MainActivity(26660): Switching to tab index: 2. Current global activeSessionIndex before switch: 1
09-20 10:44:11.506 D/MainActivity(26660): Requesting snapshot for active session index: 1
09-20 10:44:11.506 D/MainActivity(26660): Released session from GeckoView: https://www.google.com/search?q=lucky%20plaza%20domestic%20worker%20gatherings&oq&ved=0ahUKEwipgNTXqOaPAxXOyzgGHRVNIh4Q470GCCA&sclient=mweb-insp&gs_lp=Egltd2ViLWluc3AqDwgAEAAYAxjqAhiPARiWBDINEAAYAxjqAhiPARiWBDINEAAYAxjqAhiPARiWBDINEAAYAxjqAhiPARiWBDINEAAYAxjqAhiPARiWBDINEAAYAxjqAhiPARiWBDINEAAYAxjqAhiPARiWBDINEAAYAxjqAhiPARiWBLgBGZgDugmyBgYQJRglKAE&gs_ss=1&biw=960&bih=484&dpr=2&sei=rxTOaIqyJPas4-EPia3VuAQ
09-20 10:44:11.506 D/MainActivity(26660): Attached session to GeckoView: https://www.google.com
09-20 10:44:11.508 D/MainActivity(26660): [StorageDebug] saveSessionState CALLED
09-20 10:44:11.508 D/MainActivity(26660): [StorageDebug] Saving URLs JSON: ["https:\/\/www.google.com\/","https:\/\/www.google.com\/search?q=lucky%20plaza%20domestic%20worker%20gatherings&oq&ved=0ahUKEwipgNTXqOaPAxXOyzgGHRVNIh4Q470GCCA&sclient=mweb-insp&gs_lp=Egltd2ViLWluc3AqDwgAEAAYAxjqAhiPARiWBDINEAAYAxjqAhiPARiWBDINEAAYAxjqAhiPARiWBDINEAAYAxjqAhiPARiWBDINEAAYAxjqAhiPARiWBDINEAAYAxjqAhiPARiWBDINEAAYAxjqAhiPARiWBDINEAAYAxjqAhiPARiWBLgBGZgDugmyBgYQJRglKAE&gs_ss=1&biw=960&bih=484&dpr=2&sei=rxTOaIqyJPas4-EPia3VuAQ","https:\/\/www.google.com"]
09-20 10:44:11.508 D/MainActivity(26660): [StorageDebug] Saving active index: 2
09-20 10:44:11.509 D/MainActivity(26660): [StorageDebug] Session state saved. Tabs: 3, Active Index: 2
09-20 10:44:11.515 E/MainActivity(26660): Snapshot capture failed for session index: 1
09-20 10:44:11.515 E/MainActivity(26660): java.lang.IllegalStateException: Compositor must be ready before pixels can be captured
09-20 10:44:11.515 E/MainActivity(26660): 	at org.mozilla.geckoview.GeckoDisplay$ScreenshotBuilder.capture(GeckoDisplay.java:463)
09-20 10:44:11.515 E/MainActivity(26660): 	at org.mozilla.geckoview.GeckoDisplay.capturePixels(GeckoDisplay.java:317)
09-20 10:44:11.515 E/MainActivity(26660): 	at org.mozilla.geckoview.GeckoView$Display.capturePixels(GeckoView.java:238)
09-20 10:44:11.515 E/MainActivity(26660): 	at org.mozilla.geckoview.GeckoView.capturePixels(GeckoView.java:938)
09-20 10:44:11.515 E/MainActivity(26660): 	at com.neew.browser.MainActivity.captureSnapshot(MainActivity.java:3055)
09-20 10:44:11.515 E/MainActivity(26660): 	at com.neew.browser.MainActivity.switchToTab(MainActivity.java:3005)
09-20 10:44:11.515 E/MainActivity(26660): 	at com.neew.browser.MainActivity.createNewTab(MainActivity.java:2937)
09-20 10:44:11.515 E/MainActivity(26660): 	at com.neew.browser.MainActivity.createNewTab(MainActivity.java:2947)
09-20 10:44:11.515 E/MainActivity(26660): 	at com.neew.browser.MainActivity.lambda$setupButtonListeners$26(MainActivity.java:1563)
09-20 10:44:11.515 E/MainActivity(26660): 	at com.neew.browser.MainActivity.$r8$lambda$BveJnz3wS9RkBT_gVZhshL9K0zo(Unknown Source:0)
09-20 10:44:11.515 E/MainActivity(26660): 	at com.neew.browser.MainActivity$$ExternalSyntheticLambda70.onClick(D8$$SyntheticClass:0)
09-20 10:44:11.515 E/MainActivity(26660): 	at android.view.View.performClick(View.java:7441)
09-20 10:44:11.515 E/MainActivity(26660): 	at android.view.View.performClickInternal(View.java:7418)
09-20 10:44:11.515 E/MainActivity(26660): 	at android.view.View.access$3700(View.java:835)
09-20 10:44:11.515 E/MainActivity(26660): 	at android.view.View$PerformClick.run(View.java:28676)
09-20 10:44:11.515 E/MainActivity(26660): 	at android.os.Handler.handleCallback(Handler.java:938)
09-20 10:44:11.515 E/MainActivity(26660): 	at android.os.Handler.dispatchMessage(Handler.java:99)
09-20 10:44:11.515 E/MainActivity(26660): 	at androidx.test.espresso.base.Interrogator.loopAndInterrogate(Interrogator.java:14)
09-20 10:44:11.515 E/MainActivity(26660): 	at androidx.test.espresso.base.UiControllerImpl.loopUntil(UiControllerImpl.java:8)
09-20 10:44:11.515 E/MainActivity(26660): 	at androidx.test.espresso.base.UiControllerImpl.loopUntil(UiControllerImpl.java:1)
09-20 10:44:11.515 E/MainActivity(26660): 	at androidx.test.espresso.base.UiControllerImpl.injectMotionEvent(UiControllerImpl.java:5)
09-20 10:44:11.515 E/MainActivity(26660): 	at androidx.test.espresso.action.MotionEvents.sendUp(MotionEvents.java:7)
09-20 10:44:11.515 E/MainActivity(26660): 	at androidx.test.espresso.action.MotionEvents.sendUp(MotionEvents.java:1)
09-20 10:44:11.515 E/MainActivity(26660): 	at androidx.test.espresso.action.Tap.sendSingleTap(Tap.java:5)
09-20 10:44:11.515 E/MainActivity(26660): 	at androidx.test.espresso.action.Tap.-$$Nest$smsendSingleTap(Unknown Source:0)
09-20 10:44:11.515 E/MainActivity(26660): 	at androidx.test.espresso.action.Tap$1.sendTap(Tap.java:3)
09-20 10:44:11.515 E/MainActivity(26660): 	at androidx.test.espresso.action.GeneralClickAction.perform(GeneralClickAction.java:6)
09-20 10:44:11.515 E/MainActivity(26660): 	at androidx.test.espresso.ViewInteraction$SingleExecutionViewAction.perform(ViewInteraction.java:2)
09-20 10:44:11.515 E/MainActivity(26660): 	at androidx.test.espresso.ViewInteraction.doPerform(ViewInteraction.java:25)
09-20 10:44:11.515 E/MainActivity(26660): 	at androidx.test.espresso.ViewInteraction.-$$Nest$mdoPerform(Unknown Source:0)
09-20 10:44:11.515 E/MainActivity(26660): 	at androidx.test.espresso.ViewInteraction$1.call(ViewInteraction.java:7)
09-20 10:44:11.515 E/MainActivity(26660): 	at androidx.test.espresso.ViewInteraction$1.call(ViewInteraction.java:1)
09-20 10:44:11.515 E/MainActivity(26660): 	at java.util.concurrent.FutureTask.run(FutureTask.java:266)
09-20 10:44:11.515 E/MainActivity(26660): 	at android.os.Handler.handleCallback(Handler.java:938)
09-20 10:44:11.515 E/MainActivity(26660): 	at android.os.Handler.dispatchMessage(Handler.java:99)
09-20 10:44:11.515 E/MainActivity(26660): 	at android.os.Looper.loopOnce(Looper.java:201)
09-20 10:44:11.515 E/MainActivity(26660): 	at android.os.Looper.loop(Looper.java:288)
09-20 10:44:11.515 E/MainActivity(26660): 	at android.app.ActivityThread.main(ActivityThread.java:7839)
09-20 10:44:11.515 E/MainActivity(26660): 	at java.lang.reflect.Method.invoke(Native Method)
09-20 10:44:11.515 E/MainActivity(26660): 	at com.android.internal.os.RuntimeInit$MethodAndArgsCaller.run(RuntimeInit.java:548)
09-20 10:44:11.515 E/MainActivity(26660): 	at com.android.internal.os.ZygoteInit.main(ZygoteInit.java:1003)
09-20 10:44:11.517 I/GoogleInputMethodService(25933): GoogleInputMethodService.onFinishInput():2097 
09-20 10:44:11.517 I/Module  (25933): DeviceLockedStatusModuleProvider$Module.updateDeviceLockedStatus():100 repeatCheckTimes = 0, locked = false
09-20 10:44:11.518 I/GoogleInputMethodService(25933): GoogleInputMethodService.onStartInput():1357 onStartInput(EditorInfo{EditorInfo{packageName=com.neew.browser, inputType=0, inputTypeString=NULL, enableLearning=false, autoCorrection=false, autoComplete=false, imeOptions=1, privateImeOptions=null, actionName=NONE, actionLabel=null, initialSelStart=-1, initialSelEnd=-1, initialCapsMode=0, label=null, fieldId=0, fieldName=null, extras=null, hintText=null, hintLocales=[]}}, false)
09-20 10:44:11.519 I/Module  (25933): DeviceLockedStatusModuleProvider$Module.updateDeviceLockedStatus():100 repeatCheckTimes = 1, locked = false
09-20 10:44:11.519 D/GeckoSession(26660): handleMessage: GeckoView:DismissClipboardPermissionRequest
09-20 10:44:11.584 W/InputManager-JNI(20024): Input channel object '21c6c7d Splash Screen com.neew.browser (client)' was disposed without first being removed with the input manager!
09-20 10:44:11.584 D/CompatibilityChangeReporter(26753): Compat change id reported: 171979766; UID 10086; state: ENABLED
09-20 10:44:11.591 D/MainActivity(26660): [TV][EXT] retry ensureTvScrollExtension attemptsLeft=3
09-20 10:44:11.637 D/AudioFlinger(19956): mixer(0xb400007d5dc12a60) throttle end: throttle time(54)
09-20 10:44:11.671 D/GeckoNetworkManager(26660): Incoming event enableNotifications for state OnNoListeners -> OnWithListeners
09-20 10:44:11.674 D/GeckoNetworkManager(26660): New network state: UP, WIFI, WIFI
09-20 10:44:11.675 W/ActivityManager(20024): Receiver with filter android.content.IntentFilter@a1ea5e1 already registered for pid 26660, callerPackage is com.neew.browser
09-20 10:44:11.681 D/GeckoNetworkManager(26660): Incoming event receivedUpdate for state OnWithListeners -> OnWithListeners
09-20 10:44:11.682 D/GeckoNetworkManager(26660): New network state: UP, WIFI, WIFI
09-20 10:44:11.687 I/FontLog (23991): (REDACTED) Received query %s, URI %s
09-20 10:44:11.690 I/FontLog (23991): (REDACTED) Query [%s] resolved to %s
09-20 10:44:11.700 I/FontLog (23991): (REDACTED) Fetch %s end status %s
09-20 10:44:11.704 I/FontLog (23991): (REDACTED) Pulling font file for id = %d, cache size = %d
09-20 10:44:11.707 I/FontLog (23991): (REDACTED) Pulling font file for id = %d, cache size = %d
09-20 10:44:11.737 I/ViewInteraction(26660): Checking 'MatchesViewAssertion{viewMatcher=(view has effective visibility <VISIBLE> and view.getGlobalVisibleRect() to return non-empty rectangle)}' assertion on view view.getId() is <2131296543/com.neew.browser:id/geckoView>
09-20 10:44:11.739 I/ActivityTaskManager(20024): START u0 {act=android.intent.action.MAIN cat=[android.intent.category.LAUNCHER] flg=0x10000000 cmp=com.neew.browser.test/androidx.test.core.app.InstrumentationActivityInvoker$EmptyActivity} from uid 10086
09-20 10:44:11.740 W/ActivityTaskManager(20024): Can't find TaskDisplayArea to determine support for multi window. Task id=670 attached=false
09-20 10:44:11.742 D/CompatibilityChangeReporter(20024): Compat change id reported: 174042980; UID 10089; state: DISABLED
09-20 10:44:11.742 D/CompatibilityChangeReporter(20024): Compat change id reported: 184838306; UID 10089; state: DISABLED
09-20 10:44:11.742 D/CompatibilityChangeReporter(20024): Compat change id reported: 185004937; UID 10089; state: DISABLED
09-20 10:44:11.743 D/CompatibilityChangeReporter(20024): Compat change id reported: 181136395; UID 10089; state: DISABLED
09-20 10:44:11.745 D/CompatibilityChangeReporter(20024): Compat change id reported: 174042936; UID 10089; state: DISABLED
09-20 10:44:11.749 D/CompatibilityChangeReporter(20024): Compat change id reported: 135634846; UID 10089; state: DISABLED
09-20 10:44:11.750 D/MainActivity(26660): onUserLeaveHint: Conditions for PiP not met. isMediaActuallyPlaying=false, activeSession == mediaPlayingSession: false, isInGeckoViewFullscreen=false
09-20 10:44:11.752 D/CompatibilityChangeReporter(20024): Compat change id reported: 177438394; UID 10089; state: DISABLED
09-20 10:44:11.752 D/CompatibilityChangeReporter(20024): Compat change id reported: 135772972; UID 10089; state: DISABLED
09-20 10:44:11.752 D/CompatibilityChangeReporter(20024): Compat change id reported: 135754954; UID 10089; state: ENABLED
09-20 10:44:11.753 D/LifecycleMonitor(26660): Lifecycle status change: com.neew.browser.MainActivity@b5388e9 in: PAUSED
09-20 10:44:11.753 V/ActivityScenario(26660): Update currentActivityStage to PAUSED, currentActivity=com.neew.browser.MainActivity@b5388e9
09-20 10:44:11.755 D/CompatibilityChangeReporter(20024): Compat change id reported: 143937733; UID 10089; state: ENABLED
09-20 10:44:11.756 E/GeckoConsole(26660): [JavaScript Error: "Error: File resource://default-theme/ does not contain a valid manifest" {file: "resource://gre/modules/addons/XPIInstall.sys.mjs" line: 700}]
09-20 10:44:11.756 E/GeckoConsole(26660): [JavaScript Error: "Error: File resource://default-theme/ does not contain a valid manifest" {file: "resource://gre/modules/addons/XPIInstall.sys.mjs" line: 700}]
09-20 10:44:11.764 D/Zygote  (19955): Forked child process 26791
09-20 10:44:11.767 I/ActivityManager(20024): Start proc 26791:com.neew.browser.test/u0a89 for pre-top-activity {com.neew.browser.test/androidx.test.core.app.InstrumentationActivityInvoker$EmptyActivity}
09-20 10:44:11.772 I/ew.browser.tes(26791): Late-enabling -Xcheck:jni
09-20 10:44:11.790 I/adbd    ( 1510): jdwp connection from 26791
09-20 10:44:11.791 I/BpBinder(  367): onLastStrongRef automatically unlinking death recipients: <uncached descriptor>
09-20 10:44:11.798 D/goldfish-address-space(  339): claimShared: Ask to claim region [0x1edff8000 0x1ee7e4000]
09-20 10:44:11.799 D/goldfish-address-space(  339): claimShared: Ask to claim region [0x1f0f64000 0x1f1750000]
09-20 10:44:11.804 D/goldfish-address-space(  339): claimShared: Ask to claim region [0x1f1750000 0x1f1f3c000]
09-20 10:44:11.834 W/InputReader(20024): Device virtio_input_multi_touch_11 is associated with display ADISPLAY_ID_NONE.
09-20 10:44:11.834 W/InputReader(20024): Device virtio_input_multi_touch_6 is associated with display ADISPLAY_ID_NONE.
09-20 10:44:11.834 W/InputReader(20024): Device virtio_input_multi_touch_8 is associated with display ADISPLAY_ID_NONE.
09-20 10:44:11.834 W/InputReader(20024): Device virtio_input_multi_touch_2 is associated with display ADISPLAY_ID_NONE.
09-20 10:44:11.834 W/InputReader(20024): Device virtio_input_multi_touch_4 is associated with display ADISPLAY_ID_NONE.
09-20 10:44:11.834 W/InputReader(20024): Device virtio_input_multi_touch_9 is associated with display ADISPLAY_ID_NONE.
09-20 10:44:11.834 W/InputReader(20024): Device virtio_input_multi_touch_7 is associated with display ADISPLAY_ID_NONE.
09-20 10:44:11.834 W/InputReader(20024): Device virtio_input_multi_touch_10 is associated with display ADISPLAY_ID_NONE.
09-20 10:44:11.834 W/InputReader(20024): Device virtio_input_multi_touch_3 is associated with display ADISPLAY_ID_NONE.
09-20 10:44:11.834 W/InputReader(20024): Device virtio_input_multi_touch_5 is associated with display ADISPLAY_ID_NONE.
09-20 10:44:11.834 W/InputReader(20024): Device virtio_input_multi_touch_11 is associated with display ADISPLAY_ID_NONE.
09-20 10:44:11.834 W/InputReader(20024): Device virtio_input_multi_touch_6 is associated with display ADISPLAY_ID_NONE.
09-20 10:44:11.834 W/InputReader(20024): Device virtio_input_multi_touch_8 is associated with display ADISPLAY_ID_NONE.
09-20 10:44:11.834 W/InputReader(20024): Device virtio_input_multi_touch_2 is associated with display ADISPLAY_ID_NONE.
09-20 10:44:11.834 W/InputReader(20024): Device virtio_input_multi_touch_4 is associated with display ADISPLAY_ID_NONE.
09-20 10:44:11.834 W/InputReader(20024): Device virtio_input_multi_touch_9 is associated with display ADISPLAY_ID_NONE.
09-20 10:44:11.834 W/InputReader(20024): Device virtio_input_multi_touch_7 is associated with display ADISPLAY_ID_NONE.
09-20 10:44:11.834 W/InputReader(20024): Device virtio_input_multi_touch_10 is associated with display ADISPLAY_ID_NONE.
09-20 10:44:11.834 W/InputReader(20024): Device virtio_input_multi_touch_3 is associated with display ADISPLAY_ID_NONE.
09-20 10:44:11.834 W/InputReader(20024): Device virtio_input_multi_touch_5 is associated with display ADISPLAY_ID_NONE.
09-20 10:44:11.839 D/ServiceAllocator(26660): org.mozilla.gecko.process.GeckoChildProcessServices$tab26 updateBindings: FOREGROUND priority, 0 importance, 1 successful binds, 0 failed binds, 0 successful unbinds
09-20 10:44:11.842 V/GraphicsEnvironment(26753): ANGLE Developer option for 'com.neew.browser' set to: 'default'
09-20 10:44:11.842 V/GraphicsEnvironment(26753): Neither updatable production driver nor prerelease driver is supported.
09-20 10:44:11.843 D/NetworkSecurityConfig(26753): No Network Security Config specified, using platform default
09-20 10:44:11.844 D/NetworkSecurityConfig(26753): No Network Security Config specified, using platform default
09-20 10:44:11.847 D/CompatibilityChangeReporter(26791): Compat change id reported: 171979766; UID 10089; state: ENABLED
09-20 10:44:11.849 I/ServiceChildProcess(26753): onCreate
09-20 10:44:11.850 D/GeckoThread(26753): State changed to LAUNCHED
09-20 10:44:11.851 D/ApplicationLoaders(26791): Returning zygote-cached class loader: /system/framework/android.test.base.jar
09-20 10:44:11.851 I/GeckoThread(26753): preparing to run Gecko
09-20 10:44:11.857 D/ApplicationLoaders(26791): Returning zygote-cached class loader: /system/framework/android.test.base.jar
09-20 10:44:11.862 D/OpenGLRenderer(26660): endAllActiveAnimators on 0xb400007390541370 (RippleDrawable) with handle 0xb4000072a057def0
09-20 10:44:11.865 D/GeckoSession(26660): handleMessage: GeckoView:DismissClipboardPermissionRequest
09-20 10:44:11.867 D/GeckoThread(26716): State changed to MOZGLUE_READY
09-20 10:44:11.867 I/GeckoLoader(26716): Library base=/data/app/~~I1g05IINuAJwXqaso2pk5A==/com.neew.browser-NnuaH2ExAfaZFFjNCRAskA==/lib/arm64
09-20 10:44:11.867 I/GeckoLoader(26716): Library base=/data/app/~~I1g05IINuAJwXqaso2pk5A==/com.neew.browser-NnuaH2ExAfaZFFjNCRAskA==/lib/arm64
09-20 10:44:11.868 E/GeckoLibLoad(26716): Load sqlite start
09-20 10:44:11.870 E/GeckoLibLoad(26716): Load sqlite done
09-20 10:44:11.870 I/GeckoLoader(26716): Library base=/data/app/~~I1g05IINuAJwXqaso2pk5A==/com.neew.browser-NnuaH2ExAfaZFFjNCRAskA==/lib/arm64
09-20 10:44:11.871 E/GeckoLibLoad(26716): Load nss start
09-20 10:44:11.871 E/GeckoLibLoad(26716): Load nss done
09-20 10:44:11.871 I/GeckoLoader(26716): Library base=/data/app/~~I1g05IINuAJwXqaso2pk5A==/com.neew.browser-NnuaH2ExAfaZFFjNCRAskA==/lib/arm64
09-20 10:44:11.881 D/TvPipController(20194): onTaskStackChanged()
09-20 10:44:11.888 E/GeckoLibLoad(26716): Loaded libs in 16.953916ms total, 3ms(6ms) user, 5ms(4ms) system, 53(53) faults
09-20 10:44:11.888 D/GeckoThread(26716): State changed to LIBS_READY
09-20 10:44:11.889 D/GeckoThread(26753): State changed to MOZGLUE_READY
09-20 10:44:11.889 I/GeckoLoader(26753): Library base=/data/app/~~I1g05IINuAJwXqaso2pk5A==/com.neew.browser-NnuaH2ExAfaZFFjNCRAskA==/lib/arm64
09-20 10:44:11.889 I/GeckoLoader(26753): Library base=/data/app/~~I1g05IINuAJwXqaso2pk5A==/com.neew.browser-NnuaH2ExAfaZFFjNCRAskA==/lib/arm64
09-20 10:44:11.890 W/GeckoThread(26716): zerdatime 11284382 - runGecko
09-20 10:44:11.890 E/GeckoLibLoad(26753): Load sqlite start
09-20 10:44:11.890 E/GeckoLibLoad(26753): Load sqlite done
09-20 10:44:11.890 I/GeckoLoader(26753): Library base=/data/app/~~I1g05IINuAJwXqaso2pk5A==/com.neew.browser-NnuaH2ExAfaZFFjNCRAskA==/lib/arm64
09-20 10:44:11.890 E/GeckoLibLoad(26753): Load nss start
09-20 10:44:11.890 E/GeckoLibLoad(26753): Load nss done
09-20 10:44:11.890 I/GeckoLoader(26753): Library base=/data/app/~~I1g05IINuAJwXqaso2pk5A==/com.neew.browser-NnuaH2ExAfaZFFjNCRAskA==/lib/arm64
09-20 10:44:11.892 V/GraphicsEnvironment(26791): ANGLE Developer option for 'com.neew.browser.test' set to: 'default'
09-20 10:44:11.893 V/GraphicsEnvironment(26791): Neither updatable production driver nor prerelease driver is supported.
09-20 10:44:11.895 D/NetworkSecurityConfig(26791): No Network Security Config specified, using platform default
09-20 10:44:11.896 D/NetworkSecurityConfig(26791): No Network Security Config specified, using platform default
09-20 10:44:11.901 E/GeckoLibLoad(26753): Loaded libs in 10.468792ms total, 0ms(0ms) user, 8ms(8ms) system, 0(0) faults
09-20 10:44:11.901 D/GeckoThread(26753): State changed to LIBS_READY
09-20 10:44:11.901 W/GeckoThread(26753): zerdatime 11284396 - runGecko
09-20 10:44:11.905 D/libEGL  (26791): loaded /vendor/lib64/egl/libEGL_emulation.so
09-20 10:44:11.907 D/GeckoThread(26753): State changed to RUNNING
09-20 10:44:11.908 D/libEGL  (26791): loaded /vendor/lib64/egl/libGLESv1_CM_emulation.so
09-20 10:44:11.910 D/libEGL  (26791): loaded /vendor/lib64/egl/libGLESv2_emulation.so
09-20 10:44:11.914 D/ServiceAllocator(26660): org.mozilla.gecko.process.GeckoChildProcessServices$tab26 updateBindings: FOREGROUND priority, 2 importance, 1 successful binds, 0 failed binds, 0 successful unbinds
09-20 10:44:11.915 D/libEGL  (26753): loaded /vendor/lib64/egl/libEGL_emulation.so
09-20 10:44:11.916 D/libEGL  (26753): loaded /vendor/lib64/egl/libGLESv1_CM_emulation.so
09-20 10:44:11.919 D/libEGL  (26753): loaded /vendor/lib64/egl/libGLESv2_emulation.so
09-20 10:44:11.932 D/MainActivity(26660): onStop: Setting active session active=false
09-20 10:44:11.932 D/LifecycleMonitor(26660): Lifecycle status change: com.neew.browser.MainActivity@b5388e9 in: STOPPED
09-20 10:44:11.933 V/ActivityScenario(26660): Update currentActivityStage to STOPPED, currentActivity=com.neew.browser.MainActivity@b5388e9
09-20 10:44:11.933 D/MainActivity(26660): Cleaning up temporary upload files.
09-20 10:44:11.934 D/LifecycleMonitor(26660): Lifecycle status change: com.neew.browser.MainActivity@b5388e9 in: DESTROYED
09-20 10:44:11.934 V/ActivityScenario(26660): Update currentActivityStage to DESTROYED, currentActivity=null
09-20 10:44:11.938 D/HardwareCodecCapability(26753): MIME support: SW audio/3gpp
09-20 10:44:11.938 D/HardwareCodecCapability(26753): MIME support: SW audio/flac
09-20 10:44:11.938 D/HardwareCodecCapability(26753): MIME support: SW video/hevc
09-20 10:44:11.938 D/HardwareCodecCapability(26753): MIME support: HW video/x-vnd.on2.vp8
09-20 10:44:11.938 D/HardwareCodecCapability(26753): MIME support: SW video/3gpp
09-20 10:44:11.938 D/HardwareCodecCapability(26753): MIME support: SW audio/g711-mlaw
09-20 10:44:11.938 D/HardwareCodecCapability(26753): MIME support: SW video/mp4v-es
09-20 10:44:11.938 D/HardwareCodecCapability(26753): MIME support: SW audio/mp4a-latm
09-20 10:44:11.938 D/HardwareCodecCapability(26753): MIME support: SW audio/vorbis
09-20 10:44:11.938 D/HardwareCodecCapability(26753): MIME support: HW video/x-vnd.on2.vp9
09-20 10:44:11.938 D/HardwareCodecCapability(26753): MIME support: SW video/av01
09-20 10:44:11.938 D/HardwareCodecCapability(26753): MIME support: SW audio/raw
09-20 10:44:11.938 D/HardwareCodecCapability(26753): MIME support: HW video/avc
09-20 10:44:11.938 D/HardwareCodecCapability(26753): MIME support: SW audio/opus
09-20 10:44:11.938 D/HardwareCodecCapability(26753): MIME support: SW audio/mpeg
09-20 10:44:11.938 D/HardwareCodecCapability(26753): MIME support: SW audio/g711-alaw
09-20 10:44:11.938 D/HardwareCodecCapability(26753): MIME support: SW audio/amr-wb
09-20 10:44:11.938 D/HardwareCodecCapability(26753): MIME support: SW video/x-vnd.on2.vp8
09-20 10:44:11.938 D/HardwareCodecCapability(26753): MIME support: SW video/avc
09-20 10:44:11.938 D/HardwareCodecCapability(26753): MIME support: SW video/x-vnd.on2.vp9
09-20 10:44:11.941 D/HostConnection(26753): createUnique: call
09-20 10:44:11.942 D/HostConnection(26753): HostConnection::get() New Host Connection established 0xb400007310521b50, tid 26856
09-20 10:44:11.943 D/HostConnection(26753): HostComposition ext ANDROID_EMU_CHECKSUM_HELPER_v1 ANDROID_EMU_native_sync_v2 ANDROID_EMU_native_sync_v3 ANDROID_EMU_native_sync_v4 ANDROID_EMU_dma_v1 ANDROID_EMU_direct_mem ANDROID_EMU_host_composition_v1 ANDROID_EMU_host_composition_v2 ANDROID_EMU_vulkan ANDROID_EMU_deferred_vulkan_commands ANDROID_EMU_vulkan_null_optional_strings ANDROID_EMU_vulkan_create_resources_with_requirements ANDROID_EMU_YUV_Cache ANDROID_EMU_vulkan_ignored_handles ANDROID_EMU_has_shared_slots_host_memory_allocator ANDROID_EMU_vulkan_free_memory_sync ANDROID_EMU_vulkan_shader_float16_int8 ANDROID_EMU_vulkan_async_queue_submit ANDROID_EMU_vulkan_queue_submit_with_commands ANDROID_EMU_sync_buffer_data ANDROID_EMU_vulkan_async_qsri ANDROID_EMU_read_color_buffer_dma GL_OES_EGL_image_external_essl3 GL_OES_vertex_array_object ANDROID_EMU_host_side_tracing ANDROID_EMU_gles_max_version_3_0 
09-20 10:44:11.946 I/hwservicemanager(  186): getTransport: Cannot find entry android.hardware.configstore@1.0::ISurfaceFlingerConfigs/default in either framework or device VINTF manifest.
09-20 10:44:11.947 D/EGL_emulation(26753): eglCreateContext: 0xb400007310521cd0: maj 3 min 0 rcv 3
09-20 10:44:11.949 D/EGL_emulation(26753): eglMakeCurrent: 0xb400007310521cd0: ver 3 0 (tinfo 0x75310ec080) (first time)
09-20 10:44:11.951 D/goldfish-address-space(  339): claimShared: Ask to claim region [0x1f0778000 0x1f0f64000]
09-20 10:44:11.965 I/hwservicemanager(  186): getTransport: Cannot find entry android.hardware.graphics.mapper@4.0::IMapper/default in either framework or device VINTF manifest.
09-20 10:44:11.966 I/Gralloc4(20024): mapper 4.x is not supported
09-20 10:44:11.968 D/HostConnection(20024): createUnique: call
09-20 10:44:11.969 D/HostConnection(20024): HostConnection::get() New Host Connection established 0xb40000731052c950, tid 20706
09-20 10:44:11.969 D/goldfish-address-space(20024): allocate: Ask for block of size 0x100
