09-20 09:54:31.712 W/JobInfo (  624): Job 'com.google.android.googlequicksearchbox/com.google.android.apps.gsa.tasks.BackgroundTasksJobService#-353' has a deadline with functional constraints and an extremely short time window of 0 ms (delay=960000, deadline=960000). The functional constraints are not likely to be satisfied when the job runs.
09-20 09:54:31.718 W/JobInfo (  624): Job 'com.google.android.googlequicksearchbox/com.google.android.apps.gsa.tasks.BackgroundTasksJobService#-353' has a deadline with functional constraints and an extremely short time window of 0 ms (delay=960000, deadline=960000). The functional constraints are not likely to be satisfied when the job runs.
09-20 09:54:31.720 I/oid.documentsui( 5776): AssetManager2(0xb400007828ee34b8) locale list changing from [] to [en-US]
09-20 09:54:31.723 W/JobScheduler(  624): Job didn't exist in JobStore: d155284 #u0a149/-353 com.google.android.googlequicksearchbox/com.google.android.apps.gsa.tasks.BackgroundTasksJobService
09-20 09:54:31.741 W/FA-SVC  ( 4867): Failed to get uid, app: com.neew.browser
09-20 09:54:31.755 I/oid.documentsui( 5776): AssetManager2(0xb400007828ee21f8) locale list changing from [] to [en-US]
09-20 09:54:31.756 D/ActivityManager(  624): sync unfroze 3442 com.android.externalstorage for 7
09-20 09:54:31.810 D/nativeloader( 5832): Configuring clns-10 for other apk /data/app/~~MP1bYc-JrzUffmDTzhluAQ==/com.android.chrome-m5-TjWzZW4Gaeq7mlNc2nw==/Chrome.apk. target_sdk_version=34, uses_libraries=, library_path=/data/app/~~MP1bYc-JrzUffmDTzhluAQ==/com.android.chrome-m5-TjWzZW4Gaeq7mlNc2nw==/lib/arm64:/data/app/~~MP1bYc-JrzUffmDTzhluAQ==/com.android.chrome-m5-TjWzZW4Gaeq7mlNc2nw==/Chrome.apk!/lib/arm64-v8a:/data/app/~~joaLSPL1U6npRLUhMpR3pQ==/com.google.android.trichromelibrary_694313732-yghVLV3tRZnvfNoUILDigA==/TrichromeLibrary.apk!/lib/arm64-v8a, permitted_path=/data:/mnt/expand
09-20 09:54:31.811 I/cr_ZygotePreload( 5832): version=133.0.6943.137 (694313732) minSdkVersion=29 isBundle=false
09-20 09:54:31.822 W/externalstorage( 3442): Reducing the number of considered missed Gc histogram windows from 115 to 100
09-20 09:54:31.840 D/nativeloader( 5832): Load /data/app/~~MP1bYc-JrzUffmDTzhluAQ==/com.android.chrome-m5-TjWzZW4Gaeq7mlNc2nw==/Chrome.apk!/lib/arm64-v8a/libchromium_android_linker.so using class loader ns clns-10 (caller=/data/app/~~MP1bYc-JrzUffmDTzhluAQ==/com.android.chrome-m5-TjWzZW4Gaeq7mlNc2nw==/Chrome.apk): ok
09-20 09:54:31.840 I/cr_LibraryLoader( 5832): Loading monochrome_64 from within /data/app/~~MP1bYc-JrzUffmDTzhluAQ==/com.android.chrome-m5-TjWzZW4Gaeq7mlNc2nw==/Chrome.apk
09-20 09:54:31.840 I/cr_Linker( 5832): loadLibraryImplLocked: monochrome_64, relroMode=1
09-20 09:54:31.842 I/FuseDaemon( 1428): Successfully deleted rows in leveldb for owner_id:  and ownerPackageIdentifier: com.neew.browser::0
09-20 09:54:31.854 W/id.ext.services( 1083): Reducing the number of considered missed Gc histogram windows from 112 to 100
09-20 09:54:31.881 I/ogle.android.as( 1442): WaitForGcToComplete blocked ProfileSaver on Background for 496.969ms
09-20 09:54:31.889 I/system_server(  624): AssetManager2(0xb400007828f4a9d8) locale list changing from [] to [en-US]
09-20 09:54:31.898 D/MediaGrants( 1428): Removed 0 media_grants for 0 user for [com.neew.browser]. Reason: Package orphaned
09-20 09:54:31.902 D/BoundBrokerSvc( 1234): onRebind: Intent { act=com.google.android.gms.presencemanager.service.START dat=chimera-action:/... xflg=0x4 cmp=com.google.android.gms/.chimera.PersistentApiService }
09-20 09:54:31.905 I/MediaProvider( 1428): End Intent { act=android.intent.action.PACKAGE_FULLY_REMOVED dat=package: flg=0x5000010 cmp=com.google.android.providers.media.module/com.android.providers.media.MediaService (has extras) }
09-20 09:54:31.911 D/BoundBrokerSvc( 1234): onRebind: Intent { act=com.google.android.gms.presencemanager.service.INTERNAL_IDENTITY dat=chimera-action:/... xflg=0x4 cmp=com.google.android.gms/.chimera.PersistentApiService }
09-20 09:54:31.916 E/ashmem  ( 5776): Pinning is deprecated since Android Q. Please use trim or other methods.
09-20 09:54:31.923 D/nativeloader( 5832): Load /data/app/~~joaLSPL1U6npRLUhMpR3pQ==/com.google.android.trichromelibrary_694313732-yghVLV3tRZnvfNoUILDigA==/TrichromeLibrary.apk!/lib/arm64-v8a/libmonochrome_64.so using class loader ns clns-10 (caller=/data/app/~~MP1bYc-JrzUffmDTzhluAQ==/com.android.chrome-m5-TjWzZW4Gaeq7mlNc2nw==/Chrome.apk): ok
09-20 09:54:31.926 W/.apps.wellbeing( 1374): Suspending all threads took: 234.771ms
09-20 09:54:31.930 D/DocumentsApplication( 5776): OverlayManager.setEnabled() result: true
09-20 09:54:31.936 I/AppZygoteInit( 5832): Application preload done
09-20 09:54:31.937 I/AppZygote(  624): Application preload done.
09-20 09:54:31.942 D/BoundBrokerSvc( 4867): onBind: Intent { act=com.google.android.gms.feedback.internal.IFeedbackService dat=chimera-action:/... xflg=0x4 cmp=com.google.android.gms/.chimera.GmsBoundBrokerService }
09-20 09:54:31.942 D/BoundBrokerSvc( 4867): Loading bound service for intent: Intent { act=com.google.android.gms.feedback.internal.IFeedbackService dat=chimera-action:/... xflg=0x4 cmp=com.google.android.gms/.chimera.GmsBoundBrokerService }
09-20 09:54:31.951 I/system_server(  624): AssetManager2(0xb400007828f3bf78) locale list changing from [] to [en-US]
09-20 09:54:31.964 W/d.chrome_zygote( 5832): Reducing the number of considered missed Gc histogram windows from 119 to 100
09-20 09:54:31.966 W/d.chrome_zygote( 5832): Waiting for a thread to finish unregistering
09-20 09:54:31.968 I/Zygote  ( 5832): Entering forkRepeatedly native zygote loop
09-20 09:54:31.972 D/Zygote  ( 5832): Forked child process 5859
09-20 09:54:31.974 E/libc    ( 5859): SetHeapTaggingLevel: re-enabling tagging after it was disabled is not supported
09-20 09:54:31.977 I/ocessService0:1( 5859): Using CollectorTypeCMC GC.
09-20 09:54:31.979 E/ocessService0:1( 5859): Not starting debugger since process cannot load the jdwp agent.
09-20 09:54:31.980 D/nativeloader( 5859): Load libframework-connectivity-tiramisu-jni.so using APEX ns com_android_tethering for caller /apex/com.android.tethering/javalib/framework-connectivity-t.jar: ok
09-20 09:54:31.982 W/ActivityManager(  624): Slow operation: 523ms so far, now at startProcess: returned from zygote!
09-20 09:54:31.991 W/ActivityManager(  624): Slow operation: 532ms so far, now at startProcess: done updating battery stats
09-20 09:54:31.991 W/ActivityManager(  624): Slow operation: 532ms so far, now at startProcess: building log message
09-20 09:54:31.991 I/ActivityManager(  624): Start proc 5859:com.android.chrome:sandboxed_process0:org.chromium.content.app.SandboxedProcessService0:1/u0ai0 for  {com.android.chrome/org.chromium.content.app.SandboxedProcessService0:1}
09-20 09:54:31.991 W/ActivityManager(  624): Slow operation: 532ms so far, now at startProcess: starting to update pids map
09-20 09:54:31.991 I/ActivityManager(  624): ProcessObserver broadcast disabled
09-20 09:54:31.991 W/ActivityManager(  624): Slow operation: 532ms so far, now at startProcess: done updating pids map
09-20 09:54:32.000 D/CompatChangeReporter( 5859): Compat change id reported: 242716250; UID 90000; state: ENABLED
09-20 09:54:32.044 I/ocessService0:1( 5859): AssetManager2(0x7828ed88d8) locale list changing from [] to [en-US]
09-20 09:54:32.055 I/Icing   ( 4867): IndexChimeraService.getServiceInterface callingPackage=com.google.android.gms componentName=AppsCorpus serviceId=36
09-20 09:54:32.066 I/LoadedApk( 5859): No resource references to update in package com.google.android.trichromelibrary
09-20 09:54:32.069 I/cr_SplitCompatApp( 5859): version=133.0.6943.137 (694313732) minSdkVersion=29 isBundle=false processName=com.android.chrome:sandboxed_process0:org.chromium.content.app.SandboxedProcessService0:1 isIsolatedProcess=true
09-20 09:54:32.072 D/CompatChangeReporter(  624): Compat change id reported: 261072174; UID 10150; state: ENABLED
09-20 09:54:32.074 I/cr_ChildProcessService( 5859): Creating new ChildProcessService pid=5859
09-20 09:54:32.075 I/system_server(  624): AssetManager2(0xb400007828f429b8) locale list changing from [] to [en-US]
09-20 09:54:32.094 I/cr_LibraryLoader( 5859): Successfully loaded native library
09-20 09:54:32.094 I/cr_CachingUmaRecorder( 5859): Flushed 3 samples from 3 histograms, 0 samples were dropped.
09-20 09:54:32.099 W/SystemServiceRegistry( 5859): No service published for: uimode
09-20 09:54:32.103 W/ThreadPoolForeg( 5859): type=1400 audit(0.0:228): avc:  denied  { setattr } for  name="real_time_url_checks_allowlist.pb" dev="dm-53" ino=49253 scontext=u:r:isolated_app:s0:c512,c768 tcontext=u:object_r:app_data_file:s0:c150,c256,c512,c768 tclass=file permissive=0
09-20 09:54:32.103 W/ThreadPoolForeg( 5859): type=1400 audit(0.0:229): avc:  denied  { setattr } for  name="real_time_url_checks_allowlist.pb" dev="dm-53" ino=49253 scontext=u:r:isolated_app:s0:c512,c768 tcontext=u:object_r:app_data_file:s0:c150,c256,c512,c768 tclass=file permissive=0
09-20 09:54:32.103 W/ThreadPoolForeg( 5859): type=1400 audit(0.0:230): avc:  denied  { setattr } for  name="manifest.json" dev="dm-53" ino=49254 scontext=u:r:isolated_app:s0:c512,c768 tcontext=u:object_r:app_data_file:s0:c150,c256,c512,c768 tclass=file permissive=0
09-20 09:54:32.107 W/ThreadPoolForeg( 5859): type=1400 audit(0.0:231): avc:  denied  { setattr } for  name="verified_contents.json" dev="dm-53" ino=49256 scontext=u:r:isolated_app:s0:c512,c768 tcontext=u:object_r:app_data_file:s0:c150,c256,c512,c768 tclass=file permissive=0
09-20 09:54:32.116 I/chromium( 5859): [INFO:child_process_service.cc(73)] ChildProcessService: Exiting child process.
09-20 09:54:32.120 D/BackgroundInstallControlService(  624): Package event received: 0
09-20 09:54:32.120 D/BackgroundInstallControlService(  624): Package event received: 0
09-20 09:54:32.124 E/IPCThreadState(  624): Binder transaction failure. id: 471935, BR_*: 29189, error: -3 (No such process)
09-20 09:54:32.124 W/ActivityManager(  624): pid 624 system sent binder code 41 with flags 1 to frozen apps and got error -32
09-20 09:54:32.126 W/ActivityManager(  624): pid 624 system sent binder code 12 with flags 1 to frozen apps and got error -32
09-20 09:54:32.126 D/ActivityManager(  624): Too many transaction errors, throttling freezer binder callback.
09-20 09:54:32.127 W/ActivityManager(  624): Exception when unbinding service com.android.chrome/org.chromium.content.app.SandboxedProcessService0:1
09-20 09:54:32.127 W/ActivityManager(  624): android.os.DeadObjectException
09-20 09:54:32.127 W/ActivityManager(  624): 	at android.os.BinderProxy.transactNative(Native Method)
09-20 09:54:32.127 W/ActivityManager(  624): 	at android.os.BinderProxy.transact(BinderProxy.java:592)
09-20 09:54:32.127 W/ActivityManager(  624): 	at android.app.IApplicationThread$Stub$Proxy.scheduleUnbindService(IApplicationThread.java:1751)
09-20 09:54:32.127 W/ActivityManager(  624): 	at android.app.IApplicationThread$Delegator.scheduleUnbindService(IApplicationThread.java:271)
09-20 09:54:32.127 W/ActivityManager(  624): 	at com.android.server.am.ActiveServices.removeConnectionLocked(ActiveServices.java:6673)
09-20 09:54:32.127 W/ActivityManager(  624): 	at com.android.server.am.ActiveServices.unbindServiceLocked(ActiveServices.java:4581)
09-20 09:54:32.127 W/ActivityManager(  624): 	at com.android.server.am.ActivityManagerService.unbindService(ActivityManagerService.java:14004)
09-20 09:54:32.127 W/ActivityManager(  624): 	at android.app.IActivityManager$Stub.onTransact(IActivityManager.java:3144)
09-20 09:54:32.127 W/ActivityManager(  624): 	at com.android.server.am.ActivityManagerService.onTransact(ActivityManagerService.java:2735)
09-20 09:54:32.127 W/ActivityManager(  624): 	at android.os.Binder.execTransactInternal(Binder.java:1421)
09-20 09:54:32.127 W/ActivityManager(  624): 	at android.os.Binder.execTransact(Binder.java:1365)
09-20 09:54:32.132 I/Zygote  ( 5832): Process 5859 exited cleanly (0)
09-20 09:54:32.134 I/ActivityManager(  624): Process com.android.chrome:sandboxed_process0:org.chromium.content.app.SandboxedProcessService0:1 (pid 5859) has died: fg  SVC 
09-20 09:54:32.136 I/libprocessgroup(  624): Removed cgroup /sys/fs/cgroup/apps/uid_90000/pid_5859
09-20 09:54:32.156 E/system_server(  624): updateValue is called with a value 26, which is lower than the previous value 27
09-20 09:54:32.167 I/Icing   ( 4867): Usage reports ok 0, Failed Usage reports 0, indexed 0, rejected 0
09-20 09:54:32.183 I/Icing   ( 4867): IndexChimeraService.getServiceInterface callingPackage=com.google.android.gms componentName=null serviceId=30
09-20 09:54:32.203 I/Icing   ( 4867): Usage reports ok 0, Failed Usage reports 0, indexed 0, rejected 0
09-20 09:54:32.203 I/Icing   ( 4867): Indexing com.google.android.gms-apps from com.google.android.gms
09-20 09:54:32.205 I/system_server(  624): Background concurrent mark compact GC freed 18MB AllocSpace bytes, 48(1340KB) LOS objects, 42% free, 32MB/56MB, paused 4.245ms,4.093ms total 2.218s
09-20 09:54:32.213 W/System  (  624): A resource failed to call close. 
09-20 09:54:32.230 I/system_server(  624): AssetManager2(0xb400007828f45898) locale list changing from [] to [en-US]
09-20 09:54:32.232 I/Icing   ( 4867): Indexing done com.google.android.gms-apps
09-20 09:54:32.237 I/system_server(  624): AssetManager2(0xb400007828f48778) locale list changing from [] to [en-US]
09-20 09:54:32.243 V/AccessibilityManagerService(  624): onUserStateChangedLocked for userId: 0, forceUpdate: false
09-20 09:54:32.247 W/MagnificationConnectionManager(  624): requestConnection duplicated request: connect=false, mConnectionState=DISCONNECTED
09-20 09:54:32.249 W/IPCThreadState(  624): Sending oneway calls to frozen process.
09-20 09:54:32.249 W/IPCThreadState(  624): Sending oneway calls to frozen process.
09-20 09:54:32.249 W/IPCThreadState(  624): Sending oneway calls to frozen process.
09-20 09:54:32.249 W/IPCThreadState(  624): Sending oneway calls to frozen process.
09-20 09:54:32.285 I/system_server(  624): AssetManager2(0xb400007828f7ef58) locale list changing from [] to [en-US]
09-20 09:54:32.306 D/TileServices(  893): Couldn't find tile for ComponentInfo{com.google.android.apps.wellbeing/com.google.android.apps.wellbeing.focusmode.quicksettings.FocusModeTileService}(0)
09-20 09:54:32.332 I/.apps.wellbeing( 1374): AssetManager2(0xb400007828eecdd8) locale list changing from [] to [en-US]
09-20 09:54:32.332 I/system_server(  624): AssetManager2(0xb400007828f843b8) locale list changing from [] to [en-US]
09-20 09:54:32.339 I/.apps.wellbeing( 1374): AssetManager2(0xb400007828ee9ef8) locale list changing from [] to [en-US]
09-20 09:54:32.346 I/.apps.wellbeing( 1374): AssetManager2(0xb400007828eea218) locale list changing from [] to [en-US]
09-20 09:54:32.347 I/.apps.wellbeing( 1374): AssetManager2(0xb400007828edf638) locale list changing from [] to [en-US]
09-20 09:54:32.348 D/LauncherAppsService(  624): onPackageRemoved: triggering onPackageRemoved for user=UserHandle{0}, packageName=com.neew.browser
09-20 09:54:32.350 I/AiAiEcho( 1442): AppFetcherImplV2 onPackageRemoved com.neew.browser.
09-20 09:54:32.354 D/LauncherAppsService(  624): onPackageRemoved: triggering onPackageRemoved for user=UserHandle{0}, packageName=com.neew.browser
09-20 09:54:32.354 D/LauncherAppsService(  624): onPackageRemoved: triggering onPackageRemoved for user=UserHandle{0}, packageName=com.neew.browser
09-20 09:54:32.354 W/IPCThreadState(  624): Sending oneway calls to frozen process.
09-20 09:54:32.354 D/LauncherAppsService(  624): onPackageRemoved: triggering onPackageRemoved for user=UserHandle{0}, packageName=com.neew.browser
09-20 09:54:32.355 D/LauncherAppsCallbackImpl( 1050): onPackageRemoved triggered for packageName=com.neew.browser, user=UserHandle{0}
09-20 09:54:32.355 D/PackageUpdatedTask( 1050): Package updated: mOp=REMOVE packages=[com.neew.browser], user=UserHandle{0}
09-20 09:54:32.365 D/PackageUpdatedTask( 1050): REMOVE: removing package=com.neew.browser
09-20 09:54:32.366 D/PackageUpdatedTask( 1050): OP_REMOVE: removing packages=[com.neew.browser]
09-20 09:54:32.367 D/ModelWriter( 1050): removing items from db . Reason: [removed because the corresponding package or component is removed. mOp=3 removedPackages=[com.neew.browser] removedComponents=[]]
09-20 09:54:32.371 D/AllAppsStore( 1050): setApps: apps.length=19
09-20 09:54:32.371 D/AllAppsStore( 1050): notifyUpdate: notifying listeners
09-20 09:54:32.371 D/ActivityAllAppsContainerView( 1050): onAppsUpdated; number of apps: 19
09-20 09:54:32.371 D/ActivityAllAppsContainerView( 1050): rebindAdapters: force: false
09-20 09:54:32.372 D/ActivityAllAppsContainerView( 1050): rebindAdapters: Not needed.
09-20 09:54:32.372 D/StatsLog( 1050): LAUNCHER_ALLAPPS_COUNT
09-20 09:54:32.374 D/AlphabeticalAppsList( 1050): Clearing FastScrollerSections.
09-20 09:54:32.374 D/AlphabeticalAppsList( 1050): Adding apps with sections. HasPrivateApps: false
09-20 09:54:32.374 D/AlphabeticalAppsList( 1050): addAppsWithSections: adding sectionName: C with appInfoTitle: Calendar
09-20 09:54:32.374 D/AlphabeticalAppsList( 1050): addAppsWithSections: adding sectionName: D with appInfoTitle: Drive
09-20 09:54:32.374 D/AlphabeticalAppsList( 1050): addAppsWithSections: adding sectionName: F with appInfoTitle: Files
09-20 09:54:32.374 D/AlphabeticalAppsList( 1050): addAppsWithSections: adding sectionName: G with appInfoTitle: Gmail
09-20 09:54:32.374 D/AlphabeticalAppsList( 1050): addAppsWithSections: adding sectionName: M with appInfoTitle: Maps
09-20 09:54:32.374 D/AlphabeticalAppsList( 1050): addAppsWithSections: adding sectionName: P with appInfoTitle: Phone
09-20 09:54:32.374 D/AlphabeticalAppsList( 1050): addAppsWithSections: adding sectionName: S with appInfoTitle: Safety
09-20 09:54:32.374 D/AlphabeticalAppsList( 1050): addAppsWithSections: adding sectionName: T with appInfoTitle: TMoble
09-20 09:54:32.374 D/AlphabeticalAppsList( 1050): addAppsWithSections: adding sectionName: Y with appInfoTitle: YouTube
09-20 09:54:32.374 D/AlphabeticalAppsList( 1050): Adding FastScrollSection duplicate to scroll to the bottom.
09-20 09:54:32.374 D/AlphabeticalAppsList( 1050): Clearing FastScrollerSections.
09-20 09:54:32.374 D/AlphabeticalAppsList( 1050): Adding apps with sections. HasPrivateApps: false
09-20 09:54:32.374 D/AlphabeticalAppsList( 1050): addAppsWithSections: adding sectionName: C with appInfoTitle: Calendar
09-20 09:54:32.374 D/AlphabeticalAppsList( 1050): addAppsWithSections: adding sectionName: D with appInfoTitle: Drive
09-20 09:54:32.374 D/AlphabeticalAppsList( 1050): addAppsWithSections: adding sectionName: F with appInfoTitle: Files
09-20 09:54:32.374 D/AlphabeticalAppsList( 1050): addAppsWithSections: adding sectionName: G with appInfoTitle: Gmail
09-20 09:54:32.374 D/AlphabeticalAppsList( 1050): addAppsWithSections: adding sectionName: M with appInfoTitle: Maps
09-20 09:54:32.374 D/AlphabeticalAppsList( 1050): addAppsWithSections: adding sectionName: P with appInfoTitle: Phone
09-20 09:54:32.374 D/AlphabeticalAppsList( 1050): addAppsWithSections: adding sectionName: S with appInfoTitle: Safety
09-20 09:54:32.374 D/AlphabeticalAppsList( 1050): addAppsWithSections: adding sectionName: T with appInfoTitle: TMoble
09-20 09:54:32.374 D/AlphabeticalAppsList( 1050): addAppsWithSections: adding sectionName: Y with appInfoTitle: YouTube
09-20 09:54:32.374 D/AlphabeticalAppsList( 1050): Adding FastScrollSection duplicate to scroll to the bottom.
09-20 09:54:32.396 I/ogle.android.as( 1442): AssetManager2(0xb400007828ef6a18) locale list changing from [] to [en-US]
09-20 09:54:32.415 I/AiAiEcho( 1442): [pnb-agg] Reload pnb aggregation on events deleted
09-20 09:54:32.415 I/AiAiEcho( 1442): [pnb-agg] pnb aggregation disabled.
09-20 09:54:32.416 D/BackgroundInstallControlService(  624): Package event received: 0
09-20 09:54:32.417 D/BackgroundInstallControlService(  624): Package event received: 0
09-20 09:54:32.426 W/ParceledListSlice(  624): Element #26 is 20848 bytes.
09-20 09:54:32.426 W/ParceledListSlice(  624): Element #27 is 20884 bytes.
09-20 09:54:32.427 W/ParceledListSlice(  624): Element #28 is 21024 bytes.
09-20 09:54:32.427 W/ParceledListSlice(  624): Element #29 is 21112 bytes.
09-20 09:54:32.430 I/.apps.wellbeing( 1374): AssetManager2(0xb400007828ee5a38) locale list changing from [] to [en-US]
09-20 09:54:32.430 W/ParceledListSlice(  624): Element #30 is 20748 bytes.
09-20 09:54:32.444 I/.apps.wellbeing( 1374): AssetManager2(0xb400007828ee6398) locale list changing from [] to [en-US]
09-20 09:54:32.450 I/ogle.android.as( 1442): AssetManager2(0xb400007828ef63d8) locale list changing from [] to [en-US]
09-20 09:54:32.459 I/ogle.android.as( 1442): AssetManager2(0xb400007828ef5d98) locale list changing from [] to [en-US]
09-20 09:54:32.479 I/ogle.android.as( 1442): AssetManager2(0xb400007828ef8638) locale list changing from [] to [en-US]
09-20 09:54:32.480 I/CredentialManager(  624): CredentialManagerServiceImpl constructed for: com.google.android.gms/com.google.android.gms.auth.api.credentials.credman.service.PasswordAndPasskeyService
09-20 09:54:32.481 I/CredentialManager(  624): newServiceInfoLocked, mInfo null, com.google.android.gms/com.google.android.gms.auth.api.credentials.credman.service.PasswordAndPasskeyService
09-20 09:54:32.486 W/ndroid.keychain( 1751): Reducing the number of considered missed Gc histogram windows from 115 to 100
09-20 09:54:32.489 I/.apps.wellbeing( 1374): AssetManager2(0xb400007828ee8f58) locale list changing from [] to [en-US]
09-20 09:54:32.498 I/.apps.wellbeing( 1374): AssetManager2(0xb400007828ee34b8) locale list changing from [] to [en-US]
09-20 09:54:32.499 I/ogle.android.as( 1442): AssetManager2(0xb400007828ef7698) locale list changing from [] to [en-US]
09-20 09:54:32.506 I/ogle.android.as( 1442): AssetManager2(0xb400007828ef60b8) locale list changing from [] to [en-US]
09-20 09:54:32.507 I/.apps.wellbeing( 1374): AssetManager2(0xb400007828eed418) locale list changing from [] to [en-US]
09-20 09:54:32.510 I/.apps.wellbeing( 1374): AssetManager2(0xb400007828ee7c98) locale list changing from [] to [en-US]
09-20 09:54:32.514 I/.apps.wellbeing( 1374): AssetManager2(0xb400007828eeb7f8) locale list changing from [] to [en-US]
09-20 09:54:32.514 I/ogle.android.as( 1442): AssetManager2(0xb400007828efa898) locale list changing from [] to [en-US]
09-20 09:54:32.515 I/ogle.android.as( 1442): AssetManager2(0xb400007828efce18) locale list changing from [] to [en-US]
09-20 09:54:32.519 I/.apps.wellbeing( 1374): AssetManager2(0xb400007828ee8918) locale list changing from [] to [en-US]
09-20 09:54:32.522 I/ogle.android.as( 1442): AssetManager2(0xb400007828eeda58) locale list changing from [] to [en-US]
09-20 09:54:32.526 I/.apps.wellbeing( 1374): AssetManager2(0xb400007828ee9278) locale list changing from [] to [en-US]
09-20 09:54:32.531 I/ogle.android.as( 1442): AssetManager2(0xb400007828ee69d8) locale list changing from [] to [en-US]
09-20 09:54:32.536 I/.apps.wellbeing( 1374): AssetManager2(0xb400007828ee5d58) locale list changing from [] to [en-US]
09-20 09:54:32.542 I/ogle.android.as( 1442): AssetManager2(0xb400007828f092f8) locale list changing from [] to [en-US]
09-20 09:54:32.543 I/ogle.android.as( 1442): AssetManager2(0xb400007828f0b238) locale list changing from [] to [en-US]
09-20 09:54:32.544 I/AiAiEcho( 1442): EchoSearch: WidgetFetcherImpl is initialized with [34] widgets [reason=package removed for userId: 0]
09-20 09:54:32.573 I/.apps.wellbeing( 1374): AssetManager2(0xb400007828eebe38) locale list changing from [] to [en-US]
09-20 09:54:32.579 I/.apps.wellbeing( 1374): AssetManager2(0xb400007828eeab78) locale list changing from [] to [en-US]
09-20 09:54:32.580 I/.apps.wellbeing( 1374): AssetManager2(0xb400007828ee7018) locale list changing from [] to [en-US]
09-20 09:54:32.592 I/.apps.wellbeing( 1374): AssetManager2(0xb400007828eec158) locale list changing from [] to [en-US]
09-20 09:54:32.593 I/.apps.wellbeing( 1374): AssetManager2(0xb400007828eea538) locale list changing from [] to [en-US]
09-20 09:54:32.597 I/.apps.wellbeing( 1374): AssetManager2(0xb400007828eeb4d8) locale list changing from [] to [en-US]
09-20 09:54:32.606 I/.apps.wellbeing( 1374): AssetManager2(0xb400007828ee7fb8) locale list changing from [] to [en-US]
09-20 09:54:32.610 I/.apps.wellbeing( 1374): AssetManager2(0xb400007828ee8c38) locale list changing from [] to [en-US]
09-20 09:54:32.612 I/.apps.wellbeing( 1374): AssetManager2(0xb400007828eea858) locale list changing from [] to [en-US]
09-20 09:54:32.636 I/.apps.wellbeing( 1374): AssetManager2(0xb400007828ee69d8) locale list changing from [] to [en-US]
09-20 09:54:32.637 I/.apps.wellbeing( 1374): AssetManager2(0xb400007828edeff8) locale list changing from [] to [en-US]
09-20 09:54:32.638 I/.apps.wellbeing( 1374): AssetManager2(0xb400007828ee98b8) locale list changing from [] to [en-US]
09-20 09:54:32.638 I/.apps.wellbeing( 1374): AssetManager2(0xb400007828eddd38) locale list changing from [] to [en-US]
09-20 09:54:32.640 I/.apps.wellbeing( 1374): AssetManager2(0xb400007828edff98) locale list changing from [] to [en-US]
09-20 09:54:32.640 I/.apps.wellbeing( 1374): AssetManager2(0xb400007828ee66b8) locale list changing from [] to [en-US]
09-20 09:54:32.641 I/.apps.wellbeing( 1374): AssetManager2(0xb400007828ee5718) locale list changing from [] to [en-US]
09-20 09:54:32.643 I/.apps.wellbeing( 1374): AssetManager2(0xb400007828ef0618) locale list changing from [] to [en-US]
09-20 09:54:32.646 I/.apps.wellbeing( 1374): AssetManager2(0xb400007828eeb1b8) locale list changing from [] to [en-US]
09-20 09:54:32.646 I/.apps.wellbeing( 1374): AssetManager2(0xb400007828ef1bf8) locale list changing from [] to [en-US]
09-20 09:54:32.653 I/.apps.wellbeing( 1374): AssetManager2(0xb400007828ef3e58) locale list changing from [] to [en-US]
09-20 09:54:32.654 I/.apps.wellbeing( 1374): AssetManager2(0xb400007828ef0c58) locale list changing from [] to [en-US]
09-20 09:54:32.655 I/.apps.wellbeing( 1374): AssetManager2(0xb400007828ef3b38) locale list changing from [] to [en-US]
09-20 09:54:32.659 I/.apps.wellbeing( 1374): AssetManager2(0xb400007828ef2558) locale list changing from [] to [en-US]
09-20 09:54:32.663 I/.apps.wellbeing( 1374): AssetManager2(0xb400007828eeed18) locale list changing from [] to [en-US]
09-20 09:54:32.673 I/.apps.wellbeing( 1374): AssetManager2(0xb400007828eef998) locale list changing from [] to [en-US]
09-20 09:54:32.676 I/.apps.wellbeing( 1374): AssetManager2(0xb400007828ef0938) locale list changing from [] to [en-US]
09-20 09:54:32.678 I/.apps.wellbeing( 1374): AssetManager2(0xb400007828ef4df8) locale list changing from [] to [en-US]
09-20 09:54:32.681 I/.apps.wellbeing( 1374): AssetManager2(0xb400007828ef31d8) locale list changing from [] to [en-US]
09-20 09:54:32.682 I/.apps.wellbeing( 1374): AssetManager2(0xb400007828ef15b8) locale list changing from [] to [en-US]
09-20 09:54:32.684 I/.apps.wellbeing( 1374): AssetManager2(0xb400007828ef2eb8) locale list changing from [] to [en-US]
09-20 09:54:32.684 I/.apps.wellbeing( 1374): AssetManager2(0xb400007828ef18d8) locale list changing from [] to [en-US]
09-20 09:54:32.694 I/.apps.wellbeing( 1374): AssetManager2(0xb400007828ef47b8) locale list changing from [] to [en-US]
09-20 09:54:32.696 I/.apps.wellbeing( 1374): AssetManager2(0xb400007828ef1f18) locale list changing from [] to [en-US]
09-20 09:54:32.697 I/.apps.wellbeing( 1374): AssetManager2(0xb400007828ef02f8) locale list changing from [] to [en-US]
09-20 09:54:32.698 I/.apps.wellbeing( 1374): AssetManager2(0xb400007828ef4ad8) locale list changing from [] to [en-US]
09-20 09:54:32.699 I/.apps.wellbeing( 1374): AssetManager2(0xb400007828ef4498) locale list changing from [] to [en-US]
09-20 09:54:32.699 I/.apps.wellbeing( 1374): AssetManager2(0xb400007828eef678) locale list changing from [] to [en-US]
09-20 09:54:32.702 I/.apps.wellbeing( 1374): AssetManager2(0xb400007828efc198) locale list changing from [] to [en-US]
09-20 09:54:32.702 I/.apps.wellbeing( 1374): AssetManager2(0xb400007828eeda58) locale list changing from [] to [en-US]
09-20 09:54:32.703 I/.apps.wellbeing( 1374): AssetManager2(0xb400007828eee098) locale list changing from [] to [en-US]
09-20 09:54:32.707 I/.apps.wellbeing( 1374): AssetManager2(0xb400007828eee9f8) locale list changing from [] to [en-US]
09-20 09:54:32.708 I/.apps.wellbeing( 1374): AssetManager2(0xb400007828ef7698) locale list changing from [] to [en-US]
09-20 09:54:32.709 I/.apps.wellbeing( 1374): AssetManager2(0xb400007828ef8638) locale list changing from [] to [en-US]
09-20 09:54:32.713 I/.apps.wellbeing( 1374): AssetManager2(0xb400007828efc7d8) locale list changing from [] to [en-US]
09-20 09:54:32.715 I/.apps.wellbeing( 1374): AssetManager2(0xb400007828efa898) locale list changing from [] to [en-US]
09-20 09:54:32.716 I/.apps.wellbeing( 1374): AssetManager2(0xb400007828ef60b8) locale list changing from [] to [en-US]
09-20 09:54:32.730 I/.apps.wellbeing( 1374): AssetManager2(0xb400007828ef95d8) locale list changing from [] to [en-US]
09-20 09:54:32.732 I/.apps.wellbeing( 1374): AssetManager2(0xb400007828ef5d98) locale list changing from [] to [en-US]
09-20 09:54:32.733 I/.apps.wellbeing( 1374): AssetManager2(0xb400007828ef79b8) locale list changing from [] to [en-US]
09-20 09:54:32.734 I/.apps.wellbeing( 1374): AssetManager2(0xb400007828ef5a78) locale list changing from [] to [en-US]
09-20 09:54:32.738 I/.apps.wellbeing( 1374): AssetManager2(0xb400007828ef63d8) locale list changing from [] to [en-US]
09-20 09:54:32.739 I/.apps.wellbeing( 1374): AssetManager2(0xb400007828ef9c18) locale list changing from [] to [en-US]
09-20 09:54:32.742 I/.apps.wellbeing( 1374): AssetManager2(0xb400007828ef6d38) locale list changing from [] to [en-US]
09-20 09:54:32.743 I/.apps.wellbeing( 1374): AssetManager2(0xb400007828ef6a18) locale list changing from [] to [en-US]
09-20 09:54:32.744 I/.apps.wellbeing( 1374): AssetManager2(0xb400007828ef66f8) locale list changing from [] to [en-US]
09-20 09:54:32.745 I/.apps.wellbeing( 1374): AssetManager2(0xb400007828efa258) locale list changing from [] to [en-US]
09-20 09:54:32.746 I/.apps.wellbeing( 1374): AssetManager2(0xb400007828edecd8) locale list changing from [] to [en-US]
09-20 09:54:32.749 I/.apps.wellbeing( 1374): AssetManager2(0xb400007828edf958) locale list changing from [] to [en-US]
09-20 09:54:32.750 I/.apps.wellbeing( 1374): AssetManager2(0xb400007828efb1f8) locale list changing from [] to [en-US]
09-20 09:54:32.750 I/.apps.wellbeing( 1374): AssetManager2(0xb400007828efb838) locale list changing from [] to [en-US]
09-20 09:54:32.751 I/.apps.wellbeing( 1374): AssetManager2(0xb400007828ef7378) locale list changing from [] to [en-US]
09-20 09:54:32.752 I/.apps.wellbeing( 1374): AssetManager2(0xb400007828ee7338) locale list changing from [] to [en-US]
09-20 09:54:32.754 I/.apps.wellbeing( 1374): AssetManager2(0xb400007828ee7658) locale list changing from [] to [en-US]
09-20 09:54:32.755 I/.apps.wellbeing( 1374): AssetManager2(0xb400007828ee53f8) locale list changing from [] to [en-US]
09-20 09:54:32.758 I/.apps.wellbeing( 1374): AssetManager2(0xb400007828ee6078) locale list changing from [] to [en-US]
09-20 09:54:32.758 I/.apps.wellbeing( 1374): AssetManager2(0xb400007828eec798) locale list changing from [] to [en-US]
09-20 09:54:32.759 I/.apps.wellbeing( 1374): AssetManager2(0xb400007828ee1258) locale list changing from [] to [en-US]
09-20 09:54:32.760 I/.apps.wellbeing( 1374): AssetManager2(0xb400007828ee50d8) locale list changing from [] to [en-US]
09-20 09:54:32.761 I/.apps.wellbeing( 1374): AssetManager2(0xb400007828ee05d8) locale list changing from [] to [en-US]
09-20 09:54:32.762 I/.apps.wellbeing( 1374): AssetManager2(0xb400007828ede698) locale list changing from [] to [en-US]
09-20 09:54:32.763 I/.apps.wellbeing( 1374): AssetManager2(0xb400007828edf318) locale list changing from [] to [en-US]
09-20 09:54:32.765 I/.apps.wellbeing( 1374): AssetManager2(0xb400007828ee9bd8) locale list changing from [] to [en-US]
09-20 09:54:32.767 I/.apps.wellbeing( 1374): AssetManager2(0xb400007828efc4b8) locale list changing from [] to [en-US]
09-20 09:54:32.775 I/.apps.wellbeing( 1374): AssetManager2(0xb400007828ef8f98) locale list changing from [] to [en-US]
09-20 09:54:32.778 I/.apps.wellbeing( 1374): AssetManager2(0xb400007828efbb58) locale list changing from [] to [en-US]
09-20 09:54:32.779 I/.apps.wellbeing( 1374): AssetManager2(0xb400007828ef9f38) locale list changing from [] to [en-US]
09-20 09:54:32.785 I/.apps.wellbeing( 1374): AssetManager2(0xb400007828ef8318) locale list changing from [] to [en-US]
09-20 09:54:32.785 I/.apps.wellbeing( 1374): AssetManager2(0xb400007828ef7058) locale list changing from [] to [en-US]
09-20 09:54:32.810 I/.apps.wellbeing( 1374): AssetManager2(0xb400007828eefcb8) locale list changing from [] to [en-US]
09-20 09:54:32.814 I/.apps.wellbeing( 1374): AssetManager2(0xb400007828ef7058) locale list changing from [] to [en-US]
09-20 09:54:32.818 I/.apps.wellbeing( 1374): AssetManager2(0xb400007828ef8c78) locale list changing from [] to [en-US]
09-20 09:54:32.818 I/.apps.wellbeing( 1374): AssetManager2(0xb400007828efbb58) locale list changing from [] to [en-US]
09-20 09:54:32.822 I/.apps.wellbeing( 1374): AssetManager2(0xb400007828efb518) locale list changing from [] to [en-US]
09-20 09:54:32.823 I/.apps.wellbeing( 1374): AssetManager2(0xb400007828ee9bd8) locale list changing from [] to [en-US]
09-20 09:54:32.830 I/.apps.wellbeing( 1374): AssetManager2(0xb400007828ee21f8) locale list changing from [] to [en-US]
09-20 09:54:32.831 I/.apps.wellbeing( 1374): AssetManager2(0xb400007828ede698) locale list changing from [] to [en-US]
09-20 09:54:32.849 I/.apps.wellbeing( 1374): AssetManager2(0xb400007828ee50d8) locale list changing from [] to [en-US]
09-20 09:54:32.851 I/.apps.wellbeing( 1374): AssetManager2(0xb400007828ee1258) locale list changing from [] to [en-US]
09-20 09:54:32.854 I/.apps.wellbeing( 1374): AssetManager2(0xb400007828eec798) locale list changing from [] to [en-US]
09-20 09:54:32.856 I/.apps.wellbeing( 1374): AssetManager2(0xb400007828ee3af8) locale list changing from [] to [en-US]
09-20 09:54:32.859 I/.apps.wellbeing( 1374): AssetManager2(0xb400007828ee6078) locale list changing from [] to [en-US]
09-20 09:54:32.861 I/.apps.wellbeing( 1374): AssetManager2(0xb400007828ee1bb8) locale list changing from [] to [en-US]
09-20 09:54:32.863 I/.apps.wellbeing( 1374): AssetManager2(0xb400007828ee7658) locale list changing from [] to [en-US]
09-20 09:54:32.868 I/.apps.wellbeing( 1374): AssetManager2(0xb400007828ee7338) locale list changing from [] to [en-US]
09-20 09:54:32.868 I/.apps.wellbeing( 1374): AssetManager2(0xb400007828ee3198) locale list changing from [] to [en-US]
09-20 09:54:32.869 I/.apps.wellbeing( 1374): AssetManager2(0xb400007828efb1f8) locale list changing from [] to [en-US]
09-20 09:54:32.870 I/.apps.wellbeing( 1374): AssetManager2(0xb400007828edf958) locale list changing from [] to [en-US]
09-20 09:54:32.875 I/.apps.wellbeing( 1374): AssetManager2(0xb400007828efb838) locale list changing from [] to [en-US]
09-20 09:54:32.875 I/.apps.wellbeing( 1374): AssetManager2(0xb400007828ef66f8) locale list changing from [] to [en-US]
09-20 09:54:32.875 I/.apps.wellbeing( 1374): AssetManager2(0xb400007828efa258) locale list changing from [] to [en-US]
09-20 09:54:32.876 I/.apps.wellbeing( 1374): AssetManager2(0xb400007828ef7cd8) locale list changing from [] to [en-US]
09-20 09:54:32.876 I/.apps.wellbeing( 1374): AssetManager2(0xb400007828ef6d38) locale list changing from [] to [en-US]
09-20 09:54:32.877 I/.apps.wellbeing( 1374): AssetManager2(0xb400007828ef63d8) locale list changing from [] to [en-US]
09-20 09:54:32.883 I/.apps.wellbeing( 1374): AssetManager2(0xb400007828ef9c18) locale list changing from [] to [en-US]
09-20 09:54:32.902 I/.apps.wellbeing( 1374): AssetManager2(0xb400007828ef79b8) locale list changing from [] to [en-US]
09-20 09:54:32.904 I/.apps.wellbeing( 1374): AssetManager2(0xb400007828ef5d98) locale list changing from [] to [en-US]
09-20 09:54:32.907 I/.apps.wellbeing( 1374): AssetManager2(0xb400007828ef5a78) locale list changing from [] to [en-US]
09-20 09:54:32.910 I/.apps.wellbeing( 1374): AssetManager2(0xb400007828ef60b8) locale list changing from [] to [en-US]
09-20 09:54:32.918 I/.apps.wellbeing( 1374): AssetManager2(0xb400007828efce18) locale list changing from [] to [en-US]
09-20 09:54:32.921 I/.apps.wellbeing( 1374): AssetManager2(0xb400007828efa898) locale list changing from [] to [en-US]
09-20 09:54:33.868 D/ConnectivityService(  624): requestNetwork for uid/pid:10149/4629 activeRequest: null callbackRequest: 268 [NetworkRequest [ REQUEST id=268, [ Transports: CELLULAR Capabilities: INTERNET&NOT_RESTRICTED&TRUSTED&NOT_VPN&NOT_VCN_MANAGED&NOT_BANDWIDTH_CONSTRAINED Uid: 10149 RequestorUid: 10149 RequestorPkg: com.google.android.googlequicksearchbox UnderlyingNetworks: Null] ]] callback flags: 0 order: 2147483647 isUidTracked: false declaredMethods: AVAIL|LOSING|LOST|NC|LP
09-20 09:54:33.900 W/IPCThreadState(  624): Sending oneway calls to frozen process.
09-20 09:54:33.918 D/ConnectivityService(  624): NetReassign [268 : null  101] [c 1] [a 44] [i 3]
09-20 09:54:33.921 D/ConnectivityService(  624): reportNetworkConnectivity(100, false) by 10149
09-20 09:54:33.924 D/NetworkMonitor/100(  989): Forcing reevaluation for UID 10149. Dns signal count: 0
09-20 09:54:33.939 D/NetworkMonitor/100(  989): PROBE_DNS connectivitycheck.gstatic.com 8ms OK 74.125.68.94,2404:6800:4003:c02::5e
09-20 09:54:33.947 D/NetworkMonitor/100(  989): PROBE_DNS www.google.com 16ms OK 74.125.130.106,74.125.130.99,74.125.130.103,74.125.130.104,74.125.130.105,74.125.130.147,2404:6800:4003:c01::63,2404:6800:4003:c01::69,2404:6800:4003:c01::93,2404:6800:4003:c01::68
09-20 09:54:33.968 D/NetworkMonitor/100(  989): PROBE_HTTP http://connectivitycheck.gstatic.com/generate_204 time=26ms ret=204 request={Connection=[close], User-Agent=[Mozilla/5.0 (X11; Linux x86_64) AppleWebKit/537.36 (KHTML, like Gecko) Chrome/60.0.3112.32 Safari/537.36]} headers={null=[HTTP/1.1 204 No Content], Connection=[close], Content-Length=[0], Cross-Origin-Resource-Policy=[cross-origin], Date=[Sat, 20 Sep 2025 01:54:35 GMT], X-Android-Received-Millis=[1758333273967], X-Android-Response-Source=[NETWORK 204], X-Android-Selected-Protocol=[http/1.1], X-Android-Sent-Millis=[1758333273955]}
09-20 09:54:33.986 D/NetworkMonitor/100(  989): PROBE_HTTPS https://www.google.com/generate_204 time=38ms ret=204 request={Connection=[close], User-Agent=[Mozilla/5.0 (X11; Linux x86_64) AppleWebKit/537.36 (KHTML, like Gecko) Chrome/60.0.3112.32 Safari/537.36]} headers={null=[HTTP/1.1 204 No Content], Alt-Svc=[h3=":443"; ma=2592000,h3-29=":443"; ma=2592000], Connection=[close], Content-Length=[0], Cross-Origin-Resource-Policy=[cross-origin], Date=[Sat, 20 Sep 2025 01:54:35 GMT], X-Android-Received-Millis=[1758333273984], X-Android-Response-Source=[NETWORK 204], X-Android-Selected-Protocol=[http/1.1], X-Android-Sent-Millis=[1758333273978]}
09-20 09:54:33.987 D/NetworkMonitor/100(  989): isCaptivePortal: isSuccessful()=true isPortal()=false RedirectUrl=null isPartialConnectivity()=false Time=58ms
09-20 09:54:33.988 D/ConnectivityService(  624): [100 WIFI] validation passed
09-20 09:54:35.308 D/InetDiagMessage(  624): Destroyed 0 sockets, proto=IPPROTO_TCP, family=AF_INET, states=14
09-20 09:54:35.308 D/InetDiagMessage(  624): Destroyed 0 sockets, proto=IPPROTO_TCP, family=AF_INET6, states=14
09-20 09:54:35.308 D/InetDiagMessage(  624): Destroyed live tcp sockets for uids={10169} in 2ms
09-20 09:54:35.310 D/InetDiagMessage(  624): Destroyed 0 sockets, proto=IPPROTO_TCP, family=AF_INET, states=14
09-20 09:54:35.313 D/InetDiagMessage(  624): Destroyed 0 sockets, proto=IPPROTO_TCP, family=AF_INET6, states=14
09-20 09:54:35.313 D/InetDiagMessage(  624): Destroyed live tcp sockets for uids={20169} in 3ms
09-20 09:54:35.418 W/acut    ( 4629): (REDACTED) [%s] response code: %d
09-20 09:54:35.821 D/InetDiagMessage(  624): Destroyed 4 sockets, proto=IPPROTO_TCP, family=AF_INET, states=14
09-20 09:54:35.822 D/InetDiagMessage(  624): Destroyed 0 sockets, proto=IPPROTO_TCP, family=AF_INET6, states=14
09-20 09:54:35.822 D/InetDiagMessage(  624): Destroyed live tcp sockets for uids={10150} in 6ms
09-20 09:54:35.822 D/InetDiagMessage(  624): Destroyed 0 sockets, proto=IPPROTO_TCP, family=AF_INET, states=14
09-20 09:54:35.822 D/InetDiagMessage(  624): Destroyed 0 sockets, proto=IPPROTO_TCP, family=AF_INET6, states=14
09-20 09:54:35.822 D/InetDiagMessage(  624): Destroyed live tcp sockets for uids={20150} in 0ms
09-20 09:54:36.060 D/InetDiagMessage(  624): Destroyed 0 sockets, proto=IPPROTO_TCP, family=AF_INET, states=14
09-20 09:54:36.061 D/InetDiagMessage(  624): Destroyed 0 sockets, proto=IPPROTO_TCP, family=AF_INET6, states=14
09-20 09:54:36.061 D/InetDiagMessage(  624): Destroyed live tcp sockets for uids={10195} in 2ms
09-20 09:54:36.063 D/InetDiagMessage(  624): Destroyed 0 sockets, proto=IPPROTO_TCP, family=AF_INET, states=14
09-20 09:54:36.064 D/InetDiagMessage(  624): Destroyed 0 sockets, proto=IPPROTO_TCP, family=AF_INET6, states=14
09-20 09:54:36.064 D/InetDiagMessage(  624): Destroyed live tcp sockets for uids={20195} in 1ms
09-20 09:54:36.115 D/SatelliteController( 1038): iisInCarrierRoamingNbIotNtn: satellite is disabled
09-20 09:54:37.161 I/libprocessgroup(  624): Removed cgroup /sys/fs/cgroup/apps/uid_10150/pid_5832
09-20 09:54:37.162 I/Zygote  (  410): Process 5832 exited due to signal 9 (Killed)
09-20 09:54:40.262 W/FileUtils(  624): Failed to chmod(AtomicFile[/data/system_de/0/system/game-manager-service.xml]): android.system.ErrnoException: chmod failed: ENOENT (No such file or directory)
09-20 09:54:40.302 D/ActivityManager(  624): freezing 1583 com.google.android.apps.photos
09-20 09:54:40.307 D/InetDiagMessage(  624): Destroyed 0 sockets, proto=IPPROTO_TCP, family=AF_INET, states=14
09-20 09:54:40.308 D/InetDiagMessage(  624): Destroyed 0 sockets, proto=IPPROTO_TCP, family=AF_INET6, states=14
09-20 09:54:40.309 D/InetDiagMessage(  624): Destroyed live tcp sockets for uids={10169} in 2ms
09-20 09:54:40.666 D/ActivityManager(  624): freezing 2416 com.android.vending:background
09-20 09:54:40.786 D/ActivityManager(  624): freezing 1735 com.android.chrome
09-20 09:54:40.789 D/InetDiagMessage(  624): Destroyed 0 sockets, proto=IPPROTO_TCP, family=AF_INET, states=14
09-20 09:54:40.793 D/InetDiagMessage(  624): Destroyed 0 sockets, proto=IPPROTO_TCP, family=AF_INET6, states=14
09-20 09:54:40.793 D/InetDiagMessage(  624): Destroyed live tcp sockets for uids={10150} in 4ms
09-20 09:54:41.057 D/ActivityManager(  624): freezing 1909 com.google.android.adservices.api
09-20 09:54:41.060 D/InetDiagMessage(  624): Destroyed 0 sockets, proto=IPPROTO_TCP, family=AF_INET, states=14
09-20 09:54:41.060 D/InetDiagMessage(  624): Destroyed 0 sockets, proto=IPPROTO_TCP, family=AF_INET6, states=14
09-20 09:54:41.060 D/InetDiagMessage(  624): Destroyed live tcp sockets for uids={10195} in 1ms
09-20 09:54:41.243 D/ActivityManager(  624): freezing 1067 com.google.android.permissioncontroller
09-20 09:54:41.249 D/InetDiagMessage(  624): Destroyed 0 sockets, proto=IPPROTO_TCP, family=AF_INET, states=14
09-20 09:54:41.249 D/InetDiagMessage(  624): Destroyed 0 sockets, proto=IPPROTO_TCP, family=AF_INET6, states=14
09-20 09:54:41.249 D/InetDiagMessage(  624): Destroyed live tcp sockets for uids={10204} in 4ms
09-20 09:54:41.544 D/ActivityManager(  624): freezing 4469 com.android.vending
09-20 09:54:41.554 D/InetDiagMessage(  624): Destroyed 2 sockets, proto=IPPROTO_TCP, family=AF_INET, states=14
09-20 09:54:41.557 D/InetDiagMessage(  624): Destroyed 1 sockets, proto=IPPROTO_TCP, family=AF_INET6, states=14
09-20 09:54:41.559 D/InetDiagMessage(  624): Destroyed live tcp sockets for uids={10145} in 10ms
09-20 09:54:41.725 D/ActivityManager(  624): freezing 4629 com.google.android.googlequicksearchbox:search
09-20 09:54:41.745 I/keystore2(  211): system/security/keystore2/watchdog/src/lib.rs:377 - Watchdog thread idle -> terminating. Have a great day.
09-20 09:54:41.946 D/ActivityManager(  624): freezing 5776 com.google.android.documentsui
09-20 09:54:41.947 D/ActivityManager(  624): freezing 3442 com.android.externalstorage
09-20 09:54:41.948 D/ActivityManager(  624): freezing 1811 android.process.media
09-20 09:54:41.949 D/InetDiagMessage(  624): Destroyed 0 sockets, proto=IPPROTO_TCP, family=AF_INET, states=14
09-20 09:54:41.950 D/InetDiagMessage(  624): Destroyed 0 sockets, proto=IPPROTO_TCP, family=AF_INET6, states=14
09-20 09:54:41.950 D/InetDiagMessage(  624): Destroyed live tcp sockets for uids={10102} in 1ms
09-20 09:54:41.952 D/InetDiagMessage(  624): Destroyed 0 sockets, proto=IPPROTO_TCP, family=AF_INET, states=14
09-20 09:54:41.953 D/InetDiagMessage(  624): Destroyed 0 sockets, proto=IPPROTO_TCP, family=AF_INET6, states=14
09-20 09:54:41.953 D/InetDiagMessage(  624): Destroyed live tcp sockets for uids={10103} in 1ms
09-20 09:54:41.954 D/InetDiagMessage(  624): Destroyed 0 sockets, proto=IPPROTO_TCP, family=AF_INET, states=14
09-20 09:54:41.954 D/InetDiagMessage(  624): Destroyed 0 sockets, proto=IPPROTO_TCP, family=AF_INET6, states=14
09-20 09:54:41.954 D/InetDiagMessage(  624): Destroyed live tcp sockets for uids={10101} in 0ms
09-20 09:54:46.112 D/SatelliteController( 1038): iisInCarrierRoamingNbIotNtn: satellite is disabled
09-20 09:54:47.092 D/BoundBrokerSvc( 1234): onUnbind: Intent { act=com.google.android.gms.presencemanager.service.START dat=chimera-action:/... xflg=0x4 cmp=com.google.android.gms/.chimera.PersistentApiService }
09-20 09:54:47.095 D/BoundBrokerSvc( 1234): onUnbind: Intent { act=com.google.android.gms.presencemanager.service.INTERNAL_IDENTITY dat=chimera-action:/... xflg=0x4 cmp=com.google.android.gms/.chimera.PersistentApiService }
09-20 09:54:47.236 D/BoundBrokerSvc( 4867): onUnbind: Intent { act=com.google.android.gms.feedback.internal.IFeedbackService dat=chimera-action:/... xflg=0x4 cmp=com.google.android.gms/.chimera.GmsBoundBrokerService }
09-20 09:54:47.297 I/AlarmManager( 1234): setExactAndAllowWhileIdle [name: GCM_HB_ALARM type: 2 triggerAtMillis: 1391667]
09-20 09:54:47.304 I/AlarmManager( 1234): setExactAndAllowWhileIdle [name: GCM_HB_ALARM type: 2 triggerAtMillis: 1391674]
09-20 09:54:47.650 D/WifiConfigStore(  624): Writing to stores completed in 10 ms.
09-20 09:54:47.655 D/ActivityManager(  624): sync unfroze 4469 com.android.vending for 6
09-20 09:54:47.670 I/Finsky  ( 4469): [2] SCH: job service start with id 9423.
09-20 09:54:47.671 W/ProcessStats(  624): Tracking association SourceState{4c6c532 system/1000 ImpBg #6583} whose proc state 6 is better than process ProcessState{ba95156 com.android.vending/10145 pkg=com.android.vending} proc state 14 (27 skipped)
09-20 09:54:47.681 I/Finsky  ( 4469): [151] SCH: Satisfied jobs for 9423 are: 12-1
09-20 09:54:47.686 I/Finsky  ( 4469): [157] SCH: Job 12-1 starting
09-20 09:54:47.688 I/Finsky  ( 4469): [2] WM::SCH: Logging work start for 12-1
09-20 09:54:47.692 I/Finsky  ( 4469): [2] [ContentSync] job started
09-20 09:54:47.746 I/android.vending( 4469): Waiting for a blocking GC ProfileSaver
09-20 09:54:47.760 I/android.vending( 4469): WaitForGcToComplete blocked ProfileSaver on Background for 14.513ms
09-20 09:54:47.771 I/Finsky  ( 4469): [158] App states replicator found 4 unowned apps
09-20 09:54:47.772 I/Finsky  ( 4469): [158] Completed 0 account content syncs with 0 successful.
09-20 09:54:47.773 I/Finsky  ( 4469): [2] [ContentSync] Installation state replication succeeded.
09-20 09:54:47.773 I/Finsky  ( 4469): [2] SCH: jobFinished: 12-1. TimeElapsed: 85ms.
09-20 09:54:47.773 I/Finsky  ( 4469): [2] WM::SCH: Logging work end for 12-1
09-20 09:54:47.779 I/Finsky  ( 4469): [61] SCH: Scheduling phonesky job Id: 1-1337, CT: 1758332127271, Constraints: [{ L: 14399999, D: 44712854, C: CHARGING_NONE, I: IDLE_NONE, N: NET_ANY, B: BATTERY_ANY }]
09-20 09:54:47.782 I/Finsky  ( 4469): [74] SCH: Scheduling 1 system job(s)
09-20 09:54:47.782 I/Finsky  ( 4469): [74] SCH: Scheduling system job Id: 9427, L: 13239488, D: 43552343, C: false, I: false, N: 1
09-20 09:54:47.784 I/Finsky  ( 4469): [157] SCH: job service finished with id 9423.
09-20 09:54:47.786 I/Finsky  ( 4469): [2] Memory trim requested to level 40
09-20 09:54:47.787 I/Finsky  ( 4469): [2] Flushing in-memory image cache
09-20 09:54:53.686 I/UsageStatsService(  624): User[0] Flushing usage stats to disk
09-20 09:54:53.714 D/BackgroundInstallControlService(  624): Package event received: 0
09-20 09:54:54.138 D/BackgroundInstallControlService(  624): Package event received: 0
09-20 09:54:56.116 D/SatelliteController( 1038): iisInCarrierRoamingNbIotNtn: satellite is disabled
09-20 09:54:57.286 D/ActivityManager(  624): freezing 4867 com.google.android.gms
09-20 09:54:57.290 D/ActivityManager(  624): freezing 2507 com.google.android.gms.unstable
09-20 09:54:57.790 D/ActivityManager(  624): freezing 4469 com.android.vending
09-20 09:54:57.795 D/InetDiagMessage(  624): Destroyed 0 sockets, proto=IPPROTO_TCP, family=AF_INET, states=14
09-20 09:54:57.799 D/InetDiagMessage(  624): Destroyed 0 sockets, proto=IPPROTO_TCP, family=AF_INET6, states=14
09-20 09:54:57.799 D/InetDiagMessage(  624): Destroyed live tcp sockets for uids={10145} in 5ms
09-20 09:55:02.194 I/bdee    ( 1455): (REDACTED) getHotwordActive::active query: %s, watch: %s, devices connected: %s
09-20 09:55:04.161 W/IPCThreadState(  624): Sending oneway calls to frozen process.
09-20 09:55:06.119 D/SatelliteController( 1038): iisInCarrierRoamingNbIotNtn: satellite is disabled
09-20 09:55:10.167 D/ActivityManager(  624): freezing 1751 com.android.keychain
09-20 09:55:10.168 D/ActivityManager(  624): freezing 3066 com.android.dynsystem:dynsystem
09-20 09:55:10.171 D/ActivityManager(  624): freezing 3020 com.android.dynsystem
