09-20 09:54:18.698 D/FileSystemUtils(  624): Total number of LOAD segments 4
09-20 09:54:18.698 D/FileSystemUtils(  624): Size before punching holes st_blocks: 1240, st_blksize: 4096, st_size: 628928
09-20 09:54:18.698 D/FileSystemUtils(  624): Size after punching holes st_blocks: 1240, st_blksize: 4096, st_size: 628928
09-20 09:54:19.288 D/NativeLibraryHelper(  624): Punching extracted elf file libxul.so on fs:61267
09-20 09:54:19.288 D/FileSystemUtils(  624): Total number of LOAD segments 4
09-20 09:54:19.289 D/FileSystemUtils(  624): Size before punching holes st_blocks: 270152, st_blksize: 4096, st_size: 138310440
09-20 09:54:19.289 D/FileSystemUtils(  624): Size after punching holes st_blocks: 270152, st_blksize: 4096, st_size: 138310440
09-20 09:54:19.292 D/NativeLibraryHelper(  624): Punching extracted elf file libnssckbi.so on fs:61267
09-20 09:54:19.293 D/FileSystemUtils(  624): Total number of LOAD segments 4
09-20 09:54:19.293 D/FileSystemUtils(  624): Size before punching holes st_blocks: 808, st_blksize: 4096, st_size: 407480
09-20 09:54:19.294 D/FileSystemUtils(  624): Size after punching holes st_blocks: 808, st_blksize: 4096, st_size: 407480
09-20 09:54:19.306 D/NativeLibraryHelper(  624): Punching extracted elf file libnss3.so on fs:61267
09-20 09:54:19.306 D/FileSystemUtils(  624): Total number of LOAD segments 4
09-20 09:54:19.306 D/FileSystemUtils(  624): Size before punching holes st_blocks: 5312, st_blksize: 4096, st_size: 2713408
09-20 09:54:19.306 D/FileSystemUtils(  624): Size after punching holes st_blocks: 5312, st_blksize: 4096, st_size: 2713408
09-20 09:54:19.313 D/NativeLibraryHelper(  624): Punching extracted elf file libmozglue.so on fs:61267
09-20 09:54:19.313 D/FileSystemUtils(  624): Total number of LOAD segments 4
09-20 09:54:19.313 D/FileSystemUtils(  624): Size before punching holes st_blocks: 3008, st_blksize: 4096, st_size: 1534504
09-20 09:54:19.313 D/FileSystemUtils(  624): Size after punching holes st_blocks: 3008, st_blksize: 4096, st_size: 1534504
09-20 09:54:19.333 D/NativeLibraryHelper(  624): Punching extracted elf file libgkcodecs.so on fs:61267
09-20 09:54:19.334 D/FileSystemUtils(  624): Total number of LOAD segments 4
09-20 09:54:19.334 D/FileSystemUtils(  624): Size before punching holes st_blocks: 9664, st_blksize: 4096, st_size: 4941752
09-20 09:54:19.334 D/FileSystemUtils(  624): Size after punching holes st_blocks: 9664, st_blksize: 4096, st_size: 4941752
09-20 09:54:19.337 D/NativeLibraryHelper(  624): Punching extracted elf file libmozavutil.so on fs:61267
09-20 09:54:19.337 D/FileSystemUtils(  624): Total number of LOAD segments 4
09-20 09:54:19.337 D/FileSystemUtils(  624): Size before punching holes st_blocks: 880, st_blksize: 4096, st_size: 442816
09-20 09:54:19.337 D/FileSystemUtils(  624): Size after punching holes st_blocks: 880, st_blksize: 4096, st_size: 442816
09-20 09:54:19.342 D/InstallDependencyHelper(  624): No missing dependency for com.neew.browser
09-20 09:54:19.347 V/Configuration(  624): Updating configuration, locales updated from [] to [en_US]
09-20 09:54:19.347 I/system_server(  624): AssetManager2(0xb400007828f3d238) locale list changing from [] to [en-US]
09-20 09:54:19.349 W/PackageManager(  624): Existing package com.neew.browser signatures do not match newer version; ignoring!
09-20 09:54:19.355 D/PackageInstallerSession(  624): Marking session 1172159655 as failed: INSTALL_FAILED_UPDATE_INCOMPATIBLE: Existing package com.neew.browser signatures do not match newer version; ignoring!
09-20 09:54:19.355 I/PackageInstallerSession(  624): Session [1172159655] was destroyed because of [Session marked as failed: INSTALL_FAILED_UPDATE_INCOMPATIBLE: Existing package com.neew.browser signatures do not match newer version; ignoring!]
09-20 09:54:19.351 W/binder:624_4(  624): type=1400 audit(0.0:225): avc:  denied  { getopt } for  scontext=u:r:system_server:s0 tcontext=u:r:shell:s0 tclass=unix_stream_socket permissive=0
09-20 09:54:19.355 W/binder:624_4(  624): type=1400 audit(0.0:226): avc:  denied  { getopt } for  scontext=u:r:system_server:s0 tcontext=u:r:shell:s0 tclass=unix_stream_socket permissive=0
09-20 09:54:19.355 W/binder:624_4(  624): type=1400 audit(0.0:227): avc:  denied  { getopt } for  scontext=u:r:system_server:s0 tcontext=u:r:shell:s0 tclass=unix_stream_socket permissive=0
09-20 09:54:19.358 D/InstallDependencyHelper(  624): Session complete for 1172159655
09-20 09:54:19.360 E/AtomicFile(  624): Failed to rename /data/system/install_sessions.xml.new to /data/system/install_sessions.xml
09-20 09:54:26.107 D/SatelliteController( 1038): iisInCarrierRoamingNbIotNtn: satellite is disabled
09-20 09:54:29.857 I/ActivityManager(  624): Force stopping com.neew.browser appid=10214 user=-1: deletePackageX
09-20 09:54:29.863 W/IPCThreadState(  624): Sending oneway calls to frozen process.
09-20 09:54:29.863 W/IPCThreadState(  624): Sending oneway calls to frozen process.
09-20 09:54:29.864 W/IPCThreadState(  624): Sending oneway calls to frozen process.
09-20 09:54:29.864 W/IPCThreadState(  624): Sending oneway calls to frozen process.
09-20 09:54:29.864 W/IPCThreadState(  624): Sending oneway calls to frozen process.
09-20 09:54:29.864 W/IPCThreadState(  624): Sending oneway calls to frozen process.
09-20 09:54:29.864 W/IPCThreadState(  624): Sending oneway calls to frozen process.
09-20 09:54:29.864 W/IPCThreadState(  624): Sending oneway calls to frozen process.
09-20 09:54:29.864 W/IPCThreadState(  624): Sending oneway calls to frozen process.
09-20 09:54:29.864 W/IPCThreadState(  624): Sending oneway calls to frozen process.
09-20 09:54:29.864 W/IPCThreadState(  624): Sending oneway calls to frozen process.
09-20 09:54:29.864 W/IPCThreadState(  624): Sending oneway calls to frozen process.
09-20 09:54:29.864 W/IPCThreadState(  624): Sending oneway calls to frozen process.
09-20 09:54:29.864 W/IPCThreadState(  624): Sending oneway calls to frozen process.
09-20 09:54:29.864 W/IPCThreadState(  624): Sending oneway calls to frozen process.
09-20 09:54:29.864 W/IPCThreadState(  624): Sending oneway calls to frozen process.
09-20 09:54:29.864 W/IPCThreadState(  624): Sending oneway calls to frozen process.
09-20 09:54:29.864 W/IPCThreadState(  624): Sending oneway calls to frozen process.
09-20 09:54:29.864 W/IPCThreadState(  624): Sending oneway calls to frozen process.
09-20 09:54:29.864 W/IPCThreadState(  624): Sending oneway calls to frozen process.
09-20 09:54:29.864 W/IPCThreadState(  624): Sending oneway calls to frozen process.
09-20 09:54:29.865 W/IPCThreadState(  624): Sending oneway calls to frozen process.
09-20 09:54:29.865 W/IPCThreadState(  624): Sending oneway calls to frozen process.
09-20 09:54:29.865 W/IPCThreadState(  624): Sending oneway calls to frozen process.
09-20 09:54:29.865 W/IPCThreadState(  624): Sending oneway calls to frozen process.
09-20 09:54:29.865 W/IPCThreadState(  624): Sending oneway calls to frozen process.
09-20 09:54:29.865 W/IPCThreadState(  624): Sending oneway calls to frozen process.
09-20 09:54:29.865 W/IPCThreadState(  624): Sending oneway calls to frozen process.
09-20 09:54:29.865 W/IPCThreadState(  624): Sending oneway calls to frozen process.
09-20 09:54:29.865 W/IPCThreadState(  624): Sending oneway calls to frozen process.
09-20 09:54:29.865 W/IPCThreadState(  624): Sending oneway calls to frozen process.
09-20 09:54:29.865 W/IPCThreadState(  624): Sending oneway calls to frozen process.
09-20 09:54:29.865 W/IPCThreadState(  624): Sending oneway calls to frozen process.
09-20 09:54:29.865 W/IPCThreadState(  624): Sending oneway calls to frozen process.
09-20 09:54:29.865 W/IPCThreadState(  624): Sending oneway calls to frozen process.
09-20 09:54:29.865 W/IPCThreadState(  624): Sending oneway calls to frozen process.
09-20 09:54:29.865 W/IPCThreadState(  624): Sending oneway calls to frozen process.
09-20 09:54:29.865 W/IPCThreadState(  624): Sending oneway calls to frozen process.
09-20 09:54:29.865 W/IPCThreadState(  624): Sending oneway calls to frozen process.
09-20 09:54:29.871 D/BackgroundInstallControlService(  624): Package event received: 0
09-20 09:54:29.871 D/BackgroundInstallControlService(  624): Package event received: 0
09-20 09:54:29.871 D/BackgroundInstallControlService(  624): Package event received: 0
09-20 09:54:29.871 D/BackgroundInstallControlService(  624): Package event received: 0
09-20 09:54:29.873 D/BackgroundInstallControlService(  624): Package event received: 0
09-20 09:54:29.873 D/BackgroundInstallControlService(  624): Package event received: 0
09-20 09:54:29.874 D/BackgroundInstallControlService(  624): Package event received: 0
09-20 09:54:29.874 W/IPCThreadState(  624): Sending oneway calls to frozen process.
09-20 09:54:29.874 W/IPCThreadState(  624): Sending oneway calls to frozen process.
09-20 09:54:29.874 W/IPCThreadState(  624): Sending oneway calls to frozen process.
09-20 09:54:29.874 W/IPCThreadState(  624): Sending oneway calls to frozen process.
09-20 09:54:29.874 W/IPCThreadState(  624): Sending oneway calls to frozen process.
09-20 09:54:29.874 W/IPCThreadState(  624): Sending oneway calls to frozen process.
09-20 09:54:29.874 W/IPCThreadState(  624): Sending oneway calls to frozen process.
09-20 09:54:29.874 W/IPCThreadState(  624): Sending oneway calls to frozen process.
09-20 09:54:29.874 W/IPCThreadState(  624): Sending oneway calls to frozen process.
09-20 09:54:29.874 W/IPCThreadState(  624): Sending oneway calls to frozen process.
09-20 09:54:29.874 W/IPCThreadState(  624): Sending oneway calls to frozen process.
09-20 09:54:29.875 D/BackgroundInstallControlService(  624): Package event received: 0
09-20 09:54:29.876 D/BackgroundInstallControlService(  624): Package event received: 0
09-20 09:54:29.876 D/BackgroundInstallControlService(  624): Package event received: 0
09-20 09:54:29.877 D/BackgroundInstallControlService(  624): Package event received: 0
09-20 09:54:29.877 D/BackgroundInstallControlService(  624): Package event received: 0
09-20 09:54:29.878 D/BackgroundInstallControlService(  624): Package event received: 0
09-20 09:54:29.878 D/BackgroundInstallControlService(  624): Package event received: 0
09-20 09:54:29.878 D/BackgroundInstallControlService(  624): Package event received: 0
09-20 09:54:29.878 D/BackgroundInstallControlService(  624): Package event received: 0
09-20 09:54:29.878 D/BackgroundInstallControlService(  624): Package event received: 0
09-20 09:54:29.878 D/BackgroundInstallControlService(  624): Package event received: 0
09-20 09:54:29.878 D/BackgroundInstallControlService(  624): Package event received: 0
09-20 09:54:29.878 D/BackgroundInstallControlService(  624): Package event received: 0
09-20 09:54:29.879 D/BackgroundInstallControlService(  624): Package event received: 0
09-20 09:54:29.880 D/BackgroundInstallControlService(  624): Package event received: 0
09-20 09:54:29.910 I/artd    ( 5709): Starting artd
09-20 09:54:29.911 I/AidlLazyServiceRegistrar( 5709): Registering service artd
09-20 09:54:29.912 I/AidlLazyServiceRegistrar( 5709): Process has 1 (of 1 available) client(s) in use after notification artd has clients: 1
09-20 09:54:29.976 I/keystore2(  211): system/security/keystore2/src/maintenance.rs:607 - clearNamespace(r#APP, nspace=10214)
09-20 09:54:29.984 D/BackgroundInstallControlService(  624): Package event received: 2
09-20 09:54:29.984 D/BackgroundInstallControlService(  624): handlePackageRemove: removing com.neew.browser from 0
09-20 09:54:29.987 E/TaskPersister(  624): File error accessing recents directory (directory doesn't exist?).
09-20 09:54:29.999 I/ActivityManager(  624): Force stopping com.neew.browser appid=10214 user=0: pkg removed
09-20 09:54:30.001 W/IPCThreadState(  624): Sending oneway calls to frozen process.
09-20 09:54:30.001 W/IPCThreadState(  624): Sending oneway calls to frozen process.
09-20 09:54:30.002 W/IPCThreadState(  624): Sending oneway calls to frozen process.
09-20 09:54:30.002 W/IPCThreadState(  624): Sending oneway calls to frozen process.
09-20 09:54:30.002 W/IPCThreadState(  624): Sending oneway calls to frozen process.
09-20 09:54:30.002 W/IPCThreadState(  624): Sending oneway calls to frozen process.
09-20 09:54:30.002 W/IPCThreadState(  624): Sending oneway calls to frozen process.
09-20 09:54:30.002 W/IPCThreadState(  624): Sending oneway calls to frozen process.
09-20 09:54:30.002 W/IPCThreadState(  624): Sending oneway calls to frozen process.
09-20 09:54:30.002 W/IPCThreadState(  624): Sending oneway calls to frozen process.
09-20 09:54:30.002 W/IPCThreadState(  624): Sending oneway calls to frozen process.
09-20 09:54:30.004 W/IPCThreadState(  624): Sending oneway calls to frozen process.
09-20 09:54:30.004 W/IPCThreadState(  624): Sending oneway calls to frozen process.
09-20 09:54:30.004 W/IPCThreadState(  624): Sending oneway calls to frozen process.
09-20 09:54:30.004 W/IPCThreadState(  624): Sending oneway calls to frozen process.
09-20 09:54:30.005 W/IPCThreadState(  624): Sending oneway calls to frozen process.
09-20 09:54:30.005 W/IPCThreadState(  624): Sending oneway calls to frozen process.
09-20 09:54:30.005 W/IPCThreadState(  624): Sending oneway calls to frozen process.
09-20 09:54:30.005 W/IPCThreadState(  624): Sending oneway calls to frozen process.
09-20 09:54:30.006 W/IPCThreadState(  624): Sending oneway calls to frozen process.
09-20 09:54:30.006 W/IPCThreadState(  624): Sending oneway calls to frozen process.
09-20 09:54:30.006 W/IPCThreadState(  624): Sending oneway calls to frozen process.
09-20 09:54:30.006 W/IPCThreadState(  624): Sending oneway calls to frozen process.
09-20 09:54:30.006 W/IPCThreadState(  624): Sending oneway calls to frozen process.
09-20 09:54:30.006 W/IPCThreadState(  624): Sending oneway calls to frozen process.
09-20 09:54:30.006 W/IPCThreadState(  624): Sending oneway calls to frozen process.
09-20 09:54:30.006 W/IPCThreadState(  624): Sending oneway calls to frozen process.
09-20 09:54:30.006 W/IPCThreadState(  624): Sending oneway calls to frozen process.
09-20 09:54:30.006 W/IPCThreadState(  624): Sending oneway calls to frozen process.
09-20 09:54:30.006 W/IPCThreadState(  624): Sending oneway calls to frozen process.
09-20 09:54:30.006 W/IPCThreadState(  624): Sending oneway calls to frozen process.
09-20 09:54:30.006 W/IPCThreadState(  624): Sending oneway calls to frozen process.
09-20 09:54:30.006 W/IPCThreadState(  624): Sending oneway calls to frozen process.
09-20 09:54:30.006 W/IPCThreadState(  624): Sending oneway calls to frozen process.
09-20 09:54:30.006 W/IPCThreadState(  624): Sending oneway calls to frozen process.
09-20 09:54:30.006 W/IPCThreadState(  624): Sending oneway calls to frozen process.
09-20 09:54:30.006 W/IPCThreadState(  624): Sending oneway calls to frozen process.
09-20 09:54:30.006 W/IPCThreadState(  624): Sending oneway calls to frozen process.
09-20 09:54:30.006 W/IPCThreadState(  624): Sending oneway calls to frozen process.
09-20 09:54:30.006 W/IPCThreadState(  624): Sending oneway calls to frozen process.
09-20 09:54:30.006 W/IPCThreadState(  624): Sending oneway calls to frozen process.
09-20 09:54:30.006 W/IPCThreadState(  624): Sending oneway calls to frozen process.
09-20 09:54:30.006 W/IPCThreadState(  624): Sending oneway calls to frozen process.
09-20 09:54:30.006 W/IPCThreadState(  624): Sending oneway calls to frozen process.
09-20 09:54:30.006 W/IPCThreadState(  624): Sending oneway calls to frozen process.
09-20 09:54:30.006 W/IPCThreadState(  624): Sending oneway calls to frozen process.
09-20 09:54:30.006 W/IPCThreadState(  624): Sending oneway calls to frozen process.
09-20 09:54:30.006 W/IPCThreadState(  624): Sending oneway calls to frozen process.
09-20 09:54:30.006 W/IPCThreadState(  624): Sending oneway calls to frozen process.
09-20 09:54:30.006 W/IPCThreadState(  624): Sending oneway calls to frozen process.
09-20 09:54:30.044 V/StorageManagerService(  624): Package com.neew.browser does not have legacy storage
09-20 09:54:30.068 I/system_server(  624): AssetManager2(0xb400007828f3d238) locale list changing from [] to [en-US]
09-20 09:54:30.069 D/CarrierSvcBindHelper( 1038): onPackageRemoved: com.neew.browser
09-20 09:54:30.071 D/CarrierSvcBindHelper( 1038): No carrier app for: 0
09-20 09:54:30.074 I/system_server(  624): AssetManager2(0xb400007828f40438) locale list changing from [] to [en-US]
09-20 09:54:30.078 E/AppOps  (  624): attributionTag VCN not declared in manifest of android
09-20 09:54:30.086 I/SatelliteAppTracker( 1038): onPackageRemoved : com.neew.browser
09-20 09:54:30.087 W/WifiService(  624): Couldn't get PackageInfo for package:com.neew.browser
09-20 09:54:30.088 D/WifiService(  624): Remove settings for package:com.neew.browser
09-20 09:54:30.091 D/ActivityManager(  624): sync unfroze 4469 com.android.vending for 3
09-20 09:54:30.091 I/RollbackManager(  624): broadcast=ACTION_PACKAGE_FULLY_REMOVED pkg=com.neew.browser
09-20 09:54:30.097 D/ControlsListingControllerImpl(  893): ServiceConfig reloaded, count: 0
09-20 09:54:30.098 D/WifiConfigManager(  624): Remove all networks for app ApplicationInfo{105dd05 com.neew.browser}
09-20 09:54:30.101 I/Finsky  ( 4469): [2] Memory trim requested to level 40
09-20 09:54:30.103 D/ActivityManager(  624): sync unfroze 2416 com.android.vending:background for 3
09-20 09:54:30.103 I/Finsky  ( 4469): [50] Stats for Executor: BlockingExecutor tne@de3ff38[Running, pool size = 0, active threads = 0, queued tasks = 0, completed tasks = 27]
09-20 09:54:30.103 I/Finsky  ( 4469): [50] Stats for Executor: LightweightExecutor tne@f26eb11[Running, pool size = 2, active threads = 0, queued tasks = 0, completed tasks = 199]
09-20 09:54:30.103 I/Finsky  ( 4469): [50] Stats for Executor: bgExecutor tne@f577476[Running, pool size = 4, active threads = 0, queued tasks = 0, completed tasks = 2826]
09-20 09:54:30.105 D/ShortcutService(  624): received package broadcast intent: Intent { act=android.intent.action.PACKAGE_REMOVED dat=package: flg=0x4000010 (has extras) }
09-20 09:54:30.105 D/ShortcutService(  624): removing package: com.neew.browser userId=0
09-20 09:54:30.108 E/TaskPersister(  624): File error accessing recents directory (directory doesn't exist?).
09-20 09:54:30.111 D/ActivityManager(  624): sync unfroze 1583 com.google.android.apps.photos for 3
09-20 09:54:30.112 E/SmsApplication( 1038): com.google.android.apps.messaging lost android:read_cell_broadcasts:  (fixing)
09-20 09:54:30.116 W/AppOpService(  624): Ignored setUidMode call for runtime permission app op: uid = 10146, code = READ_CELL_BROADCASTS, mode = allow, callingUid = 1001, oldMode = allow
09-20 09:54:30.117 I/Finsky:background( 2416): [2] Memory trim requested to level 40
09-20 09:54:30.126 I/Finsky  ( 4469): [2] Flushing in-memory image cache
09-20 09:54:30.127 I/Finsky  ( 4469): [2] Memory trim requested to level 40
09-20 09:54:30.127 I/Finsky  ( 4469): [2] Flushing in-memory image cache
09-20 09:54:30.127 I/Finsky  ( 4469): [2] Memory trim requested to level 40
09-20 09:54:30.127 I/Finsky  ( 4469): [2] Flushing in-memory image cache
09-20 09:54:30.128 I/Finsky:background( 2416): [2] Memory trim requested to level 40
09-20 09:54:30.128 I/Finsky:background( 2416): [2] Memory trim requested to level 40
09-20 09:54:30.132 I/system_server(  624): AssetManager2(0xb400007828f3deb8) locale list changing from [] to [en-US]
09-20 09:54:30.135 D/ActivityManager(  624): sync unfroze 1751 com.android.keychain for 10
09-20 09:54:30.135 D/ActivityManager(  624): sync unfroze 3066 com.android.dynsystem:dynsystem for 10
09-20 09:54:30.135 D/ActivityManager(  624): sync unfroze 3020 com.android.dynsystem for 10
09-20 09:54:30.135 I/PasspointManager(  624): No app ops listener found for com.neew.browser
09-20 09:54:30.135 W/WifiService(  624): Couldn't get PackageInfo for package:com.neew.browser
09-20 09:54:30.135 D/WifiService(  624): Remove settings for package:com.neew.browser
09-20 09:54:30.135 D/WifiConfigManager(  624): Remove all networks for app ApplicationInfo{714450a com.neew.browser}
09-20 09:54:30.135 I/PasspointManager(  624): No app ops listener found for com.neew.browser
09-20 09:54:30.138 D/ActivityManager(  624): sync unfroze 1942 com.android.localtransport for 10
09-20 09:54:30.147 W/BroadcastLoopers(  624): Found previously unknown looper Thread[AdServicesManagerServiceHandler,5,main]
09-20 09:54:30.152 W/AppOpService(  624): Ignored setUidMode call for runtime permission app op: uid = 1001, code = READ_SMS, mode = allow, callingUid = 1001, oldMode = allow
09-20 09:54:30.156 I/Finsky  ( 4469): [2] aexe - Received: android.intent.action.PACKAGE_REMOVED, [ihIDQQ044TF6CSsX1o1ebZx8m81u1p0Bc9k99L3pZyU]
09-20 09:54:30.157 W/PackageManager(  624): Not removing non-existent package androidx.test.orchestrator
09-20 09:54:30.162 I/Finsky:background( 2416): [2] aewu - Received: android.intent.action.PACKAGE_REMOVED, [ihIDQQ044TF6CSsX1o1ebZx8m81u1p0Bc9k99L3pZyU]
09-20 09:54:30.163 I/RoleService(  624): Granting default roles...
09-20 09:54:30.165 W/AppOpService(  624): Ignored setUidMode call for runtime permission app op: uid = 1001, code = RECEIVE_SMS, mode = allow, callingUid = 1001, oldMode = allow
09-20 09:54:30.195 W/AppOpService(  624): Ignored setUidMode call for runtime permission app op: uid = 1001, code = RECEIVE_WAP_PUSH, mode = allow, callingUid = 1001, oldMode = allow
09-20 09:54:30.213 I/Finsky:background( 2416): [2] Package no longer installed: com.neew.browser
09-20 09:54:30.213 E/ashmem  ( 1751): Pinning is deprecated since Android Q. Please use trim or other methods.
09-20 09:54:30.215 I/Finsky  ( 4469): [2] Clearing split related stale data.
09-20 09:54:30.216 W/AppOpService(  624): Ignored setUidMode call for runtime permission app op: uid = 1001, code = SEND_SMS, mode = allow, callingUid = 1001, oldMode = allow
09-20 09:54:30.216 W/AppOpService(  624): Ignored setUidMode call for runtime permission app op: uid = 1001, code = READ_CELL_BROADCASTS, mode = allow, callingUid = 1001, oldMode = allow
09-20 09:54:30.219 D/BackgroundInstallControlService(  624): Package event received: 0
09-20 09:54:30.237 W/PackageManager(  624): Not removing non-existent package androidx.test.services
09-20 09:54:30.247 I/Finsky:background( 2416): [2] IQ: onPackageRemoved com.neew.browser, replacing=false, uninstallingFromPlay=false
09-20 09:54:30.252 I/Telecom (  624): CarModeTracker: Package com.neew.browser is not tracked.: SSH.oR@ALo
09-20 09:54:30.254 I/Telecom (  624): InCallController: updateCarModeForConnections: car mode apps: : SSH.oR@ALo
09-20 09:54:30.255 I/Telecom (  624): InCallController: update carmode current:UserHandle{0} parent:null: SSH.oR@ALo
09-20 09:54:30.257 I/Finsky:background( 2416): [2] Package no longer installed: com.neew.browser
09-20 09:54:30.262 W/SignedPackage(  624): Package doesn't have required signing certificate: com.google.android.retaildemo
09-20 09:54:30.263 E/RoleControllerServiceImpl(  624): Default/fallback role holder package doesn't qualify for the role, package: com.google.android.gms.supervision, role: android.app.role.SYSTEM_SUPERVISION
09-20 09:54:30.263 W/SignedPackage(  624): Package doesn't have required signing certificate: com.google.android.apps.work.clouddpc
09-20 09:54:30.276 I/Finsky  ( 4469): [146] Asset module storage cleared for package com.neew.browser.
09-20 09:54:30.295 I/Finsky:background( 2416): [2] aewu - Received: android.intent.action.PACKAGE_FULLY_REMOVED, [ihIDQQ044TF6CSsX1o1ebZx8m81u1p0Bc9k99L3pZyU]
09-20 09:54:30.295 I/Finsky:background( 2416): [2] Package no longer installed: com.neew.browser
09-20 09:54:30.298 D/AppSearchAppsIndexerManagerS(  624): userid in package receiver: 10214
09-20 09:54:30.299 I/Finsky  ( 4469): [2] Do not start WearSupportService due to Wear service optimization
09-20 09:54:30.306 I/Finsky:background( 2416): [114] IQ: handled package removed
09-20 09:54:30.307 I/Finsky:background( 2416): [2] aewu - Deduping intent android.intent.action.PACKAGE_FULLY_REMOVED
09-20 09:54:30.312 W/Looper  (  624): Slow delivery took 202ms main app=system_server main=true group=FOREGROUND h=android.app.ActivityThread$H c=null m=113
09-20 09:54:30.313 I/Finsky:background( 2416): [51] RECEIVER_PACKAGE_MONITOR_BACKGROUND#logWorkEndAndFinishGoAsync: SUCCESS
09-20 09:54:30.324 I/Finsky:background( 2416): [112] Frosting DB delete succeeded: true
09-20 09:54:30.324 I/Finsky:background( 2416): [112] Frosting DB delete succeeded: false
09-20 09:54:30.324 I/Finsky:background( 2416): [112] Frosting DB delete succeeded: false
09-20 09:54:30.348 W/PackageManager(  624): Not removing non-existent package com.neew.browser.test
09-20 09:54:30.414 I/ConditionProviders(  624): Disallowing condition provider com.neew.browser (userSet: true)
09-20 09:54:30.414 V/ConditionProviders(  624): enabling condition provider for 0: ComponentInfo{com.google.android.apps.wellbeing/com.google.android.apps.wellbeing.azr.impl.AzrConditionProviderService}
09-20 09:54:30.414 V/ConditionProviders(  624): Not registering ComponentInfo{com.google.android.apps.wellbeing/com.google.android.apps.wellbeing.azr.impl.AzrConditionProviderService} is already bound
09-20 09:54:30.423 I/CredentialManager(  624): updateProvidersWhenPackageRemoved
09-20 09:54:30.430 D/BackgroundInstallControlService(  624): Package event received: 0
09-20 09:54:30.430 I/HealthFirstGrantTimeMan(  624): State for user: 0 has not been restored and validated.
09-20 09:54:30.508 E/RoleControllerServiceImpl(  624): Default/fallback role holder package doesn't qualify for the role, package: com.google.android.gms, role: android.app.role.WALLET
09-20 09:54:30.520 I/Finsky  ( 4469): [66] AIM: AppInfoManager-Perf > OnDeviceAppInfo > cacheHitCount=0, cacheMissCount=1. Missed  in cache (limit 10) : [com.neew.browser]
09-20 09:54:30.521 I/Finsky  ( 4469): [66] AIM: Got app ownership map. App counts: . Unique apps: 0
09-20 09:54:30.521 E/Finsky  ( 4469): [66] [Counters] attempted to use a non-positive increment for: 4752
09-20 09:54:30.530 W/android.vending( 4469): Reducing the number of considered missed Gc histogram windows from 103 to 100
09-20 09:54:30.548 I/Finsky  ( 4469): [2] aexe - Received: android.intent.action.PACKAGE_FULLY_REMOVED, [ihIDQQ044TF6CSsX1o1ebZx8m81u1p0Bc9k99L3pZyU]
09-20 09:54:30.548 I/Finsky  ( 4469): [2] aexe - Deduping intent android.intent.action.PACKAGE_FULLY_REMOVED
09-20 09:54:30.548 I/Finsky  ( 4469): [52] RECEIVER_PACKAGE_MONITOR#logWorkEndAndFinishGoAsync: SUCCESS
09-20 09:54:30.555 D/ActivityManager(  624): sync unfroze 4867 com.google.android.gms for 6
09-20 09:54:30.558 I/Finsky  ( 4469): [77] AIM: AppInfoManager-Perf > ItemModel > CacheSize=0, cacheHitCount=0, cacheMissCount=1, total appsWithNoServerDataCount=0. Missed  in cache (limit 10) : [com.neew.browser]
09-20 09:54:30.558 I/Finsky  ( 4469): [151] SCH: Received scheduling request: Id: 12-1, Constraints: [{ L: 15000, D: 86400000, C: CHARGING_NONE, I: IDLE_NONE, N: NET_ANY, B: BATTERY_ANY }]
09-20 09:54:30.568 I/Finsky  ( 4469): [77] AIM: AppInfoManager-Perf > ItemModel > ItemStore Called 1 apps cacheOptions = USE_CACHE
09-20 09:54:30.569 I/Finsky  ( 4469): [77] AIM: ItemModel fetch - unauth(1), auth()
09-20 09:54:30.571 I/Finsky  ( 4469): [77] ItemStore: Missing some fields: com.neew.browser, 1
09-20 09:54:30.587 D/ActivityManager(  624): sync unfroze 2507 com.google.android.gms.unstable for 6
09-20 09:54:30.626 I/Finsky:background( 2416): [52] RECEIVER_ENGAGE_PACKAGE_CHANGED#logWorkEndAndFinishGoAsync: SUCCESS
09-20 09:54:30.634 I/Finsky  ( 4469): [2] Memory trim requested to level 40
09-20 09:54:30.634 I/Finsky  ( 4469): [2] Flushing in-memory image cache
09-20 09:54:30.638 I/Finsky  ( 4469): [60] WM::SCH: Logging work initialize for 12-1
09-20 09:54:30.642 W/Looper  (  624): Slow dispatch took 325ms main app=system_server main=true group=FOREGROUND h=com.android.server.notification.NotificationManagerService$WorkerHandler c=null m=8
09-20 09:54:30.646 D/NetworkStatsObservers(  624): Unregistering RequestInfo from pid/uid:624/1000(android) for DataUsageRequest [ requestId=9, networkTemplate=NetworkTemplate: matchRule=MOBILE, matchSubscriberIds=[310260...], matchWifiNetworkKeys=[], metered=YES, defaultNetwork=NO, thresholdInBytes=8226475 ] accessLevel:3
09-20 09:54:30.646 D/ActivityManager(  624): sync unfroze 1909 com.google.android.adservices.api for 3
09-20 09:54:30.648 D/NetworkStatsObservers(  624): Registering observer for RequestInfo from pid/uid:624/1000(android) for DataUsageRequest [ requestId=10, networkTemplate=NetworkTemplate: matchRule=MOBILE, matchSubscriberIds=[310260...], matchWifiNetworkKeys=[], metered=YES, defaultNetwork=NO, thresholdInBytes=8170705 ] accessLevel:3
09-20 09:54:30.649 D/ActivityManager(  624): sync unfroze 1735 com.android.chrome for 3
09-20 09:54:30.661 I/AiAiEcho( 1442): Settings changed for uri: content://settings/secure/credential_service_primary
09-20 09:54:30.663 I/Finsky:background( 2416): [2] Memory trim requested to level 40
09-20 09:54:30.681 V/GrammaticalInflectionUtils(  624): AttributionSource: android.content.AttributionSource@fd9d0d71 does not have READ_SYSTEM_GRAMMATICAL_GENDER permission.
09-20 09:54:30.684 D/BoundBrokerSvc( 1234): onUnbind: Intent { act=com.google.android.gms.auth.aang.events.services.START dat=chimera-action:/... xflg=0x4 cmp=com.google.android.gms/.chimera.PersistentApiService }
09-20 09:54:30.686 W/MediaProvider( 1428): WorkProfileOwnerApps cache is empty
09-20 09:54:30.686 D/PickerSyncLockManager( 1428): Trying to acquire lock com.android.providers.media.photopicker.sync.CloseableReentrantLock@66c2064[Unlocked]. Lock Name = CLOUD_PROVIDER_LOCK. Threads that may be waiting to acquire this lock = []
09-20 09:54:30.686 D/CloseableReentrantLock( 1428): Successfully acquired lock com.android.providers.media.photopicker.sync.CloseableReentrantLock@66c2064[Locked by thread main]. Lock Name = CLOUD_PROVIDER_LOCK. Threads that may be waiting to acquire this lock = []
09-20 09:54:30.686 D/CloseableReentrantLock( 1428): Successfully released lock com.android.providers.media.photopicker.sync.CloseableReentrantLock@66c2064[Unlocked]. Lock Name = CLOUD_PROVIDER_LOCK. Threads that may be waiting to acquire this lock = []
09-20 09:54:30.690 W/JobInfo (  624): Job 'com.google.android.providers.media.module/com.android.providers.media.MediaService#-300' has a deadline with no functional constraints. The deadline won't improve job execution latency. Consider removing the deadline.
09-20 09:54:30.691 W/Looper  (  624): Drained
09-20 09:54:30.705 I/AiAiEcho( 1442): Predicting[0]:  [CONTEXT sampling_count=5 ]
09-20 09:54:30.706 V/SafetySourceDataValidat(  624): Package: com.android.vending has expected signature
09-20 09:54:30.706 V/SafetySourceDataValidat(  624): Package: com.android.vending has expected signature
09-20 09:54:30.718 I/AiAiEcho( 1442): Settings changed for uri: content://settings/secure/credential_service
09-20 09:54:30.722 I/Finsky  ( 4469): [66] SCH: Scheduling phonesky job Id: 12-1, CT: 1758333270559, Constraints: [{ L: 15000, D: 86400000, C: CHARGING_NONE, I: IDLE_NONE, N: NET_ANY, B: BATTERY_ANY }]
09-20 09:54:30.726 I/AiAiEcho( 1442): EchoTargets: 
09-20 09:54:30.726 I/AiAiEcho( 1442): Filtered by AiAi flag check: 
09-20 09:54:30.726 I/AiAiEcho( 1442): [CONTEXT ratelimit_period="10 SECONDS" ]
09-20 09:54:30.730 I/Finsky  ( 4469): [77] SCH: Scheduling 1 system job(s)
09-20 09:54:30.731 I/Finsky  ( 4469): [77] SCH: Scheduling system job Id: 9423, L: 14829, D: 43569395, C: false, I: false, N: 1
09-20 09:54:30.736 D/Zygote  (  410): Forked child process 5776
09-20 09:54:30.747 W/ActivityManager(  624): Slow operation: 64ms so far, now at startProcess: returned from zygote!
09-20 09:54:30.747 W/ProcessStats(  624): Tracking association SourceState{fcf3af5 com.google.android.gms/10148 Service #6473} whose proc state 8 is better than process ProcessState{6634fa2 com.google.android.gms.unstable/10148 pkg=com.google.android.gms} proc state 14 (10 skipped)
09-20 09:54:30.749 W/ActivityManager(  624): Slow operation: 66ms so far, now at startProcess: done updating battery stats
09-20 09:54:30.749 W/ActivityManager(  624): Slow operation: 66ms so far, now at startProcess: building log message
09-20 09:54:30.749 I/ActivityManager(  624): Start proc 5776:com.google.android.documentsui/u0a102 for broadcast {com.google.android.documentsui/com.android.documentsui.PackageReceiver}
09-20 09:54:30.749 W/ActivityManager(  624): Slow operation: 66ms so far, now at startProcess: starting to update pids map
09-20 09:54:30.749 I/ActivityManager(  624): ProcessObserver broadcast disabled
09-20 09:54:30.749 W/ActivityManager(  624): Slow operation: 66ms so far, now at startProcess: done updating pids map
09-20 09:54:30.773 I/oid.documentsui( 5776): Using CollectorTypeCMC GC.
09-20 09:54:30.774 D/ActivityManager(  624): sync unfroze 1067 com.google.android.permissioncontroller for 3
09-20 09:54:30.783 I/AiAiEcho( 1442): #remoteViewsTwiddler: feature disabled.
09-20 09:54:30.787 I/AiAiEcho( 1442): Predicting[0]:  [CONTEXT sampling_count=5 ]
09-20 09:54:30.787 I/AiAiEcho( 1442): EchoTargets: 
09-20 09:54:30.787 I/AiAiEcho( 1442): Filtered by AiAi flag check: 
09-20 09:54:30.787 I/AiAiEcho( 1442): [CONTEXT ratelimit_period="10 SECONDS" ]
09-20 09:54:30.788 I/AiAiEcho( 1442): #remoteViewsTwiddler: feature disabled.
09-20 09:54:30.788 I/AiAiEcho( 1442): Predicting[0]:  [CONTEXT sampling_count=5 ]
09-20 09:54:30.788 I/AiAiEcho( 1442): EchoTargets: 
09-20 09:54:30.788 I/AiAiEcho( 1442): Filtered by AiAi flag check: 
09-20 09:54:30.788 I/AiAiEcho( 1442): [CONTEXT ratelimit_period="10 SECONDS" ]
09-20 09:54:30.788 I/AiAiEcho( 1442): #remoteViewsTwiddler: feature disabled.
09-20 09:54:30.788 I/AiAiEcho( 1442): Predicting[0]:  [CONTEXT sampling_count=5 ]
09-20 09:54:30.788 I/AiAiEcho( 1442): EchoTargets: 
09-20 09:54:30.788 I/AiAiEcho( 1442): Filtered by AiAi flag check: 
09-20 09:54:30.788 I/AiAiEcho( 1442): [CONTEXT ratelimit_period="10 SECONDS" ]
09-20 09:54:30.788 I/AiAiEcho( 1442): #remoteViewsTwiddler: feature disabled.
09-20 09:54:30.795 E/oid.documentsui( 5776): Not starting debugger since process cannot load the jdwp agent.
09-20 09:54:30.805 D/nativeloader( 5776): Load libframework-connectivity-tiramisu-jni.so using APEX ns com_android_tethering for caller /apex/com.android.tethering/javalib/framework-connectivity-t.jar: ok
09-20 09:54:30.806 D/BoundBrokerSvc( 4867): onUnbind: Intent { act=com.google.android.gms.auth.service.START xflg=0x4 pkg=com.google.android.gms }
09-20 09:54:30.819 D/BackgroundInstallControlService(  624): Package event received: 0
09-20 09:54:30.834 I/system_server(  624): AssetManager2(0xb400007828f43f98) locale list changing from [] to [en-US]
09-20 09:54:30.859 D/ActivityManager(  624): sync unfroze 4629 com.google.android.googlequicksearchbox:search for 6
09-20 09:54:30.860 I/AiAiEcho( 1442): #postPredictionTargets: Sending updates to UISurface home with targets# 0 (types=[])
09-20 09:54:30.863 D/SsBaseTemplateCard( 1050): No text view can be set up
09-20 09:54:30.863 D/SsBaseTemplateCard( 1050): Passed-in item info is null
09-20 09:54:30.863 D/SsBaseTemplateCard( 1050): Passed-in item info is null
09-20 09:54:30.863 D/SsBaseTemplateCard( 1050): Passed-in item info is null
09-20 09:54:30.863 I/SsBaseTemplateCard( 1050): Secondary card pane is null
09-20 09:54:30.896 I/Finsky  ( 4469): [58] [ContentSync] finished, scheduled=true
09-20 09:54:30.908 I/AiAiEcho( 1442): #postPredictionTargets: Sending updates to UISurface lockscreen with targets# 0 (types=[])
09-20 09:54:30.950 I/gle.android.gms( 4867): AssetManager2(0xb400007828ee3e18) locale list changing from [] to [en-US]
09-20 09:54:30.955 I/AiAiEcho( 1442): #postPredictionTargets: Sending updates to UISurface home with targets# 0 (types=[])
09-20 09:54:30.956 D/SsBaseTemplateCard( 1050): No text view can be set up
09-20 09:54:30.956 D/SsBaseTemplateCard( 1050): Passed-in item info is null
09-20 09:54:30.956 D/SsBaseTemplateCard( 1050): Passed-in item info is null
09-20 09:54:30.956 D/SsBaseTemplateCard( 1050): Passed-in item info is null
09-20 09:54:30.956 I/SsBaseTemplateCard( 1050): Secondary card pane is null
09-20 09:54:30.975 I/gle.android.gms( 4867): AssetManager2(0xb400007828ee0c18) locale list changing from [] to [en-US]
09-20 09:54:30.976 W/ActivityManager(  624): Slow operation: 97ms so far, now at attachApplicationLocked: after updateOomAdjLocked
09-20 09:54:31.017 D/BoundBrokerSvc( 4867): onBind: Intent { act=com.google.android.gms.common.BIND_SHARED_PREFS xflg=0x4 pkg=com.google.android.gms }
09-20 09:54:31.030 I/AiAiEcho( 1442): #postPredictionTargets: Sending updates to UISurface lockscreen with targets# 0 (types=[])
09-20 09:54:31.046 D/BoundBrokerSvc( 4867): Loading bound service for intent: Intent { act=com.google.android.gms.common.BIND_SHARED_PREFS xflg=0x4 pkg=com.google.android.gms }
09-20 09:54:31.055 D/ActivityManager(  624): sync unfroze 1811 android.process.media for 3
09-20 09:54:31.095 I/axea    ( 4629): (REDACTED) Starting %s background task %s.
09-20 09:54:31.097 W/PageIndicator(  893): Total number of pages invalid: 0. Assuming 1 page.
09-20 09:54:31.097 W/PageIndicator(  893): Total number of pages invalid: 0. Assuming 1 page.
09-20 09:54:31.115 D/SafetySourceDataValidat(  624): No cert check requested for package com.google.android.permissioncontroller
09-20 09:54:31.157 I/ProximityAuth( 1234): [RecentAppsMediator] Package removed: (user=UserHandle{0}) com.neew.browser
09-20 09:54:31.158 W/aefw    ( 4629): Account id is not cached
09-20 09:54:31.200 W/ActivityManager(  624): Unable to start service Intent { xflg=0x4 cmp=com.google.android.gms/ojr } U=0: not found
09-20 09:54:31.210 I/Fitness ( 1234): (REDACTED) FitCleanupIntentOperation received Intent %s
09-20 09:54:31.227 D/PersistedStoragePackageUninstalledReceiver( 1067): Received android.intent.action.PACKAGE_FULLY_REMOVED for com.neew.browser for u0
09-20 09:54:31.255 I/fiis    ( 1455): (REDACTED) O received %s
09-20 09:54:31.271 W/.adservices.api( 1909): Reducing the number of considered missed Gc histogram windows from 109 to 100
09-20 09:54:31.274 D/BackgroundInstallControlService(  624): Package event received: 0
09-20 09:54:31.282 I/MediaProvider( 1428): Begin Intent { act=android.intent.action.PACKAGE_FULLY_REMOVED dat=package: flg=0x5000010 cmp=com.google.android.providers.media.module/com.android.providers.media.MediaService (has extras) }
09-20 09:54:31.284 I/GmsModuleInitializer( 4867): Using ContainerGservicesDelegate
09-20 09:54:31.307 E/PhSharedDirectoryWriter( 1234): Failed to delete the DE shared dir for Android package: com.neew.browser. [CONTEXT service_id=51 ]
09-20 09:54:31.307 E/PhSharedDirectoryWriter( 1234): java.lang.IllegalStateException: Failed to delete directory
09-20 09:54:31.307 E/PhSharedDirectoryWriter( 1234): 	at gfnf.r(:com.google.android.gms@253434035@25.34.34 (260400-800653487):10)
09-20 09:54:31.307 E/PhSharedDirectoryWriter( 1234): 	at eipy.a(:com.google.android.gms@253434035@25.34.34 (260400-800653487):130)
09-20 09:54:31.307 E/PhSharedDirectoryWriter( 1234): 	at com.google.android.gms.phenotype.notification.PackagesChangedIntentOperation.onHandleIntent(:com.google.android.gms@253434035@25.34.34 (260400-800653487):103)
09-20 09:54:31.307 E/PhSharedDirectoryWriter( 1234): 	at com.google.android.chimera.IntentOperation.onHandleIntent(:com.google.android.gms@253434035@25.34.34 (260400-800653487):2)
09-20 09:54:31.307 E/PhSharedDirectoryWriter( 1234): 	at awce.onHandleIntent(:com.google.android.gms@253434035@25.34.34 (260400-800653487):8)
09-20 09:54:31.307 E/PhSharedDirectoryWriter( 1234): 	at wzr.run(:com.google.android.gms@253434035@25.34.34 (260400-800653487):64)
09-20 09:54:31.307 E/PhSharedDirectoryWriter( 1234): 	at wzq.run(:com.google.android.gms@253434035@25.34.34 (260400-800653487):132)
09-20 09:54:31.307 E/PhSharedDirectoryWriter( 1234): 	at gdma.run(:com.google.android.gms@253434035@25.34.34 (260400-800653487):21)
09-20 09:54:31.307 E/PhSharedDirectoryWriter( 1234): 	at java.util.concurrent.ThreadPoolExecutor.runWorker(ThreadPoolExecutor.java:1156)
09-20 09:54:31.307 E/PhSharedDirectoryWriter( 1234): 	at java.util.concurrent.ThreadPoolExecutor$Worker.run(ThreadPoolExecutor.java:651)
09-20 09:54:31.307 E/PhSharedDirectoryWriter( 1234): 	at java.lang.Thread.run(Thread.java:1119)
09-20 09:54:31.340 D/nativeloader( 5776): Configuring clns-shared-9 for other apk /system/priv-app/DocumentsUIGoogle/DocumentsUIGoogle.apk. target_sdk_version=36, uses_libraries=, library_path=/system/priv-app/DocumentsUIGoogle/lib/arm64:/system/lib64:/system_ext/lib64, permitted_path=/data:/mnt/expand:/data/user/0/com.google.android.documentsui:/system/priv-app/DocumentsUIGoogle:/system/lib64:/system_ext/lib64
09-20 09:54:31.346 W/.android.chrome( 1735): Reducing the number of considered missed Gc histogram windows from 111 to 100
09-20 09:54:31.353 I/system_server(  624): AssetManager2(0xb400007828f48a98) locale list changing from [] to [en-US]
09-20 09:54:31.375 W/TracingHelper( 4867): No RequestContext found in the trace or trace not available. [CONTEXT service_id=259 ratelimit_count=100000 ]
09-20 09:54:31.385 I/ogle.android.as( 1442): Waiting for a blocking GC ProfileSaver
09-20 09:54:31.387 I/avxj    ( 4629): Using pair HTTP connection
09-20 09:54:31.390 I/oid.documentsui( 5776): AssetManager2(0xb400007828ee02b8) locale list changing from [] to [en-US]
09-20 09:54:31.395 W/ChimeraProxyRslvr( 4867): No registered Chimera impl for com.google.android.gms.games.chimera.GamesSystemBroadcastReceiverProxy
09-20 09:54:31.395 E/ChimeraRcvrProxy( 4867): com.google.android.gms.games.chimera.GamesSystemBroadcastReceiverProxy dropping broadcast android.intent.action.PACKAGE_REMOVED
09-20 09:54:31.403 E/Finsky  ( 4469): [66] [Counters] attempted to use a non-positive increment for: 4751
09-20 09:54:31.413 I/device_suggestions( 4867): Device suggestions is_enabled flag is false. [CONTEXT service_id=432 ]
09-20 09:54:31.413 I/device_suggestions( 4867): Device suggestions feature unavailable; ignoring intent action. [CONTEXT service_id=432 ]
09-20 09:54:31.440 W/SignedPackage(  624): Cannot get ApplicationInfo for package: com.google.android.devicelockcontroller
09-20 09:54:31.442 I/Blockstore( 4867): (REDACTED) [DataStoreImpl] Clearing all the restore credential for %s packages
09-20 09:54:31.459 V/GrammaticalInflectionUtils(  624): AttributionSource: android.content.AttributionSource@91fcd597 does not have READ_SYSTEM_GRAMMATICAL_GENDER permission.
09-20 09:54:31.463 W/Blockstore( 4867): [DataStoreImpl] Does not contain gms package key space. [CONTEXT service_id=258 ]
09-20 09:54:31.463 I/Blockstore( 4867): (REDACTED) [PackageIntentOperation] Deleted restore credential for package %s is successful: %s
09-20 09:54:31.468 E/AtomicFile(  624): Failed to rename /data/system/cachequota.xml.new to /data/system/cachequota.xml
09-20 09:54:31.468 V/GraphicsEnvironment( 5776): Currently set values for:
09-20 09:54:31.468 V/GraphicsEnvironment( 5776):   angle_gl_driver_selection_pkgs=[]
09-20 09:54:31.468 V/GraphicsEnvironment( 5776):   angle_gl_driver_selection_values=[]
09-20 09:54:31.468 V/GraphicsEnvironment( 5776): com.google.android.documentsui is not listed in per-application setting
09-20 09:54:31.473 V/GraphicsEnvironment( 5776): ANGLE allowlist from config: com.dreamgames.royalmatch com.dts.freefiremax com.dxx.firenow com.gramgames.mergedragons com.ludo.king com.mojang.minecraftpe com.my.defense com.nintendo.zaka com.os.airforce com.playrix.fishdomdd.gplay io.teslatech.callbreak jp.konami.prospia net.peakgames.toonblast
09-20 09:54:31.473 V/GraphicsEnvironment( 5776): com.google.android.documentsui is not listed in ANGLE allowlist or settings, returning default
09-20 09:54:31.473 V/GraphicsEnvironment( 5776): Neither updatable production driver nor prerelease driver is supported.
09-20 09:54:31.478 I/Blockstore( 4867): (REDACTED) [DataStoreImpl] Clearing all the Blockstore Data for package %s
09-20 09:54:31.478 I/Blockstore( 4867): (REDACTED) [DataStoreImpl] Clearing all the Blockstore Data for %s packages
09-20 09:54:31.479 D/BackgroundInstallControlService(  624): Package event received: 0
09-20 09:54:31.479 I/Blockstore( 4867): (REDACTED) [DataStoreImpl] Allow listed package: %s
09-20 09:54:31.480 I/Blockstore( 4867): (REDACTED) [DataStoreImpl] Allow listed package: %s
09-20 09:54:31.480 I/Blockstore( 4867): (REDACTED) [DataStoreImpl] Allow listed package: %s
09-20 09:54:31.480 I/Blockstore( 4867): (REDACTED) [DataStoreImpl] Allow listed package: %s
09-20 09:54:31.480 I/Blockstore( 4867): (REDACTED) [DataStoreImpl] Allow listed package: %s
09-20 09:54:31.484 I/Blockstore( 4867): (REDACTED) [DataStoreImpl] Removing Blockstore data for packages %s
09-20 09:54:31.490 D/MediaProvider( 1428): Deleted 0 Android/media items belonging to com.neew.browser on /data/user/0/com.google.android.providers.media.module/databases/external.db
09-20 09:54:31.519 W/Zygote  (  410): forkRepeatedly terminated due to non-simple command
09-20 09:54:31.519 D/Zygote  (  410): mbuffer starts with 16, nice name is com.android.chrome_zygote, mEnd = 435, mNext = 216, mLinesLeft = 6, mFd = 5
09-20 09:54:31.523 W/RWIPackageIntentOps( 4867): Registries cleared for package: com.neew.browser
09-20 09:54:31.526 I/acup    ( 4629): [Upload] Connected
09-20 09:54:31.536 D/Zygote  (  410): Forked child process 5832
09-20 09:54:31.542 I/libc    ( 5832): SetHeapTaggingLevel: tag level set to 0
09-20 09:54:31.543 I/d.chrome_zygote( 5832): Using CollectorTypeCMC GC.
09-20 09:54:31.543 I/Finsky  ( 4469): [2] Memory trim requested to level 40
09-20 09:54:31.543 I/Finsky  ( 4469): [2] Flushing in-memory image cache
09-20 09:54:31.550 W/ZygoteProcess(  624): Got error connecting to zygote, retrying. msg= Connection refused
09-20 09:54:31.562 E/WorkSourceUtil( 4867): Could not find package: com.neew.browser
09-20 09:54:31.569 I/avxj    ( 4629): Using pair HTTP connection
09-20 09:54:31.572 I/Icing   ( 4867): doRemovePackageData com.neew.browser
09-20 09:54:31.579 I/acup    ( 4629): [Upload] Connected
09-20 09:54:31.580 E/rya     ( 4629): onError
09-20 09:54:31.580 E/rya     ( 4629): ahif: errorCode: 65561, engine: 2
09-20 09:54:31.580 E/rya     ( 4629): 	at avxl.a(PG:23)
09-20 09:54:31.580 E/rya     ( 4629): 	at acul.hp(PG:13)
09-20 09:54:31.580 E/rya     ( 4629): 	at gifa.e(PG:9)
09-20 09:54:31.580 E/rya     ( 4629): 	at aino.d(PG:156)
09-20 09:54:31.580 E/rya     ( 4629): 	at aino.iJ(PG:26)
09-20 09:54:31.580 E/rya     ( 4629): 	at acum.c(PG:104)
09-20 09:54:31.580 E/rya     ( 4629): 	at acun.run(PG:1)
09-20 09:54:31.580 E/rya     ( 4629): 	at java.util.concurrent.Executors$RunnableAdapter.call(Executors.java:524)
09-20 09:54:31.580 E/rya     ( 4629): 	at java.util.concurrent.FutureTask.run(FutureTask.java:317)
09-20 09:54:31.580 E/rya     ( 4629): 	at ahte.run(PG:37)
09-20 09:54:31.580 E/rya     ( 4629): 	at ahuc.run(PG:3)
09-20 09:54:31.580 E/rya     ( 4629): 	at ahuc.run(PG:3)
09-20 09:54:31.580 E/rya     ( 4629): 	at java.util.concurrent.ThreadPoolExecutor.runWorker(ThreadPoolExecutor.java:1156)
09-20 09:54:31.580 E/rya     ( 4629): 	at java.util.concurrent.ThreadPoolExecutor$Worker.run(ThreadPoolExecutor.java:651)
09-20 09:54:31.580 E/rya     ( 4629): 	at java.lang.Thread.run(Thread.java:1119)
09-20 09:54:31.580 E/rya     ( 4629): 	at ahst.run(PG:44)
09-20 09:54:31.580 E/rya     ( 4629): Caused by: ahih: errorCode: 65586, engine: 2
09-20 09:54:31.580 E/rya     ( 4629): 	at acul.hp(PG:6)
09-20 09:54:31.580 E/rya     ( 4629): 	... 14 more
09-20 09:54:31.580 E/rya     ( 4629): Caused by: ahid: errorCode: 401, engine: 2
09-20 09:54:31.580 E/rya     ( 4629): 	at rxx.b(PG:30)
09-20 09:54:31.580 E/rya     ( 4629): 	at acvi.hx(PG:11)
09-20 09:54:31.580 E/rya     ( 4629): 	at aino.d(PG:131)
09-20 09:54:31.580 E/rya     ( 4629): 	... 12 more
09-20 09:54:31.590 I/GmscoreIpa( 4867): (REDACTED) Using %s flags by method %d
09-20 09:54:31.599 W/SQLiteLog( 4867): (28) double-quoted string literal: "com.neew.browser"
09-20 09:54:31.603 I/FA-SVC  ( 4867): App measurement initialized, version: 253434
09-20 09:54:31.604 I/AppZygote(  624): Starting application preload.
09-20 09:54:31.624 I/AppZygoteInit( 5832): Beginning application preload for com.android.chrome
09-20 09:54:31.638 W/adua    ( 4629): Abort, client detached.
09-20 09:54:31.641 W/d.chrome_zygote( 5832): Failed to find entry 'classes.dex': Entry not found
09-20 09:54:31.654 W/Ads     ( 4867): Name not found.
09-20 09:54:31.655 I/oid.documentsui( 5776): AssetManager2(0xb400007828ee4138) locale list changing from [] to [en-US]
09-20 09:54:31.670 D/nativeloader( 5832): Configuring clns-9 for other apk /data/app/~~joaLSPL1U6npRLUhMpR3pQ==/com.google.android.trichromelibrary_694313732-yghVLV3tRZnvfNoUILDigA==/TrichromeLibrary.apk. target_sdk_version=34, uses_libraries=ALL, library_path=/data/app/~~MP1bYc-JrzUffmDTzhluAQ==/com.android.chrome-m5-TjWzZW4Gaeq7mlNc2nw==/lib/arm64:/data/app/~~MP1bYc-JrzUffmDTzhluAQ==/com.android.chrome-m5-TjWzZW4Gaeq7mlNc2nw==/Chrome.apk!/lib/arm64-v8a:/data/app/~~joaLSPL1U6npRLUhMpR3pQ==/com.google.android.trichromelibrary_694313732-yghVLV3tRZnvfNoUILDigA==/TrichromeLibrary.apk!/lib/arm64-v8a, permitted_path=/data:/mnt/expand
09-20 09:54:31.677 W/Ads     ( 4867): Name not found.
09-20 09:54:31.679 W/rln     ( 4629): Failed to sync device settings.
09-20 09:54:31.679 I/rln     ( 4629): Retrying to sync device settings.
09-20 09:54:31.705 I/oid.documentsui( 5776): AssetManager2(0xb400007828ee3e18) locale list changing from [] to [en-US]
09-20 09:54:31.706 W/JobInfo ( 4629): Job 'com.google.android.googlequicksearchbox/com.google.android.apps.gsa.tasks.BackgroundTasksJobService#-353' has a deadline with functional constraints and an extremely short time window of 0 ms (delay=960000, deadline=960000). The functional constraints are not likely to be satisfied when the job runs.
