09-20 10:05:26.720 D/AlphabeticalAppsList( 1050): addAppsWithSections: adding sectionName: S with appInfoTitle: Safety
09-20 10:05:26.720 D/AlphabeticalAppsList( 1050): addAppsWithSections: adding sectionName: T with appInfoTitle: TMoble
09-20 10:05:26.720 D/AlphabeticalAppsList( 1050): addAppsWithSections: adding sectionName: Y with appInfoTitle: YouTube
09-20 10:05:26.720 D/AlphabeticalAppsList( 1050): Adding FastScrollSection duplicate to scroll to the bottom.
09-20 10:05:26.720 D/AlphabeticalAppsList( 1050): Clearing FastScrollerSections.
09-20 10:05:26.720 D/AlphabeticalAppsList( 1050): Adding apps with sections. HasPrivateApps: false
09-20 10:05:26.720 D/AlphabeticalAppsList( 1050): addAppsWithSections: adding sectionName: C with appInfoTitle: Calendar
09-20 10:05:26.720 D/AlphabeticalAppsList( 1050): addAppsWithSections: adding sectionName: D with appInfoTitle: Drive
09-20 10:05:26.720 D/AlphabeticalAppsList( 1050): addAppsWithSections: adding sectionName: F with appInfoTitle: Files
09-20 10:05:26.720 D/AlphabeticalAppsList( 1050): addAppsWithSections: adding sectionName: G with appInfoTitle: Gmail
09-20 10:05:26.720 D/AlphabeticalAppsList( 1050): addAppsWithSections: adding sectionName: I with appInfoTitle: Indic Browser
09-20 10:05:26.720 D/AlphabeticalAppsList( 1050): addAppsWithSections: adding sectionName: M with appInfoTitle: Maps
09-20 10:05:26.720 D/AlphabeticalAppsList( 1050): addAppsWithSections: adding sectionName: P with appInfoTitle: Phone
09-20 10:05:26.720 D/AlphabeticalAppsList( 1050): addAppsWithSections: adding sectionName: S with appInfoTitle: Safety
09-20 10:05:26.720 D/AlphabeticalAppsList( 1050): addAppsWithSections: adding sectionName: T with appInfoTitle: TMoble
09-20 10:05:26.720 D/AlphabeticalAppsList( 1050): addAppsWithSections: adding sectionName: Y with appInfoTitle: YouTube
09-20 10:05:26.720 D/AlphabeticalAppsList( 1050): Adding FastScrollSection duplicate to scroll to the bottom.
09-20 10:05:26.735 D/b/387844520( 1050): getOutlineOffsetX: measured width = 173, mNormalizedIconSize = 159, last updated width = 173
09-20 10:05:26.758 D/LauncherAppsService(  624): onPackageAdded: triggering onPackageAdded for user=UserHandle{0}, packageName=androidx.test.orchestrator
09-20 10:05:26.769 I/AiAiEcho( 1442): AppFetcherImplV2 updateApps package:[androidx.test.orchestrator], userId:[0], reason:[package is added.].
09-20 10:05:26.777 D/LauncherAppsService(  624): onPackageAdded: triggering onPackageAdded for user=UserHandle{0}, packageName=androidx.test.orchestrator
09-20 10:05:26.778 D/LauncherAppsCallbackImpl( 1050): onPackageAdded triggered for packageName=androidx.test.orchestrator, user=UserHandle{0}
09-20 10:05:26.778 D/PackageUpdatedTask( 1050): Package updated: mOp=ADD packages=[androidx.test.orchestrator], user=UserHandle{0}
09-20 10:05:26.783 W/HWUI    ( 1050): Image decoding logging dropped!
09-20 10:05:26.785 D/LauncherAppsService(  624): onPackageAdded: triggering onPackageAdded for user=UserHandle{0}, packageName=androidx.test.orchestrator
09-20 10:05:26.786 D/BaseIconCache( 1050): Default icon returned for androidx.test.orchestrator
09-20 10:05:26.798 D/AlphabeticIndexCompat( 1050): computeSectionName: cs: Settings sectionName: S
09-20 10:05:26.799 D/AlphabeticIndexCompat( 1050): computeSectionName: cs: Photos sectionName: P
09-20 10:05:26.799 D/AlphabeticIndexCompat( 1050): computeSectionName: cs: Battery sectionName: B
09-20 10:05:26.799 D/AlphabeticIndexCompat( 1050): computeSectionName: cs: Chrome sectionName: C
09-20 10:05:26.799 D/AlphabeticIndexCompat( 1050): computeSectionName: cs: Gmail sectionName: G
09-20 10:05:26.799 D/AlphabeticIndexCompat( 1050): computeSectionName: cs: Drive sectionName: D
09-20 10:05:26.799 D/AlphabeticIndexCompat( 1050): computeSectionName: cs: Clock sectionName: C
09-20 10:05:26.799 D/AlphabeticIndexCompat( 1050): computeSectionName: cs: Contacts sectionName: C
09-20 10:05:26.800 D/AlphabeticIndexCompat( 1050): computeSectionName: cs: Calendar sectionName: C
09-20 10:05:26.800 D/AlphabeticIndexCompat( 1050): computeSectionName: cs: Maps sectionName: M
09-20 10:05:26.800 D/AlphabeticIndexCompat( 1050): computeSectionName: cs: YouTube Music sectionName: Y
09-20 10:05:26.800 D/AlphabeticIndexCompat( 1050): computeSectionName: cs: YouTube sectionName: Y
09-20 10:05:26.800 D/AlphabeticIndexCompat( 1050): computeSectionName: cs: Google sectionName: G
09-20 10:05:26.800 D/AlphabeticIndexCompat( 1050): computeSectionName: cs: Android System Intelligence sectionName: A
09-20 10:05:26.800 D/AlphabeticIndexCompat( 1050): computeSectionName: cs: Digital Wellbeing sectionName: D
09-20 10:05:26.800 D/AlphabeticIndexCompat( 1050): computeSectionName: cs: Conversations sectionName: C
09-20 10:05:26.838 W/ParceledListSlice(  624): Element #26 is 20848 bytes.
09-20 10:05:26.839 W/ParceledListSlice(  624): Element #27 is 20884 bytes.
09-20 10:05:26.841 W/ParceledListSlice(  624): Element #28 is 21024 bytes.
09-20 10:05:26.841 W/ParceledListSlice(  624): Element #29 is 21112 bytes.
09-20 10:05:26.843 W/ParceledListSlice(  624): Element #30 is 20748 bytes.
09-20 10:05:26.846 W/PackageManager(  624): Failed registering loading progress callback. Package is fully loaded.
09-20 10:05:26.850 I/ogle.android.as( 1442): AssetManager2(0xb400007828f50798) locale list changing from [] to [en-US]
09-20 10:05:26.854 I/ogle.android.as( 1442): AssetManager2(0xb400007828f4fe38) locale list changing from [] to [en-US]
09-20 10:05:26.858 I/ogle.android.as( 1442): AssetManager2(0xb400007828f0beb8) locale list changing from [] to [en-US]
09-20 10:05:26.861 I/ogle.android.as( 1442): AssetManager2(0xb400007828f02278) locale list changing from [] to [en-US]
09-20 10:05:26.863 I/ogle.android.as( 1442): AssetManager2(0xb400007828f08cb8) locale list changing from [] to [en-US]
09-20 10:05:26.866 I/ogle.android.as( 1442): AssetManager2(0xb400007828f041b8) locale list changing from [] to [en-US]
09-20 10:05:26.871 I/AiAiEcho( 1442): EchoSearch: WidgetFetcherImpl is initialized with [34] widgets [reason=package added for userId: 0]
09-20 10:05:26.886 I/AiAiEcho( 1442): AppIndexer Package:[androidx.test.orchestrator] UserProfile:[0] Enabled:[true].
09-20 10:05:26.887 I/AiAiEcho( 1442): AppFetcherImplV2 updateApps package:[androidx.test.orchestrator], userId:[0], reason:[package is updated.].
09-20 10:05:26.905 I/.apps.wellbeing( 1374): AssetManager2(0xb400007828ef5758) locale list changing from [] to [en-US]
09-20 10:05:26.916 I/.apps.wellbeing( 1374): AssetManager2(0xb400007828eee9f8) locale list changing from [] to [en-US]
09-20 10:05:26.918 D/PackageUpdatedTask( 1050): Package updated: mOp=UPDATE packages=[androidx.test.orchestrator], user=UserHandle{0}
09-20 10:05:26.921 W/AllAppsList( 1050): updatePackage: no Activities matched updated package, removing any AppInfo with package=androidx.test.orchestrator, user=UserHandle{0}
09-20 10:05:26.943 I/.apps.wellbeing( 1374): AssetManager2(0xb400007828ef8c78) locale list changing from [] to [en-US]
09-20 10:05:26.945 D/nativeloader( 7406): Configuring clns-9 for other apk /system/framework/android.test.runner.jar:/system/framework/android.test.mock.jar:/system/framework/android.test.base.jar:/data/app/~~d6KXG4iPnuV4m-i2XLf8TQ==/com.neew.browser.test-2GKnAux9KPfzVUZTRlED3Q==/base.apk:/data/app/~~wPueMvZEDL6U7cQnFCs50A==/com.neew.browser-S7ZEJ5rAY7lMRny4NPJNfA==/base.apk. target_sdk_version=35, uses_libraries=, library_path=/data/app/~~d6KXG4iPnuV4m-i2XLf8TQ==/com.neew.browser.test-2GKnAux9KPfzVUZTRlED3Q==/lib/arm64:/data/app/~~wPueMvZEDL6U7cQnFCs50A==/com.neew.browser-S7ZEJ5rAY7lMRny4NPJNfA==/lib/arm64:/data/app/~~d6KXG4iPnuV4m-i2XLf8TQ==/com.neew.browser.test-2GKnAux9KPfzVUZTRlED3Q==/base.apk!/lib/arm64-v8a:/data/app/~~wPueMvZEDL6U7cQnFCs50A==/com.neew.browser-S7ZEJ5rAY7lMRny4NPJNfA==/base.apk!/lib/arm64-v8a, permitted_path=/data:/mnt/expand:/data/user/0/com.neew.browser
09-20 10:05:26.943 W/adbd    (  485): type=1400 audit(0.0:663): avc:  denied  { getattr } for  path="/sys/fs/cgroup/apps/uid_10219/pid_7406/cgroup.freeze" dev="cgroup2" ino=9479 scontext=u:r:adbd:s0 tcontext=u:object_r:cgroup_v2:s0 tclass=file permissive=0
09-20 10:05:26.955 D/CompatChangeReporter( 7406): Compat change id reported: 202956589; UID 10219; state: ENABLED
09-20 10:05:26.965 I/om.neew.browser( 7406): AssetManager2(0xb400007828ed88d8) locale list changing from [] to [en-US]
09-20 10:05:26.967 I/.apps.wellbeing( 1374): AssetManager2(0xb400007828ef8638) locale list changing from [] to [en-US]
09-20 10:05:26.971 D/LauncherAppsService(  624): onPackageAdded: triggering onPackageAdded for user=UserHandle{0}, packageName=androidx.test.services
09-20 10:05:26.976 V/GraphicsEnvironment( 7406): Currently set values for:
09-20 10:05:26.976 V/GraphicsEnvironment( 7406):   angle_gl_driver_selection_pkgs=[]
09-20 10:05:26.976 V/GraphicsEnvironment( 7406):   angle_gl_driver_selection_values=[]
09-20 10:05:26.976 V/GraphicsEnvironment( 7406): com.neew.browser is not listed in per-application setting
09-20 10:05:26.976 V/GraphicsEnvironment( 7406): ANGLE allowlist from config: com.dreamgames.royalmatch com.dts.freefiremax com.dxx.firenow com.gramgames.mergedragons com.ludo.king com.mojang.minecraftpe com.my.defense com.nintendo.zaka com.os.airforce com.playrix.fishdomdd.gplay io.teslatech.callbreak jp.konami.prospia net.peakgames.toonblast
09-20 10:05:26.976 V/GraphicsEnvironment( 7406): com.neew.browser is not listed in ANGLE allowlist or settings, returning default
09-20 10:05:26.976 V/GraphicsEnvironment( 7406): Neither updatable production driver nor prerelease driver is supported.
09-20 10:05:26.986 D/ApplicationLoaders( 7406): Returning zygote-cached class loader: /system/framework/android.test.base.jar
09-20 10:05:26.987 D/nativeloader( 7406): Configuring clns-10 for other apk /system/framework/android.test.mock.jar. target_sdk_version=35, uses_libraries=ALL, library_path=/data/app/~~d6KXG4iPnuV4m-i2XLf8TQ==/com.neew.browser.test-2GKnAux9KPfzVUZTRlED3Q==/lib/arm64:/data/app/~~wPueMvZEDL6U7cQnFCs50A==/com.neew.browser-S7ZEJ5rAY7lMRny4NPJNfA==/lib/arm64, permitted_path=/data:/mnt/expand
09-20 10:05:26.988 D/ApplicationLoaders( 7406): Returning zygote-cached class loader: /system/framework/android.test.base.jar
09-20 10:05:26.988 D/nativeloader( 7406): Configuring clns-11 for other apk /system/framework/android.test.runner.jar. target_sdk_version=35, uses_libraries=ALL, library_path=/data/app/~~d6KXG4iPnuV4m-i2XLf8TQ==/com.neew.browser.test-2GKnAux9KPfzVUZTRlED3Q==/lib/arm64:/data/app/~~wPueMvZEDL6U7cQnFCs50A==/com.neew.browser-S7ZEJ5rAY7lMRny4NPJNfA==/lib/arm64, permitted_path=/data:/mnt/expand
09-20 10:05:26.988 W/om.neew.browser( 7406): ClassLoaderContext shared library size mismatch. Expected=2, found=3 (PCL[]{PCL[/system/framework/android.test.base.jar*2789897741]#PCL[/system/framework/android.test.mock.jar*3361312393]} | PCL[]{PCL[/system/framework/android.test.base.jar*2789897741]#PCL[/system/framework/android.test.mock.jar*3361312393]#PCL[/system/framework/android.test.runner.jar*895143020]{PCL[/system/framework/android.test.base.jar*2789897741]#PCL[/system/framework/android.test.mock.jar*3361312393]}};PCL[/system/framework/android.test.runner.jar*895143020:/system/framework/android.test.mock.jar*3361312393:/system/framework/android.test.base.jar*2789897741:/data/app/~~d6KXG4iPnuV4m-i2XLf8TQ==/com.neew.browser.test-2GKnAux9KPfzVUZTRlED3Q==/base.apk*306274568:/data/app/~~wPueMvZEDL6U7cQnFCs50A==/com.neew.browser-S7ZEJ5rAY7lMRny4NPJNfA==/base.apk*243564305])
09-20 10:05:26.988 W/om.neew.browser( 7406): ClassLoaderContext classpath size mismatch. expected=0, found=1 (PCL[] | PCL[/system/framework/android.test.runner.jar*895143020]{PCL[/system/framework/android.test.base.jar*2789897741]#PCL[/system/framework/android.test.mock.jar*3361312393]#PCL[/system/framework/android.test.runner.jar*895143020]{PCL[/system/framework/android.test.base.jar*2789897741]#PCL[/system/framework/android.test.mock.jar*3361312393]}};PCL[/system/framework/android.test.runner.jar*895143020:/system/framework/android.test.mock.jar*3361312393:/system/framework/android.test.base.jar*2789897741:/data/app/~~d6KXG4iPnuV4m-i2XLf8TQ==/com.neew.browser.test-2GKnAux9KPfzVUZTRlED3Q==/base.apk*306274568:/data/app/~~wPueMvZEDL6U7cQnFCs50A==/com.neew.browser-S7ZEJ5rAY7lMRny4NPJNfA==/base.apk*243564305])
09-20 10:05:26.989 W/om.neew.browser( 7406): ClassLoaderContext classpath size mismatch. expected=0, found=2 (PCL[] | PCL[/system/framework/android.test.runner.jar*895143020:/system/framework/android.test.mock.jar*3361312393]{PCL[/system/framework/android.test.base.jar*2789897741]#PCL[/system/framework/android.test.mock.jar*3361312393]#PCL[/system/framework/android.test.runner.jar*895143020]{PCL[/system/framework/android.test.base.jar*2789897741]#PCL[/system/framework/android.test.mock.jar*3361312393]}};PCL[/system/framework/android.test.runner.jar*895143020:/system/framework/android.test.mock.jar*3361312393:/system/framework/android.test.base.jar*2789897741:/data/app/~~d6KXG4iPnuV4m-i2XLf8TQ==/com.neew.browser.test-2GKnAux9KPfzVUZTRlED3Q==/base.apk*306274568:/data/app/~~wPueMvZEDL6U7cQnFCs50A==/com.neew.browser-S7ZEJ5rAY7lMRny4NPJNfA==/base.apk*243564305])
09-20 10:05:26.994 D/LauncherAppsService(  624): onPackageAdded: triggering onPackageAdded for user=UserHandle{0}, packageName=androidx.test.services
09-20 10:05:26.998 I/AiAiEcho( 1442): AppFetcherImplV2 updateApps package:[androidx.test.services], userId:[0], reason:[package is added.].
09-20 10:05:27.001 D/LauncherAppsCallbackImpl( 1050): onPackageAdded triggered for packageName=androidx.test.services, user=UserHandle{0}
09-20 10:05:27.003 D/LauncherAppsService(  624): onPackageAdded: triggering onPackageAdded for user=UserHandle{0}, packageName=androidx.test.services
09-20 10:05:27.003 D/PackageUpdatedTask( 1050): Package updated: mOp=ADD packages=[androidx.test.services], user=UserHandle{0}
09-20 10:05:27.008 W/PackageManager(  624): Failed registering loading progress callback. Package is fully loaded.
09-20 10:05:27.016 I/AiAiEcho( 1442): AppIndexer Package:[androidx.test.services] UserProfile:[0] Enabled:[true].
09-20 10:05:27.016 I/AiAiEcho( 1442): AppFetcherImplV2 updateApps package:[androidx.test.services], userId:[0], reason:[package is updated.].
09-20 10:05:27.018 W/ParceledListSlice(  624): Element #26 is 20848 bytes.
09-20 10:05:27.019 W/ParceledListSlice(  624): Element #27 is 20884 bytes.
09-20 10:05:27.020 W/ParceledListSlice(  624): Element #28 is 21024 bytes.
09-20 10:05:27.021 W/ParceledListSlice(  624): Element #29 is 21112 bytes.
09-20 10:05:27.023 W/ParceledListSlice(  624): Element #30 is 20748 bytes.
09-20 10:05:27.031 I/AiAiEcho( 1442): EchoSearch: WidgetFetcherImpl is initialized with [34] widgets [reason=package added for userId: 0]
09-20 10:05:27.039 W/HWUI    ( 1050): Image decoding logging dropped!
09-20 10:05:27.039 D/BaseIconCache( 1050): Default icon returned for androidx.test.services
09-20 10:05:27.053 D/AlphabeticIndexCompat( 1050): computeSectionName: cs: Settings sectionName: S
09-20 10:05:27.054 D/AlphabeticIndexCompat( 1050): computeSectionName: cs: Photos sectionName: P
09-20 10:05:27.058 D/AlphabeticIndexCompat( 1050): computeSectionName: cs: Battery sectionName: B
09-20 10:05:27.059 D/AlphabeticIndexCompat( 1050): computeSectionName: cs: Chrome sectionName: C
09-20 10:05:27.059 D/AlphabeticIndexCompat( 1050): computeSectionName: cs: Gmail sectionName: G
09-20 10:05:27.059 D/AlphabeticIndexCompat( 1050): computeSectionName: cs: Drive sectionName: D
09-20 10:05:27.059 D/AlphabeticIndexCompat( 1050): computeSectionName: cs: Clock sectionName: C
09-20 10:05:27.059 D/AlphabeticIndexCompat( 1050): computeSectionName: cs: Contacts sectionName: C
09-20 10:05:27.059 D/AlphabeticIndexCompat( 1050): computeSectionName: cs: Calendar sectionName: C
09-20 10:05:27.059 D/AlphabeticIndexCompat( 1050): computeSectionName: cs: Maps sectionName: M
09-20 10:05:27.059 D/AlphabeticIndexCompat( 1050): computeSectionName: cs: YouTube Music sectionName: Y
09-20 10:05:27.059 D/AlphabeticIndexCompat( 1050): computeSectionName: cs: YouTube sectionName: Y
09-20 10:05:27.059 D/AlphabeticIndexCompat( 1050): computeSectionName: cs: Google sectionName: G
09-20 10:05:27.059 D/AlphabeticIndexCompat( 1050): computeSectionName: cs: Android System Intelligence sectionName: A
09-20 10:05:27.060 D/AlphabeticIndexCompat( 1050): computeSectionName: cs: Digital Wellbeing sectionName: D
09-20 10:05:27.060 D/AlphabeticIndexCompat( 1050): computeSectionName: cs: Conversations sectionName: C
09-20 10:05:27.069 I/.apps.wellbeing( 1374): AssetManager2(0xb400007828eef358) locale list changing from [] to [en-US]
09-20 10:05:27.078 I/.apps.wellbeing( 1374): AssetManager2(0xb400007828ef5118) locale list changing from [] to [en-US]
09-20 10:05:27.103 D/PackageUpdatedTask( 1050): Package updated: mOp=UPDATE packages=[androidx.test.services], user=UserHandle{0}
09-20 10:05:27.107 W/AllAppsList( 1050): updatePackage: no Activities matched updated package, removing any AppInfo with package=androidx.test.services, user=UserHandle{0}
09-20 10:05:27.109 I/.apps.wellbeing( 1374): AssetManager2(0xb400007828ef7698) locale list changing from [] to [en-US]
09-20 10:05:27.116 W/.apps.wellbeing( 1374): Suspending all threads took: 23.945ms
09-20 10:05:27.131 I/.apps.wellbeing( 1374): AssetManager2(0xb400007828eedd78) locale list changing from [] to [en-US]
09-20 10:05:27.145 I/.apps.wellbeing( 1374): AssetManager2(0xb400007828ef5118) locale list changing from [] to [en-US]
09-20 10:05:27.154 I/.apps.wellbeing( 1374): AssetManager2(0xb400007828ef8638) locale list changing from [] to [en-US]
09-20 10:05:27.159 D/LauncherAppsService(  624): onPackageAdded: triggering onPackageAdded for user=UserHandle{0}, packageName=com.neew.browser.test
09-20 10:05:27.160 I/AiAiEcho( 1442): AppFetcherImplV2 updateApps package:[com.neew.browser.test], userId:[0], reason:[package is added.].
09-20 10:05:27.167 D/LauncherAppsService(  624): onPackageAdded: triggering onPackageAdded for user=UserHandle{0}, packageName=com.neew.browser.test
09-20 10:05:27.167 D/LauncherAppsCallbackImpl( 1050): onPackageAdded triggered for packageName=com.neew.browser.test, user=UserHandle{0}
09-20 10:05:27.167 D/PackageUpdatedTask( 1050): Package updated: mOp=ADD packages=[com.neew.browser.test], user=UserHandle{0}
09-20 10:05:27.167 D/LauncherAppsService(  624): onPackageAdded: triggering onPackageAdded for user=UserHandle{0}, packageName=com.neew.browser.test
09-20 10:05:27.167 W/PackageManager(  624): Failed registering loading progress callback. Package is fully loaded.
09-20 10:05:27.170 I/AiAiEcho( 1442): AppIndexer Package:[com.neew.browser.test] UserProfile:[0] Enabled:[true].
09-20 10:05:27.170 I/AiAiEcho( 1442): AppFetcherImplV2 updateApps package:[com.neew.browser.test], userId:[0], reason:[package is updated.].
09-20 10:05:27.183 W/HWUI    ( 1050): Image decoding logging dropped!
09-20 10:05:27.184 D/BaseIconCache( 1050): Default icon returned for com.neew.browser.test
09-20 10:05:27.195 D/AlphabeticIndexCompat( 1050): computeSectionName: cs: Settings sectionName: S
09-20 10:05:27.196 D/AlphabeticIndexCompat( 1050): computeSectionName: cs: Photos sectionName: P
09-20 10:05:27.196 D/AlphabeticIndexCompat( 1050): computeSectionName: cs: Battery sectionName: B
09-20 10:05:27.196 D/AlphabeticIndexCompat( 1050): computeSectionName: cs: Chrome sectionName: C
09-20 10:05:27.196 D/AlphabeticIndexCompat( 1050): computeSectionName: cs: Gmail sectionName: G
09-20 10:05:27.196 D/AlphabeticIndexCompat( 1050): computeSectionName: cs: Drive sectionName: D
09-20 10:05:27.196 D/AlphabeticIndexCompat( 1050): computeSectionName: cs: Clock sectionName: C
09-20 10:05:27.196 D/AlphabeticIndexCompat( 1050): computeSectionName: cs: Contacts sectionName: C
09-20 10:05:27.196 D/AlphabeticIndexCompat( 1050): computeSectionName: cs: Calendar sectionName: C
09-20 10:05:27.196 D/AlphabeticIndexCompat( 1050): computeSectionName: cs: Maps sectionName: M
09-20 10:05:27.196 D/AlphabeticIndexCompat( 1050): computeSectionName: cs: YouTube Music sectionName: Y
09-20 10:05:27.197 D/AlphabeticIndexCompat( 1050): computeSectionName: cs: YouTube sectionName: Y
09-20 10:05:27.197 D/AlphabeticIndexCompat( 1050): computeSectionName: cs: Google sectionName: G
09-20 10:05:27.197 D/AlphabeticIndexCompat( 1050): computeSectionName: cs: Android System Intelligence sectionName: A
09-20 10:05:27.197 D/AlphabeticIndexCompat( 1050): computeSectionName: cs: Digital Wellbeing sectionName: D
09-20 10:05:27.197 D/AlphabeticIndexCompat( 1050): computeSectionName: cs: Conversations sectionName: C
09-20 10:05:27.197 I/.apps.wellbeing( 1374): AssetManager2(0xb400007828eeda58) locale list changing from [] to [en-US]
09-20 10:05:27.202 D/PackageUpdatedTask( 1050): Package updated: mOp=UPDATE packages=[com.neew.browser.test], user=UserHandle{0}
09-20 10:05:27.204 W/ParceledListSlice(  624): Element #26 is 20848 bytes.
09-20 10:05:27.204 W/ParceledListSlice(  624): Element #27 is 20884 bytes.
09-20 10:05:27.208 W/AllAppsList( 1050): updatePackage: no Activities matched updated package, removing any AppInfo with package=com.neew.browser.test, user=UserHandle{0}
09-20 10:05:27.209 W/ParceledListSlice(  624): Element #28 is 21024 bytes.
09-20 10:05:27.210 W/ParceledListSlice(  624): Element #29 is 21112 bytes.
09-20 10:05:27.211 W/ParceledListSlice(  624): Element #30 is 20748 bytes.
09-20 10:05:27.213 I/AiAiEcho( 1442): EchoSearch: WidgetFetcherImpl is initialized with [34] widgets [reason=package added for userId: 0]
09-20 10:05:27.227 I/.apps.wellbeing( 1374): AssetManager2(0xb400007828ef8c78) locale list changing from [] to [en-US]
09-20 10:05:27.234 I/.apps.wellbeing( 1374): AssetManager2(0xb400007828eee9f8) locale list changing from [] to [en-US]
09-20 10:05:27.247 I/.apps.wellbeing( 1374): AssetManager2(0xb400007828efabb8) locale list changing from [] to [en-US]
09-20 10:05:27.299 W/ogle.android.as( 1442): Suspending all threads took: 15.990ms
09-20 10:05:27.390 I/om.neew.browser( 7406): AssetManager2(0xb400007828ed7f78) locale list changing from [] to [en-US]
09-20 10:05:27.400 I/MonitoringInstr( 7406): newApplication called!
09-20 10:05:27.406 I/.apps.wellbeing( 1374): AssetManager2(0xb400007828ef5758) locale list changing from [] to [en-US]
09-20 10:05:27.421 I/FirebaseApp( 7406): Device unlocked: initializing all Firebase APIs for app [DEFAULT]
09-20 10:05:27.430 I/FirebaseInitProvider( 7406): FirebaseApp initialization successful
09-20 10:05:27.454 D/CompatChangeReporter( 7406): Compat change id reported: 279646685; UID 10219; state: ENABLED
09-20 10:05:27.470 I/MonitoringInstr( 7406): Instrumentation started!
09-20 10:05:27.481 W/om.neew.browser( 7406): ClassLoaderContext classpath size mismatch. expected=1, found=0 (DLC[];PCL[base.apk*2043734926]{PCL[/system/framework/org.apache.http.legacy.jar*4247870504]#PCL[/system/framework/com.android.media.remotedisplay.jar*487574312]#PCL[/system/framework/com.android.location.provider.jar*1570284764]#PCL[/system_ext/framework/androidx.window.extensions.jar*1030441313]#PCL[/system_ext/framework/androidx.window.sidecar.jar*3860983653]} | DLC[];PCL[])
09-20 10:05:27.483 W/.apps.wellbeing( 1374): Suspending all threads took: 64.486ms
09-20 10:05:27.490 I/DynamiteModule( 7406): Considering local module com.google.android.gms.measurement.dynamite:97 and remote module com.google.android.gms.measurement.dynamite:158
09-20 10:05:27.491 I/DynamiteModule( 7406): Selected remote version of com.google.android.gms.measurement.dynamite, version >= 158
09-20 10:05:27.491 V/DynamiteModule( 7406): Dynamite loader version >= 2, using loadModule2NoCrashUtils
09-20 10:05:27.503 W/System  ( 7406): ClassLoader referenced unknown path: 
09-20 10:05:27.505 D/nativeloader( 7406): Configuring clns-12 for other apk . target_sdk_version=36, uses_libraries=, library_path=/data/app/~~U6QakQBOBpSlfX_LH0E2wA==/com.google.android.gms-wZw9itB959xK9cfB2AFaXA==/lib/arm64:/data/app/~~U6QakQBOBpSlfX_LH0E2wA==/com.google.android.gms-wZw9itB959xK9cfB2AFaXA==/base.apk!/lib/arm64-v8a, permitted_path=/data:/mnt/expand:/data/user/0/com.google.android.gms
09-20 10:05:27.521 I/om.neew.browser( 7406): AssetManager2(0xb400007828ee3e18) locale list changing from [] to [en-US]
09-20 10:05:27.534 W/om.neew.browser( 7406): ClassLoaderContext classpath size mismatch. expected=1, found=5 (DLC[];PCL[base.apk*2043734926]{PCL[/system/framework/org.apache.http.legacy.jar*4247870504]#PCL[/system/framework/com.android.media.remotedisplay.jar*487574312]#PCL[/system/framework/com.android.location.provider.jar*1570284764]#PCL[/system_ext/framework/androidx.window.extensions.jar*1030441313]#PCL[/system_ext/framework/androidx.window.sidecar.jar*3860983653]} | DLC[];PCL[/system/framework/android.test.runner.jar*895143020:/system/framework/android.test.mock.jar*3361312393:/system/framework/android.test.base.jar*2789897741:/data/app/~~d6KXG4iPnuV4m-i2XLf8TQ==/com.neew.browser.test-2GKnAux9KPfzVUZTRlED3Q==/base.apk*306274568:/data/app/~~wPueMvZEDL6U7cQnFCs50A==/com.neew.browser-S7ZEJ5rAY7lMRny4NPJNfA==/base.apk*243564305])
09-20 10:05:27.543 I/.apps.wellbeing( 1374): AssetManager2(0xb400007828ef92b8) locale list changing from [] to [en-US]
09-20 10:05:27.555 I/om.neew.browser( 7406): AssetManager2(0xb400007828edf958) locale list changing from [] to [en-US]
09-20 10:05:27.555 I/om.neew.browser( 7406): AssetManager2(0xb400007828ee1bb8) locale list changing from [] to [en-US]
09-20 10:05:27.577 I/AndroidJUnitRunner( 7406): onCreate Bundle[{testTimeoutSeconds=31536000, additionalTestOutputDir=/sdcard/Android/media/com.neew.browser/additional_test_output}]
09-20 10:05:27.579 V/TestEventClient( 7406): No service name argument was given (testDiscoveryService, testRunEventService or orchestratorService)
09-20 10:05:27.585 D/AndroidJUnitRunner( 7406): onStart is called.
09-20 10:05:27.607 I/MonitoringInstr( 7406): No JSBridge.
09-20 10:05:27.621 I/.apps.wellbeing( 1374): AssetManager2(0xb400007828eef358) locale list changing from [] to [en-US]
09-20 10:05:27.626 I/InstrConnection( 7406): Could not send broadcast or register receiver (isolatedProcess?)
09-20 10:05:27.628 D/TestRequestBuilder( 7406): Using class path scanning to discover tests
09-20 10:05:27.628 I/TestRequestBuilder( 7406): Scanning classpath to find tests in paths [/data/app/~~d6KXG4iPnuV4m-i2XLf8TQ==/com.neew.browser.test-2GKnAux9KPfzVUZTRlED3Q==/base.apk]
09-20 10:05:27.628 W/om.neew.browser( 7406): Opening an oat file without a class loader. Are you using the deprecated DexFile APIs?
09-20 10:05:27.760 D/AndroidJUnitRunner( 7406): Use the raw file system for managing file I/O.
09-20 10:05:27.762 I/PhenotypeResourceReader( 1234): unable to find any Phenotype resource metadata for com.neew.browser
09-20 10:05:27.766 D/TestExecutor( 7406): Adding listener androidx.test.internal.runner.listener.LogRunListener
09-20 10:05:27.767 D/TestExecutor( 7406): Adding listener androidx.test.internal.runner.listener.InstrumentationResultPrinter
09-20 10:05:27.768 D/TestExecutor( 7406): Adding listener androidx.test.internal.runner.listener.ActivityFinisherRunListener
09-20 10:05:27.768 D/TestExecutor( 7406): Adding listener androidx.test.internal.runner.listener.TraceRunListener
09-20 10:05:27.769 I/TestRunner( 7406): run started: 10 tests
09-20 10:05:27.773 I/TestRunner( 7406): started: newTabButton_click_doesNotCrash_andGeckoViewVisible(com.neew.browser.BrowserFlowsTest)
09-20 10:05:27.780 W/Settings( 7406): Setting always_finish_activities has moved from android.provider.Settings.System to android.provider.Settings.Global, returning read-only value.
09-20 10:05:27.784 E/ashmem  ( 7406): Pinning is deprecated since Android Q. Please use trim or other methods.
09-20 10:05:27.791 I/om.neew.browser( 7406): hiddenapi: Accessing hidden method Ldalvik/system/VMStack;->getStackClass2()Ljava/lang/Class; (runtime_flags=0, domain=core-platform, api=unsupported) from Lm7/aom; (domain=app) using reflection: allowed
09-20 10:05:27.797 I/system_server(  624): AssetManager2(0xb400007828f64018) locale list changing from [] to [en-US]
09-20 10:05:27.801 V/GrammaticalInflectionUtils(  624): AttributionSource: android.content.AttributionSource@c5440e1c does not have READ_SYSTEM_GRAMMATICAL_GENDER permission.
09-20 10:05:27.803 W/OptProp (  624): Cannot read opt property android.window.PROPERTY_COMPAT_ALLOW_USER_ASPECT_RATIO_OVERRIDE
09-20 10:05:27.804 W/OptProp (  624): Cannot read opt property android.window.PROPERTY_COMPAT_ALLOW_USER_ASPECT_RATIO_FULLSCREEN_OVERRIDE
09-20 10:05:27.805 W/OptProp (  624): Cannot read opt property android.window.PROPERTY_COMPAT_ALLOW_RESIZEABLE_ACTIVITY_OVERRIDES
09-20 10:05:27.806 W/OptProp (  624): Cannot read opt property android.window.PROPERTY_COMPAT_ALLOW_MIN_ASPECT_RATIO_OVERRIDE
09-20 10:05:27.815 W/OptProp (  624): Cannot read opt property android.window.PROPERTY_COMPAT_ALLOW_ORIENTATION_OVERRIDE
09-20 10:05:27.829 I/ActivityTaskManager(  624): START u0 {act=android.intent.action.MAIN cat=[android.intent.category.LAUNCHER] flg=0x10008000 xflg=0x4 cmp=com.neew.browser/.MainActivity} with LAUNCH_SINGLE_TASK from uid 10219 (BAL_ALLOW_PERMISSION) result code=0
09-20 10:05:27.836 W/SplitSelectStateCtor( 1050): Missing session instanceIds
09-20 10:05:27.837 D/StatsLog( 1050): LAUNCHER_SPLIT_SELECTION_EXIT_INTERRUPTED
09-20 10:05:27.855 D/BackgroundInstallControlService(  624): Package event received: 0
09-20 10:05:27.860 W/OptProp (  624): Cannot read opt property android.window.PROPERTY_COMPAT_ENABLE_FAKE_FOCUS
09-20 10:05:27.861 D/CompatChangeReporter(  624): Compat change id reported: 324203798; UID 10219; state: ENABLED
09-20 10:05:27.872 I/ndroid.systemui(  893): AssetManager2(0xb400007828eef038) locale list changing from [] to [en-US]
09-20 10:05:27.878 D/WindowManagerShell(  893): setLauncherKeepClearAreaHeight: visible=false, height=527
09-20 10:05:27.879 V/WindowManagerShell(  893): Transition requested (#39): android.os.BinderProxy@912a0f1 TransitionRequestInfo { type = OPEN, triggerTask = TaskInfo{userId=0 taskId=60 effectiveUid=10219 displayId=0 isRunning=true baseIntent=Intent { act=android.intent.action.MAIN cat=[android.intent.category.LAUNCHER] flg=0x10008000 cmp=com.neew.browser/.MainActivity } baseActivity=ComponentInfo{com.neew.browser/com.neew.browser.MainActivity} topActivity=ComponentInfo{com.neew.browser/com.neew.browser.MainActivity} origActivity=null realActivity=ComponentInfo{com.neew.browser/com.neew.browser.MainActivity} numActivities=1 lastActiveTime=1852198 supportsMultiWindow=true resizeMode=1 isResizeable=true minWidth=-1 minHeight=-1 defaultMinSize=220 token=WCT{android.window.IWindowContainerToken$Stub$Proxy@55e24d6} topActivityType=1 pictureInPictureParams=null shouldDockBigOverlays=false launchIntoPipHostTaskId=-1 lastParentTaskIdBeforePip=-1 displayCutoutSafeInsets=Rect(0, 0 - 0, 0) topActivityInfo=ActivityInfo{bd31357 com.neew.browser.MainActivity} launchCookies=[] positionInParent=Point(0, 0) parentTaskId=-1 isFocused=false isVisible=false isVisibleRequested=false isTopActivityNoDisplay=false isSleeping=false locusId=null displayAreaFeatureId=1 isTopActivityTransparent=false isActivityStackTransparent=false lastNonFullscreenBounds=Rect(284, 660 - 796, 1740) capturedLink=null capturedLinkTimestamp=0 requestedVisibleTypes=-9 topActivityRequestOpenInBrowserEducationTimestamp=0 appCompatTaskInfo=AppCompatTaskInfo { topActivityInSizeCompat=false eligibleForLetterboxEducation= false isLetterboxEducationEnabled= true isLetterboxDoubleTapEnabled= false eligibleForUserAspectRatioButton= false topActivityBoundsLetterboxed= false isFromLetterboxDoubleTap= false topActivityLetterboxVerticalPosition= -1 topActivityLetterboxHorizontalPosition= -1 topActivityLetterboxWidth=-1 topActivityLetterboxHeight=-1 topActivityAppBounds=Rect(0, 0 - 1080, 2400) isUserFullscreenOverrideEnabled=false isSystemFullscreenOverrideEnabled=false hasMinAspectRatioOverride=false topActivityLetterboxBounds=null cameraCompatTaskInfo=CameraCompatTaskInfo { freeformCameraCompatMode=inactive}} topActivityMainWindowFrame=null}, pipChange = null, remoteTransition = null, displayChange = null, flags = 0, debugId = 39 }
09-20 10:05:27.881 I/om.neew.browser( 7406): AssetManager2(0xb400007828ee21f8) locale list changing from [] to [en-US]
09-20 10:05:27.885 D/CompatChangeReporter(  624): Compat change id reported: 309578419; UID 10219; state: ENABLED
09-20 10:05:27.891 D/ShellSplitScreen(  893): logExit: no-op, mLoggerSessionId is null
09-20 10:05:27.894 D/BackgroundInstallControlService(  624): Package event received: 0
09-20 10:05:27.899 I/BpBinder(  482): onLastStrongRef automatically unlinking death recipients: 
09-20 10:05:27.905 I/DisplayManager( 7406): Choreographer implicitly registered for the refresh rate.
09-20 10:05:27.907 D/BackgroundInstallControlService(  624): Package event received: 0
09-20 10:05:27.907 D/BackgroundInstallControlService(  624): Package event received: 0
09-20 10:05:27.913 I/BpBinder(  482): onLastStrongRef automatically unlinking death recipients: 
09-20 10:05:27.934 D/CoreBackPreview(  624): Window{a47dde9 u0 Splash Screen com.neew.browser}: Setting back callback OnBackInvokedCallbackInfo{mCallback=android.window.IOnBackInvokedCallback$Stub$Proxy@646450f, mPriority=0, mIsAnimationCallback=false, mOverrideBehavior=0}
09-20 10:05:27.958 D/AppCompatDelegate( 7406): Checking for metadata for AppLocalesMetadataHolderService : Service not found
09-20 10:05:27.962 I/om.neew.browser( 7406): AssetManager2(0xb400007828ee3198) locale list changing from [] to [en-US]
09-20 10:05:27.979 D/LifecycleMonitor( 7406): Lifecycle status change: com.neew.browser.MainActivity@e996d37 in: PRE_ON_CREATE
09-20 10:05:27.979 V/ActivityScenario( 7406): Activity lifecycle changed event received but ignored because the reported transition was not ON_CREATE while the last known transition was PRE_ON_CREATE
09-20 10:05:28.027 V/WindowManagerShell(  893): onTransitionReady(transaction=2680059594091)
09-20 10:05:28.034 V/WindowManager(  624): Sent Transition (#39) createdAt=09-20 10:05:27.809 via request=TransitionRequestInfo { type = OPEN, triggerTask = TaskInfo{userId=0 taskId=60 effectiveUid=10219 displayId=0 isRunning=true baseIntent=Intent { act=android.intent.action.MAIN cat=[android.intent.category.LAUNCHER] flg=0x10008000 cmp=com.neew.browser/.MainActivity } baseActivity=ComponentInfo{com.neew.browser/com.neew.browser.MainActivity} topActivity=ComponentInfo{com.neew.browser/com.neew.browser.MainActivity} origActivity=null realActivity=ComponentInfo{com.neew.browser/com.neew.browser.MainActivity} numActivities=1 lastActiveTime=1852198 supportsMultiWindow=true resizeMode=1 isResizeable=true minWidth=-1 minHeight=-1 defaultMinSize=220 token=WCT{RemoteToken{3d46121 Task{6934f35 #60 type=standard A=10219:com.neew.browser}}} topActivityType=1 pictureInPictureParams=null shouldDockBigOverlays=false launchIntoPipHostTaskId=-1 lastParentTaskIdBeforePip=-1 displayCutoutSafeInsets=Rect(0, 0 - 0, 0) topActivityInfo=ActivityInfo{78b9946 com.neew.browser.MainActivity} launchCookies=[] positionInParent=Point(0, 0) parentTaskId=-1 isFocused=false isVisible=false isVisibleRequested=false isTopActivityNoDisplay=false isSleeping=false locusId=null displayAreaFeatureId=1 isTopActivityTransparent=false isActivityStackTransparent=false lastNonFullscreenBounds=Rect(284, 660 - 796, 1740) capturedLink=null capturedLinkTimestamp=0 requestedVisibleTypes=-9 topActivityRequestOpenInBrowserEducationTimestamp=0 appCompatTaskInfo=AppCompatTaskInfo { topActivityInSizeCompat=false eligibleForLetterboxEducation= false isLetterboxEducationEnabled= true isLetterboxDoubleTapEnabled= false eligibleForUserAspectRatioButton= false topActivityBoundsLetterboxed= false isFromLetterboxDoubleTap= false topActivityLetterboxVerticalPosition= -1 topActivityLetterboxHorizontalPosition= -1 topActivityLetterboxWidth=-1 topActivityLetterboxHeight=-1 topActivityAppBounds=Rect(0, 0 - 1080, 2400) isUserFullscreenOverrideEnabled=false isSystemFullscreenOverrideEnabled=false hasMinAspectRatioOverride=false topActivityLetterboxBounds=null cameraCompatTaskInfo=CameraCompatTaskInfo { freeformCameraCompatMode=inactive}} topActivityMainWindowFrame=null}, pipChange = null, remoteTransition = null, displayChange = null, flags = 0, debugId = 39 }
09-20 10:05:28.036 D/CompatChangeReporter( 7406): Compat change id reported: 309578419; UID 10219; state: ENABLED
09-20 10:05:28.036 V/WindowManager(  624):     startWCT=WindowContainerTransaction { changes= {} hops= [] errorCallbackToken=null taskFragmentOrganizer=null }
09-20 10:05:28.036 V/WindowManager(  624):     info={id=39 t=OPEN f=0x0 trk=0 r=[0@Point(0, 0)] c=[
09-20 10:05:28.036 V/WindowManager(  624):         {WCT{RemoteToken{3d46121 Task{6934f35 #60 type=standard A=10219:com.neew.browser}}} m=OPEN f=NONE leash=Surface(name=Task=60)/@0xdac232b sb=Rect(0, 0 - 1080, 2400) eb=Rect(0, 0 - 1080, 2400) epz=Point(1080, 2400) d=0 taskParent=-1},
09-20 10:05:28.036 V/WindowManager(  624):         {WCT{RemoteToken{c011d6f Task{18fa219 #1 type=home}}} m=TO_BACK f=SHOW_WALLPAPER leash=Surface(name=Task=1)/@0x50d2e02 sb=Rect(0, 0 - 1080, 2400) eb=Rect(0, 0 - 1080, 2400) epz=Point(1080, 2400) d=0 taskParent=-1},
09-20 10:05:28.036 V/WindowManager(  624):         {m=TO_BACK f=IS_WALLPAPER leash=Surface(name=WallpaperWindowToken{eaf0469 showWhenLocked=false})/@0xf58a34d sb=Rect(0, 0 - 1080, 2400) eb=Rect(0, 0 - 1080, 2400) epz=Point(1080, 2400) d=0}
09-20 10:05:28.036 V/WindowManager(  624):     ]}
09-20 10:05:28.038 D/DesktopModeFlags( 7406): Toggle override initialized to: OVERRIDE_UNSET
09-20 10:05:28.039 V/WindowManagerShell(  893): onTransitionReady (#39) android.os.BinderProxy@912a0f1: {id=39 t=OPEN f=0x0 trk=0 r=[0@Point(0, 0)] c=[
09-20 10:05:28.039 V/WindowManagerShell(  893):         {m=OPEN f=NONE leash=Surface(name=Task=60)/@0xe3bf1ba sb=Rect(0, 0 - 1080, 2400) eb=Rect(0, 0 - 1080, 2400) epz=Point(1080, 2400) d=0 taskParent=-1},
09-20 10:05:28.039 V/WindowManagerShell(  893):         {m=TO_BACK f=SHOW_WALLPAPER leash=Surface(name=Task=1)/@0x308c86b sb=Rect(0, 0 - 1080, 2400) eb=Rect(0, 0 - 1080, 2400) epz=Point(1080, 2400) d=0 taskParent=-1},
09-20 10:05:28.039 V/WindowManagerShell(  893):         {m=TO_BACK f=IS_WALLPAPER leash=Surface(name=WallpaperWindowToken{eaf0469 showWhenLocked=false})/@0x5901fc8 sb=Rect(0, 0 - 1080, 2400) eb=Rect(0, 0 - 1080, 2400) epz=Point(1080, 2400) d=0}
09-20 10:05:28.039 V/WindowManagerShell(  893):     ]}
09-20 10:05:28.053 V/WindowManagerShell(  893): Playing animation for (#39) android.os.BinderProxy@912a0f1@0
09-20 10:05:28.054 V/ShellRecents(  893): RecentsTransitionHandler.startAnimation: no controller found
09-20 10:05:28.054 V/WindowManagerShell(  893): Transition doesn't have explicit remote, search filters for match for {id=39 t=OPEN f=0x0 trk=0 r=[0@Point(0, 0)] c=[{m=OPEN f=NONE leash=Surface(name=Task=60)/@0xe3bf1ba sb=Rect(0, 0 - 1080, 2400) eb=Rect(0, 0 - 1080, 2400) epz=Point(1080, 2400) d=0 taskParent=-1},{m=TO_BACK f=SHOW_WALLPAPER leash=Surface(name=Task=1)/@0x308c86b sb=Rect(0, 0 - 1080, 2400) eb=Rect(0, 0 - 1080, 2400) epz=Point(1080, 2400) d=0 taskParent=-1},{m=TO_BACK f=IS_WALLPAPER leash=Surface(name=WallpaperWindowToken{eaf0469 showWhenLocked=false})/@0x5901fc8 sb=Rect(0, 0 - 1080, 2400) eb=Rect(0, 0 - 1080, 2400) epz=Point(1080, 2400) d=0}]}
09-20 10:05:28.054 V/WindowManagerShell(  893):  Checking filter Pair{{types=[] flags=0x0] notFlags=0x0 checks=[{atype=undefined independent=true modes=[CLOSE,TO_BACK] flags=IN_TASK_WITH_EMBEDDED_ACTIVITY mustBeTask=false order=ANY topActivity=null launchCookie=null taskFragmentToken=android.os.BinderProxy@9d3d9a5 windowingMode=undefined}]} RemoteTransition { remoteTransition = android.window.IRemoteTransition$Stub$Proxy@622217a, appThread = android.app.IApplicationThread$Stub$Proxy@1179d2b, debugName = overlayBackTransition }}
09-20 10:05:28.054 V/WindowManagerShell(  893):  Checking filter Pair{{types=[] flags=0x0] notFlags=0x0 checks=[{atype=dream independent=true modes=[OPEN,TO_FRONT] flags=NONE mustBeTask=false order=ANY topActivity=null launchCookie=null windowingMode=undefined},{atype=home independent=true modes=[CLOSE,TO_BACK] flags=NONE mustBeTask=false order=ANY topActivity=null launchCookie=null windowingMode=undefined}]} RemoteTransition { remoteTransition = android.window.IRemoteTransition$Stub$Proxy@3333588, appThread = android.app.IApplicationThread$Stub$Proxy@64d6b21, debugName = LauncherToDream }}
09-20 10:05:28.054 V/WindowManagerShell(  893):  Checking filter Pair{{types=[] flags=0x0] notFlags=0x100 checks=[{atype=home independent=true modes=[OPEN,TO_FRONT] flags=NONE mustBeTask=false order=TOP topActivity=ComponentInfo{com.google.android.apps.nexuslauncher/com.google.android.apps.nexuslauncher.NexusLauncherActivity} launchCookie=null windowingMode=undefined},{atype=standard independent=true modes=[CLOSE,TO_BACK] flags=NONE mustBeTask=false order=ANY topActivity=null launchCookie=null windowingMode=undefined},{NOT atype=undefined independent=true modes=[] flags=NONE mustBeTask=true order=ANY topActivity=null launchCookie=null customAnim=true windowingMode=undefined}]} RemoteTransition { remoteTransition = android.window.IRemoteTransition$Stub$Proxy@220db46, appThread = android.app.IApplicationThread$Stub$Proxy@8f0e107, debugName = QuickstepLaunchHome }}
09-20 10:05:28.054 V/WindowManagerShell(  893):  Delegate animation for (#39) to null
09-20 10:05:28.054 V/WindowManagerShell(  893): start default transition animation, info = {id=39 t=OPEN f=0x0 trk=0 r=[0@Point(0, 0)] c=[{m=OPEN f=NONE leash=Surface(name=Task=60)/@0xe3bf1ba sb=Rect(0, 0 - 1080, 2400) eb=Rect(0, 0 - 1080, 2400) epz=Point(1080, 2400) d=0 taskParent=-1},{m=TO_BACK f=SHOW_WALLPAPER leash=Surface(name=Task=1)/@0x308c86b sb=Rect(0, 0 - 1080, 2400) eb=Rect(0, 0 - 1080, 2400) epz=Point(1080, 2400) d=0 taskParent=-1},{m=TO_BACK f=IS_WALLPAPER leash=Surface(name=WallpaperWindowToken{eaf0469 showWhenLocked=false})/@0x5901fc8 sb=Rect(0, 0 - 1080, 2400) eb=Rect(0, 0 - 1080, 2400) epz=Point(1080, 2400) d=0}]}
09-20 10:05:28.054 V/WindowManagerShell(  893): loadAnimation: anim=android.view.animation.AnimationSet@ba76f86 animAttr=0x13 type=OPEN isEntrance=false
09-20 10:05:28.062 I/.apps.wellbeing( 1374): AssetManager2(0xb400007828ef5758) locale list changing from [] to [en-US]
09-20 10:05:28.075 I/om.neew.browser( 7406): hiddenapi: Accessing hidden method Landroid/view/View;->computeFitSystemWindows(Landroid/graphics/Rect;Landroid/graphics/Rect;)Z (runtime_flags=0, domain=platform, api=unsupported) from Landroidx/appcompat/widget/ViewUtils; (domain=app) using reflection: allowed
09-20 10:05:28.077 I/.apps.wellbeing( 1374): AssetManager2(0xb400007828ef8c78) locale list changing from [] to [en-US]
09-20 10:05:28.078 I/om.neew.browser( 7406): hiddenapi: Accessing hidden method Landroid/view/ViewGroup;->makeOptionalFitsSystemWindows()V (runtime_flags=0, domain=platform, api=unsupported) from Landroidx/appcompat/widget/ViewUtils; (domain=app) using reflection: allowed
09-20 10:05:28.080 V/WindowManagerShell(  893): loadAnimation: anim=android.view.animation.AnimationSet@36b7074 animAttr=0x12 type=OPEN isEntrance=true
09-20 10:05:28.088 I/.apps.wellbeing( 1374): AssetManager2(0xb400007828eeda58) locale list changing from [] to [en-US]
09-20 10:05:28.092 V/WindowManagerShell(  893):  animated by com.android.wm.shell.transition.DefaultTransitionHandler@4ce1dd
09-20 10:05:28.097 W/IPCThreadState(  545): Sending oneway calls to frozen process.
09-20 10:05:28.130 I/.apps.wellbeing( 1374): AssetManager2(0xb400007828eee9f8) locale list changing from [] to [en-US]
09-20 10:05:28.143 I/.apps.wellbeing( 1374): AssetManager2(0xb400007828eedd78) locale list changing from [] to [en-US]
09-20 10:05:28.149 I/.apps.wellbeing( 1374): AssetManager2(0xb400007828ef7698) locale list changing from [] to [en-US]
09-20 10:05:28.154 D/CompatChangeReporter( 7406): Compat change id reported: 63938206; UID 10219; state: ENABLED
09-20 10:05:28.161 D/CompatChangeReporter( 7406): Compat change id reported: 352594277; UID 10219; state: ENABLED
09-20 10:05:28.179 D/CompatChangeReporter( 7406): Compat change id reported: 303326708; UID 10219; state: ENABLED
09-20 10:05:28.218 I/EGL_emulation( 7406): Opening libGLESv1_CM_emulation.so
09-20 10:05:28.219 I/EGL_emulation( 7406): Opening libGLESv2_emulation.so
09-20 10:05:28.244 W/HWUI    ( 7406): Failed to choose config with EGL_SWAP_BEHAVIOR_PRESERVED, retrying without...
09-20 10:05:28.256 W/HWUI    ( 7406): Failed to initialize 101010-2 format, error = EGL_SUCCESS
09-20 10:05:28.267 I/PhClient( 7406): Unable to retrieve flag snapshot for com.google.android.gms.measurement#com.neew.browser, using defaults.
09-20 10:05:28.268 W/HWUI    ( 7406): Image decoding logging dropped!
09-20 10:05:28.270 W/HWUI    ( 7406): Image decoding logging dropped!
09-20 10:05:28.279 W/HWUI    ( 7406): Image decoding logging dropped!
09-20 10:05:28.366 I/.apps.wellbeing( 1374): AssetManager2(0xb400007828ef5118) locale list changing from [] to [en-US]
09-20 10:05:28.372 D/MainActivity( 7406): [SCROLL] thresholds: hide=168px show=63px tapBottom=158px
09-20 10:05:28.393 I/.apps.wellbeing( 1374): AssetManager2(0xb400007828efc198) locale list changing from [] to [en-US]
09-20 10:05:28.399 I/.apps.wellbeing( 1374): AssetManager2(0xb400007828ef1298) locale list changing from [] to [en-US]
09-20 10:05:28.415 I/.apps.wellbeing( 1374): AssetManager2(0xb400007828eed738) locale list changing from [] to [en-US]
09-20 10:05:28.418 D/GeckoThread( 7406): State changed to LAUNCHED
09-20 10:05:28.422 V/WindowManagerShell(  893): Transition animation finished (aborted=false), notifying core (#39) android.os.BinderProxy@912a0f1@0
09-20 10:05:28.426 I/GeckoThread( 7406): preparing to run Gecko
09-20 10:05:28.437 V/WindowManager(  624): Finish Transition (#39): created at 09-20 10:05:27.809 collect-started=0.14ms request-sent=19.636ms started=89.088ms ready=89.059ms sent=217.909ms commit=74.098ms finished=616.687ms
09-20 10:05:28.441 D/VRI[NexusLauncherActivity]( 1050): visibilityChanged oldVisibility=true newVisibility=false
09-20 10:05:28.443 D/NexusLauncherModelDelegate( 1050): notifySmartspaceEvent: SmartspaceTargetEvent{mSmartspaceTarget=null, mSmartspaceActionId='null', mEventType=7}
09-20 10:05:28.443 D/GeckoRuntime( 7406): Lifecycle: onCreate
09-20 10:05:28.446 V/WindowManagerShell(  893): Track 0 became idle
09-20 10:05:28.448 V/WindowManagerShell(  893): All active transition animations finished
09-20 10:05:28.464 I/.apps.wellbeing( 1374): AssetManager2(0xb400007828ef47b8) locale list changing from [] to [en-US]
09-20 10:05:28.471 I/.apps.wellbeing( 1374): AssetManager2(0xb400007828ef1f18) locale list changing from [] to [en-US]
09-20 10:05:28.475 I/.apps.wellbeing( 1374): AssetManager2(0xb400007828eef998) locale list changing from [] to [en-US]
09-20 10:05:28.477 D/MainActivity( 7406): Context menu initialized
09-20 10:05:28.477 D/MainActivity( 7406): Reusing existing GeckoRuntime
09-20 10:05:28.477 D/MainActivity( 7406): Applying dynamic runtime settings...
09-20 10:05:28.477 D/MainActivity( 7406): User agent prepared: Mozilla/5.0 (Linux; Android 14; SM-G998B) AppleWebKit/537.36 (KHTML, like Gecko) Chrome/120.0.0.0 Mobile Safari/537.36 IndicBrowser/v1.8.7 (mode: mobile)
09-20 10:05:28.477 D/MainActivity( 7406): Applying dynamic Cookies enabled: true
09-20 10:05:28.477 D/MainActivity( 7406): Dynamic runtime settings application finished.
09-20 10:05:28.477 I/MainActivity( 7406): initializeUBlockOrigin called.
09-20 10:05:28.477 I/MainActivity( 7406): GeckoRuntime is available for uBlock Origin initialization.
09-20 10:05:28.477 I/MainActivity( 7406): WebExtensionController is available for uBlock Origin initialization.
09-20 10:05:28.477 I/MainActivity( 7406): uBlock Origin extension object is null. Attempting installation. Prior attempt: false
09-20 10:05:28.477 I/MainActivity( 7406): Attempting to ensureBuiltIn uBlock Origin from: resource://android/assets/extensions/uBlockOriginMV2/ with ID: uBlock0@raymondhill.net
09-20 10:05:28.485 D/MainActivity( 7406): [StorageDebug] restoreSessionState CALLED
09-20 10:05:28.488 D/MainActivity( 7406): [StorageDebug] Found saved URLs JSON: null, Saved Active Index: -1
09-20 10:05:28.490 D/MainActivity( 7406): [StorageDebug] No saved URLs JSON found.
09-20 10:05:28.491 D/MainActivity( 7406): No saved state found or restore failed, creating initial tab.
09-20 10:05:28.492 D/MainActivity( 7406): Creating new tab. Initial URL: https://www.google.com, Switch: true
09-20 10:05:28.510 I/.apps.wellbeing( 1374): AssetManager2(0xb400007828ef31d8) locale list changing from [] to [en-US]
09-20 10:05:28.514 I/.apps.wellbeing( 1374): AssetManager2(0xb400007828ef0938) locale list changing from [] to [en-US]
09-20 10:05:28.526 I/.apps.wellbeing( 1374): AssetManager2(0xb400007828ef4178) locale list changing from [] to [en-US]
09-20 10:05:28.531 I/.apps.wellbeing( 1374): AssetManager2(0xb400007828ef4df8) locale list changing from [] to [en-US]
09-20 10:05:28.543 D/MainActivity( 7406): Applied user agent string: [Mozilla/5.0 (Linux; Android 14; SM-G998B) AppleWebKit/537.36 (KHTML, like Gecko) Chrome/120.0.0.0 Mobile Safari/537.36 IndicBrowser/v1.8.7] (derived from mode: mobile) to session for URL context: [https://www.google.com]
09-20 10:05:28.546 D/MainActivity( 7406): Viewport Setting: MOBILE (Reason: UA mode 'mobile')
09-20 10:05:28.549 D/MainActivity( 7406): Opened new GeckoSession
09-20 10:05:28.551 I/.apps.wellbeing( 1374): AssetManager2(0xb400007828f01f58) locale list changing from [] to [en-US]
09-20 10:05:28.552 D/MainActivity( 7406): MainTab NavDelegate onLoadRequest: URI=https://www.google.com (Session: https://www.google.com)
09-20 10:05:28.552 D/MainActivity( 7406): MainTab NavDelegate onLoadRequest: Allowing non-intent URI: https://www.google.com
