09-20 10:05:28.552 D/MainActivity( 7406): Loading initial URL in new session: https://www.google.com
09-20 10:05:28.552 D/MainActivity( 7406): Switching to tab index: 0. Current global activeSessionIndex before switch: -1
09-20 10:05:28.559 D/MainActivity( 7406): Attached session to GeckoView: https://www.google.com
09-20 10:05:28.559 I/.apps.wellbeing( 1374): AssetManager2(0xb400007828f00978) locale list changing from [] to [en-US]
09-20 10:05:28.568 W/MainActivity( 7406): updateUIForActiveSession: UI not ready, skipping update.
09-20 10:05:28.569 D/MainActivity( 7406): [StorageDebug] saveSessionState CALLED
09-20 10:05:28.570 D/MainActivity( 7406): [StorageDebug] Saving URLs JSON: ["https:\/\/www.google.com"]
09-20 10:05:28.574 D/MainActivity( 7406): [StorageDebug] Saving active index: 0
09-20 10:05:28.574 D/MainActivity( 7406): [StorageDebug] Session state saved. Tabs: 1, Active Index: 0
09-20 10:05:28.575 D/MainActivity( 7406): showExpandedBar: Expanded bar visible.
09-20 10:05:28.588 D/MainActivity( 7406): [StorageDebug] App used storage: 616 bytes (5.8746337890625E-4 MB)
09-20 10:05:28.591 D/MainActivity( 7406): [StorageDebug] Threshold not reached, no dialog.
09-20 10:05:28.595 I/.apps.wellbeing( 1374): AssetManager2(0xb400007828ee21f8) locale list changing from [] to [en-US]
09-20 10:05:28.596 D/LifecycleMonitor( 7406): Lifecycle status change: com.neew.browser.MainActivity@e996d37 in: CREATED
09-20 10:05:28.596 V/ActivityScenario( 7406): Update currentActivityStage to CREATED, currentActivity=com.neew.browser.MainActivity@e996d37
09-20 10:05:28.604 D/nativeloader( 7406): Load /data/app/~~wPueMvZEDL6U7cQnFCs50A==/com.neew.browser-S7ZEJ5rAY7lMRny4NPJNfA==/lib/arm64/libmozglue.so using class loader ns clns-9 (caller=/data/app/~~wPueMvZEDL6U7cQnFCs50A==/com.neew.browser-S7ZEJ5rAY7lMRny4NPJNfA==/base.apk!classes4.dex): ok
09-20 10:05:28.606 D/GeckoThread( 7406): State changed to MOZGLUE_READY
09-20 10:05:28.610 D/MainActivity( 7406): onStart: Setting active session active=true
09-20 10:05:28.616 D/LifecycleMonitor( 7406): Lifecycle status change: com.neew.browser.MainActivity@e996d37 in: STARTED
09-20 10:05:28.619 V/ActivityScenario( 7406): Update currentActivityStage to STARTED, currentActivity=com.neew.browser.MainActivity@e996d37
09-20 10:05:28.619 D/GeckoRuntime( 7406): Lifecycle: onStart
09-20 10:05:28.622 I/.apps.wellbeing( 1374): AssetManager2(0xb400007828efed58) locale list changing from [] to [en-US]
09-20 10:05:28.625 D/MainActivity( 7406): onResume: Ensuring active session active=true
09-20 10:05:28.627 D/LifecycleMonitor( 7406): Lifecycle status change: com.neew.browser.MainActivity@e996d37 in: RESUMED
09-20 10:05:28.627 V/ActivityScenario( 7406): Update currentActivityStage to RESUMED, currentActivity=com.neew.browser.MainActivity@e996d37
09-20 10:05:28.627 D/GeckoRuntime( 7406): Lifecycle: onResume
09-20 10:05:28.639 D/GeckoNetworkManager( 7406): Incoming event start for state OffNoListeners -> OnNoListeners
09-20 10:05:28.645 D/GeckoNetworkManager( 7406): New network state: UP, WIFI, WIFI
09-20 10:05:28.676 D/CompatChangeReporter( 7406): Compat change id reported: 349153669; UID 10219; state: ENABLED
09-20 10:05:28.685 W/HWUI    ( 7406): Unknown dataspace 0
09-20 10:05:28.695 D/CompatChangeReporter( 7406): Compat change id reported: 312399441; UID 10219; state: ENABLED
09-20 10:05:28.710 D/InsetsController( 7406): Setting requestedVisibleTypes to -16 (was -9)
09-20 10:05:28.726 D/GeckoSession( 7406): handleMessage: GeckoView:DismissClipboardPermissionRequest
09-20 10:05:28.727 D/GeckoNetworkManager( 7406): Incoming event receivedUpdate for state OnNoListeners -> OnNoListeners
09-20 10:05:28.730 E/om.neew.browser( 7406): No package ID 6a found for resource ID 0x6a0b000f.
09-20 10:05:28.749 D/GeckoNetworkManager( 7406): New network state: UP, WIFI, WIFI
09-20 10:05:28.750 I/GeckoLoader( 7406): Library base=/data/app/~~wPueMvZEDL6U7cQnFCs50A==/com.neew.browser-S7ZEJ5rAY7lMRny4NPJNfA==/lib/arm64
09-20 10:05:28.763 I/.apps.wellbeing( 1374): AssetManager2(0xb400007828efea38) locale list changing from [] to [en-US]
09-20 10:05:28.768 W/Settings( 7406): Setting animator_duration_scale has moved from android.provider.Settings.System to android.provider.Settings.Global, returning read-only global URI.
09-20 10:05:28.771 I/FA      ( 7406): App measurement initialized, version: 136000
09-20 10:05:28.775 I/FA      ( 7406): To enable debug logging run: adb shell setprop log.tag.FA VERBOSE
09-20 10:05:28.775 I/FA      ( 7406): To enable faster debug mode event logging run:
09-20 10:05:28.775 I/FA      ( 7406):   adb shell setprop debug.firebase.analytics.app com.neew.browser
09-20 10:05:28.777 I/GeckoLoader( 7406): Library base=/data/app/~~wPueMvZEDL6U7cQnFCs50A==/com.neew.browser-S7ZEJ5rAY7lMRny4NPJNfA==/lib/arm64
09-20 10:05:28.782 E/GeckoLibLoad( 7406): Load sqlite start
09-20 10:05:28.797 I/om.neew.browser( 7406): AssetManager2(0xb400007828ede9b8) locale list changing from [] to [en-US]
09-20 10:05:28.801 E/GeckoLibLoad( 7406): Load sqlite done
09-20 10:05:28.801 I/GeckoLoader( 7406): Library base=/data/app/~~wPueMvZEDL6U7cQnFCs50A==/com.neew.browser-S7ZEJ5rAY7lMRny4NPJNfA==/lib/arm64
09-20 10:05:28.803 E/GeckoLibLoad( 7406): Load nss start
09-20 10:05:28.803 E/GeckoLibLoad( 7406): Load nss done
09-20 10:05:28.804 I/GeckoLoader( 7406): Library base=/data/app/~~wPueMvZEDL6U7cQnFCs50A==/com.neew.browser-S7ZEJ5rAY7lMRny4NPJNfA==/lib/arm64
09-20 10:05:28.807 I/om.neew.browser( 7406): AssetManager2(0xb400007828eed0f8) locale list changing from [] to [en-US]
09-20 10:05:28.820 D/CoreBackPreview(  624): Window{951b330 u0 com.neew.browser/com.neew.browser.MainActivity}: Setting back callback OnBackInvokedCallbackInfo{mCallback=android.window.IOnBackInvokedCallback$Stub$Proxy@51f52c7, mPriority=0, mIsAnimationCallback=false, mOverrideBehavior=0}
09-20 10:05:28.830 I/.apps.wellbeing( 1374): AssetManager2(0xb400007828f03b78) locale list changing from [] to [en-US]
09-20 10:05:28.842 I/.apps.wellbeing( 1374): AssetManager2(0xb400007828f03218) locale list changing from [] to [en-US]
09-20 10:05:28.846 I/.apps.wellbeing( 1374): AssetManager2(0xb400007828f00c98) locale list changing from [] to [en-US]
09-20 10:05:28.848 W/ServiceManagerCppClient(  482): Permission failure: android.permission.ACCESS_SURFACE_FLINGER from uid=10219 pid=0
09-20 10:05:28.848 D/PermissionCache(  482): checking android.permission.ACCESS_SURFACE_FLINGER for uid=10219 => denied (75 us)
09-20 10:05:28.848 W/ServiceManagerCppClient(  482): Permission failure: android.permission.ROTATE_SURFACE_FLINGER from uid=10219 pid=0
09-20 10:05:28.848 D/PermissionCache(  482): checking android.permission.ROTATE_SURFACE_FLINGER for uid=10219 => denied (147 us)
09-20 10:05:28.848 W/ServiceManagerCppClient(  482): Permission failure: android.permission.INTERNAL_SYSTEM_WINDOW from uid=10219 pid=0
09-20 10:05:28.848 D/PermissionCache(  482): checking android.permission.INTERNAL_SYSTEM_WINDOW for uid=10219 => denied (16 us)
09-20 10:05:28.856 I/.apps.wellbeing( 1374): AssetManager2(0xb400007828f02ef8) locale list changing from [] to [en-US]
09-20 10:05:28.861 I/BpBinder(  482): onLastStrongRef automatically unlinking death recipients: 
09-20 10:05:28.865 I/.apps.wellbeing( 1374): AssetManager2(0xb400007828efe718) locale list changing from [] to [en-US]
09-20 10:05:28.874 I/.apps.wellbeing( 1374): AssetManager2(0xb400007828f041b8) locale list changing from [] to [en-US]
09-20 10:05:28.899 I/.apps.wellbeing( 1374): AssetManager2(0xb400007828f02bd8) locale list changing from [] to [en-US]
09-20 10:05:28.904 I/.apps.wellbeing( 1374): AssetManager2(0xb400007828efd778) locale list changing from [] to [en-US]
09-20 10:05:28.911 I/.apps.wellbeing( 1374): AssetManager2(0xb400007828f02598) locale list changing from [] to [en-US]
09-20 10:05:28.914 I/.apps.wellbeing( 1374): AssetManager2(0xb400007828ee7978) locale list changing from [] to [en-US]
09-20 10:05:28.919 I/.apps.wellbeing( 1374): AssetManager2(0xb400007828efddb8) locale list changing from [] to [en-US]
09-20 10:05:28.937 I/.apps.wellbeing( 1374): AssetManager2(0xb400007828f015f8) locale list changing from [] to [en-US]
09-20 10:05:28.940 I/.apps.wellbeing( 1374): AssetManager2(0xb400007828efda98) locale list changing from [] to [en-US]
09-20 10:05:28.945 I/.apps.wellbeing( 1374): AssetManager2(0xb400007828eff6b8) locale list changing from [] to [en-US]
09-20 10:05:28.949 I/.apps.wellbeing( 1374): AssetManager2(0xb400007828ef15b8) locale list changing from [] to [en-US]
09-20 10:05:28.957 I/.apps.wellbeing( 1374): AssetManager2(0xb400007828ef2558) locale list changing from [] to [en-US]
09-20 10:05:28.961 I/.apps.wellbeing( 1374): AssetManager2(0xb400007828ef3b38) locale list changing from [] to [en-US]
09-20 10:05:28.963 I/.apps.wellbeing( 1374): AssetManager2(0xb400007828ef2878) locale list changing from [] to [en-US]
09-20 10:05:28.969 E/GeckoLibLoad( 7406): Loaded libs in 165.822459ms total, 3ms(18ms) user, 8ms(21ms) system, 84(147) faults
09-20 10:05:28.977 D/GeckoThread( 7406): State changed to LIBS_READY
09-20 10:05:28.980 I/.apps.wellbeing( 1374): AssetManager2(0xb400007828ef3818) locale list changing from [] to [en-US]
09-20 10:05:28.986 I/.apps.wellbeing( 1374): AssetManager2(0xb400007828eef038) locale list changing from [] to [en-US]
09-20 10:05:28.988 I/.apps.wellbeing( 1374): AssetManager2(0xb400007828ee6cf8) locale list changing from [] to [en-US]
09-20 10:05:28.990 W/GeckoThread( 7406): zerdatime 1853360 - runGecko
09-20 10:05:29.015 W/ServiceManagerCppClient(  624): Permission failure: android.permission.ACCESS_SURFACE_FLINGER from uid=10219 pid=0
09-20 10:05:29.016 D/PermissionCache(  624): checking android.permission.ACCESS_SURFACE_FLINGER for uid=10219 => denied (587 us)
09-20 10:05:29.016 W/ServiceManagerCppClient(  624): Permission failure: android.permission.ROTATE_SURFACE_FLINGER from uid=10219 pid=0
09-20 10:05:29.018 D/PermissionCache(  624): checking android.permission.ROTATE_SURFACE_FLINGER for uid=10219 => denied (2393 us)
09-20 10:05:29.018 W/ServiceManagerCppClient(  624): Permission failure: android.permission.INTERNAL_SYSTEM_WINDOW from uid=10219 pid=0
09-20 10:05:29.018 D/PermissionCache(  624): checking android.permission.INTERNAL_SYSTEM_WINDOW for uid=10219 => denied (41 us)
09-20 10:05:29.027 I/.apps.wellbeing( 1374): AssetManager2(0xb400007828ef3e58) locale list changing from [] to [en-US]
09-20 10:05:29.042 I/ActivityTaskManager(  624): Displayed com.neew.browser/.MainActivity for user 0: +1s238ms
09-20 10:05:29.043 D/MainActivity( 7406): [TV][EXT] retry ensureTvScrollExtension attemptsLeft=3
09-20 10:05:29.052 I/.apps.wellbeing( 1374): AssetManager2(0xb400007828ef1bf8) locale list changing from [] to [en-US]
09-20 10:05:29.058 I/.apps.wellbeing( 1374): AssetManager2(0xb400007828eeb1b8) locale list changing from [] to [en-US]
09-20 10:05:29.063 I/.apps.wellbeing( 1374): AssetManager2(0xb400007828ee5718) locale list changing from [] to [en-US]
09-20 10:05:29.080 I/.apps.wellbeing( 1374): AssetManager2(0xb400007828edff98) locale list changing from [] to [en-US]
09-20 10:05:29.085 I/.apps.wellbeing( 1374): AssetManager2(0xb400007828eee3b8) locale list changing from [] to [en-US]
09-20 10:05:29.091 I/.apps.wellbeing( 1374): AssetManager2(0xb400007828eee6d8) locale list changing from [] to [en-US]
09-20 10:05:29.093 I/.apps.wellbeing( 1374): AssetManager2(0xb400007828ede378) locale list changing from [] to [en-US]
09-20 10:05:29.094 I/.apps.wellbeing( 1374): AssetManager2(0xb400007828eddd38) locale list changing from [] to [en-US]
09-20 10:05:29.094 I/.apps.wellbeing( 1374): AssetManager2(0xb400007828ee0c18) locale list changing from [] to [en-US]
09-20 10:05:29.095 I/.apps.wellbeing( 1374): AssetManager2(0xb400007828edeff8) locale list changing from [] to [en-US]
09-20 10:05:29.096 I/.apps.wellbeing( 1374): AssetManager2(0xb400007828ee4778) locale list changing from [] to [en-US]
09-20 10:05:29.098 D/MainActivity( 7406): onWindowFocusChanged(true): Re-applying immersive mode. Current switch state: true
09-20 10:05:29.101 D/MainActivity( 7406): onWindowFocusChanged(true): First window focus, explicitly re-applying immersive mode.
09-20 10:05:29.108 I/.apps.wellbeing( 1374): AssetManager2(0xb400007828eed0f8) locale list changing from [] to [en-US]
09-20 10:05:29.112 I/ImeTracker(  624): com.neew.browser:c72c3160: onRequestHide at ORIGIN_SERVER reason HIDE_UNSPECIFIED_WINDOW fromUser false
09-20 10:05:29.118 I/.apps.wellbeing( 1374): AssetManager2(0xb400007828ee1578) locale list changing from [] to [en-US]
09-20 10:05:29.122 I/.apps.wellbeing( 1374): AssetManager2(0xb400007828ee98b8) locale list changing from [] to [en-US]
09-20 10:05:29.125 I/.apps.wellbeing( 1374): AssetManager2(0xb400007828ee69d8) locale list changing from [] to [en-US]
09-20 10:05:29.128 I/.apps.wellbeing( 1374): AssetManager2(0xb400007828eec478) locale list changing from [] to [en-US]
09-20 10:05:29.130 I/.apps.wellbeing( 1374): AssetManager2(0xb400007828eea858) locale list changing from [] to [en-US]
09-20 10:05:29.131 I/.apps.wellbeing( 1374): AssetManager2(0xb400007828ee1ed8) locale list changing from [] to [en-US]
09-20 10:05:29.135 I/.apps.wellbeing( 1374): AssetManager2(0xb400007828ee7018) locale list changing from [] to [en-US]
09-20 10:05:29.137 I/.apps.wellbeing( 1374): AssetManager2(0xb400007828ee7fb8) locale list changing from [] to [en-US]
09-20 10:05:29.142 I/.apps.wellbeing( 1374): AssetManager2(0xb400007828eec158) locale list changing from [] to [en-US]
09-20 10:05:29.143 D/GeckoSession( 7406): handleMessage: GeckoView:DismissClipboardPermissionRequest
09-20 10:05:29.145 I/.apps.wellbeing( 1374): AssetManager2(0xb400007828ee6398) locale list changing from [] to [en-US]
09-20 10:05:29.149 I/.apps.wellbeing( 1374): AssetManager2(0xb400007828ee9278) locale list changing from [] to [en-US]
09-20 10:05:29.166 D/InsetsController( 7406): hide(ime(), fromIme=false)
09-20 10:05:29.178 I/ImeTracker( 7406): com.neew.browser:c72c3160: onCancelled at PHASE_CLIENT_ALREADY_HIDDEN
09-20 10:05:29.185 I/FontLog ( 1234): (REDACTED) Received query %s, URI %s
09-20 10:05:29.190 I/FontLog ( 1234): (REDACTED) Query [%s] resolved to %s
09-20 10:05:29.226 I/FontLog ( 1234): (REDACTED) Fetch %s end status %s
09-20 10:05:29.236 D/BaseDepthController( 1050): setSurface:
09-20 10:05:29.236 D/BaseDepthController( 1050): 	mWaitingOnSurfaceValidity: false
09-20 10:05:29.236 D/BaseDepthController( 1050): 	mBaseSurface: null
09-20 10:05:29.238 D/BaseDepthController( 1050): mSurface is null and mCurrentBlur is: 0
09-20 10:05:29.244 I/.apps.wellbeing( 1374): AssetManager2(0xb400007828eeab78) locale list changing from [] to [en-US]
09-20 10:05:29.252 D/StateManager( 1050): goToState - fromState: Normal, toState: Normal, partial trace:
09-20 10:05:29.252 D/StateManager( 1050): 	at com.android.launcher3.statemanager.StateManager.moveToRestState(go/retraceme 72a59688580715d19f0e415c69e80376c2f062d1648c80db6730905005a27c20:4)
09-20 10:05:29.252 D/StateManager( 1050): 	at com.android.launcher3.statemanager.StateManager.moveToRestState(go/retraceme 72a59688580715d19f0e415c69e80376c2f062d1648c80db6730905005a27c20:1)
09-20 10:05:29.252 D/StateManager( 1050): 	at com.android.launcher3.statemanager.StatefulActivity.onStop(go/retraceme 72a59688580715d19f0e415c69e80376c2f062d1648c80db6730905005a27c20:34)
09-20 10:05:29.259 D/StatsLog( 1050): LAUNCHER_ONSTOP
09-20 10:05:29.266 I/ImeTracker(  624): system_server:e7015992: onRequestHide at ORIGIN_SERVER reason IME_REQUESTED_CHANGED_LISTENER fromUser false
09-20 10:05:29.284 D/StatsLog( 1050): LAUNCHER_GOOGLE_SEARCH_RESTORE_LIST_SIZE_AFTER_ACTIVITY_RESTART
09-20 10:05:29.286 I/ImeTracker(  624): system_server:e7015992: onCancelled at PHASE_SERVER_SHOULD_HIDE
09-20 10:05:29.295 I/GoogleInputMethodService( 1356): GoogleInputMethodService.onFinishInput():2043 
09-20 10:05:29.303 I/FontLog ( 1234): (REDACTED) Pulling font file for id = %d, cache size = %d
09-20 10:05:29.321 I/Module  ( 1356): DeviceLockedStatusModuleProvider$Module.updateDeviceLockedStatus():100 repeatCheckTimes = 0, locked = false
09-20 10:05:29.331 I/.apps.wellbeing( 1374): AssetManager2(0xb400007828ee5a38) locale list changing from [] to [en-US]
09-20 10:05:29.334 I/GoogleInputMethodService( 1356): GoogleInputMethodService.onStartInput():1293 onStartInput(EditorInfo{EditorInfo{packageName=com.neew.browser, inputType=0, inputTypeString=NULL, enableLearning=false, autoCorrection=false, autoComplete=false, imeOptions=1, privateImeOptions=null, actionName=NONE, actionLabel=null, initialSelStart=-1, initialSelEnd=-1, initialCapsMode=0, label=null, fieldId=0, fieldName=null, extras=null, hintText=null, hintLocales=[]}}, false)
09-20 10:05:29.351 I/Module  ( 1356): DeviceLockedStatusModuleProvider$Module.updateDeviceLockedStatus():100 repeatCheckTimes = 1, locked = false
09-20 10:05:29.357 W/WindowOnBackDispatcher(  893): sendCancelIfRunning: isInProgress=false callback=android.view.ViewRootImpl$$ExternalSyntheticLambda13@c0b8df3
09-20 10:05:29.360 D/CoreBackPreview(  624): Window{a47dde9 u0 Splash Screen com.neew.browser EXITING}: Setting back callback null
09-20 10:05:29.362 I/FontLog ( 1234): (REDACTED) Pulling font file for id = %d, cache size = %d
09-20 10:05:29.369 I/EmojiCompatManager( 1356): EmojiCompatManager.getEmojiCompatIfLoaded():343 EmojiCompat.init() was never called.
09-20 10:05:29.369 I/EmojiCompatManager( 1356): java.lang.IllegalStateException: EmojiCompat is not initialized. Please call EmojiCompat.init() first
09-20 10:05:29.369 I/EmojiCompatManager( 1356): 	at asx.p(PG:6)
09-20 10:05:29.369 I/EmojiCompatManager( 1356): 	at axb.b(PG:13)
09-20 10:05:29.369 I/EmojiCompatManager( 1356): 	at jnr.b(PG:2)
09-20 10:05:29.369 I/EmojiCompatManager( 1356): 	at jnr.c(PG:4)
09-20 10:05:29.369 I/EmojiCompatManager( 1356): 	at jnr.f(PG:3)
09-20 10:05:29.369 I/EmojiCompatManager( 1356): 	at jnx.c(PG:3)
09-20 10:05:29.369 I/EmojiCompatManager( 1356): 	at kif.cz(PG:47)
09-20 10:05:29.369 I/EmojiCompatManager( 1356): 	at lhl.run(PG:1025)
09-20 10:05:29.369 I/EmojiCompatManager( 1356): 	at jaf.execute(PG:12)
09-20 10:05:29.369 I/EmojiCompatManager( 1356): 	at nco.v(PG:13)
09-20 10:05:29.369 I/EmojiCompatManager( 1356): 	at lhn.m(PG:96)
09-20 10:05:29.369 I/EmojiCompatManager( 1356): 	at lhn.k(PG:25)
09-20 10:05:29.369 I/EmojiCompatManager( 1356): 	at kgn.onStartInput(PG:250)
09-20 10:05:29.369 I/EmojiCompatManager( 1356): 	at android.inputmethodservice.InputMethodService.doStartInput(InputMethodService.java:3521)
09-20 10:05:29.369 I/EmojiCompatManager( 1356): 	at android.inputmethodservice.InputMethodService$InputMethodImpl.startInput(InputMethodService.java:879)
09-20 10:05:29.369 I/EmojiCompatManager( 1356): 	at android.inputmethodservice.InputMethodService$InputMethodImpl.dispatchStartInput(InputMethodService.java:908)
09-20 10:05:29.369 I/EmojiCompatManager( 1356): 	at android.inputmethodservice.IInputMethodWrapper.executeMessage(IInputMethodWrapper.java:201)
09-20 10:05:29.369 I/EmojiCompatManager( 1356): 	at com.android.internal.os.HandlerCaller$MyHandler.handleMessage(HandlerCaller.java:44)
09-20 10:05:29.369 I/EmojiCompatManager( 1356): 	at android.os.Handler.dispatchMessage(Handler.java:110)
09-20 10:05:29.369 I/EmojiCompatManager( 1356): 	at android.os.Looper.loopOnce(Looper.java:248)
09-20 10:05:29.369 I/EmojiCompatManager( 1356): 	at android.os.Looper.loop(Looper.java:338)
09-20 10:05:29.369 I/EmojiCompatManager( 1356): 	at android.app.ActivityThread.main(ActivityThread.java:9067)
09-20 10:05:29.369 I/EmojiCompatManager( 1356): 	at java.lang.reflect.Method.invoke(Native Method)
09-20 10:05:29.369 I/EmojiCompatManager( 1356): 	at com.android.internal.os.RuntimeInit$MethodAndArgsCaller.run(RuntimeInit.java:593)
09-20 10:05:29.369 I/EmojiCompatManager( 1356): 	at com.android.internal.os.ZygoteInit.main(ZygoteInit.java:932)
09-20 10:05:29.374 I/.apps.wellbeing( 1374): AssetManager2(0xb400007828eeb7f8) locale list changing from [] to [en-US]
09-20 10:05:29.379 W/NotificationCenter( 1356): NotificationCenter$NotificationQueue.notifyPendingNotificationsOnExecutor():877 Heavy notify work detected on UI thread: [kig->khg, kig->ilu, kig->fcb, kig->fro, kig->lux, kig->ilu, kig->jnx, kig->ilu, kig->ilu, kig->imt, kig->ijm, kig->ilu, kig->ilu, kig->ilu, kig->ilu, kig->khc, kig->ilu, kig->ilu, kig->fef, kig->ilu, kig->ilu, kig->ilu] takes 35ms
09-20 10:05:29.380 I/.apps.wellbeing( 1374): AssetManager2(0xb400007828ee8918) locale list changing from [] to [en-US]
09-20 10:05:29.386 W/PackageConfigPersister(  624): App-specific configuration not found for packageName: com.neew.browser and userId: 0
09-20 10:05:29.390 D/BackgroundInstallControlService(  624): Package event received: 0
09-20 10:05:29.407 W/System  ( 1050): A resource failed to call release. 
09-20 10:05:29.407 W/System  ( 1050): A resource failed to call release. 
09-20 10:05:29.408 W/System  ( 1050): A resource failed to call release. 
09-20 10:05:29.408 W/System  ( 1050): A resource failed to call release. 
09-20 10:05:29.408 W/System  ( 1050): A resource failed to call release. 
09-20 10:05:29.410 I/.apps.wellbeing( 1374): AssetManager2(0xb400007828eebe38) locale list changing from [] to [en-US]
09-20 10:05:29.426 I/.apps.wellbeing( 1374): AssetManager2(0xb400007828eeae98) locale list changing from [] to [en-US]
09-20 10:05:29.427 W/InteractionJankMonitor( 7406): Initializing without READ_DEVICE_CONFIG permission. enabled=false, interval=1, missedFrameThreshold=3, frameTimeThreshold=64, package=com.neew.browser
09-20 10:05:29.430 I/.apps.wellbeing( 1374): AssetManager2(0xb400007828ef7ff8) locale list changing from [] to [en-US]
09-20 10:05:29.431 I/.apps.wellbeing( 1374): AssetManager2(0xb400007828edf638) locale list changing from [] to [en-US]
09-20 10:05:29.448 I/.apps.wellbeing( 1374): AssetManager2(0xb400007828ef8958) locale list changing from [] to [en-US]
09-20 10:05:29.453 I/.apps.wellbeing( 1374): AssetManager2(0xb400007828eecab8) locale list changing from [] to [en-US]
09-20 10:05:29.457 I/.apps.wellbeing( 1374): AssetManager2(0xb400007828efc7d8) locale list changing from [] to [en-US]
09-20 10:05:29.462 I/.apps.wellbeing( 1374): AssetManager2(0xb400007828ef9f38) locale list changing from [] to [en-US]
09-20 10:05:29.469 I/.apps.wellbeing( 1374): AssetManager2(0xb400007828eefcb8) locale list changing from [] to [en-US]
09-20 10:05:29.471 I/.apps.wellbeing( 1374): AssetManager2(0xb400007828efbb58) locale list changing from [] to [en-US]
09-20 10:05:29.478 I/.apps.wellbeing( 1374): AssetManager2(0xb400007828efbe78) locale list changing from [] to [en-US]
09-20 10:05:29.480 I/.apps.wellbeing( 1374): AssetManager2(0xb400007828ee1258) locale list changing from [] to [en-US]
09-20 10:05:29.508 I/.apps.wellbeing( 1374): AssetManager2(0xb400007828ee05d8) locale list changing from [] to [en-US]
09-20 10:05:29.510 I/.apps.wellbeing( 1374): AssetManager2(0xb400007828ede698) locale list changing from [] to [en-US]
09-20 10:05:29.515 I/.apps.wellbeing( 1374): AssetManager2(0xb400007828ee53f8) locale list changing from [] to [en-US]
09-20 10:05:29.517 W/IPCThreadState(  545): Sending oneway calls to frozen process.
09-20 10:05:29.524 I/.apps.wellbeing( 1374): AssetManager2(0xb400007828eec798) locale list changing from [] to [en-US]
09-20 10:05:29.527 I/.apps.wellbeing( 1374): AssetManager2(0xb400007828ee3af8) locale list changing from [] to [en-US]
09-20 10:05:29.530 I/.apps.wellbeing( 1374): AssetManager2(0xb400007828ee6078) locale list changing from [] to [en-US]
09-20 10:05:29.535 I/.apps.wellbeing( 1374): AssetManager2(0xb400007828ee37d8) locale list changing from [] to [en-US]
09-20 10:05:29.542 I/.apps.wellbeing( 1374): AssetManager2(0xb400007828ee7658) locale list changing from [] to [en-US]
09-20 10:05:29.546 I/.apps.wellbeing( 1374): AssetManager2(0xb400007828ede9b8) locale list changing from [] to [en-US]
09-20 10:05:29.549 I/.apps.wellbeing( 1374): AssetManager2(0xb400007828efb1f8) locale list changing from [] to [en-US]
09-20 10:05:29.554 D/MainActivity( 7406): [TV][EXT] retry ensureTvScrollExtension attemptsLeft=2
09-20 10:05:29.555 I/.apps.wellbeing( 1374): AssetManager2(0xb400007828edf958) locale list changing from [] to [en-US]
09-20 10:05:29.557 I/.apps.wellbeing( 1374): AssetManager2(0xb400007828edecd8) locale list changing from [] to [en-US]
09-20 10:05:29.568 I/.apps.wellbeing( 1374): AssetManager2(0xb400007828ee7338) locale list changing from [] to [en-US]
09-20 10:05:29.571 I/.apps.wellbeing( 1374): AssetManager2(0xb400007828efb838) locale list changing from [] to [en-US]
09-20 10:05:29.574 I/.apps.wellbeing( 1374): AssetManager2(0xb400007828ef7cd8) locale list changing from [] to [en-US]
09-20 10:05:29.592 I/.apps.wellbeing( 1374): AssetManager2(0xb400007828ef63d8) locale list changing from [] to [en-US]
09-20 10:05:29.609 I/.apps.wellbeing( 1374): AssetManager2(0xb400007828efa258) locale list changing from [] to [en-US]
09-20 10:05:29.611 I/.apps.wellbeing( 1374): AssetManager2(0xb400007828ef95d8) locale list changing from [] to [en-US]
09-20 10:05:29.614 I/.apps.wellbeing( 1374): AssetManager2(0xb400007828ef5d98) locale list changing from [] to [en-US]
09-20 10:05:29.631 I/.apps.wellbeing( 1374): AssetManager2(0xb400007828efcaf8) locale list changing from [] to [en-US]
09-20 10:05:29.634 I/.apps.wellbeing( 1374): AssetManager2(0xb400007828ef5a78) locale list changing from [] to [en-US]
09-20 10:05:29.636 W/FileTestStorage( 7406): Output properties is not supported.
09-20 10:05:29.645 I/.apps.wellbeing( 1374): AssetManager2(0xb400007828ef9c18) locale list changing from [] to [en-US]
09-20 10:05:29.649 I/.apps.wellbeing( 1374): AssetManager2(0xb400007828ef5438) locale list changing from [] to [en-US]
09-20 10:05:29.652 I/.apps.wellbeing( 1374): AssetManager2(0xb400007828f03858) locale list changing from [] to [en-US]
09-20 10:05:29.659 I/.apps.wellbeing( 1374): AssetManager2(0xb400007828f00fb8) locale list changing from [] to [en-US]
09-20 10:05:29.663 I/Tracing ( 7406): Tracer added: class androidx.test.platform.tracing.AndroidXTracer
09-20 10:05:29.680 D/EventInjectionStrategy( 7406): Creating injection strategy with input manager.
09-20 10:05:29.701 I/om.neew.browser( 7406): hiddenapi: Accessing hidden method Landroid/hardware/input/InputManager;->getInstance()Landroid/hardware/input/InputManager; (runtime_flags=0, domain=platform, api=unsupported) from Landroidx/test/espresso/base/InputManagerEventInjectionStrategy; (domain=app) using reflection: allowed
09-20 10:05:29.702 I/om.neew.browser( 7406): hiddenapi: Accessing hidden method Landroid/hardware/input/InputManager;->injectInputEvent(Landroid/view/InputEvent;I)Z (runtime_flags=0, domain=platform, api=unsupported) from Landroidx/test/espresso/base/InputManagerEventInjectionStrategy; (domain=app) using reflection: allowed
09-20 10:05:29.702 I/om.neew.browser( 7406): hiddenapi: Accessing hidden field Landroid/hardware/input/InputManager;->INJECT_INPUT_EVENT_MODE_WAIT_FOR_FINISH:I (runtime_flags=0, domain=platform, api=unsupported) from Landroidx/test/espresso/base/InputManagerEventInjectionStrategy; (domain=app) using reflection: allowed
09-20 10:05:29.708 I/om.neew.browser( 7406): hiddenapi: Accessing hidden method Landroid/view/ViewConfiguration;->getDoubleTapMinTime()I (runtime_flags=0, domain=platform, api=unsupported) from Landroidx/test/espresso/action/Tap; (domain=app) using reflection: allowed
09-20 10:05:29.721 W/.apps.wellbeing( 1374): Suspending all threads took: 10.329ms
09-20 10:05:29.725 I/om.neew.browser( 7406): hiddenapi: Accessing hidden method Landroid/os/MessageQueue;->next()Landroid/os/Message; (runtime_flags=0, domain=platform, api=unsupported) from Landroidx/test/espresso/base/Interrogator; (domain=app) using reflection: allowed
09-20 10:05:29.732 I/om.neew.browser( 7406): hiddenapi: Accessing hidden field Landroid/os/MessageQueue;->mMessages:Landroid/os/Message; (runtime_flags=0, domain=platform, api=unsupported) from Landroidx/test/espresso/base/Interrogator; (domain=app) using reflection: allowed
09-20 10:05:29.732 I/om.neew.browser( 7406): hiddenapi: Accessing hidden method Landroid/os/Message;->recycleUnchecked()V (runtime_flags=0, domain=platform, api=unsupported) from Landroidx/test/espresso/base/Interrogator; (domain=app) using reflection: allowed
09-20 10:05:29.733 I/om.neew.browser( 7406): hiddenapi: Accessing hidden method Landroid/view/WindowManagerGlobal;->getInstance()Landroid/view/WindowManagerGlobal; (runtime_flags=0, domain=platform, api=unsupported) from Landroidx/test/espresso/base/RootsOracle; (domain=app) using reflection: allowed
09-20 10:05:29.733 I/om.neew.browser( 7406): hiddenapi: Accessing hidden field Landroid/view/WindowManagerGlobal;->mViews:Ljava/util/ArrayList; (runtime_flags=0, domain=platform, api=unsupported) from Landroidx/test/espresso/base/RootsOracle; (domain=app) using reflection: allowed
09-20 10:05:29.733 I/om.neew.browser( 7406): hiddenapi: Accessing hidden field Landroid/view/WindowManagerGlobal;->mParams:Ljava/util/ArrayList; (runtime_flags=0, domain=platform, api=unsupported) from Landroidx/test/espresso/base/RootsOracle; (domain=app) using reflection: allowed
09-20 10:05:29.733 I/ViewInteraction( 7406): Performing 'single click' action on view view.getId() is <2131296748/com.neew.browser:id/newTabButton>
09-20 10:05:29.840 D/MainActivity( 7406): Expanded New Tab button clicked.
09-20 10:05:29.844 D/MainActivity( 7406): showExpandedBar: Expanded bar visible.
09-20 10:05:29.847 D/MainActivity( 7406): Creating new tab. Initial URL: https://www.google.com, Switch: true
09-20 10:05:29.854 D/MainActivity( 7406): Applied user agent string: [Mozilla/5.0 (Linux; Android 14; SM-G998B) AppleWebKit/537.36 (KHTML, like Gecko) Chrome/120.0.0.0 Mobile Safari/537.36 IndicBrowser/v1.8.7] (derived from mode: mobile) to session for URL context: [https://www.google.com]
09-20 10:05:29.854 D/MainActivity( 7406): Viewport Setting: MOBILE (Reason: UA mode 'mobile')
09-20 10:05:29.854 D/MainActivity( 7406): Opened new GeckoSession
09-20 10:05:29.854 D/MainActivity( 7406): MainTab NavDelegate onLoadRequest: URI=https://www.google.com (Session: https://www.google.com)
09-20 10:05:29.854 D/MainActivity( 7406): MainTab NavDelegate onLoadRequest: Allowing non-intent URI: https://www.google.com
09-20 10:05:29.854 D/MainActivity( 7406): Loading initial URL in new session: https://www.google.com
09-20 10:05:29.854 D/MainActivity( 7406): Switching to tab index: 1. Current global activeSessionIndex before switch: 0
09-20 10:05:29.854 D/MainActivity( 7406): Requesting snapshot for active session index: 0
09-20 10:05:29.854 D/MainActivity( 7406): Released session from GeckoView: https://www.google.com
09-20 10:05:29.864 D/MainActivity( 7406): Attached session to GeckoView: https://www.google.com
09-20 10:05:29.875 W/AS.PlaybackActivityMon(  624): No piid assigned for invalid/internal port id 15
09-20 10:05:29.970 D/AudioFlinger(  478): mixer(0xb400007704b66770) throttle end: throttle time(35)
09-20 10:05:29.988 V/AutofillSession(  624): Primary service component name: ComponentInfo{com.google.android.gms/com.google.android.gms.autofill.service.AutofillService}, secondary service component name: ComponentInfo{com.android.credentialmanager/com.android.credentialmanager.autofill.CredentialAutofillService}
09-20 10:05:29.990 V/SecondaryProviderHandler(  624): Creating a secondary provider handler with component name, ComponentInfo{com.android.credentialmanager/com.android.credentialmanager.autofill.CredentialAutofillService}
09-20 10:05:29.993 D/PresentationStatsEventLogger(  624): Started new PresentationStatsEvent
09-20 10:05:30.013 D/MainActivity( 7406): [StorageDebug] saveSessionState CALLED
09-20 10:05:30.013 D/MainActivity( 7406): [StorageDebug] Saving URLs JSON: ["https:\/\/www.google.com","https:\/\/www.google.com"]
09-20 10:05:30.013 D/MainActivity( 7406): [StorageDebug] Saving active index: 1
09-20 10:05:30.013 D/MainActivity( 7406): [StorageDebug] Session state saved. Tabs: 2, Active Index: 1
09-20 10:05:30.019 W/PresentationStatsEventLogger(  624): Bad view state for: -1, state: ViewState: [id=1073741824@237602723, state:10010, currentValue:android.view.autofill.AutofillValue@37a7dcaf]
09-20 10:05:30.037 E/MainActivity( 7406): Snapshot capture failed for session index: 0
09-20 10:05:30.037 E/MainActivity( 7406): java.lang.IllegalStateException: Compositor must be ready before pixels can be captured
09-20 10:05:30.037 E/MainActivity( 7406): 	at org.mozilla.geckoview.GeckoDisplay$ScreenshotBuilder.capture(GeckoDisplay.java:463)
09-20 10:05:30.037 E/MainActivity( 7406): 	at org.mozilla.geckoview.GeckoDisplay.capturePixels(GeckoDisplay.java:317)
09-20 10:05:30.037 E/MainActivity( 7406): 	at org.mozilla.geckoview.GeckoView$Display.capturePixels(GeckoView.java:238)
09-20 10:05:30.037 E/MainActivity( 7406): 	at org.mozilla.geckoview.GeckoView.capturePixels(GeckoView.java:938)
09-20 10:05:30.037 E/MainActivity( 7406): 	at com.neew.browser.MainActivity.captureSnapshot(MainActivity.java:3055)
09-20 10:05:30.037 E/MainActivity( 7406): 	at com.neew.browser.MainActivity.switchToTab(MainActivity.java:3005)
09-20 10:05:30.037 E/MainActivity( 7406): 	at com.neew.browser.MainActivity.createNewTab(MainActivity.java:2937)
09-20 10:05:30.037 E/MainActivity( 7406): 	at com.neew.browser.MainActivity.createNewTab(MainActivity.java:2947)
09-20 10:05:30.037 E/MainActivity( 7406): 	at com.neew.browser.MainActivity.lambda$setupButtonListeners$26(MainActivity.java:1563)
09-20 10:05:30.037 E/MainActivity( 7406): 	at com.neew.browser.MainActivity.$r8$lambda$BveJnz3wS9RkBT_gVZhshL9K0zo(Unknown Source:0)
09-20 10:05:30.037 E/MainActivity( 7406): 	at com.neew.browser.MainActivity$$ExternalSyntheticLambda70.onClick(D8$$SyntheticClass:0)
09-20 10:05:30.037 E/MainActivity( 7406): 	at android.view.View.performClick(View.java:8083)
09-20 10:05:30.037 E/MainActivity( 7406): 	at android.view.View.performClickInternal(View.java:8060)
09-20 10:05:30.037 E/MainActivity( 7406): 	at android.view.View.-$$Nest$mperformClickInternal(Unknown Source:0)
09-20 10:05:30.037 E/MainActivity( 7406): 	at android.view.View$PerformClick.run(View.java:31549)
09-20 10:05:30.037 E/MainActivity( 7406): 	at android.os.Handler.handleCallback(Handler.java:995)
09-20 10:05:30.037 E/MainActivity( 7406): 	at android.os.Handler.dispatchMessage(Handler.java:103)
09-20 10:05:30.037 E/MainActivity( 7406): 	at androidx.test.espresso.base.Interrogator.loopAndInterrogate(Interrogator.java:14)
09-20 10:05:30.037 E/MainActivity( 7406): 	at androidx.test.espresso.base.UiControllerImpl.loopUntil(UiControllerImpl.java:8)
09-20 10:05:30.037 E/MainActivity( 7406): 	at androidx.test.espresso.base.UiControllerImpl.loopUntil(UiControllerImpl.java:1)
09-20 10:05:30.037 E/MainActivity( 7406): 	at androidx.test.espresso.base.UiControllerImpl.injectMotionEvent(UiControllerImpl.java:5)
09-20 10:05:30.037 E/MainActivity( 7406): 	at androidx.test.espresso.action.MotionEvents.sendUp(MotionEvents.java:7)
09-20 10:05:30.037 E/MainActivity( 7406): 	at androidx.test.espresso.action.MotionEvents.sendUp(MotionEvents.java:1)
09-20 10:05:30.037 E/MainActivity( 7406): 	at androidx.test.espresso.action.Tap.sendSingleTap(Tap.java:5)
09-20 10:05:30.037 E/MainActivity( 7406): 	at androidx.test.espresso.action.Tap.-$$Nest$smsendSingleTap(Unknown Source:0)
09-20 10:05:30.037 E/MainActivity( 7406): 	at androidx.test.espresso.action.Tap$1.sendTap(Tap.java:3)
09-20 10:05:30.037 E/MainActivity( 7406): 	at androidx.test.espresso.action.GeneralClickAction.perform(GeneralClickAction.java:6)
09-20 10:05:30.037 E/MainActivity( 7406): 	at androidx.test.espresso.ViewInteraction$SingleExecutionViewAction.perform(ViewInteraction.java:2)
09-20 10:05:30.037 E/MainActivity( 7406): 	at androidx.test.espresso.ViewInteraction.doPerform(ViewInteraction.java:25)
09-20 10:05:30.037 E/MainActivity( 7406): 	at androidx.test.espresso.ViewInteraction.-$$Nest$mdoPerform(Unknown Source:0)
09-20 10:05:30.037 E/MainActivity( 7406): 	at androidx.test.espresso.ViewInteraction$1.call(ViewInteraction.java:7)
09-20 10:05:30.037 E/MainActivity( 7406): 	at androidx.test.espresso.ViewInteraction$1.call(ViewInteraction.java:1)
09-20 10:05:30.037 E/MainActivity( 7406): 	at java.util.concurrent.FutureTask.run(FutureTask.java:317)
09-20 10:05:30.037 E/MainActivity( 7406): 	at android.os.Handler.handleCallback(Handler.java:995)
09-20 10:05:30.037 E/MainActivity( 7406): 	at android.os.Handler.dispatchMessage(Handler.java:103)
09-20 10:05:30.037 E/MainActivity( 7406): 	at android.os.Looper.loopOnce(Looper.java:248)
09-20 10:05:30.037 E/MainActivity( 7406): 	at android.os.Looper.loop(Looper.java:338)
09-20 10:05:30.037 E/MainActivity( 7406): 	at android.app.ActivityThread.main(ActivityThread.java:9067)
09-20 10:05:30.037 E/MainActivity( 7406): 	at java.lang.reflect.Method.invoke(Native Method)
09-20 10:05:30.037 E/MainActivity( 7406): 	at com.android.internal.os.RuntimeInit$MethodAndArgsCaller.run(RuntimeInit.java:593)
09-20 10:05:30.037 E/MainActivity( 7406): 	at com.android.internal.os.ZygoteInit.main(ZygoteInit.java:932)
09-20 10:05:30.049 D/GeckoSession( 7406): handleMessage: GeckoView:DismissClipboardPermissionRequest
09-20 10:05:30.078 I/AssistStructure( 7406): Flattened final assist data: 2156 bytes, containing 1 windows, 13 views
09-20 10:05:30.091 D/AutofillSession(  624): createPendingIntent for request 108
09-20 10:05:30.092 D/ContentCapturePerUserService(  624): Notified activity assist data for activity: Token{6d90fca ActivityRecord{26774892 u0 com.neew.browser/.MainActivity t60}} without a session Id
09-20 10:05:30.094 D/MainActivity( 7406): [TV][EXT] retry ensureTvScrollExtension attemptsLeft=1
09-20 10:05:30.178 I/Gecko:DumpUtils( 7406): Fifo watcher disabled via pref.
09-20 10:05:30.175 W/com.neew.browser( 7406): type=1400 audit(0.0:664): avc:  denied  { bind } for  comm=4E65746C696E6B204D6F6E69746F72 scontext=u:r:untrusted_app:s0:c219,c256,c512,c768 tcontext=u:r:untrusted_app:s0:c219,c256,c512,c768 tclass=netlink_route_socket permissive=0 bug=b/155595000 app=com.neew.browser
09-20 10:05:30.243 D/FileUtils(  624): Rounded bytes from 2070859776 to 4000000000
09-20 10:05:30.246 D/GeckoAppShell( 7406): System memory: 1974MB.
09-20 10:05:30.253 E/om.neew.browser( 7406): hiddenapi: Accessing hidden field Ljava/lang/Boolean;->value:Z (runtime_flags=0, domain=core-platform, api=max-target-p) from Lorg/mozilla/gecko/GeckoThread; (domain=app) using JNI: denied
09-20 10:05:30.253 E/om.neew.browser( 7406): hiddenapi: Accessing hidden field Ljava/lang/Integer;->value:I (runtime_flags=0, domain=core-platform, api=max-target-p) from Lorg/mozilla/gecko/GeckoThread; (domain=app) using JNI: denied
09-20 10:05:30.253 E/om.neew.browser( 7406): hiddenapi: Accessing hidden field Ljava/lang/Double;->value:D (runtime_flags=0, domain=core-platform, api=max-target-p) from Lorg/mozilla/gecko/GeckoThread; (domain=app) using JNI: denied
09-20 10:05:30.263 D/GeckoThread( 7406): State changed to JNI_READY
09-20 10:05:30.275 W/System  (  893): A resource failed to call release. 
09-20 10:05:30.275 W/System  (  893): A resource failed to call release. 
09-20 10:05:30.275 W/System  (  893): A resource failed to call release. 
09-20 10:05:30.275 W/System  (  893): A resource failed to call release. 
09-20 10:05:30.275 W/System  (  893): A resource failed to call release. 
09-20 10:05:30.275 W/System  (  893): A resource failed to call release. 
09-20 10:05:30.275 W/System  (  893): A resource failed to call release. 
09-20 10:05:30.275 W/System  (  893): A resource failed to call release. 
09-20 10:05:30.275 W/System  (  893): A resource failed to call release. 
09-20 10:05:30.275 W/System  (  893): A resource failed to call release. 
09-20 10:05:30.275 W/System  (  893): A resource failed to call release. 
09-20 10:05:30.275 W/System  (  893): A resource failed to call release. 
09-20 10:05:30.275 W/System  (  893): A resource failed to call release. 
09-20 10:05:30.275 W/System  (  893): A resource failed to call release. 
09-20 10:05:30.275 W/System  (  893): A resource failed to call release. 
09-20 10:05:30.275 W/System  (  893): A resource failed to call release. 
09-20 10:05:30.275 W/System  (  893): A resource failed to call release. 
09-20 10:05:30.275 W/System  (  893): A resource failed to call release. 
09-20 10:05:30.275 W/System  (  893): A resource failed to call release. 
09-20 10:05:30.275 W/System  (  893): A resource failed to call release. 
09-20 10:05:30.275 W/System  (  893): A resource failed to call release. 
09-20 10:05:30.275 W/System  (  893): A resource failed to call release. 
09-20 10:05:30.292 V/GrammaticalInflectionUtils(  624): AttributionSource: android.content.AttributionSource@c5440e1c does not have READ_SYSTEM_GRAMMATICAL_GENDER permission.
09-20 10:05:30.298 D/ServiceAllocator( 7406): org.mozilla.gecko.process.GeckoChildProcessServices$tab38 updateBindings: BACKGROUND priority, 0 importance, 2 successful binds, 0 failed binds, 0 successful unbinds
09-20 10:05:30.306 D/Zygote  (  410): Forked child process 7470
09-20 10:05:30.309 I/ActivityManager(  624): Start proc 7470:com.neew.browser:tab38/u0a219 for service {com.neew.browser/org.mozilla.gecko.process.GeckoChildProcessServices$tab38}
09-20 10:05:30.311 I/ActivityManager(  624): ProcessObserver broadcast disabled
09-20 10:05:30.327 I/w.browser:tab38( 7470): Late-enabling -Xcheck:jni
09-20 10:05:30.369 I/w.browser:tab38( 7470): Using CollectorTypeCMC GC.
09-20 10:05:30.377 I/adbd    (  485): jdwp connection from 7470
09-20 10:05:30.390 I/ViewInteraction( 7406): Checking 'MatchesViewAssertion{viewMatcher=(view has effective visibility <VISIBLE> and view.getGlobalVisibleRect() to return non-empty rectangle)}' assertion on view view.getId() is <2131296543/com.neew.browser:id/geckoView>
09-20 10:05:30.403 D/nativeloader( 7470): Load libframework-connectivity-tiramisu-jni.so using APEX ns com_android_tethering for caller /apex/com.android.tethering/javalib/framework-connectivity-t.jar: ok
09-20 10:05:30.415 D/CompatChangeReporter(  624): Compat change id reported: 151861875; UID 10222; state: ENABLED
09-20 10:05:30.421 I/system_server(  624): AssetManager2(0xb400007828f62d58) locale list changing from [] to [en-US]
09-20 10:05:30.426 V/GrammaticalInflectionUtils(  624): AttributionSource: android.content.AttributionSource@ca6297f9 does not have READ_SYSTEM_GRAMMATICAL_GENDER permission.
09-20 10:05:30.429 W/OptProp (  624): Cannot read opt property android.window.PROPERTY_COMPAT_ALLOW_USER_ASPECT_RATIO_OVERRIDE
09-20 10:05:30.429 W/OptProp (  624): Cannot read opt property android.window.PROPERTY_COMPAT_ALLOW_USER_ASPECT_RATIO_FULLSCREEN_OVERRIDE
09-20 10:05:30.429 W/OptProp (  624): Cannot read opt property android.window.PROPERTY_COMPAT_ALLOW_RESIZEABLE_ACTIVITY_OVERRIDES
09-20 10:05:30.430 W/OptProp (  624): Cannot read opt property android.window.PROPERTY_COMPAT_ALLOW_MIN_ASPECT_RATIO_OVERRIDE
09-20 10:05:30.438 W/OptProp (  624): Cannot read opt property android.window.PROPERTY_COMPAT_ALLOW_ORIENTATION_OVERRIDE
09-20 10:05:30.444 I/ndroid.systemui(  893): AssetManager2(0xb400007828ef60b8) locale list changing from [] to [en-US]
09-20 10:05:30.451 D/CompatChangeReporter(  624): Compat change id reported: 309578419; UID 10222; state: ENABLED
09-20 10:05:30.459 V/WindowManagerShell(  893): Transition requested (#40): android.os.BinderProxy@a2df40d TransitionRequestInfo { type = OPEN, triggerTask = TaskInfo{userId=0 taskId=61 effectiveUid=10222 displayId=0 isRunning=true baseIntent=Intent { act=android.intent.action.MAIN cat=[android.intent.category.LAUNCHER] flg=0x10000000 cmp=com.neew.browser.test/androidx.test.core.app.InstrumentationActivityInvoker$EmptyActivity } baseActivity=ComponentInfo{com.neew.browser.test/androidx.test.core.app.InstrumentationActivityInvoker$EmptyActivity} topActivity=ComponentInfo{com.neew.browser.test/androidx.test.core.app.InstrumentationActivityInvoker$EmptyActivity} origActivity=null realActivity=ComponentInfo{com.neew.browser.test/androidx.test.core.app.InstrumentationActivityInvoker$EmptyActivity} numActivities=1 lastActiveTime=1854828 supportsMultiWindow=true resizeMode=1 isResizeable=true minWidth=-1 minHeight=-1 defaultMinSize=220 token=WCT{android.window.IWindowContainerToken$Stub$Proxy@4fb0fc2} topActivityType=1 pictureInPictureParams=null shouldDockBigOverlays=false launchIntoPipHostTaskId=-1 lastParentTaskIdBeforePip=-1 displayCutoutSafeInsets=Rect(0, 0 - 0, 0) topActivityInfo=ActivityInfo{fbf01d3 androidx.test.core.app.InstrumentationActivityInvoker$EmptyActivity} launchCookies=[] positionInParent=Point(0, 0) parentTaskId=-1 isFocused=false isVisible=false isVisibleRequested=false isTopActivityNoDisplay=false isSleeping=false locusId=null displayAreaFeatureId=1 isTopActivityTransparent=false isActivityStackTransparent=false lastNonFullscreenBounds=Rect(284, 660 - 796, 1740) capturedLink=null capturedLinkTimestamp=0 requestedVisibleTypes=-9 topActivityRequestOpenInBrowserEducationTimestamp=0 appCompatTaskInfo=AppCompatTaskInfo { topActivityInSizeCompat=false eligibleForLetterboxEducation= false isLetterboxEducationEnabled= true isLetterboxDoubleTapEnabled= false eligibleForUserAspectRatioButton= false topActivityBoundsLetterboxed= false isFromLetterboxDoubleTap= false topActivityLetterboxVerticalPosition= -1 topActivityLetterboxHorizontalPosition= -1 topActivityLetterboxWidth=-1 topActivityLetterboxHeight=-1 topActivityAppBounds=Rect(0, 0 - 1080, 2400) isUserFullscreenOverrideEnabled=false isSystemFullscreenOverrideEnabled=false hasMinAspectRatioOverride=false topActivityLetterboxBounds=null cameraCompatTaskInfo=CameraCompatTaskInfo { freeformCameraCompatMode=inactive}} topActivityMainWindowFrame=null}, pipChange = null, remoteTransition = null, displayChange = null, flags = 0, debugId = 40 }
09-20 10:05:30.459 D/ShellSplitScreen(  893): logExit: no-op, mLoggerSessionId is null
09-20 10:05:30.462 I/ActivityTaskManager(  624): START u0 {act=android.intent.action.MAIN cat=[android.intent.category.LAUNCHER] flg=0x10000000 xflg=0x4 cmp=com.neew.browser.test/androidx.test.core.app.InstrumentationActivityInvoker$EmptyActivity} with LAUNCH_MULTIPLE from uid 10219 (BAL_ALLOW_VISIBLE_WINDOW) result code=0
09-20 10:05:30.467 D/MainActivity( 7406): onUserLeaveHint: Conditions for PiP not met. isMediaActuallyPlaying=false, activeSession == mediaPlayingSession: false, isInGeckoViewFullscreen=false
09-20 10:05:30.475 D/CoreBackPreview(  624): Window{ba682ab u0 Splash Screen com.neew.browser.test}: Setting back callback OnBackInvokedCallbackInfo{mCallback=android.window.IOnBackInvokedCallback$Stub$Proxy@bf88ca1, mPriority=0, mIsAnimationCallback=false, mOverrideBehavior=0}
09-20 10:05:30.478 D/LifecycleMonitor( 7406): Lifecycle status change: com.neew.browser.MainActivity@e996d37 in: PAUSED
09-20 10:05:30.478 V/ActivityScenario( 7406): Update currentActivityStage to PAUSED, currentActivity=com.neew.browser.MainActivity@e996d37
09-20 10:05:30.483 I/BpBinder(  482): onLastStrongRef automatically unlinking death recipients: 
09-20 10:05:30.485 W/IPCThreadState(  545): Sending oneway calls to frozen process.
09-20 10:05:30.522 V/GrammaticalInflectionUtils(  624): AttributionSource: android.content.AttributionSource@ca6297f9 does not have READ_SYSTEM_GRAMMATICAL_GENDER permission.
09-20 10:05:30.539 D/InetDiagMessage(  624): Destroyed 0 sockets, proto=IPPROTO_TCP, family=AF_INET, states=14
09-20 10:05:30.543 D/InetDiagMessage(  624): Destroyed 0 sockets, proto=IPPROTO_TCP, family=AF_INET6, states=14
09-20 10:05:30.544 D/InetDiagMessage(  624): Destroyed live tcp sockets for uids={10195} in 5ms
09-20 10:05:30.545 D/InetDiagMessage(  624): Destroyed 0 sockets, proto=IPPROTO_TCP, family=AF_INET, states=14
09-20 10:05:30.546 D/InetDiagMessage(  624): Destroyed 0 sockets, proto=IPPROTO_TCP, family=AF_INET6, states=14
09-20 10:05:30.546 D/InetDiagMessage(  624): Destroyed live tcp sockets for uids={20195} in 1ms
09-20 10:05:30.561 D/Zygote  (  410): Forked child process 7490
09-20 10:05:30.569 W/ActivityManager(  624): Slow operation: 75ms so far, now at startProcess: done starting proc!
09-20 10:05:30.579 I/ew.browser.test( 7490): Late-enabling -Xcheck:jni
09-20 10:05:30.626 I/ew.browser.test( 7490): Using CollectorTypeCMC GC.
09-20 10:05:30.638 I/adbd    (  485): jdwp connection from 7490
09-20 10:05:30.646 V/WindowManagerShell(  893): onTransitionReady(transaction=2680059594144)
09-20 10:05:30.646 V/WindowManagerShell(  893): onTransitionReady (#40) android.os.BinderProxy@a2df40d: {id=40 t=OPEN f=0x0 trk=0 r=[0@Point(0, 0)] c=[
09-20 10:05:30.646 V/WindowManagerShell(  893):         {m=OPEN f=NONE leash=Surface(name=Task=61)/@0xd1eb41 sb=Rect(0, 0 - 1080, 2400) eb=Rect(0, 0 - 1080, 2400) epz=Point(1080, 2400) d=0 taskParent=-1},
09-20 10:05:30.646 V/WindowManagerShell(  893):         {m=TO_BACK f=NONE leash=Surface(name=Task=60)/@0x45528e6 sb=Rect(0, 0 - 1080, 2400) eb=Rect(0, 0 - 1080, 2400) epz=Point(1080, 2400) d=0 taskParent=-1}
09-20 10:05:30.646 V/WindowManagerShell(  893):     ]}
09-20 10:05:30.646 V/WindowManagerShell(  893): Playing animation for (#40) android.os.BinderProxy@a2df40d@0
09-20 10:05:30.646 V/ShellRecents(  893): RecentsTransitionHandler.startAnimation: no controller found
09-20 10:05:30.646 V/WindowManagerShell(  893): Transition doesn't have explicit remote, search filters for match for {id=40 t=OPEN f=0x0 trk=0 r=[0@Point(0, 0)] c=[{m=OPEN f=NONE leash=Surface(name=Task=61)/@0xd1eb41 sb=Rect(0, 0 - 1080, 2400) eb=Rect(0, 0 - 1080, 2400) epz=Point(1080, 2400) d=0 taskParent=-1},{m=TO_BACK f=NONE leash=Surface(name=Task=60)/@0x45528e6 sb=Rect(0, 0 - 1080, 2400) eb=Rect(0, 0 - 1080, 2400) epz=Point(1080, 2400) d=0 taskParent=-1}]}
