08-24 20:09:22.744 E/chromium(17857): [17857:17881:ERROR:connectivity_checker_impl.cc(285)] Connectivity check failed: net_error=-501
08-24 20:09:22.744 I/chromium(17857): [17857:17881:INFO:connectivity_checker_impl.cc(320)] Notify connectivity check failure.
08-24 20:09:22.745 I/chromium(17857): [17857:17914:INFO:setup_manager_impl.cc(2554)] SetupManagerImpl::OnConnectivityCheckFailed: Trigger Network check.
08-24 20:09:23.135 W/GeckoEventDispatcher(16080): No listener for GeckoView:BrowserAction:Update
08-24 20:09:23.136 W/GeckoEventDispatcher(16080): No listener for GeckoView:BrowserAction:Update
08-24 20:09:23.304 W/GeckoEventDispatcher(16080): No listener for GeckoView:BrowserAction:Update
08-24 20:09:23.304 W/GeckoEventDispatcher(16080): No listener for GeckoView:BrowserAction:Update
08-24 20:09:23.802 E/chromium(17857): [17857:17889:ERROR:ssl_client_socket_impl.cc(981)] handshake failed; returned -1, SSL error code 1, net_error -201
08-24 20:09:23.804 E/chromium(17857): [17857:17881:ERROR:connectivity_checker_impl.cc(285)] Connectivity check failed: net_error=-501
08-24 20:09:23.804 I/chromium(17857): [17857:17881:INFO:connectivity_checker_impl.cc(320)] Notify connectivity check failure.
08-24 20:09:23.804 I/chromium(17857): [17857:17914:INFO:setup_manager_impl.cc(2554)] SetupManagerImpl::OnConnectivityCheckFailed: Trigger Network check.
08-24 20:09:24.320 I/VoiceInputManagerWrapper(17771): VoiceInputManagerWrapper.shutdownVoiceInternal():94 shutdownVoiceInternal()
08-24 20:09:24.771 W/WindowManager(  508): removeWindowToken: Attempted to remove non-existing token: android.os.Binder@f755a55
08-24 20:09:24.807 W/ProcessStats(  508): Tracking association SourceState{12e5eb9 system/1000 BTopFgs #15565} whose proc state 2 is better than process ProcessState{db0e2fe com.google.android.tv.remote.service/10050 pkg=com.google.android.tv.remote.service} proc state 3 (19 skipped)
08-24 20:09:24.863 E/chromium(17857): [17857:17889:ERROR:ssl_client_socket_impl.cc(981)] handshake failed; returned -1, SSL error code 1, net_error -201
08-24 20:09:24.864 E/chromium(17857): [17857:17881:ERROR:connectivity_checker_impl.cc(285)] Connectivity check failed: net_error=-501
08-24 20:09:24.864 I/chromium(17857): [17857:17881:INFO:connectivity_checker_impl.cc(320)] Notify connectivity check failure.
08-24 20:09:24.864 I/chromium(17857): [17857:17914:INFO:setup_manager_impl.cc(2554)] SetupManagerImpl::OnConnectivityCheckFailed: Trigger Network check.
08-24 20:09:25.917 E/chromium(17857): [17857:17889:ERROR:ssl_client_socket_impl.cc(981)] handshake failed; returned -1, SSL error code 1, net_error -201
08-24 20:09:25.918 E/chromium(17857): [17857:17881:ERROR:connectivity_checker_impl.cc(285)] Connectivity check failed: net_error=-501
08-24 20:09:25.918 I/chromium(17857): [17857:17881:INFO:connectivity_checker_impl.cc(320)] Notify connectivity check failure.
08-24 20:09:25.918 I/chromium(17857): [17857:17914:INFO:setup_manager_impl.cc(2554)] SetupManagerImpl::OnConnectivityCheckFailed: Trigger Network check.
08-24 20:09:26.009 D/NetworkMonitor/100(  941): isDataStall: result=2, tcp packets received=0, latest tcp fail rate=100, consecutive dns timeout count=0
08-24 20:09:26.009 D/NetworkMonitor/100(  941): Suspecting data stall, reevaluate
08-24 20:09:26.009 D/ConnectivityService(  508): Data stall detected with methods: 2
08-24 20:09:26.018 D/NetworkMonitor/100(  941): PROBE_DNS connectivitycheck.gstatic.com 5ms OK 74.125.68.94,2404:6800:4003:c02::5e
08-24 20:09:26.026 D/NetworkMonitor/100(  941): PROBE_DNS www.google.com 13ms OK 142.251.10.104,142.251.10.99,142.251.10.105,142.251.10.106,142.251.10.103,142.251.10.147,2404:6800:4003:c01::69,2404:6800:4003:c01::93,2404:6800:4003:c01::67,2404:6800:4003:c01::68
08-24 20:09:26.038 D/NetworkMonitor/100(  941): PROBE_HTTP http://connectivitycheck.gstatic.com/generate_204 time=17ms ret=204 request={Connection=[close], User-Agent=[Mozilla/5.0 (X11; Linux x86_64) AppleWebKit/537.36 (KHTML, like Gecko) Chrome/60.0.3112.32 Safari/537.36]} headers={null=[HTTP/1.1 204 No Content], Connection=[close], Content-Length=[0], Cross-Origin-Resource-Policy=[cross-origin], Date=[Sat, 20 Sep 2025 02:16:52 GMT], X-Android-Received-Millis=[1756037366038], X-Android-Response-Source=[NETWORK 204], X-Android-Selected-Protocol=[http/1.1], X-Android-Sent-Millis=[1756037366029]}
08-24 20:09:26.075 D/NetworkMonitor/100(  941): PROBE_HTTPS https://www.google.com/generate_204 Probe failed with exception javax.net.ssl.SSLHandshakeException: Chain validation failed
08-24 20:09:26.170 D/NetworkMonitor/100(  941): PROBE_FALLBACK http://www.google.com/gen_204 time=95ms ret=204 request={Connection=[close], User-Agent=[Mozilla/5.0 (X11; Linux x86_64) AppleWebKit/537.36 (KHTML, like Gecko) Chrome/60.0.3112.32 Safari/537.36]} headers={null=[HTTP/1.1 204 No Content], Connection=[close], Content-Length=[0], Content-Security-Policy=[object-src 'none';base-uri 'self';script-src 'nonce-P98ltuJV6DW_vhJDcDEcKQ' 'strict-dynamic' 'report-sample' 'unsafe-eval' 'unsafe-inline' https: http:;report-uri https://csp.withgoogle.com/csp/gws/other], Content-Type=[text/html; charset=UTF-8], Date=[Sat, 20 Sep 2025 02:16:52 GMT], Permissions-Policy=[unload=()], Server=[gws], X-Android-Received-Millis=[1756037366170], X-Android-Response-Source=[NETWORK 204], X-Android-Selected-Protocol=[http/1.1], X-Android-Sent-Millis=[1756037366085], X-Frame-Options=[SAMEORIGIN], X-XSS-Protection=[0]}
08-24 20:09:26.170 D/NetworkMonitor/100(  941): isCaptivePortal: isSuccessful()=false isPortal()=false RedirectUrl=null isPartialConnectivity()=true Time=160ms
08-24 20:09:26.173 D/ConnectivityService(  508): [100 WIFI] validation failed
08-24 20:09:26.174 D/ConnectivityService(  508): NetReassign [no changes]
08-24 20:09:26.178 I/GnssNetworkConnectivityHandler(  508): Network connection lost. Available networks count: 0
08-24 20:09:26.179 I/GnssNetworkConnectivityHandler(  508): updateNetworkState, state=CLOSED, connected=false, network=100, capabilities=[ Transports: WIFI Capabilities: NOT_METERED&INTERNET&NOT_RESTRICTED&TRUSTED&NOT_VPN&VALIDATED&NOT_ROAMING&FOREGROUND&NOT_CONGESTED&NOT_SUSPENDED&NOT_VCN_MANAGED LinkUpBandwidth>=12000Kbps LinkDnBandwidth>=30000Kbps TransportInfo: <SSID: <unknown ssid>, BSSID: 02:00:00:00:00:00, MAC: 02:00:00:00:00:00, Security type: 0, Supplicant state: COMPLETED, Wi-Fi standard: 1, RSSI: -50, Link speed: 5Mbps, Tx Link speed: 5Mbps, Max Supported Tx Link speed: 11Mbps, Rx Link speed: -1Mbps, Max Supported Rx Link speed: 11Mbps, Frequency: 2447MHz, Net ID: -1, Metered hint: false, score: 60, CarrierMerged: false, SubscriptionId: -1, IsPrimary: 1> SignalStrength: -50 SSID: "AndroidWifi"], apn: , availableNetworkCount: 0
08-24 20:09:26.179 W/ContextImpl(  508): Calling a method in the system process without a qualified user: android.app.ContextImpl.sendStickyBroadcast:1560 com.android.server.ConnectivityService.sendStickyBroadcast:2790 com.android.server.ConnectivityService.sendGeneralBroadcast:2765 com.android.server.ConnectivityService.sendInetConditionBroadcast:2742 com.android.server.ConnectivityService.updateInetCondition:8430 
08-24 20:09:26.180 D/ConnectivityService(  508): handleNetworkUnvalidated [100 WIFI] cap=[ Transports: WIFI Capabilities: NOT_METERED&INTERNET&NOT_RESTRICTED&TRUSTED&NOT_VPN&NOT_ROAMING&FOREGROUND&NOT_CONGESTED&NOT_SUSPENDED&PARTIAL_CONNECTIVITY&NOT_VCN_MANAGED LinkUpBandwidth>=12000Kbps LinkDnBandwidth>=30000Kbps Specifier: <WifiNetworkAgentSpecifier [WifiConfiguration=, SSID="AndroidWifi", BSSID=00:13:10:85:fe:01, band=1, mMatchLocalOnlySpecifiers=false]> TransportInfo: <SSID: "AndroidWifi", BSSID: 00:13:10:85:fe:01, MAC: 02:15:b2:00:00:00, Security type: 0, Supplicant state: COMPLETED, Wi-Fi standard: 1, RSSI: -50, Link speed: 1Mbps, Tx Link speed: 1Mbps, Max Supported Tx Link speed: 11Mbps, Rx Link speed: 2Mbps, Max Supported Rx Link speed: 11Mbps, Frequency: 2447MHz, Net ID: 0, Metered hint: false, score: 60, CarrierMerged: false, SubscriptionId: -1, IsPrimary: 1> SignalStrength: -50 OwnerUid: 10055 AdminUids: [10055] SSID: "AndroidWifi"]
08-24 20:09:26.183 D/WifiClientModeImpl[wlan0](  508): NETWORK_STATUS_UNWANTED_VALIDATION_FAILED
08-24 20:09:26.188 W/LastMileLogger(  508): Failed to read event trace: /sys/kernel/debug/tracing/instances/wifi/trace
08-24 20:09:26.193 I/WifiClientModeImpl[wlan0](  508): Temporarily disabling network because of no-internet access
08-24 20:09:26.546 D/MainActivity(16080): Touch on GeckoView detected, hiding keyboard (current focus: GeckoView)
08-24 20:09:26.546 D/MainActivity(16080): hideKeyboard() called.
08-24 20:09:26.553 D/GeckoIdleService(16080): next timeout 5000 msec from now
08-24 20:09:26.553 D/GeckoIdleService(16080): SetTimerExpiryIfBefore: next timeout 5000 msec from now
08-24 20:09:26.553 D/GeckoIdleService(16080): reset timer expiry to 5010 msec from now
08-24 20:09:26.553 D/GeckoIdleService(16080): Reset idle timeout: tell observer 0x6d8ca205e8 user is back
08-24 20:09:26.960 E/chromium(17857): [17857:17889:ERROR:ssl_client_socket_impl.cc(981)] handshake failed; returned -1, SSL error code 1, net_error -201
08-24 20:09:26.961 E/chromium(17857): [17857:17881:ERROR:connectivity_checker_impl.cc(285)] Connectivity check failed: net_error=-501
08-24 20:09:26.961 I/chromium(17857): [17857:17881:INFO:connectivity_checker_impl.cc(320)] Notify connectivity check failure.
08-24 20:09:26.961 I/chromium(17857): [17857:17914:INFO:setup_manager_impl.cc(2554)] SetupManagerImpl::OnConnectivityCheckFailed: Trigger Network check.
08-24 20:09:27.185 D/NetworkMonitor/100(  941): PROBE_DNS www.google.com 8ms OK 142.251.10.104,142.251.10.99,142.251.10.105,142.251.10.106,142.251.10.103,142.251.10.147,2404:6800:4003:c01::69,2404:6800:4003:c01::93,2404:6800:4003:c01::67,2404:6800:4003:c01::68
08-24 20:09:27.187 D/NetworkMonitor/100(  941): PROBE_DNS connectivitycheck.gstatic.com 4ms OK 74.125.68.94,2404:6800:4003:c02::5e
08-24 20:09:27.204 D/NetworkMonitor/100(  941): PROBE_HTTP http://connectivitycheck.gstatic.com/generate_204 time=17ms ret=204 request={Connection=[close], User-Agent=[Mozilla/5.0 (X11; Linux x86_64) AppleWebKit/537.36 (KHTML, like Gecko) Chrome/60.0.3112.32 Safari/537.36]} headers={null=[HTTP/1.1 204 No Content], Connection=[close], Content-Length=[0], Cross-Origin-Resource-Policy=[cross-origin], Date=[Sat, 20 Sep 2025 02:16:53 GMT], X-Android-Received-Millis=[1756037367204], X-Android-Response-Source=[NETWORK 204], X-Android-Selected-Protocol=[http/1.1], X-Android-Sent-Millis=[1756037367198]}
08-24 20:09:27.208 D/NetworkMonitor/100(  941): PROBE_HTTPS https://www.google.com/generate_204 Probe failed with exception javax.net.ssl.SSLHandshakeException: Chain validation failed
08-24 20:09:27.233 D/NetworkMonitor/100(  941): PROBE_FALLBACK http://play.googleapis.com/generate_204 time=23ms ret=204 request={Connection=[close], User-Agent=[Mozilla/5.0 (X11; Linux x86_64) AppleWebKit/537.36 (KHTML, like Gecko) Chrome/60.0.3112.32 Safari/537.36]} headers={null=[HTTP/1.1 204 No Content], Connection=[close], Content-Length=[0], Cross-Origin-Resource-Policy=[cross-origin], Date=[Sat, 20 Sep 2025 02:16:53 GMT], X-Android-Received-Millis=[1756037367232], X-Android-Response-Source=[NETWORK 204], X-Android-Selected-Protocol=[http/1.1], X-Android-Sent-Millis=[1756037367226]}
08-24 20:09:27.233 D/NetworkMonitor/100(  941): isCaptivePortal: isSuccessful()=false isPortal()=false RedirectUrl=null isPartialConnectivity()=true Time=57ms
08-24 20:09:27.235 D/ConnectivityService(  508): [100 WIFI] validation failed
08-24 20:09:27.995 E/chromium(17857): [17857:17889:ERROR:ssl_client_socket_impl.cc(981)] handshake failed; returned -1, SSL error code 1, net_error -201
08-24 20:09:27.996 E/chromium(17857): [17857:17881:ERROR:connectivity_checker_impl.cc(285)] Connectivity check failed: net_error=-501
08-24 20:09:27.996 I/chromium(17857): [17857:17881:INFO:connectivity_checker_impl.cc(320)] Notify connectivity check failure.
08-24 20:09:27.997 I/chromium(17857): [17857:17914:INFO:setup_manager_impl.cc(2554)] SetupManagerImpl::OnConnectivityCheckFailed: Trigger Network check.
08-24 20:09:28.858 W/WindowManager(  508): removeWindowToken: Attempted to remove non-existing token: android.os.Binder@b4f7f0d
08-24 20:09:29.047 E/chromium(17857): [17857:17889:ERROR:ssl_client_socket_impl.cc(981)] handshake failed; returned -1, SSL error code 1, net_error -201
08-24 20:09:29.048 E/chromium(17857): [17857:17881:ERROR:connectivity_checker_impl.cc(285)] Connectivity check failed: net_error=-501
08-24 20:09:29.048 I/chromium(17857): [17857:17881:INFO:connectivity_checker_impl.cc(320)] Notify connectivity check failure.
08-24 20:09:29.048 I/chromium(17857): [17857:17914:INFO:setup_manager_impl.cc(2554)] SetupManagerImpl::OnConnectivityCheckFailed: Trigger Network check.
08-24 20:09:29.245 D/NetworkMonitor/100(  941): PROBE_DNS connectivitycheck.gstatic.com 9ms OK 74.125.68.94,2404:6800:4003:c02::5e
08-24 20:09:29.248 D/NetworkMonitor/100(  941): PROBE_DNS www.google.com 12ms OK 142.251.10.104,142.251.10.99,142.251.10.105,142.251.10.106,142.251.10.103,142.251.10.147,2404:6800:4003:c01::69,2404:6800:4003:c01::93,2404:6800:4003:c01::67,2404:6800:4003:c01::68
08-24 20:09:29.261 D/NetworkMonitor/100(  941): PROBE_HTTP http://connectivitycheck.gstatic.com/generate_204 time=16ms ret=204 request={Connection=[close], User-Agent=[Mozilla/5.0 (X11; Linux x86_64) AppleWebKit/537.36 (KHTML, like Gecko) Chrome/60.0.3112.32 Safari/537.36]} headers={null=[HTTP/1.1 204 No Content], Connection=[close], Content-Length=[0], Cross-Origin-Resource-Policy=[cross-origin], Date=[Sat, 20 Sep 2025 02:16:55 GMT], X-Android-Received-Millis=[1756037369261], X-Android-Response-Source=[NETWORK 204], X-Android-Selected-Protocol=[http/1.1], X-Android-Sent-Millis=[1756037369252]}
08-24 20:09:29.714 I/VoiceInputManagerWrapper(17771): VoiceInputManagerWrapper.shutdownVoiceInternal():94 shutdownVoiceInternal()
08-24 20:09:30.105 E/chromium(17857): [17857:17889:ERROR:ssl_client_socket_impl.cc(981)] handshake failed; returned -1, SSL error code 1, net_error -201
08-24 20:09:30.106 E/chromium(17857): [17857:17881:ERROR:connectivity_checker_impl.cc(285)] Connectivity check failed: net_error=-501
08-24 20:09:30.106 I/chromium(17857): [17857:17881:INFO:connectivity_checker_impl.cc(320)] Notify connectivity check failure.
08-24 20:09:30.106 I/chromium(17857): [17857:17914:INFO:setup_manager_impl.cc(2554)] SetupManagerImpl::OnConnectivityCheckFailed: Trigger Network check.
08-24 20:09:31.161 E/chromium(17857): [17857:17889:ERROR:ssl_client_socket_impl.cc(981)] handshake failed; returned -1, SSL error code 1, net_error -201
08-24 20:09:31.162 E/chromium(17857): [17857:17881:ERROR:connectivity_checker_impl.cc(285)] Connectivity check failed: net_error=-501
08-24 20:09:31.162 I/chromium(17857): [17857:17881:INFO:connectivity_checker_impl.cc(320)] Notify connectivity check failure.
08-24 20:09:31.162 I/chromium(17857): [17857:17914:INFO:setup_manager_impl.cc(2554)] SetupManagerImpl::OnConnectivityCheckFailed: Trigger Network check.
08-24 20:09:31.552 E/Web Content(16132): [JavaScript Error: "Cross-Origin Request Blocked: The Same Origin Policy disallows reading the remote resource at https://play.google.com/log?format=json&hasfast=true. (Reason: CORS request did not succeed). Status code: (null)."]
08-24 20:09:31.562 D/GeckoIdleService(16080): Get idle time: time since reset 4940 msec
08-24 20:09:31.562 D/GeckoIdleService(16080): Idle timer callback: current idle time 4940 msec
08-24 20:09:31.562 D/GeckoIdleService(16080): next timeout 59 msec from now
08-24 20:09:31.562 D/GeckoIdleService(16080): SetTimerExpiryIfBefore: next timeout 59 msec from now
08-24 20:09:31.562 D/GeckoIdleService(16080): reset timer expiry to 69 msec from now
08-24 20:09:31.630 D/GeckoIdleService(16080): Get idle time: time since reset 5009 msec
08-24 20:09:31.631 D/GeckoIdleService(16080): Idle timer callback: current idle time 5009 msec
08-24 20:09:31.631 D/GeckoIdleService(16080): next timeout 4294967289990 msec from now
08-24 20:09:31.631 D/GeckoIdleService(16080): SetTimerExpiryIfBefore: next timeout 4294967289990 msec from now
08-24 20:09:31.631 D/GeckoIdleService(16080): reset timer expiry to 4294967290000 msec from now
08-24 20:09:31.631 D/GeckoIdleService(16080): Idle timer callback: tell observer 0x6d8ca205e8 user is idle
08-24 20:09:32.228 E/chromium(17857): [17857:17889:ERROR:ssl_client_socket_impl.cc(981)] handshake failed; returned -1, SSL error code 1, net_error -201
08-24 20:09:32.229 E/chromium(17857): [17857:17881:ERROR:connectivity_checker_impl.cc(285)] Connectivity check failed: net_error=-501
08-24 20:09:32.229 I/chromium(17857): [17857:17881:INFO:connectivity_checker_impl.cc(320)] Notify connectivity check failure.
08-24 20:09:32.229 I/chromium(17857): [17857:17914:INFO:setup_manager_impl.cc(2554)] SetupManagerImpl::OnConnectivityCheckFailed: Trigger Network check.
08-24 20:09:32.252 D/NetworkMonitor/100(  941): PROBE_FALLBACK http://play.googleapis.com/generate_204 time=16ms ret=204 request={Connection=[close], User-Agent=[Mozilla/5.0 (X11; Linux x86_64) AppleWebKit/537.36 (KHTML, like Gecko) Chrome/60.0.3112.32 Safari/537.36]} headers={null=[HTTP/1.1 204 No Content], Connection=[close], Content-Length=[0], Cross-Origin-Resource-Policy=[cross-origin], Date=[Sat, 20 Sep 2025 02:16:58 GMT], X-Android-Received-Millis=[1756037372252], X-Android-Response-Source=[NETWORK 204], X-Android-Selected-Protocol=[http/1.1], X-Android-Sent-Millis=[1756037372245]}
08-24 20:09:32.588 W/GeckoEventDispatcher(16080): No listener for GeckoView:BrowserAction:Update
08-24 20:09:32.588 W/GeckoEventDispatcher(16080): No listener for GeckoView:BrowserAction:Update
08-24 20:09:33.283 E/chromium(17857): [17857:17889:ERROR:ssl_client_socket_impl.cc(981)] handshake failed; returned -1, SSL error code 1, net_error -201
08-24 20:09:33.284 E/chromium(17857): [17857:17881:ERROR:connectivity_checker_impl.cc(285)] Connectivity check failed: net_error=-501
08-24 20:09:33.284 I/chromium(17857): [17857:17881:INFO:connectivity_checker_impl.cc(320)] Notify connectivity check failure.
08-24 20:09:33.284 I/chromium(17857): [17857:17914:INFO:setup_manager_impl.cc(2554)] SetupManagerImpl::OnConnectivityCheckFailed: Trigger Network check.
08-24 20:09:34.324 E/chromium(17857): [17857:17889:ERROR:ssl_client_socket_impl.cc(981)] handshake failed; returned -1, SSL error code 1, net_error -201
08-24 20:09:34.325 E/chromium(17857): [17857:17881:ERROR:connectivity_checker_impl.cc(285)] Connectivity check failed: net_error=-501
08-24 20:09:34.325 I/chromium(17857): [17857:17881:INFO:connectivity_checker_impl.cc(320)] Notify connectivity check failure.
08-24 20:09:34.325 I/chromium(17857): [17857:17914:INFO:setup_manager_impl.cc(2554)] SetupManagerImpl::OnConnectivityCheckFailed: Trigger Network check.
08-24 20:09:34.762 W/system_server(  508): Suspending all threads took: 8.472ms
08-24 20:09:34.780 I/system_server(  508): Background young concurrent copying GC freed 592496(14MB) AllocSpace objects, 0(0B) LOS objects, 50% free, 14MB/29MB, paused 113us,9.032ms total 55.913ms
08-24 20:09:35.378 E/chromium(17857): [17857:17889:ERROR:ssl_client_socket_impl.cc(981)] handshake failed; returned -1, SSL error code 1, net_error -201
08-24 20:09:35.378 E/chromium(17857): [17857:17881:ERROR:connectivity_checker_impl.cc(285)] Connectivity check failed: net_error=-501
08-24 20:09:35.378 I/chromium(17857): [17857:17881:INFO:connectivity_checker_impl.cc(320)] Notify connectivity check failure.
08-24 20:09:35.378 I/chromium(17857): [17857:17914:INFO:setup_manager_impl.cc(2554)] SetupManagerImpl::OnConnectivityCheckFailed: Trigger Network check.
08-24 20:09:36.195 W/ProcessStats(  508): Tracking association SourceState{12e5eb9 system/1000 BTopFgs #15566} whose proc state 2 is better than process ProcessState{db0e2fe com.google.android.tv.remote.service/10050 pkg=com.google.android.tv.remote.service} proc state 3 (2 skipped)
08-24 20:09:36.206 D/WifiConfigStore(  508): Writing to stores completed in 10 ms.
08-24 20:09:36.222 I/NetworkScheduler.Stats(17091): (REDACTED) Task %s/%s started execution. cause:%s exec_start_elapsed_seconds: %s
08-24 20:09:36.238 D/BoundBrokerSvc(17091): onBind: Intent { act=com.google.android.gms.auth.account.workaccount.START dat=chimera-action:com.google.android.gms.auth.account.workaccount.START cmp=com.google.android.gms/.chimera.PersistentApiService }
08-24 20:09:36.238 D/BoundBrokerSvc(17091): Loading bound service for intent: Intent { act=com.google.android.gms.auth.account.workaccount.START dat=chimera-action:com.google.android.gms.auth.account.workaccount.START cmp=com.google.android.gms/.chimera.PersistentApiService }
08-24 20:09:36.289 V/NativeCrypto(17091): Read error: ssl=0xb400006f65fabb18: I/O error during system call, Connection reset by peer
08-24 20:09:36.292 V/NativeCrypto(17091): SSL shutdown failed: ssl=0xb400006f65fabb18: I/O error during system call, Broken pipe
08-24 20:09:36.318 W/Conscrypt(17091): Could not set socket write timeout: java.net.SocketException: Socket closed
08-24 20:09:36.321 W/Conscrypt(17091): 	at com.google.android.gms.org.conscrypt.Platform.setSocketWriteTimeout(:com.google.android.gms@223616103@22.36.16 (180406-476895098):2)
08-24 20:09:36.321 W/Conscrypt(17091): 	at com.google.android.gms.org.conscrypt.ConscryptFileDescriptorSocket.setSoWriteTimeout(:com.google.android.gms@223616103@22.36.16 (180406-476895098):0)
08-24 20:09:36.337 W/Auth    (17091): [AccountStateSyncher] Unable to look up account state from server: Unable to query account state [CONTEXT service_id=153 ]
08-24 20:09:36.338 I/Auth    (17091): (REDACTED) [GcmTaskChimeraService] Sync reported at %s has status of %s.
08-24 20:09:36.340 I/NetworkScheduler.Stats(17091): (REDACTED) Task %s/%s finished executing. cause:%s result: %s elapsed_millis: %s uptime_millis: %s exec_start_elapsed_seconds: %s
08-24 20:09:36.353 I/NetworkScheduler.Stats(17091): (REDACTED) Task %s/%s started execution. cause:%s exec_start_elapsed_seconds: %s
08-24 20:09:36.355 D/BoundBrokerSvc(17091): onBind: Intent { act=com.google.android.gms.phenotype.service.START dat=chimera-action:com.google.android.gms.phenotype.service.START cmp=com.google.android.gms/.chimera.PersistentApiService }
08-24 20:09:36.355 D/BoundBrokerSvc(17091): Loading bound service for intent: Intent { act=com.google.android.gms.phenotype.service.START dat=chimera-action:com.google.android.gms.phenotype.service.START cmp=com.google.android.gms/.chimera.PersistentApiService }
08-24 20:09:36.398 I/NetworkScheduler.Stats(17091): (REDACTED) Task %s/%s finished executing. cause:%s result: %s elapsed_millis: %s uptime_millis: %s exec_start_elapsed_seconds: %s
08-24 20:09:36.408 I/NetworkScheduler.Stats(17091): (REDACTED) Task %s/%s started execution. cause:%s exec_start_elapsed_seconds: %s
08-24 20:09:36.414 D/BoundBrokerSvc(17091): onBind: Intent { act=com.google.android.gms.scheduler.ACTION_PROXY_SCHEDULE dat=chimera-action:com.google.android.gms.scheduler.ACTION_PROXY_SCHEDULE cmp=com.google.android.gms/.chimera.PersistentApiService }
08-24 20:09:36.414 D/BoundBrokerSvc(17091): Loading bound service for intent: Intent { act=com.google.android.gms.scheduler.ACTION_PROXY_SCHEDULE dat=chimera-action:com.google.android.gms.scheduler.ACTION_PROXY_SCHEDULE cmp=com.google.android.gms/.chimera.PersistentApiService }
08-24 20:09:36.433 E/chromium(17857): [17857:17889:ERROR:ssl_client_socket_impl.cc(981)] handshake failed; returned -1, SSL error code 1, net_error -201
08-24 20:09:36.433 E/chromium(17857): [17857:17881:ERROR:connectivity_checker_impl.cc(285)] Connectivity check failed: net_error=-501
08-24 20:09:36.433 I/chromium(17857): [17857:17881:INFO:connectivity_checker_impl.cc(320)] Notify connectivity check failure.
08-24 20:09:36.434 I/chromium(17857): [17857:17914:INFO:setup_manager_impl.cc(2554)] SetupManagerImpl::OnConnectivityCheckFailed: Trigger Network check.
08-24 20:09:36.452 W/Brotli  (17091): Brotli not supported for Android TVs
08-24 20:09:36.825 W/CCTUploader(17091): Clearcut transport failed to make network request after 373 milliseconds.
08-24 20:09:36.825 W/CCTUploader(17091): java.io.IOException: zjf: Failed to process request
08-24 20:09:36.825 W/CCTUploader(17091): 	at msj.a(:com.google.android.gms@223616103@22.36.16 (180406-476895098):31)
08-24 20:09:36.825 W/CCTUploader(17091): 	at msx.b(:com.google.android.gms@223616103@22.36.16 (180406-476895098):27)
08-24 20:09:36.825 W/CCTUploader(17091): 	at com.google.android.gms.clearcut.uploader.QosUploaderChimeraService.g(:com.google.android.gms@223616103@22.36.16 (180406-476895098):98)
08-24 20:09:36.825 W/CCTUploader(17091): 	at com.google.android.gms.clearcut.uploader.QosUploaderChimeraService.a(:com.google.android.gms@223616103@22.36.16 (180406-476895098):2)
08-24 20:09:36.825 W/CCTUploader(17091): 	at zmm.call(:com.google.android.gms@223616103@22.36.16 (180406-476895098):4)
08-24 20:09:36.825 W/CCTUploader(17091): 	at java.util.concurrent.FutureTask.run(FutureTask.java:266)
08-24 20:09:36.825 W/CCTUploader(17091): 	at oiz.c(:com.google.android.gms@223616103@22.36.16 (180406-476895098):6)
08-24 20:09:36.825 W/CCTUploader(17091): 	at oiz.run(:com.google.android.gms@223616103@22.36.16 (180406-476895098):7)
08-24 20:09:36.825 W/CCTUploader(17091): 	at java.util.concurrent.ThreadPoolExecutor.runWorker(ThreadPoolExecutor.java:1167)
08-24 20:09:36.825 W/CCTUploader(17091): 	at java.util.concurrent.ThreadPoolExecutor$Worker.run(ThreadPoolExecutor.java:641)
08-24 20:09:36.825 W/CCTUploader(17091): 	at ooc.run(:com.google.android.gms@223616103@22.36.16 (180406-476895098):0)
08-24 20:09:36.825 W/CCTUploader(17091): 	at java.lang.Thread.run(Thread.java:920)
08-24 20:09:36.825 W/CCTUploader(17091): Caused by: zjf: Failed to process request
08-24 20:09:36.825 W/CCTUploader(17091): 	at zkj.onFailed(:com.google.android.gms@223616103@22.36.16 (180406-476895098):2)
08-24 20:09:36.825 W/CCTUploader(17091): 	at fp.onFailed(:com.google.android.gms.dynamite_cronetdynamite@223616103@22.36.16 (180406-0):0)
08-24 20:09:36.825 W/CCTUploader(17091): 	at er.run(:com.google.android.gms.dynamite_cronetdynamite@223616103@22.36.16 (180406-0):1)
08-24 20:09:36.825 W/CCTUploader(17091): 	at bgeh.execute(:com.google.android.gms@223616103@22.36.16 (180406-476895098):0)
08-24 20:09:36.825 W/CCTUploader(17091): 	at org.chromium.net.impl.CronetUrlRequest.onNativeAdapterDestroyed(:com.google.android.gms.dynamite_cronetdynamite@223616103@22.36.16 (180406-0):4)
08-24 20:09:36.825 W/CCTUploader(17091): Caused by: fa: Exception in CronetUrlRequest: net::ERR_CERT_DATE_INVALID, ErrorCode=11, InternalErrorCode=-201, Retryable=false
08-24 20:09:36.825 W/CCTUploader(17091): 	at org.chromium.net.impl.CronetUrlRequest.onError(:com.google.android.gms.dynamite_cronetdynamite@223616103@22.36.16 (180406-0):4)
08-24 20:09:36.853 I/NetworkScheduler.Stats(17091): (REDACTED) Task %s/%s finished executing. cause:%s result: %s elapsed_millis: %s uptime_millis: %s exec_start_elapsed_seconds: %s
08-24 20:09:37.485 E/chromium(17857): [17857:17889:ERROR:ssl_client_socket_impl.cc(981)] handshake failed; returned -1, SSL error code 1, net_error -201
08-24 20:09:37.486 E/chromium(17857): [17857:17881:ERROR:connectivity_checker_impl.cc(285)] Connectivity check failed: net_error=-501
08-24 20:09:37.486 I/chromium(17857): [17857:17881:INFO:connectivity_checker_impl.cc(320)] Notify connectivity check failure.
08-24 20:09:37.486 I/chromium(17857): [17857:17914:INFO:setup_manager_impl.cc(2554)] SetupManagerImpl::OnConnectivityCheckFailed: Trigger Network check.
08-24 20:09:38.544 E/chromium(17857): [17857:17889:ERROR:ssl_client_socket_impl.cc(981)] handshake failed; returned -1, SSL error code 1, net_error -201
08-24 20:09:38.544 E/chromium(17857): [17857:17881:ERROR:connectivity_checker_impl.cc(285)] Connectivity check failed: net_error=-501
08-24 20:09:38.544 I/chromium(17857): [17857:17881:INFO:connectivity_checker_impl.cc(320)] Notify connectivity check failure.
08-24 20:09:38.544 I/chromium(17857): [17857:17914:INFO:setup_manager_impl.cc(2554)] SetupManagerImpl::OnConnectivityCheckFailed: Trigger Network check.
08-24 20:09:39.282 D/NetworkMonitor/100(  941): PROBE_HTTPS https://www.google.com/generate_204 Probe failed with exception javax.net.ssl.SSLHandshakeException: Chain validation failed
08-24 20:09:39.284 D/NetworkMonitor/100(  941): isCaptivePortal: isSuccessful()=false isPortal()=false RedirectUrl=null isPartialConnectivity()=true Time=10048ms
08-24 20:09:39.284 D/ConnectivityService(  508): [100 WIFI] validation failed
08-24 20:09:39.573 E/chromium(17857): [17857:17889:ERROR:ssl_client_socket_impl.cc(981)] handshake failed; returned -1, SSL error code 1, net_error -201
08-24 20:09:39.574 E/chromium(17857): [17857:17881:ERROR:connectivity_checker_impl.cc(285)] Connectivity check failed: net_error=-501
08-24 20:09:39.574 I/chromium(17857): [17857:17881:INFO:connectivity_checker_impl.cc(320)] Notify connectivity check failure.
08-24 20:09:39.575 I/chromium(17857): [17857:17914:INFO:setup_manager_impl.cc(2554)] SetupManagerImpl::OnConnectivityCheckFailed: Trigger Network check.
08-24 20:09:40.625 E/chromium(17857): [17857:17889:ERROR:ssl_client_socket_impl.cc(981)] handshake failed; returned -1, SSL error code 1, net_error -201
08-24 20:09:40.625 E/chromium(17857): [17857:17881:ERROR:connectivity_checker_impl.cc(285)] Connectivity check failed: net_error=-501
08-24 20:09:40.625 I/chromium(17857): [17857:17881:INFO:connectivity_checker_impl.cc(320)] Notify connectivity check failure.
08-24 20:09:40.625 I/chromium(17857): [17857:17914:INFO:setup_manager_impl.cc(2554)] SetupManagerImpl::OnConnectivityCheckFailed: Trigger Network check.
08-24 20:09:41.288 W/ActivityManager(  508): Foreground service started from background can not have location/camera/microphone access: service com.google.android.apps.tv.launcherx/.coreservices.headsupalert.HeadsUpAlertService
08-24 20:09:41.293 I/ActivityManager(  508): Background started FGS: Allowed [callingPackage: com.google.android.apps.tv.launcherx; callingUid: 10057; uidState: FGS ; intent: Intent { act=com.google.android.apps.tv.launcherx.coreservices.headsupalert.ACTION_SHOW_ALERT cmp=com.google.android.apps.tv.launcherx/.coreservices.headsupalert.HeadsUpAlertService (has extras) }; code:PROC_STATE_FGS; tempAllowListReason:<,reasonCode:SYSTEM_ALLOW_LISTED,duration:9223372036854775807,callingUid:-1>; targetSdkVersion:33; callerTargetSdkVersion:33; startForegroundCount:0; bindFromPackage:null]
08-24 20:09:41.294 I/DropBoxManagerService(  508): add tag=system_server_wtf isTagEnabled=true flags=0x2
08-24 20:09:41.335 D/CompatibilityChangeReporter(  508): Compat change id reported: 158002302; UID 10057; state: ENABLED
08-24 20:09:41.344 D/libEGL  (17197): loaded /vendor/lib64/egl/libEGL_emulation.so
08-24 20:09:41.347 D/libEGL  (17197): loaded /vendor/lib64/egl/libGLESv1_CM_emulation.so
08-24 20:09:41.350 D/libEGL  (17197): loaded /vendor/lib64/egl/libGLESv2_emulation.so
08-24 20:09:41.355 D/HostConnection(17197): createUnique: call
08-24 20:09:41.356 D/HostConnection(17197): HostConnection::get() New Host Connection established 0xb400006f65f9a7d0, tid 18170
08-24 20:09:41.357 D/HostConnection(17197): HostComposition ext ANDROID_EMU_CHECKSUM_HELPER_v1 ANDROID_EMU_native_sync_v2 ANDROID_EMU_native_sync_v3 ANDROID_EMU_native_sync_v4 ANDROID_EMU_dma_v1 ANDROID_EMU_direct_mem ANDROID_EMU_host_composition_v1 ANDROID_EMU_host_composition_v2 ANDROID_EMU_vulkan ANDROID_EMU_deferred_vulkan_commands ANDROID_EMU_vulkan_null_optional_strings ANDROID_EMU_vulkan_create_resources_with_requirements ANDROID_EMU_YUV_Cache ANDROID_EMU_vulkan_ignored_handles ANDROID_EMU_has_shared_slots_host_memory_allocator ANDROID_EMU_vulkan_free_memory_sync ANDROID_EMU_vulkan_shader_float16_int8 ANDROID_EMU_vulkan_async_queue_submit ANDROID_EMU_vulkan_queue_submit_with_commands ANDROID_EMU_sync_buffer_data ANDROID_EMU_vulkan_async_qsri ANDROID_EMU_read_color_buffer_dma GL_OES_EGL_image_external_essl3 GL_OES_vertex_array_object ANDROID_EMU_host_side_tracing ANDROID_EMU_gles_max_version_3_0 
08-24 20:09:41.360 I/hwservicemanager(  186): getTransport: Cannot find entry android.hardware.configstore@1.0::ISurfaceFlingerConfigs/default in either framework or device VINTF manifest.
08-24 20:09:41.360 W/OpenGLRenderer(17197): Failed to choose config with EGL_SWAP_BEHAVIOR_PRESERVED, retrying without...
08-24 20:09:41.360 W/OpenGLRenderer(17197): Failed to initialize 101010-2 format, error = EGL_SUCCESS
08-24 20:09:41.362 D/EGL_emulation(17197): eglCreateContext: 0xb400006f65f9be50: maj 3 min 0 rcv 3
08-24 20:09:41.364 D/EGL_emulation(17197): eglMakeCurrent: 0xb400006f65f9be50: ver 3 0 (tinfo 0x718667b080) (first time)
08-24 20:09:41.374 E/HWComposer(  367): getSupportedContentTypes: getSupportedContentTypes failed for display 4619827259835644672: Unsupported (8)
08-24 20:09:41.374 I/hwservicemanager(  186): getTransport: Cannot find entry android.hardware.graphics.mapper@4.0::IMapper/default in either framework or device VINTF manifest.
08-24 20:09:41.374 I/Gralloc4(17197): mapper 4.x is not supported
08-24 20:09:41.375 D/HostConnection(17197): createUnique: call
08-24 20:09:41.375 D/HostConnection(17197): HostConnection::get() New Host Connection established 0xb400006f65f9a110, tid 18170
08-24 20:09:41.376 D/goldfish-address-space(17197): allocate: Ask for block of size 0x100
08-24 20:09:41.376 D/goldfish-address-space(17197): allocate: ioctl allocate returned offset 0x1edff0000 size 0x8000
08-24 20:09:41.377 I/hwservicemanager(  186): getTransport: Cannot find entry android.hardware.graphics.allocator@4.0::IAllocator/default in either framework or device VINTF manifest.
08-24 20:09:41.377 W/Gralloc4(17197): allocator 4.x is not supported
08-24 20:09:41.378 D/goldfish-address-space(  339): claimShared: Ask to claim region [0x1f1e44000 0x1f1ee0000]
08-24 20:09:41.380 D/HostConnection(17197): HostComposition ext ANDROID_EMU_CHECKSUM_HELPER_v1 ANDROID_EMU_native_sync_v2 ANDROID_EMU_native_sync_v3 ANDROID_EMU_native_sync_v4 ANDROID_EMU_dma_v1 ANDROID_EMU_direct_mem ANDROID_EMU_host_composition_v1 ANDROID_EMU_host_composition_v2 ANDROID_EMU_vulkan ANDROID_EMU_deferred_vulkan_commands ANDROID_EMU_vulkan_null_optional_strings ANDROID_EMU_vulkan_create_resources_with_requirements ANDROID_EMU_YUV_Cache ANDROID_EMU_vulkan_ignored_handles ANDROID_EMU_has_shared_slots_host_memory_allocator ANDROID_EMU_vulkan_free_memory_sync ANDROID_EMU_vulkan_shader_float16_int8 ANDROID_EMU_vulkan_async_queue_submit ANDROID_EMU_vulkan_queue_submit_with_commands ANDROID_EMU_sync_buffer_data ANDROID_EMU_vulkan_async_qsri ANDROID_EMU_read_color_buffer_dma GL_OES_EGL_image_external_essl3 GL_OES_vertex_array_object ANDROID_EMU_host_side_tracing ANDROID_EMU_gles_max_version_3_0 
08-24 20:09:41.381 D/goldfish-address-space(  339): claimShared: Ask to claim region [0x1f1ee0000 0x1f1f7c000]
08-24 20:09:41.382 D/goldfish-address-space(  339): claimShared: Ask to claim region [0x1f05ec000 0x1f0688000]
08-24 20:09:41.678 E/chromium(17857): [17857:17889:ERROR:ssl_client_socket_impl.cc(981)] handshake failed; returned -1, SSL error code 1, net_error -201
08-24 20:09:41.680 E/chromium(17857): [17857:17881:ERROR:connectivity_checker_impl.cc(285)] Connectivity check failed: net_error=-501
08-24 20:09:41.680 I/chromium(17857): [17857:17881:INFO:connectivity_checker_impl.cc(320)] Notify connectivity check failure.
08-24 20:09:41.680 I/chromium(17857): [17857:17914:INFO:setup_manager_impl.cc(2554)] SetupManagerImpl::OnConnectivityCheckFailed: Trigger Network check.
08-24 20:09:42.706 E/chromium(17857): [17857:17889:ERROR:ssl_client_socket_impl.cc(981)] handshake failed; returned -1, SSL error code 1, net_error -201
08-24 20:09:42.707 E/chromium(17857): [17857:17881:ERROR:connectivity_checker_impl.cc(285)] Connectivity check failed: net_error=-501
08-24 20:09:42.707 I/chromium(17857): [17857:17881:INFO:connectivity_checker_impl.cc(320)] Notify connectivity check failure.
08-24 20:09:42.707 I/chromium(17857): [17857:17914:INFO:setup_manager_impl.cc(2554)] SetupManagerImpl::OnConnectivityCheckFailed: Trigger Network check.
08-24 20:09:43.293 D/NetworkMonitor/100(  941): PROBE_DNS www.google.com 5ms OK 142.251.10.104,142.251.10.99,142.251.10.105,142.251.10.106,142.251.10.103,142.251.10.147,2404:6800:4003:c01::69,2404:6800:4003:c01::93,2404:6800:4003:c01::67,2404:6800:4003:c01::68
08-24 20:09:43.294 D/NetworkMonitor/100(  941): PROBE_DNS connectivitycheck.gstatic.com 6ms OK 74.125.68.94,2404:6800:4003:c02::5e
08-24 20:09:43.302 W/BroadcastQueue(  508): Background execution not allowed: receiving Intent { act=android.intent.action.DROPBOX_ENTRY_ADDED flg=0x10 (has extras) } to com.google.android.gms/.stats.service.DropBoxEntryAddedReceiver
08-24 20:09:43.302 W/BroadcastQueue(  508): Background execution not allowed: receiving Intent { act=android.intent.action.DROPBOX_ENTRY_ADDED flg=0x10 (has extras) } to com.google.android.gms/.chimera.GmsIntentOperationService$PersistentTrustedReceiver
08-24 20:09:43.311 D/NetworkMonitor/100(  941): PROBE_HTTP http://connectivitycheck.gstatic.com/generate_204 time=17ms ret=204 request={Connection=[close], User-Agent=[Mozilla/5.0 (X11; Linux x86_64) AppleWebKit/537.36 (KHTML, like Gecko) Chrome/60.0.3112.32 Safari/537.36]} headers={null=[HTTP/1.1 204 No Content], Connection=[close], Content-Length=[0], Cross-Origin-Resource-Policy=[cross-origin], Date=[Sat, 20 Sep 2025 02:17:09 GMT], X-Android-Received-Millis=[1756037383310], X-Android-Response-Source=[NETWORK 204], X-Android-Selected-Protocol=[http/1.1], X-Android-Sent-Millis=[1756037383303]}
08-24 20:09:43.319 D/BoundBrokerSvc(17091): onBind: Intent { act=com.google.android.gms.udc.service.START dat=chimera-action:com.google.android.gms.udc.service.START cmp=com.google.android.gms/.chimera.PersistentApiService }
08-24 20:09:43.320 D/BoundBrokerSvc(17091): Loading bound service for intent: Intent { act=com.google.android.gms.udc.service.START dat=chimera-action:com.google.android.gms.udc.service.START cmp=com.google.android.gms/.chimera.PersistentApiService }
08-24 20:09:43.763 E/chromium(17857): [17857:17889:ERROR:ssl_client_socket_impl.cc(981)] handshake failed; returned -1, SSL error code 1, net_error -201
08-24 20:09:43.764 E/chromium(17857): [17857:17881:ERROR:connectivity_checker_impl.cc(285)] Connectivity check failed: net_error=-501
08-24 20:09:43.764 I/chromium(17857): [17857:17881:INFO:connectivity_checker_impl.cc(320)] Notify connectivity check failure.
08-24 20:09:43.764 I/chromium(17857): [17857:17914:INFO:setup_manager_impl.cc(2554)] SetupManagerImpl::OnConnectivityCheckFailed: Trigger Network check.
08-24 20:09:44.826 E/chromium(17857): [17857:17889:ERROR:ssl_client_socket_impl.cc(981)] handshake failed; returned -1, SSL error code 1, net_error -201
08-24 20:09:44.827 E/chromium(17857): [17857:17881:ERROR:connectivity_checker_impl.cc(285)] Connectivity check failed: net_error=-501
08-24 20:09:44.827 I/chromium(17857): [17857:17881:INFO:connectivity_checker_impl.cc(320)] Notify connectivity check failure.
08-24 20:09:44.827 I/chromium(17857): [17857:17914:INFO:setup_manager_impl.cc(2554)] SetupManagerImpl::OnConnectivityCheckFailed: Trigger Network check.
08-24 20:09:45.882 E/chromium(17857): [17857:17889:ERROR:ssl_client_socket_impl.cc(981)] handshake failed; returned -1, SSL error code 1, net_error -201
08-24 20:09:45.882 E/chromium(17857): [17857:17881:ERROR:connectivity_checker_impl.cc(285)] Connectivity check failed: net_error=-501
08-24 20:09:45.882 I/chromium(17857): [17857:17881:INFO:connectivity_checker_impl.cc(320)] Notify connectivity check failure.
08-24 20:09:45.882 I/chromium(17857): [17857:17914:INFO:setup_manager_impl.cc(2554)] SetupManagerImpl::OnConnectivityCheckFailed: Trigger Network check.
08-24 20:09:46.309 D/NetworkMonitor/100(  941): PROBE_FALLBACK http://www.google.com/gen_204 time=22ms ret=204 request={Connection=[close], User-Agent=[Mozilla/5.0 (X11; Linux x86_64) AppleWebKit/537.36 (KHTML, like Gecko) Chrome/60.0.3112.32 Safari/537.36]} headers={null=[HTTP/1.1 204 No Content], Connection=[close], Content-Length=[0], Content-Security-Policy=[object-src 'none';base-uri 'self';script-src 'nonce-PPTKHM_pbG15zUPUUD0Gcw' 'strict-dynamic' 'report-sample' 'unsafe-eval' 'unsafe-inline' https: http:;report-uri https://csp.withgoogle.com/csp/gws/other], Content-Type=[text/html; charset=UTF-8], Date=[Sat, 20 Sep 2025 02:17:12 GMT], Permissions-Policy=[unload=()], Server=[gws], X-Android-Received-Millis=[1756037386308], X-Android-Response-Source=[NETWORK 204], X-Android-Selected-Protocol=[http/1.1], X-Android-Sent-Millis=[1756037386299], X-Frame-Options=[SAMEORIGIN], X-XSS-Protection=[0]}
08-24 20:09:46.321 W/InputManager-JNI(  508): Input channel object 'e4f3c93 com.google.android.apps.tv.launcherx (client)' was disposed without first being removed with the input manager!
08-24 20:09:46.323 D/CompatibilityChangeReporter(17197): Compat change id reported: 160794467; UID 10057; state: ENABLED
08-24 20:09:46.332 W/ProcessStats(  508): Tracking association SourceState{12e5eb9 system/1000 BTopFgs #15621} whose proc state 2 is better than process ProcessState{db0e2fe com.google.android.tv.remote.service/10050 pkg=com.google.android.tv.remote.service} proc state 3 (65 skipped)
08-24 20:09:46.349 D/BoundBrokerSvc(17091): onBind: Intent { act=com.google.android.gms.phenotype.service.START pkg=com.google.android.gms }
08-24 20:09:46.349 D/BoundBrokerSvc(17091): Loading bound service for intent: Intent { act=com.google.android.gms.phenotype.service.START pkg=com.google.android.gms }
08-24 20:09:46.937 E/chromium(17857): [17857:17889:ERROR:ssl_client_socket_impl.cc(981)] handshake failed; returned -1, SSL error code 1, net_error -201
08-24 20:09:46.938 E/chromium(17857): [17857:17881:ERROR:connectivity_checker_impl.cc(285)] Connectivity check failed: net_error=-501
08-24 20:09:46.938 I/chromium(17857): [17857:17881:INFO:connectivity_checker_impl.cc(320)] Notify connectivity check failure.
08-24 20:09:46.938 I/chromium(17857): [17857:17914:INFO:setup_manager_impl.cc(2554)] SetupManagerImpl::OnConnectivityCheckFailed: Trigger Network check.
08-24 20:09:47.976 E/chromium(17857): [17857:17889:ERROR:ssl_client_socket_impl.cc(981)] handshake failed; returned -1, SSL error code 1, net_error -201
08-24 20:09:47.976 E/chromium(17857): [17857:17881:ERROR:connectivity_checker_impl.cc(285)] Connectivity check failed: net_error=-501
08-24 20:09:47.976 I/chromium(17857): [17857:17881:INFO:connectivity_checker_impl.cc(320)] Notify connectivity check failure.
08-24 20:09:47.976 I/chromium(17857): [17857:17914:INFO:setup_manager_impl.cc(2554)] SetupManagerImpl::OnConnectivityCheckFailed: Trigger Network check.
08-24 20:09:49.018 E/chromium(17857): [17857:17889:ERROR:ssl_client_socket_impl.cc(981)] handshake failed; returned -1, SSL error code 1, net_error -201
08-24 20:09:49.019 E/chromium(17857): [17857:17881:ERROR:connectivity_checker_impl.cc(285)] Connectivity check failed: net_error=-501
08-24 20:09:49.019 I/chromium(17857): [17857:17881:INFO:connectivity_checker_impl.cc(320)] Notify connectivity check failure.
08-24 20:09:49.019 I/chromium(17857): [17857:17914:INFO:setup_manager_impl.cc(2554)] SetupManagerImpl::OnConnectivityCheckFailed: Trigger Network check.
08-24 20:09:50.079 E/chromium(17857): [17857:17889:ERROR:ssl_client_socket_impl.cc(981)] handshake failed; returned -1, SSL error code 1, net_error -201
08-24 20:09:50.080 E/chromium(17857): [17857:17881:ERROR:connectivity_checker_impl.cc(285)] Connectivity check failed: net_error=-501
08-24 20:09:50.080 I/chromium(17857): [17857:17881:INFO:connectivity_checker_impl.cc(320)] Notify connectivity check failure.
08-24 20:09:50.080 I/chromium(17857): [17857:17914:INFO:setup_manager_impl.cc(2554)] SetupManagerImpl::OnConnectivityCheckFailed: Trigger Network check.
08-24 20:09:51.128 E/chromium(17857): [17857:17889:ERROR:ssl_client_socket_impl.cc(981)] handshake failed; returned -1, SSL error code 1, net_error -201
08-24 20:09:51.128 E/chromium(17857): [17857:17881:ERROR:connectivity_checker_impl.cc(285)] Connectivity check failed: net_error=-501
08-24 20:09:51.128 I/chromium(17857): [17857:17881:INFO:connectivity_checker_impl.cc(320)] Notify connectivity check failure.
08-24 20:09:51.128 I/chromium(17857): [17857:17914:INFO:setup_manager_impl.cc(2554)] SetupManagerImpl::OnConnectivityCheckFailed: Trigger Network check.
08-24 20:09:51.243 D/BoundBrokerSvc(17091): onUnbind: Intent { act=com.google.android.gms.auth.account.workaccount.START dat=chimera-action:com.google.android.gms.auth.account.workaccount.START cmp=com.google.android.gms/.chimera.PersistentApiService }
08-24 20:09:51.303 W/NotificationHistory(  508): Attempted to add notif for locked/gone/disabled user 0
08-24 20:09:51.304 V/TvNotificationHandler(  757): Notification not added because it isn't relevant for tv
08-24 20:09:51.411 D/BoundBrokerSvc(17091): onUnbind: Intent { act=com.google.android.gms.phenotype.service.START dat=chimera-action:com.google.android.gms.phenotype.service.START cmp=com.google.android.gms/.chimera.PersistentApiService }
08-24 20:09:51.848 D/BoundBrokerSvc(17091): onUnbind: Intent { act=com.google.android.gms.scheduler.ACTION_PROXY_SCHEDULE dat=chimera-action:com.google.android.gms.scheduler.ACTION_PROXY_SCHEDULE cmp=com.google.android.gms/.chimera.PersistentApiService }
08-24 20:09:52.146 E/chromium(17857): [17857:17889:ERROR:ssl_client_socket_impl.cc(981)] handshake failed; returned -1, SSL error code 1, net_error -201
08-24 20:09:52.147 E/chromium(17857): [17857:17881:ERROR:connectivity_checker_impl.cc(285)] Connectivity check failed: net_error=-501
08-24 20:09:52.147 I/chromium(17857): [17857:17881:INFO:connectivity_checker_impl.cc(320)] Notify connectivity check failure.
08-24 20:09:52.147 I/chromium(17857): [17857:17914:INFO:setup_manager_impl.cc(2554)] SetupManagerImpl::OnConnectivityCheckFailed: Trigger Network check.
08-24 20:09:53.207 E/chromium(17857): [17857:17889:ERROR:ssl_client_socket_impl.cc(981)] handshake failed; returned -1, SSL error code 1, net_error -201
08-24 20:09:53.208 E/chromium(17857): [17857:17881:ERROR:connectivity_checker_impl.cc(285)] Connectivity check failed: net_error=-501
08-24 20:09:53.208 I/chromium(17857): [17857:17881:INFO:connectivity_checker_impl.cc(320)] Notify connectivity check failure.
08-24 20:09:53.208 I/chromium(17857): [17857:17914:INFO:setup_manager_impl.cc(2554)] SetupManagerImpl::OnConnectivityCheckFailed: Trigger Network check.
08-24 20:09:53.326 D/NetworkMonitor/100(  941): PROBE_HTTPS https://www.google.com/generate_204 Probe failed with exception javax.net.ssl.SSLHandshakeException: Chain validation failed
08-24 20:09:53.326 D/NetworkMonitor/100(  941): isCaptivePortal: isSuccessful()=false isPortal()=false RedirectUrl=null isPartialConnectivity()=true Time=10039ms
08-24 20:09:53.327 D/ConnectivityService(  508): [100 WIFI] validation failed
08-24 20:09:53.329 D/CompatibilityChangeReporter(  508): Compat change id reported: 135634846; UID 10059; state: DISABLED
08-24 20:09:53.329 D/CompatibilityChangeReporter(  508): Compat change id reported: 177438394; UID 10059; state: DISABLED
08-24 20:09:53.329 D/CompatibilityChangeReporter(  508): Compat change id reported: 135772972; UID 10059; state: DISABLED
08-24 20:09:53.329 D/CompatibilityChangeReporter(  508): Compat change id reported: 135754954; UID 10059; state: ENABLED
08-24 20:09:53.330 D/CompatibilityChangeReporter(  508): Compat change id reported: 143937733; UID 10059; state: ENABLED
08-24 20:09:53.333 D/Zygote  (  324): Forked child process 18206
08-24 20:09:53.334 I/ActivityManager(  508): Start proc 18206:com.google.android.tv.axel/u0a59 for service {com.google.android.tv.axel/com.google.android.tv.axel.remote.IrService}
08-24 20:09:53.349 E/android.tv.axe(18206): Not starting debugger since process cannot load the jdwp agent.
08-24 20:09:53.361 D/CompatibilityChangeReporter(  508): Compat change id reported: 168419799; UID 10059; state: DISABLED
08-24 20:09:53.369 D/CompatibilityChangeReporter(18206): Compat change id reported: 171979766; UID 10059; state: ENABLED
08-24 20:09:53.375 W/NotificationHistory(  508): Attempted to add notif for locked/gone/disabled user 0
08-24 20:09:53.377 V/TvNotificationHandler(  757): Notification not added because it isn't relevant for tv
08-24 20:09:53.392 D/nativeloader(18206): classloader namespace configured for unbundled product apk. library_path=/product/priv-app/TVAxel/lib/arm64:/product/lib64:/system/product/lib64
08-24 20:09:53.400 V/GraphicsEnvironment(18206): ANGLE Developer option for 'com.google.android.tv.axel' set to: 'default'
08-24 20:09:53.400 V/GraphicsEnvironment(18206): Neither updatable production driver nor prerelease driver is supported.
08-24 20:09:53.400 D/NetworkSecurityConfig(18206): No Network Security Config specified, using platform default
08-24 20:09:53.400 D/NetworkSecurityConfig(18206): No Network Security Config specified, using platform default
08-24 20:09:53.416 I/Axel.AxelApplication(18206): Axel application has started
08-24 20:09:53.418 W/android.tv.axe(18206): Accessing hidden field Ljava/util/Collections$SynchronizedCollection;->mutex:Ljava/lang/Object; (max-target-o, reflection, denied)
08-24 20:09:53.419 W/android.tv.axe(18206): Accessing hidden method Ljava/util/Collections$SynchronizedSet;-><init>(Ljava/util/Set;Ljava/lang/Object;)V (max-target-o, reflection, denied)
08-24 20:09:53.423 W/android.tv.axe(18206): Accessing hidden method Ljava/util/Collections$SynchronizedCollection;-><init>(Ljava/util/Collection;Ljava/lang/Object;)V (max-target-o, reflection, denied)
08-24 20:09:53.425 I/Axel.IrDbCertificateCreator(18206): Initializing IRDB certificate using a thread...
08-24 20:09:53.426 I/Axel.ResourceOverlayModule(18206): Device properties attestation is not enabled
