09-20 10:05:23.340 E/SystemServiceRegistry(  624): 	at android.os.Binder.shellCommand(Binder.java:1151)
09-20 10:05:23.340 E/SystemServiceRegistry(  624): 	at android.os.Binder.onTransact(Binder.java:953)
09-20 10:05:23.340 E/SystemServiceRegistry(  624): 	at android.content.pm.IPackageManager$Stub.onTransact(IPackageManager.java:4729)
09-20 10:05:23.340 E/SystemServiceRegistry(  624): 	at com.android.server.pm.PackageManagerService$IPackageManagerImpl.onTransact(PackageManagerService.java:6668)
09-20 10:05:23.340 E/SystemServiceRegistry(  624): 	at android.os.Binder.execTransactInternal(Binder.java:1426)
09-20 10:05:23.340 E/SystemServiceRegistry(  624): 	at android.os.Binder.execTransact(Binder.java:1365)
09-20 10:05:23.344 E/SystemServiceRegistry(  624): Manager wrapper not available: persistent_data_block
09-20 10:05:23.347 D/ShortcutService(  624): received package broadcast intent: Intent { act=android.intent.action.PACKAGE_CHANGED dat=package: flg=0x5000010 (has extras) }
09-20 10:05:23.347 D/ShortcutService(  624): changing package: com.neew.browser userId=0
09-20 10:05:23.349 I/PermissionControllerServiceImpl( 1067): Updating user sensitive for uid 10219
09-20 10:05:23.350 D/AppSearchAppsIndexerManagerS(  624): userid in package receiver: 10219
09-20 10:05:23.362 W/SignedPackage(  624): Package doesn't have required signing certificate: com.google.android.retaildemo
09-20 10:05:23.362 E/RoleControllerServiceImpl(  624): Default/fallback role holder package doesn't qualify for the role, package: com.google.android.gms.supervision, role: android.app.role.SYSTEM_SUPERVISION
09-20 10:05:23.363 W/SignedPackage(  624): Package doesn't have required signing certificate: com.google.android.apps.work.clouddpc
09-20 10:05:23.369 D/ControlsListingControllerImpl(  893): ServiceConfig reloaded, count: 0
09-20 10:05:23.371 D/ActivityManager(  624): sync unfroze 4469 com.android.vending for 3
09-20 10:05:23.372 D/ActivityManager(  624): sync unfroze 2416 com.android.vending:background for 3
09-20 10:05:23.378 I/Finsky:background( 2416): [2] Memory trim requested to level 40
09-20 10:05:23.389 I/Finsky  ( 4469): [2] Memory trim requested to level 40
09-20 10:05:23.389 I/Finsky  ( 4469): [2] Flushing in-memory image cache
09-20 10:05:23.392 D/ActivityManager(  624): sync unfroze 4867 com.google.android.gms for 6
09-20 10:05:23.398 I/Finsky  ( 4469): [2] Memory trim requested to level 40
09-20 10:05:23.398 I/Finsky  ( 4469): [2] Flushing in-memory image cache
09-20 10:05:23.398 I/Finsky  ( 4469): [2] Memory trim requested to level 40
09-20 10:05:23.398 I/Finsky  ( 4469): [2] Flushing in-memory image cache
09-20 10:05:23.404 I/Finsky:background( 2416): [2] Memory trim requested to level 40
09-20 10:05:23.404 I/Finsky:background( 2416): [2] Memory trim requested to level 40
09-20 10:05:23.407 D/ActivityManager(  624): sync unfroze 2507 com.google.android.gms.unstable for 6
09-20 10:05:23.408 I/Finsky  ( 4469): [50] Stats for Executor: BlockingExecutor tne@de3ff38[Running, pool size = 0, active threads = 0, queued tasks = 0, completed tasks = 48]
09-20 10:05:23.408 I/Finsky  ( 4469): [50] Stats for Executor: LightweightExecutor tne@f26eb11[Running, pool size = 2, active threads = 0, queued tasks = 0, completed tasks = 390]
09-20 10:05:23.408 I/Finsky  ( 4469): [50] Stats for Executor: bgExecutor tne@f577476[Running, pool size = 4, active threads = 1, queued tasks = 0, completed tasks = 3573]
09-20 10:05:23.419 I/Finsky:background( 2416): [2] aewu - Received: android.intent.action.PACKAGE_ADDED, [ihIDQQ044TF6CSsX1o1ebZx8m81u1p0Bc9k99L3pZyU]
09-20 10:05:23.429 I/Finsky  ( 4469): [2] aexe - Received: android.intent.action.PACKAGE_ADDED, [ihIDQQ044TF6CSsX1o1ebZx8m81u1p0Bc9k99L3pZyU]
09-20 10:05:23.481 I/PlayCommon( 4469): [70] Preparing logs for uploading
09-20 10:05:23.488 D/InstallDependencyHelper(  624): No missing dependency for androidx.test.orchestrator
09-20 10:05:23.496 I/Finsky  ( 4469): [2] Clearing split related stale data.
09-20 10:05:23.506 V/Configuration(  624): Updating configuration, locales updated from [] to [en_US]
09-20 10:05:23.506 I/system_server(  624): AssetManager2(0xb400007828f30a38) locale list changing from [] to [en-US]
09-20 10:05:23.511 I/Finsky:background( 2416): [2] aewu - Received: android.intent.action.PACKAGE_CHANGED, [ihIDQQ044TF6CSsX1o1ebZx8m81u1p0Bc9k99L3pZyU]
09-20 10:05:23.519 I/Finsky  ( 4469): [2] Do not start WearSupportService due to Wear service optimization
09-20 10:05:23.524 W/PlayCommon( 4469): [70] No account for auth token provided
09-20 10:05:23.527 I/Finsky:background( 2416): [131] Wrote row to frosting DB: 566
09-20 10:05:23.530 I/PlayCommon( 4469): [70] Connecting to server: https://play.googleapis.com/play/log?format=raw&proto_v2=true
09-20 10:05:23.535 D/BoundBrokerSvc( 4867): onUnbind: Intent { act=com.google.android.gms.common.BIND_SHARED_PREFS xflg=0x4 pkg=com.google.android.gms }
09-20 10:05:23.536 I/Finsky:background( 2416): [52] RECEIVER_PACKAGE_MONITOR_BACKGROUND#logWorkEndAndFinishGoAsync: SUCCESS
09-20 10:05:23.555 W/ChimeraProxyRslvr( 4867): No registered Chimera impl for com.google.android.gms.games.chimera.GamesSystemBroadcastReceiverProxy
09-20 10:05:23.555 E/ChimeraRcvrProxy( 4867): com.google.android.gms.games.chimera.GamesSystemBroadcastReceiverProxy dropping broadcast android.intent.action.PACKAGE_ADDED
09-20 10:05:23.558 I/Finsky  ( 4469): [2] DTU: Received onPackageAdded, replacing: false
09-20 10:05:23.564 I/Finsky  ( 4469): [61] AIM: AppInfoManager-Perf > OnDeviceAppInfo > cacheHitCount=0, cacheMissCount=1. Missed  in cache (limit 10) : [com.neew.browser]
09-20 10:05:23.565 I/SatelliteAppTracker( 1038): onPackageModified : com.neew.browser
09-20 10:05:23.577 E/SmsApplication( 1038): com.google.android.apps.messaging lost android:read_cell_broadcasts:  (fixing)
09-20 10:05:23.577 W/AppOpService(  624): Ignored setUidMode call for runtime permission app op: uid = 10146, code = READ_CELL_BROADCASTS, mode = allow, callingUid = 1001, oldMode = allow
09-20 10:05:23.579 I/Finsky:background( 2416): [131] Wrote row to frosting DB: 567
09-20 10:05:23.602 I/system_server(  624): AssetManager2(0xb400007828f3acb8) locale list changing from [] to [en-US]
09-20 10:05:23.610 I/Finsky:background( 2416): [131] Wrote row to frosting DB: 568
09-20 10:05:23.622 I/Finsky:background( 2416): [131] Wrote row to frosting DB: 569
09-20 10:05:23.622 I/Finsky  ( 4469): [61] AIM: Got app ownership map. App counts: . Unique apps: 0
09-20 10:05:23.622 E/Finsky  ( 4469): [61] [Counters] attempted to use a non-positive increment for: 4752
09-20 10:05:23.629 I/Finsky  ( 4469): [207] SCH: Received scheduling request: Id: 12-1, Constraints: [{ L: 15000, D: 86400000, C: CHARGING_NONE, I: IDLE_NONE, N: NET_ANY, B: BATTERY_ANY }]
09-20 10:05:23.633 I/system_server(  624): AssetManager2(0xb400007828f33c38) locale list changing from [] to [en-US]
09-20 10:05:23.643 E/Finsky  ( 4469): [61] [Counters] attempted to use a non-positive increment for: 4753
09-20 10:05:23.671 I/Finsky:background( 2416): [52] RECEIVER_ENGAGE_PACKAGE_CHANGED#logWorkEndAndFinishGoAsync: SKIPPED_PRECONDITIONS_UNMET
09-20 10:05:23.676 W/AppOpService(  624): Ignored setUidMode call for runtime permission app op: uid = 1001, code = READ_SMS, mode = allow, callingUid = 1001, oldMode = allow
09-20 10:05:23.676 W/AppOpService(  624): Ignored setUidMode call for runtime permission app op: uid = 1001, code = RECEIVE_SMS, mode = allow, callingUid = 1001, oldMode = allow
09-20 10:05:23.676 W/AppOpService(  624): Ignored setUidMode call for runtime permission app op: uid = 1001, code = RECEIVE_WAP_PUSH, mode = allow, callingUid = 1001, oldMode = allow
09-20 10:05:23.676 W/AppOpService(  624): Ignored setUidMode call for runtime permission app op: uid = 1001, code = SEND_SMS, mode = allow, callingUid = 1001, oldMode = allow
09-20 10:05:23.676 W/AppOpService(  624): Ignored setUidMode call for runtime permission app op: uid = 1001, code = READ_CELL_BROADCASTS, mode = allow, callingUid = 1001, oldMode = allow
09-20 10:05:23.682 I/Finsky  ( 4469): [2] aexe - Received: android.intent.action.PACKAGE_CHANGED, [ihIDQQ044TF6CSsX1o1ebZx8m81u1p0Bc9k99L3pZyU]
09-20 10:05:23.685 E/RoleControllerServiceImpl(  624): Default/fallback role holder package doesn't qualify for the role, package: com.google.android.gms, role: android.app.role.WALLET
09-20 10:05:23.686 I/Finsky  ( 4469): [61] AIM: AppInfoManager-Perf > ItemModel > CacheSize=0, cacheHitCount=0, cacheMissCount=1, total appsWithNoServerDataCount=0. Missed  in cache (limit 10) : [com.neew.browser]
09-20 10:05:23.696 I/Fitness ( 1234): (REDACTED) OnPackageChangedOperation got intent: %s
09-20 10:05:23.704 I/Finsky  ( 4469): [61] AIM: AppInfoManager-Perf > ItemModel > ItemStore Called 1 apps cacheOptions = USE_CACHE
09-20 10:05:23.705 I/Finsky  ( 4469): [52] RECEIVER_PACKAGE_MONITOR#logWorkEndAndFinishGoAsync: SUCCESS
09-20 10:05:23.715 I/fiis    ( 1455): (REDACTED) O received %s
09-20 10:05:23.717 I/Finsky  ( 4469): [61] AIM: ItemModel fetch - unauth(1), auth()
09-20 10:05:23.720 D/LauncherAppsService(  624): onPackageAdded: triggering onPackageAdded for user=UserHandle{0}, packageName=com.neew.browser
09-20 10:05:23.720 D/LauncherAppsService(  624): onPackageAdded: triggering onPackageAdded for user=UserHandle{0}, packageName=com.neew.browser
09-20 10:05:23.720 D/LauncherAppsCallbackImpl( 1050): onPackageAdded triggered for packageName=com.neew.browser, user=UserHandle{0}
09-20 10:05:23.720 D/PackageUpdatedTask( 1050): Package updated: mOp=ADD packages=[com.neew.browser], user=UserHandle{0}
09-20 10:05:23.724 I/Finsky  ( 4469): [77] AIM: AppInfoManager-Perf > OnDeviceAppInfo > cacheHitCount=0, cacheMissCount=1. Missed  in cache (limit 10) : [com.neew.browser]
09-20 10:05:23.727 I/s.nexuslauncher( 1050): AssetManager2(0xb400007828f02598) locale list changing from [] to [en-US]
09-20 10:05:23.744 E/AppOps  (  624): Trying to set mode for unknown uid 10220.
09-20 10:05:23.745 I/Finsky  ( 4469): [74] AIM: Got app ownership map. App counts: . Unique apps: 0
09-20 10:05:23.745 E/Finsky  ( 4469): [74] [Counters] attempted to use a non-positive increment for: 4752
09-20 10:05:23.745 E/Finsky  ( 4469): [74] [Counters] attempted to use a non-positive increment for: 4753
09-20 10:05:23.746 W/HWUI    ( 1050): Image decoding logging dropped!
09-20 10:05:23.754 I/Finsky  ( 4469): [2] Memory trim requested to level 40
09-20 10:05:23.754 I/Finsky  ( 4469): [2] Flushing in-memory image cache
09-20 10:05:23.758 V/StorageManagerService(  624): Package null does not have legacy storage
09-20 10:05:23.761 D/ImsResolver( 1038): maybeAddedImsService, packageName: com.neew.browser
09-20 10:05:23.763 V/ImsResolver( 1038): searchForImsServices: package=com.neew.browser, users=[UserHandle{0}]
09-20 10:05:23.770 I/Finsky  ( 4469): [61] AIM: AppInfoManager-Perf > ItemModel > CacheSize=0, cacheHitCount=0, cacheMissCount=1, total appsWithNoServerDataCount=0. Missed  in cache (limit 10) : [com.neew.browser]
09-20 10:05:23.772 I/Finsky  ( 4469): [61] AIM: AppInfoManager-Perf > ItemModel > ItemStore Called 1 apps cacheOptions = USE_CACHE
09-20 10:05:23.772 I/Finsky  ( 4469): [61] AIM: ItemModel fetch - unauth(1), auth()
09-20 10:05:23.774 I/gle.android.gms( 4867): AssetManager2(0xb400007828eecab8) locale list changing from [] to [en-US]
09-20 10:05:23.775 I/PlayCommon( 4469): [70] Successfully uploaded logs.
09-20 10:05:23.786 V/ImsResolver( 1038): searchForImsServices: package=com.neew.browser, users=[UserHandle{0}]
09-20 10:05:23.795 D/BackupManagerService(  624): [UserID:0] restoreAtInstall pkg=androidx.test.orchestrator token=7 restoreSet=0
09-20 10:05:23.795 D/BackupManagerService(  624): [UserID:0] Finishing install immediately
09-20 10:05:23.809 D/MediaGrants( 1428): Removed 0 media_grants for 0 user for [androidx.test.orchestrator]. Reason: Mode changed: android:read_external_storage
09-20 10:05:23.810 I/Finsky  ( 4469): [56] WM::SCH: Logging work initialize for 12-1
09-20 10:05:23.811 W/HWUI    ( 1050): Failed to choose config with EGL_SWAP_BEHAVIOR_PRESERVED, retrying without...
09-20 10:05:23.811 W/HWUI    ( 1050): Failed to initialize 101010-2 format, error = EGL_SUCCESS
09-20 10:05:23.812 I/ProximityAuth( 1234): [RecentAppsMediator] Package added: (user=UserHandle{0}) com.neew.browser
09-20 10:05:23.814 W/GCM     ( 1234): Unexpected forwarded intent: Intent { act=android.intent.action.PACKAGE_ADDED dat=package: flg=0x4000010 pkg=com.google.android.gms cmp=com.google.android.gms/.chimera.PersistentIntentOperationService (has extras) }
09-20 10:05:23.815 W/Looper  (  624): Slow dispatch took 116ms android.fg app=system_server main=false group=FOREGROUND h=android.os.Handler c=<recycled PooledLambda@6379858> m=0
09-20 10:05:23.819 W/HWUI    ( 1050): Image decoding logging dropped!
09-20 10:05:23.820 D/AlphabeticIndexCompat( 1050): computeSectionName: cs: Indic Browser sectionName: I
09-20 10:05:23.821 D/AllAppsStore( 1050): setApps: apps.length=20
09-20 10:05:23.821 D/AllAppsStore( 1050): notifyUpdate: notifying listeners
09-20 10:05:23.821 D/ActivityAllAppsContainerView( 1050): onAppsUpdated; number of apps: 20
09-20 10:05:23.821 D/ActivityAllAppsContainerView( 1050): rebindAdapters: force: false
09-20 10:05:23.822 D/ActivityAllAppsContainerView( 1050): rebindAdapters: Not needed.
09-20 10:05:23.822 D/StatsLog( 1050): LAUNCHER_ALLAPPS_COUNT
09-20 10:05:23.822 D/AlphabeticalAppsList( 1050): Clearing FastScrollerSections.
09-20 10:05:23.822 D/AlphabeticalAppsList( 1050): Adding apps with sections. HasPrivateApps: false
09-20 10:05:23.822 D/AlphabeticalAppsList( 1050): addAppsWithSections: adding sectionName: C with appInfoTitle: Calendar
09-20 10:05:23.822 D/AlphabeticalAppsList( 1050): addAppsWithSections: adding sectionName: D with appInfoTitle: Drive
09-20 10:05:23.822 D/AlphabeticalAppsList( 1050): addAppsWithSections: adding sectionName: F with appInfoTitle: Files
09-20 10:05:23.822 D/AlphabeticalAppsList( 1050): addAppsWithSections: adding sectionName: G with appInfoTitle: Gmail
09-20 10:05:23.822 D/AlphabeticalAppsList( 1050): addAppsWithSections: adding sectionName: I with appInfoTitle: Indic Browser
09-20 10:05:23.822 D/AlphabeticalAppsList( 1050): addAppsWithSections: adding sectionName: M with appInfoTitle: Maps
09-20 10:05:23.822 D/AlphabeticalAppsList( 1050): addAppsWithSections: adding sectionName: P with appInfoTitle: Phone
09-20 10:05:23.822 D/AlphabeticalAppsList( 1050): addAppsWithSections: adding sectionName: S with appInfoTitle: Safety
09-20 10:05:23.822 D/AlphabeticalAppsList( 1050): addAppsWithSections: adding sectionName: T with appInfoTitle: TMoble
09-20 10:05:23.822 D/AlphabeticalAppsList( 1050): addAppsWithSections: adding sectionName: Y with appInfoTitle: YouTube
09-20 10:05:23.822 D/AlphabeticalAppsList( 1050): Adding FastScrollSection duplicate to scroll to the bottom.
09-20 10:05:23.822 D/AlphabeticalAppsList( 1050): Clearing FastScrollerSections.
09-20 10:05:23.822 D/AlphabeticalAppsList( 1050): Adding apps with sections. HasPrivateApps: false
09-20 10:05:23.822 D/AlphabeticalAppsList( 1050): addAppsWithSections: adding sectionName: C with appInfoTitle: Calendar
09-20 10:05:23.822 D/AlphabeticalAppsList( 1050): addAppsWithSections: adding sectionName: D with appInfoTitle: Drive
09-20 10:05:23.822 D/AlphabeticalAppsList( 1050): addAppsWithSections: adding sectionName: F with appInfoTitle: Files
09-20 10:05:23.822 D/AlphabeticalAppsList( 1050): addAppsWithSections: adding sectionName: G with appInfoTitle: Gmail
09-20 10:05:23.822 D/AlphabeticalAppsList( 1050): addAppsWithSections: adding sectionName: I with appInfoTitle: Indic Browser
09-20 10:05:23.822 D/AlphabeticalAppsList( 1050): addAppsWithSections: adding sectionName: M with appInfoTitle: Maps
09-20 10:05:23.822 D/AlphabeticalAppsList( 1050): addAppsWithSections: adding sectionName: P with appInfoTitle: Phone
09-20 10:05:23.822 D/AlphabeticalAppsList( 1050): addAppsWithSections: adding sectionName: S with appInfoTitle: Safety
09-20 10:05:23.822 D/AlphabeticalAppsList( 1050): addAppsWithSections: adding sectionName: T with appInfoTitle: TMoble
09-20 10:05:23.822 D/AlphabeticalAppsList( 1050): addAppsWithSections: adding sectionName: Y with appInfoTitle: YouTube
09-20 10:05:23.822 D/AlphabeticalAppsList( 1050): Adding FastScrollSection duplicate to scroll to the bottom.
09-20 10:05:23.827 I/Finsky  ( 4469): [74] SCH: Scheduling phonesky job Id: 12-1, CT: 1758333923629, Constraints: [{ L: 15000, D: 86400000, C: CHARGING_NONE, I: IDLE_NONE, N: NET_ANY, B: BATTERY_ANY }]
09-20 10:05:23.831 I/Finsky  ( 4469): [74] SCH: Scheduling 1 system job(s)
09-20 10:05:23.831 I/Finsky  ( 4469): [74] SCH: Scheduling system job Id: 9432, L: 14798, D: 42916294, C: false, I: false, N: 1
09-20 10:05:23.834 E/Finsky  ( 4469): [61] [Counters] attempted to use a non-positive increment for: 4751
09-20 10:05:23.834 W/HWUI    ( 1050): Image decoding logging dropped!
09-20 10:05:23.838 I/PackageManager(  624): installation completed for package:androidx.test.orchestrator. Final code path: /data/app/~~KIYDQj6WccnErb4EYEwOUA==/androidx.test.orchestrator-YvNf1s-vmKFvsrUoTq3t3w==
09-20 10:05:23.838 D/BackgroundInstallControlService(  624): Package event received: 1
09-20 10:05:23.842 D/LauncherAppsService(  624): onPackageAdded: triggering onPackageAdded for user=UserHandle{0}, packageName=com.neew.browser
09-20 10:05:23.843 W/PackageManager(  624): Failed registering loading progress callback. Package is fully loaded.
09-20 10:05:23.844 I/Finsky:background( 2416): [2] Memory trim requested to level 40
09-20 10:05:23.854 E/Finsky  ( 4469): [77] [Counters] attempted to use a non-positive increment for: 4751
09-20 10:05:23.860 D/AlphabeticIndexCompat( 1050): computeSectionName: cs: Settings sectionName: S
09-20 10:05:23.861 D/AlphabeticIndexCompat( 1050): computeSectionName: cs: Photos sectionName: P
09-20 10:05:23.861 D/AlphabeticIndexCompat( 1050): computeSectionName: cs: Battery sectionName: B
09-20 10:05:23.861 D/AlphabeticIndexCompat( 1050): computeSectionName: cs: Chrome sectionName: C
09-20 10:05:23.861 D/AlphabeticIndexCompat( 1050): computeSectionName: cs: Gmail sectionName: G
09-20 10:05:23.861 D/AlphabeticIndexCompat( 1050): computeSectionName: cs: Drive sectionName: D
09-20 10:05:23.861 D/AlphabeticIndexCompat( 1050): computeSectionName: cs: Clock sectionName: C
09-20 10:05:23.861 D/AlphabeticIndexCompat( 1050): computeSectionName: cs: Contacts sectionName: C
09-20 10:05:23.861 D/AlphabeticIndexCompat( 1050): computeSectionName: cs: Calendar sectionName: C
09-20 10:05:23.861 D/AlphabeticIndexCompat( 1050): computeSectionName: cs: Maps sectionName: M
09-20 10:05:23.862 D/AlphabeticIndexCompat( 1050): computeSectionName: cs: YouTube Music sectionName: Y
09-20 10:05:23.863 D/AlphabeticIndexCompat( 1050): computeSectionName: cs: YouTube sectionName: Y
09-20 10:05:23.863 D/AlphabeticIndexCompat( 1050): computeSectionName: cs: Google sectionName: G
09-20 10:05:23.863 D/AlphabeticIndexCompat( 1050): computeSectionName: cs: Android System Intelligence sectionName: A
09-20 10:05:23.863 D/AlphabeticIndexCompat( 1050): computeSectionName: cs: Digital Wellbeing sectionName: D
09-20 10:05:23.864 D/AlphabeticIndexCompat( 1050): computeSectionName: cs: Conversations sectionName: C
09-20 10:05:23.866 I/.gms.persistent( 1234): AssetManager2(0xb400007828eeffd8) locale list changing from [] to [en-US]
09-20 10:05:23.870 I/AiAiEcho( 1442): AppFetcherImplV2 updateApps package:[com.neew.browser], userId:[0], reason:[package is added.].
09-20 10:05:23.870 W/VvmPkgInstalledRcvr( 1038): carrierVvmPkgAdded: carrier vvm packages doesn't contain com.neew.browser
09-20 10:05:23.872 D/MediaGrants( 1428): Removed 0 media_grants for 0 user for [androidx.test.orchestrator]. Reason: Mode changed: android:read_external_storage
09-20 10:05:23.874 V/SafetySourceDataValidat(  624): Package: com.android.vending has expected signature
09-20 10:05:23.874 V/SafetySourceDataValidat(  624): Package: com.android.vending has expected signature
09-20 10:05:23.879 I/Fitness ( 1234): (REDACTED) FitCleanupIntentOperation received Intent %s
09-20 10:05:23.880 W/NetworkScheduler( 1234): Unexpected forwarded intent: Intent { act=android.intent.action.PACKAGE_ADDED dat=package: flg=0x4000010 pkg=com.google.android.gms cmp=com.google.android.gms/.chimera.PersistentIntentOperationService (has extras) }
09-20 10:05:23.884 I/Finsky  ( 4469): [58] [ContentSync] finished, scheduled=true
09-20 10:05:23.887 D/PackageInstallerSession(  624): Marking session 1686049716 as applied
09-20 10:05:23.890 D/MediaGrants( 1428): Removed 0 media_grants for 0 user for [androidx.test.orchestrator]. Reason: Mode changed: android:read_external_storage
09-20 10:05:23.899 D/ActivityManager(  624): sync unfroze 4629 com.google.android.googlequicksearchbox:search for 6
09-20 10:05:23.902 D/BackgroundInstallControlService(  624): Package event received: 0
09-20 10:05:23.905 I/ogle.android.as( 1442): AssetManager2(0xb400007828ef7378) locale list changing from [] to [en-US]
09-20 10:05:23.907 D/CarrierSvcBindHelper( 1038): onPackageModified: com.neew.browser
09-20 10:05:23.910 D/CarrierSvcBindHelper( 1038): No carrier app for: 0
09-20 10:05:23.914 D/MediaGrants( 1428): Removed 0 media_grants for 0 user for [androidx.test.orchestrator]. Reason: Mode changed: android:read_external_storage
09-20 10:05:23.914 D/MediaGrants( 1428): Removed 0 media_grants for 0 user for [androidx.test.orchestrator]. Reason: Mode changed: android:read_external_storage
09-20 10:05:23.921 D/MediaGrants( 1428): Removed 0 media_grants for 0 user for [androidx.test.orchestrator]. Reason: Mode changed: android:read_external_storage
09-20 10:05:23.921 D/MediaGrants( 1428): Removed 0 media_grants for 0 user for [androidx.test.orchestrator]. Reason: Mode changed: android:read_external_storage
09-20 10:05:23.926 I/abb     ( 5678): StartCommandInProcess(7061636b61676500696e7374616c6c2d package.install- [truncated])
09-20 10:05:23.937 D/InstallDependencyHelper(  624): Session complete for 1686049716
09-20 10:05:23.951 D/SessionCommitReceiver( 1050): Removing unneeded PromiseIcon for package: androidx.test.orchestrator, install reason: 0, alreadyAddedPromiseIcon: false
09-20 10:05:23.955 E/SmsApplication( 1038): com.google.android.apps.messaging lost android:read_cell_broadcasts:  (fixing)
09-20 10:05:23.958 W/AppOpService(  624): Ignored setUidMode call for runtime permission app op: uid = 10146, code = READ_CELL_BROADCASTS, mode = allow, callingUid = 1001, oldMode = allow
09-20 10:05:23.960 D/ControlsListingControllerImpl(  893): ServiceConfig reloaded, count: 0
09-20 10:05:23.961 I/SatelliteAppTracker( 1038): onPackageAdded : androidx.test.orchestrator
09-20 10:05:23.963 D/ShortcutService(  624): received package broadcast intent: Intent { act=android.intent.action.PACKAGE_ADDED dat=package: flg=0x4000010 (has extras) }
09-20 10:05:23.963 D/ShortcutService(  624): adding package: androidx.test.orchestrator userId=0
09-20 10:05:23.966 D/NativePermissionController(  478): updatePackagesForUid, UidPackageState{uid: 10220, packageNames: [androidx.test.orchestrator]}
09-20 10:05:23.968 I/abb     ( 5678): StartCommandInProcess(7061636b61676500696e7374616c6c2d package.install- [truncated])
09-20 10:05:23.977 D/AppSearchAppsIndexerManagerS(  624): userid in package receiver: 10220
09-20 10:05:23.978 D/TransparencyService(  624): Not an update. Skipping...
09-20 10:05:23.979 E/AppOps  (  624): attributionTag VCN not declared in manifest of android
09-20 10:05:23.981 I/PermissionControllerServiceImpl( 1067): Updating user sensitive for uid 10220
09-20 10:05:23.983 I/SdkSandboxManager(  624): No SDKs used. Skipping SDK data reconcilation for CallingInfo{mUid=10220, mPackageName='androidx.test.orchestrator, mAppProcessToken='null'}
09-20 10:05:23.987 I/Fitness ( 1234): (REDACTED) OnPackageChangedOperation got intent: %s
09-20 10:05:23.991 I/SafetyLabelChangedBroadcastReceiver( 1067): received broadcast packageName: androidx.test.orchestrator, current user: UserHandle{0}, packageChangeEvent: NEW_INSTALL, intent user: UserHandle{0}
09-20 10:05:23.997 D/BackupManagerConstants(  624): getFullBackupIntervalMilliseconds(...) returns 86400000
09-20 10:05:23.998 D/BackupManagerConstants(  624): getFullBackupRequiredNetworkType(...) returns 2
09-20 10:05:23.999 D/BackupManagerConstants(  624): getFullBackupRequireCharging(...) returns true
09-20 10:05:24.002 I/gle.android.gms( 4867): AssetManager2(0xb400007828ee1258) locale list changing from [] to [en-US]
09-20 10:05:24.020 W/AppOpService(  624): Ignored setUidMode call for runtime permission app op: uid = 1001, code = READ_SMS, mode = allow, callingUid = 1001, oldMode = allow
09-20 10:05:24.022 W/AppOpService(  624): Ignored setUidMode call for runtime permission app op: uid = 1001, code = RECEIVE_SMS, mode = allow, callingUid = 1001, oldMode = allow
09-20 10:05:24.025 W/AppOpService(  624): Ignored setUidMode call for runtime permission app op: uid = 1001, code = RECEIVE_WAP_PUSH, mode = allow, callingUid = 1001, oldMode = allow
09-20 10:05:24.027 D/BackgroundInstallControlService(  624): Package event received: 0
09-20 10:05:24.029 W/AppOpService(  624): Ignored setUidMode call for runtime permission app op: uid = 1001, code = SEND_SMS, mode = allow, callingUid = 1001, oldMode = allow
09-20 10:05:24.030 W/AppOpService(  624): Ignored setUidMode call for runtime permission app op: uid = 1001, code = READ_CELL_BROADCASTS, mode = allow, callingUid = 1001, oldMode = allow
09-20 10:05:24.036 D/BoundBrokerSvc( 4867): onBind: Intent { act=com.google.android.gms.common.BIND_SHARED_PREFS xflg=0x4 pkg=com.google.android.gms }
09-20 10:05:24.037 D/BoundBrokerSvc( 4867): Loading bound service for intent: Intent { act=com.google.android.gms.common.BIND_SHARED_PREFS xflg=0x4 pkg=com.google.android.gms }
09-20 10:05:24.042 I/abb     ( 5678): StartCommandInProcess(7061636b61676500696e7374616c6c2d package.install- [truncated])
09-20 10:05:24.049 D/ShortcutService(  624): received package broadcast intent: Intent { act=android.intent.action.PACKAGE_CHANGED dat=package: flg=0x5000010 (has extras) }
09-20 10:05:24.049 D/ShortcutService(  624): changing package: androidx.test.orchestrator userId=0
09-20 10:05:24.060 I/SatelliteAppTracker( 1038): onPackageModified : androidx.test.orchestrator
09-20 10:05:24.065 E/SystemServiceRegistry(  624): No service published for: persistent_data_block
09-20 10:05:24.065 E/SystemServiceRegistry(  624): android.os.ServiceManager$ServiceNotFoundException: No service published for: persistent_data_block
09-20 10:05:24.065 E/SystemServiceRegistry(  624): 	at android.os.ServiceManager.getServiceOrThrow(ServiceManager.java:203)
09-20 10:05:24.065 E/SystemServiceRegistry(  624): 	at android.app.SystemServiceRegistry$82.createService(SystemServiceRegistry.java:1110)
09-20 10:05:24.065 E/SystemServiceRegistry(  624): 	at android.app.SystemServiceRegistry$82.createService(SystemServiceRegistry.java:1107)
09-20 10:05:24.065 E/SystemServiceRegistry(  624): 	at android.app.SystemServiceRegistry$StaticServiceFetcher.getService(SystemServiceRegistry.java:2405)
09-20 10:05:24.065 E/SystemServiceRegistry(  624): 	at android.app.SystemServiceRegistry.getSystemService(SystemServiceRegistry.java:1918)
09-20 10:05:24.065 E/SystemServiceRegistry(  624): 	at android.app.ContextImpl.getSystemService(ContextImpl.java:2315)
09-20 10:05:24.065 E/SystemServiceRegistry(  624): 	at android.content.Context.getSystemService(Context.java:4630)
09-20 10:05:24.065 E/SystemServiceRegistry(  624): 	at com.android.server.pm.PackageInstallerSession.markAsSealed(PackageInstallerSession.java:2449)
09-20 10:05:24.065 E/SystemServiceRegistry(  624): 	at com.android.server.pm.PackageInstallerSession.commit(PackageInstallerSession.java:2198)
09-20 10:05:24.065 E/SystemServiceRegistry(  624): 	at android.content.pm.PackageInstaller$Session.commit(PackageInstaller.java:1988)
09-20 10:05:24.065 E/SystemServiceRegistry(  624): 	at com.android.server.pm.PackageManagerShellCommand.doCommitSession(PackageManagerShellCommand.java:4316)
09-20 10:05:24.065 E/SystemServiceRegistry(  624): 	at com.android.server.pm.PackageManagerShellCommand.runInstallCommit(PackageManagerShellCommand.java:1726)
09-20 10:05:24.065 E/SystemServiceRegistry(  624): 	at com.android.server.pm.PackageManagerShellCommand.onCommand(PackageManagerShellCommand.java:255)
09-20 10:05:24.065 E/SystemServiceRegistry(  624): 	at com.android.modules.utils.BasicShellCommandHandler.exec(BasicShellCommandHandler.java:97)
09-20 10:05:24.065 E/SystemServiceRegistry(  624): 	at android.os.ShellCommand.exec(ShellCommand.java:38)
09-20 10:05:24.065 E/SystemServiceRegistry(  624): 	at com.android.server.pm.PackageManagerService$IPackageManagerImpl.onShellCommand(PackageManagerService.java:6684)
09-20 10:05:24.065 E/SystemServiceRegistry(  624): 	at android.os.Binder.shellCommand(Binder.java:1151)
09-20 10:05:24.065 E/SystemServiceRegistry(  624): 	at android.os.Binder.onTransact(Binder.java:953)
09-20 10:05:24.065 E/SystemServiceRegistry(  624): 	at android.content.pm.IPackageManager$Stub.onTransact(IPackageManager.java:4729)
09-20 10:05:24.065 E/SystemServiceRegistry(  624): 	at com.android.server.pm.PackageManagerService$IPackageManagerImpl.onTransact(PackageManagerService.java:6668)
09-20 10:05:24.065 E/SystemServiceRegistry(  624): 	at android.os.Binder.execTransactInternal(Binder.java:1426)
09-20 10:05:24.065 E/SystemServiceRegistry(  624): 	at android.os.Binder.execTransact(Binder.java:1365)
09-20 10:05:24.067 D/ImsResolver( 1038): maybeAddedImsService, packageName: com.neew.browser
09-20 10:05:24.071 E/SystemServiceRegistry(  624): Manager wrapper not available: persistent_data_block
09-20 10:05:24.072 I/Finsky  ( 4469): [2] Memory trim requested to level 40
09-20 10:05:24.072 I/Finsky  ( 4469): [2] Flushing in-memory image cache
09-20 10:05:24.074 I/Finsky  ( 4469): [2] Memory trim requested to level 40
09-20 10:05:24.074 I/Finsky  ( 4469): [2] Flushing in-memory image cache
09-20 10:05:24.077 V/ImsResolver( 1038): searchForImsServices: package=com.neew.browser, users=[UserHandle{0}]
09-20 10:05:24.077 I/Finsky  ( 4469): [2] aexe - Received: android.intent.action.PACKAGE_ADDED, [Ddm0T7gmPwiaW8pOhuvoGkXM5F0bRhioqNs6SKzwveg]
09-20 10:05:24.077 V/ImsResolver( 1038): searchForImsServices: package=com.neew.browser, users=[UserHandle{0}]
09-20 10:05:24.078 D/ControlsListingControllerImpl(  893): ServiceConfig reloaded, count: 0
09-20 10:05:24.082 I/Finsky  ( 4469): [2] Clearing split related stale data.
09-20 10:05:24.085 I/Auth    ( 4867): (REDACTED) [SupervisedAccountIntentOperationV2] onHandleIntent: %s
09-20 10:05:24.087 I/Finsky  ( 4469): [2] Do not start WearSupportService due to Wear service optimization
09-20 10:05:24.090 I/Finsky  ( 4469): [2] DTU: Received onPackageAdded, replacing: false
09-20 10:05:24.091 I/Finsky  ( 4469): [74] AIM: AppInfoManager-Perf > OnDeviceAppInfo > cacheHitCount=0, cacheMissCount=1. Missed  in cache (limit 10) : [androidx.test.orchestrator]
09-20 10:05:24.091 I/Finsky  ( 4469): [74] AIM: Got app ownership map. App counts: . Unique apps: 0
09-20 10:05:24.091 E/Finsky  ( 4469): [74] [Counters] attempted to use a non-positive increment for: 4752
09-20 10:05:24.091 E/Finsky  ( 4469): [74] [Counters] attempted to use a non-positive increment for: 4753
09-20 10:05:24.093 D/SatelliteController( 1038): packageStateChanged: package:com.neew.browser DefaultSmsPackageName:com.google.android.apps.messaging
09-20 10:05:24.093 V/SatelliteController( 1038): Neither SMS or SatelliteGateway package
09-20 10:05:24.094 I/Blockstore( 4867): (REDACTED) [DataStoreImpl] Clearing Blockstore Data for package %s
09-20 10:05:24.096 I/Finsky:background( 2416): [2] Memory trim requested to level 40
09-20 10:05:24.097 I/Finsky  ( 4469): [2] aexe - Received: android.intent.action.PACKAGE_CHANGED, [Ddm0T7gmPwiaW8pOhuvoGkXM5F0bRhioqNs6SKzwveg]
09-20 10:05:24.097 I/Finsky:background( 2416): [2] Memory trim requested to level 40
09-20 10:05:24.097 I/Finsky:background( 2416): [2] aewu - Received: android.intent.action.PACKAGE_ADDED, [Ddm0T7gmPwiaW8pOhuvoGkXM5F0bRhioqNs6SKzwveg]
09-20 10:05:24.103 D/AppSearchAppsIndexerManagerS(  624): userid in package receiver: 10220
09-20 10:05:24.103 I/Blockstore( 4867): [DataStoreImpl] Keyless data not found or its IsLastInstallationData = false. [CONTEXT service_id=258 ]
09-20 10:05:24.104 I/Finsky  ( 4469): [207] [ContentSync] finished, scheduled=false
09-20 10:05:24.106 I/Finsky  ( 4469): [52] RECEIVER_PACKAGE_MONITOR#logWorkEndAndFinishGoAsync: SUCCESS
09-20 10:05:24.110 I/PermissionControllerServiceImpl( 1067): Updating user sensitive for uid 10220
09-20 10:05:24.110 I/Finsky:background( 2416): [2] aewu - Received: android.intent.action.PACKAGE_CHANGED, [Ddm0T7gmPwiaW8pOhuvoGkXM5F0bRhioqNs6SKzwveg]
09-20 10:05:24.114 I/Finsky  ( 4469): [74] AIM: AppInfoManager-Perf > OnDeviceAppInfo > cacheHitCount=0, cacheMissCount=1. Missed  in cache (limit 10) : [androidx.test.orchestrator]
09-20 10:05:24.114 I/Finsky  ( 4469): [74] AIM: Got app ownership map. App counts: . Unique apps: 0
09-20 10:05:24.114 E/Finsky  ( 4469): [74] [Counters] attempted to use a non-positive increment for: 4752
09-20 10:05:24.114 E/Finsky  ( 4469): [74] [Counters] attempted to use a non-positive increment for: 4753
09-20 10:05:24.118 I/Fitness ( 1234): (REDACTED) FitCleanupIntentOperation received Intent %s
09-20 10:05:24.127 E/SmsApplication( 1038): com.google.android.apps.messaging lost android:read_cell_broadcasts:  (fixing)
09-20 10:05:24.132 I/Finsky  ( 4469): [66] AIM: AppInfoManager-Perf > ItemModel > CacheSize=0, cacheHitCount=0, cacheMissCount=1, total appsWithNoServerDataCount=0. Missed  in cache (limit 10) : [androidx.test.orchestrator]
09-20 10:05:24.132 I/Finsky  ( 4469): [66] AIM: AppInfoManager-Perf > ItemModel > ItemStore Called 1 apps cacheOptions = USE_CACHE
09-20 10:05:24.134 I/Finsky:background( 2416): [131] Wrote row to frosting DB: 570
09-20 10:05:24.137 W/AppOpService(  624): Ignored setUidMode call for runtime permission app op: uid = 10146, code = READ_CELL_BROADCASTS, mode = allow, callingUid = 1001, oldMode = allow
09-20 10:05:24.149 I/Finsky  ( 4469): [61] AIM: AppInfoManager-Perf > ItemModel > CacheSize=0, cacheHitCount=0, cacheMissCount=1, total appsWithNoServerDataCount=0. Missed  in cache (limit 10) : [androidx.test.orchestrator]
09-20 10:05:24.150 I/Finsky  ( 4469): [61] AIM: AppInfoManager-Perf > ItemModel > ItemStore Called 1 apps cacheOptions = USE_CACHE
09-20 10:05:24.150 I/Finsky  ( 4469): [61] AIM: ItemModel fetch - unauth(1), auth()
09-20 10:05:24.151 I/Finsky  ( 4469): [66] AIM: ItemModel fetch - unauth(1), auth()
09-20 10:05:24.151 I/Finsky  ( 4469): [66] ItemStore: Not cached: androidx.test.orchestrator
09-20 10:05:24.151 I/Finsky  ( 4469): [66] ItemStore: Not cached: androidx.test.orchestrator
09-20 10:05:24.155 I/Finsky:background( 2416): [131] Wrote row to frosting DB: 571
09-20 10:05:24.165 I/Finsky:background( 2416): [131] Wrote row to frosting DB: 572
09-20 10:05:24.170 I/Dck     ( 4867): (REDACTED) disableDckSupport: %s
09-20 10:05:24.170 W/Dck     ( 4867): [WirelessCapabilitiesFeatures] wccSysProp: 0 [CONTEXT service_id=289 ]
09-20 10:05:24.170 I/Dck     ( 4867): [WirelessCapabilitiesFeatures] wccMendel: 3 [CONTEXT service_id=289 ]
09-20 10:05:24.170 I/Dck     ( 4867): [WirelessCapabilitiesFeatures] deviceWccOverride: false [CONTEXT service_id=289 ]
09-20 10:05:24.170 I/Dck     ( 4867): [WirelessCapabilitiesFeatures] replaceSupportedWccWithWccOverride: true [CONTEXT service_id=289 ]
09-20 10:05:24.170 I/Dck     ( 4867): [WirelessCapabilitiesFeatures] wccOverride: not set [CONTEXT service_id=289 ]
09-20 10:05:24.183 I/Dck     ( 4867): (REDACTED) [WirelessCapabilitiesFeatures] wcc: %s
09-20 10:05:24.183 I/Dck     ( 4867): Dck module condition - hasWccSupport: false [CONTEXT service_id=289 ]
09-20 10:05:24.183 I/Dck     ( 4867): Dck module condition - downloadAllowed: false [CONTEXT service_id=289 ]
09-20 10:05:24.183 W/Dck     ( 4867): Dck module not eligible for asynchronous downloading [CONTEXT service_id=289 ]
09-20 10:05:24.186 I/Finsky:background( 2416): [51] RECEIVER_PACKAGE_MONITOR_BACKGROUND#logWorkEndAndFinishGoAsync: SUCCESS
09-20 10:05:24.211 I/RoleService(  624): Granting default roles...
09-20 10:05:24.218 I/Finsky:background( 2416): [131] Wrote row to frosting DB: 573
09-20 10:05:24.235 D/b/387844520( 1050): getOutlineOffsetX: measured width = 173, mNormalizedIconSize = 159, last updated width = 173
09-20 10:05:24.242 W/ChimeraProxyRslvr( 4867): No registered Chimera impl for com.google.android.gms.games.chimera.GamesSystemBroadcastReceiverProxy
09-20 10:05:24.242 E/ChimeraRcvrProxy( 4867): com.google.android.gms.games.chimera.GamesSystemBroadcastReceiverProxy dropping broadcast android.intent.action.PACKAGE_ADDED
09-20 10:05:24.250 I/NearbyDiscovery( 4867): (REDACTED) processGrantSlicePermission: %s
09-20 10:05:24.251 W/AppOpService(  624): Ignored setUidMode call for runtime permission app op: uid = 1001, code = READ_SMS, mode = allow, callingUid = 1001, oldMode = allow
09-20 10:05:24.251 D/InstallDependencyHelper(  624): No missing dependency for androidx.test.services
09-20 10:05:24.251 E/AppOps  (  624): attributionTag VCN not declared in manifest of android
09-20 10:05:24.252 W/AppOpService(  624): Ignored setUidMode call for runtime permission app op: uid = 1001, code = RECEIVE_SMS, mode = allow, callingUid = 1001, oldMode = allow
09-20 10:05:24.253 W/AppOpService(  624): Ignored setUidMode call for runtime permission app op: uid = 1001, code = RECEIVE_WAP_PUSH, mode = allow, callingUid = 1001, oldMode = allow
09-20 10:05:24.260 W/AppOpService(  624): Ignored setUidMode call for runtime permission app op: uid = 1001, code = SEND_SMS, mode = allow, callingUid = 1001, oldMode = allow
09-20 10:05:24.282 W/AppOpService(  624): Ignored setUidMode call for runtime permission app op: uid = 1001, code = READ_CELL_BROADCASTS, mode = allow, callingUid = 1001, oldMode = allow
09-20 10:05:24.307 D/SatelliteAccessController( 1038): Current default SMS app:ComponentInfo{com.google.android.apps.messaging/com.google.android.apps.messaging.shared.receiver.SmsDeliverReceiver}
09-20 10:05:24.307 D/SatelliteController( 1038): getSelectedSatelliteSubId: subId=-1
09-20 10:05:24.308 D/SatelliteAccessController( 1038): supportedMsgApps:com.google.android.apps.messaging
09-20 10:05:24.310 V/Configuration(  624): Updating configuration, locales updated from [] to [en_US]
09-20 10:05:24.310 I/system_server(  624): AssetManager2(0xb400007828f93db8) locale list changing from [] to [en-US]
09-20 10:05:24.330 I/Finsky  ( 4469): [2] Memory trim requested to level 40
09-20 10:05:24.330 I/Finsky  ( 4469): [2] Flushing in-memory image cache
09-20 10:05:24.444 D/CarrierSvcBindHelper( 1038): onPackageAdded: androidx.test.orchestrator
09-20 10:05:24.444 D/CarrierSvcBindHelper( 1038): No carrier app for: 0
09-20 10:05:24.455 I/Finsky:background( 2416): [52] RECEIVER_ENGAGE_PACKAGE_CHANGED#logWorkEndAndFinishGoAsync: SKIPPED_PRECONDITIONS_UNMET
09-20 10:05:24.457 I/fiis    ( 1455): (REDACTED) O received %s
09-20 10:05:24.488 V/SafetySourceDataValidat(  624): Package: com.android.vending has expected signature
09-20 10:05:24.488 V/SafetySourceDataValidat(  624): Package: com.android.vending has expected signature
09-20 10:05:24.556 I/system_server(  624): AssetManager2(0xb400007828f8fc18) locale list changing from [] to [en-US]
09-20 10:05:24.564 I/ogle.android.as( 1442): AssetManager2(0xb400007828ef8c78) locale list changing from [] to [en-US]
09-20 10:05:24.573 E/AppOps  (  624): Trying to set mode for unknown uid 10221.
09-20 10:05:24.578 W/ParceledListSlice(  624): Element #26 is 20848 bytes.
09-20 10:05:24.578 W/ParceledListSlice(  624): Element #27 is 20884 bytes.
09-20 10:05:24.580 W/ParceledListSlice(  624): Element #28 is 21024 bytes.
09-20 10:05:24.581 W/ParceledListSlice(  624): Element #29 is 21112 bytes.
09-20 10:05:24.582 W/ParceledListSlice(  624): Element #30 is 20748 bytes.
09-20 10:05:24.585 V/StorageManagerService(  624): Package null does not have legacy storage
09-20 10:05:24.593 I/system_server(  624): AssetManager2(0xb400007828f91b58) locale list changing from [] to [en-US]
09-20 10:05:24.618 I/ogle.android.as( 1442): AssetManager2(0xb400007828f041b8) locale list changing from [] to [en-US]
09-20 10:05:24.635 I/ogle.android.as( 1442): AssetManager2(0xb400007828f03b78) locale list changing from [] to [en-US]
09-20 10:05:24.641 D/MediaGrants( 1428): Removed 0 media_grants for 0 user for [androidx.test.services]. Reason: Mode changed: android:read_external_storage
09-20 10:05:24.644 D/MediaGrants( 1428): Removed 0 media_grants for 0 user for [androidx.test.services]. Reason: Mode changed: android:read_external_storage
09-20 10:05:24.646 I/Finsky:background( 2416): [2] Memory trim requested to level 40
09-20 10:05:24.652 E/SmsApplication( 1038): com.google.android.apps.messaging lost android:read_cell_broadcasts:  (fixing)
09-20 10:05:24.652 W/AppOpService(  624): Ignored setUidMode call for runtime permission app op: uid = 10146, code = READ_CELL_BROADCASTS, mode = allow, callingUid = 1001, oldMode = allow
09-20 10:05:24.657 W/adua    ( 4629): Abort, client detached.
09-20 10:05:24.657 D/MediaGrants( 1428): Removed 0 media_grants for 0 user for [androidx.test.services]. Reason: Mode changed: android:read_external_storage
09-20 10:05:24.665 I/gle.android.gms( 4867): AssetManager2(0xb400007828ee1258) locale list changing from [] to [en-US]
09-20 10:05:24.668 W/SignedPackage(  624): Cannot get ApplicationInfo for package: com.google.android.devicelockcontroller
09-20 10:05:24.669 E/AppOpService(  624): Blocked setUidMode call for runtime permission app op: uid = 10221, code = WRITE_EXTERNAL_STORAGE, mode = ignore, callingUid = 1000, oldMode = allow
09-20 10:05:24.669 E/AppOpService(  624): java.lang.RuntimeException
09-20 10:05:24.669 E/AppOpService(  624): 	at com.android.server.permission.access.appop.AppOpService.setUidMode(AppOpService.kt:272)
09-20 10:05:24.669 E/AppOpService(  624): 	at com.android.server.appop.AppOpsCheckingServiceTracingDecorator.setUidMode(AppOpsCheckingServiceTracingDecorator.java:120)
09-20 10:05:24.669 E/AppOpService(  624): 	at com.android.server.appop.AppOpsService.setUidMode(AppOpsService.java:2182)
09-20 10:05:24.669 E/AppOpService(  624): 	at com.android.server.appop.AppOpsService.-$$Nest$msetUidMode(AppOpsService.java:0)
09-20 10:05:24.669 E/AppOpService(  624): 	at com.android.server.appop.AppOpsService$AppOpsManagerInternalImpl.setUidModeFromPermissionPolicy(AppOpsService.java:7512)
09-20 10:05:24.669 E/AppOpService(  624): 	at com.android.server.policy.PermissionPolicyService$PermissionToOpSynchroniser.setUidMode(PermissionPolicyService.java:1109)
09-20 10:05:24.669 E/AppOpService(  624): 	at com.android.server.policy.PermissionPolicyService$PermissionToOpSynchroniser.setUidModeIgnored(PermissionPolicyService.java:1087)
09-20 10:05:24.669 E/AppOpService(  624): 	at com.android.server.policy.PermissionPolicyService$PermissionToOpSynchroniser.syncPackages(PermissionPolicyService.java:895)
09-20 10:05:24.669 E/AppOpService(  624): 	at com.android.server.policy.PermissionPolicyService$PermissionToOpSynchroniser.-$$Nest$msyncPackages(PermissionPolicyService.java:0)
09-20 10:05:24.669 E/AppOpService(  624): 	at com.android.server.policy.PermissionPolicyService.synchronizeUidPermissionsAndAppOps(PermissionPolicyService.java:687)
09-20 10:05:24.669 E/AppOpService(  624): 	at com.android.server.policy.PermissionPolicyService.$r8$lambda$g9YhLNd1OZQfuSCyT_yO-G8mZv0(PermissionPolicyService.java:0)
09-20 10:05:24.669 E/AppOpService(  624): 	at com.android.server.policy.PermissionPolicyService$$ExternalSyntheticLambda4.accept(R8$$SyntheticClass:0)
09-20 10:05:24.669 E/AppOpService(  624): 	at com.android.internal.util.function.pooled.PooledLambdaImpl.doInvoke(PooledLambdaImpl.java:281)
09-20 10:05:24.669 E/AppOpService(  624): 	at com.android.internal.util.function.pooled.PooledLambdaImpl.invoke(PooledLambdaImpl.java:204)
09-20 10:05:24.669 E/AppOpService(  624): 	at com.android.internal.util.function.pooled.OmniFunction.run(OmniFunction.java:87)
09-20 10:05:24.669 E/AppOpService(  624): 	at android.os.Handler.handleCallback(Handler.java:995)
09-20 10:05:24.669 E/AppOpService(  624): 	at android.os.Handler.dispatchMessage(Handler.java:103)
09-20 10:05:24.669 E/AppOpService(  624): 	at android.os.Looper.loopOnce(Looper.java:248)
09-20 10:05:24.669 E/AppOpService(  624): 	at android.os.Looper.loop(Looper.java:338)
09-20 10:05:24.669 E/AppOpService(  624): 	at android.os.HandlerThread.run(HandlerThread.java:85)
09-20 10:05:24.669 E/AppOpService(  624): 	at com.android.server.ServiceThread.run(ServiceThread.java:49)
09-20 10:05:24.670 D/MediaGrants( 1428): Removed 0 media_grants for 0 user for [androidx.test.services]. Reason: Mode changed: android:read_external_storage
09-20 10:05:24.671 E/AppOpService(  624): Blocked setUidMode call for runtime permission app op: uid = 10221, code = POST_NOTIFICATION, mode = ignore, callingUid = 1000, oldMode = allow
09-20 10:05:24.671 E/AppOpService(  624): java.lang.RuntimeException
09-20 10:05:24.671 E/AppOpService(  624): 	at com.android.server.permission.access.appop.AppOpService.setUidMode(AppOpService.kt:272)
09-20 10:05:24.671 E/AppOpService(  624): 	at com.android.server.appop.AppOpsCheckingServiceTracingDecorator.setUidMode(AppOpsCheckingServiceTracingDecorator.java:120)
09-20 10:05:24.671 E/AppOpService(  624): 	at com.android.server.appop.AppOpsService.setUidMode(AppOpsService.java:2182)
09-20 10:05:24.671 E/AppOpService(  624): 	at com.android.server.appop.AppOpsService.-$$Nest$msetUidMode(AppOpsService.java:0)
09-20 10:05:24.671 E/AppOpService(  624): 	at com.android.server.appop.AppOpsService$AppOpsManagerInternalImpl.setUidModeFromPermissionPolicy(AppOpsService.java:7512)
09-20 10:05:24.671 E/AppOpService(  624): 	at com.android.server.policy.PermissionPolicyService$PermissionToOpSynchroniser.setUidMode(PermissionPolicyService.java:1109)
09-20 10:05:24.671 E/AppOpService(  624): 	at com.android.server.policy.PermissionPolicyService$PermissionToOpSynchroniser.setUidModeIgnored(PermissionPolicyService.java:1087)
09-20 10:05:24.671 E/AppOpService(  624): 	at com.android.server.policy.PermissionPolicyService$PermissionToOpSynchroniser.syncPackages(PermissionPolicyService.java:895)
09-20 10:05:24.671 E/AppOpService(  624): 	at com.android.server.policy.PermissionPolicyService$PermissionToOpSynchroniser.-$$Nest$msyncPackages(PermissionPolicyService.java:0)
09-20 10:05:24.671 E/AppOpService(  624): 	at com.android.server.policy.PermissionPolicyService.synchronizeUidPermissionsAndAppOps(PermissionPolicyService.java:687)
09-20 10:05:24.671 E/AppOpService(  624): 	at com.android.server.policy.PermissionPolicyService.$r8$lambda$g9YhLNd1OZQfuSCyT_yO-G8mZv0(PermissionPolicyService.java:0)
09-20 10:05:24.671 E/AppOpService(  624): 	at com.android.server.policy.PermissionPolicyService$$ExternalSyntheticLambda4.accept(R8$$SyntheticClass:0)
09-20 10:05:24.671 E/AppOpService(  624): 	at com.android.internal.util.function.pooled.PooledLambdaImpl.doInvoke(PooledLambdaImpl.java:281)
09-20 10:05:24.671 E/AppOpService(  624): 	at com.android.internal.util.function.pooled.PooledLambdaImpl.invoke(PooledLambdaImpl.java:204)
09-20 10:05:24.671 E/AppOpService(  624): 	at com.android.internal.util.function.pooled.OmniFunction.run(OmniFunction.java:87)
09-20 10:05:24.671 E/AppOpService(  624): 	at android.os.Handler.handleCallback(Handler.java:995)
09-20 10:05:24.671 E/AppOpService(  624): 	at android.os.Handler.dispatchMessage(Handler.java:103)
09-20 10:05:24.671 E/AppOpService(  624): 	at android.os.Looper.loopOnce(Looper.java:248)
09-20 10:05:24.671 E/AppOpService(  624): 	at android.os.Looper.loop(Looper.java:338)
09-20 10:05:24.671 E/AppOpService(  624): 	at android.os.HandlerThread.run(HandlerThread.java:85)
09-20 10:05:24.671 E/AppOpService(  624): 	at com.android.server.ServiceThread.run(ServiceThread.java:49)
09-20 10:05:24.674 E/AppOpService(  624): Blocked setUidMode call for runtime permission app op: uid = 10221, code = READ_MEDIA_AUDIO, mode = ignore, callingUid = 1000, oldMode = allow
09-20 10:05:24.674 E/AppOpService(  624): java.lang.RuntimeException
09-20 10:05:24.674 E/AppOpService(  624): 	at com.android.server.permission.access.appop.AppOpService.setUidMode(AppOpService.kt:272)
09-20 10:05:24.674 E/AppOpService(  624): 	at com.android.server.appop.AppOpsCheckingServiceTracingDecorator.setUidMode(AppOpsCheckingServiceTracingDecorator.java:120)
09-20 10:05:24.674 E/AppOpService(  624): 	at com.android.server.appop.AppOpsService.setUidMode(AppOpsService.java:2182)
09-20 10:05:24.674 E/AppOpService(  624): 	at com.android.server.appop.AppOpsService.-$$Nest$msetUidMode(AppOpsService.java:0)
09-20 10:05:24.674 E/AppOpService(  624): 	at com.android.server.appop.AppOpsService$AppOpsManagerInternalImpl.setUidModeFromPermissionPolicy(AppOpsService.java:7512)
09-20 10:05:24.674 E/AppOpService(  624): 	at com.android.server.policy.PermissionPolicyService$PermissionToOpSynchroniser.setUidMode(PermissionPolicyService.java:1109)
09-20 10:05:24.674 E/AppOpService(  624): 	at com.android.server.policy.PermissionPolicyService$PermissionToOpSynchroniser.setUidModeIgnored(PermissionPolicyService.java:1087)
09-20 10:05:24.674 E/AppOpService(  624): 	at com.android.server.policy.PermissionPolicyService$PermissionToOpSynchroniser.syncPackages(PermissionPolicyService.java:895)
09-20 10:05:24.674 E/AppOpService(  624): 	at com.android.server.policy.PermissionPolicyService$PermissionToOpSynchroniser.-$$Nest$msyncPackages(PermissionPolicyService.java:0)
09-20 10:05:24.674 E/AppOpService(  624): 	at com.android.server.policy.PermissionPolicyService.synchronizeUidPermissionsAndAppOps(PermissionPolicyService.java:687)
