--------- beginning of main
08-24 20:09:11.105 E/chromium(17857): [17857:17889:ERROR:ssl_client_socket_impl.cc(981)] handshake failed; returned -1, SSL error code 1, net_error -201
08-24 20:09:11.106 E/chromium(17857): [17857:17881:ERROR:connectivity_checker_impl.cc(285)] Connectivity check failed: net_error=-501
08-24 20:09:11.106 I/chromium(17857): [17857:17881:INFO:connectivity_checker_impl.cc(320)] Notify connectivity check failure.
08-24 20:09:11.106 I/chromium(17857): [17857:17914:INFO:setup_manager_impl.cc(2554)] SetupManagerImpl::OnConnectivityCheckFailed: Trigger Network check.
08-24 20:09:11.114 D/EGL_emulation(16080): app_time_stats: avg=186.45ms min=6.45ms max=1068.28ms count=9
08-24 20:09:11.133 D/EGL_emulation(16165): app_time_stats: avg=14.54ms min=5.18ms max=65.52ms count=57
08-24 20:09:11.213 D/MainActivity(16080): Expanded New Tab button clicked.
08-24 20:09:11.214 D/MainActivity(16080): Creating new tab. Initial URL: https://www.google.com, Switch: true
08-24 20:09:11.217 D/MainActivity(16080): Applied user agent string: [Mozilla/5.0 (Linux; Android 14; SM-G998B) AppleWebKit/537.36 (KHTML, like Gecko) Chrome/120.0.0.0 Mobile Safari/537.36 IndicBrowser/v1.8.6] (derived from mode: mobile) to session for URL context: [https://www.google.com]
08-24 20:09:11.217 D/MainActivity(16080): Viewport Setting: MOBILE (Reason: UA mode 'mobile')
08-24 20:09:11.218 D/MainActivity(16080): Opened new GeckoSession
08-24 20:09:11.218 D/MainActivity(16080): MainTab NavDelegate onLoadRequest: URI=https://www.google.com (Session: https://www.google.com)
08-24 20:09:11.218 D/MainActivity(16080): MainTab NavDelegate onLoadRequest: Allowing non-intent URI: https://www.google.com
08-24 20:09:11.218 D/MainActivity(16080): Loading initial URL in new session: https://www.google.com
08-24 20:09:11.218 D/MainActivity(16080): Switching to tab index: 4. Current global activeSessionIndex before switch: 1
08-24 20:09:11.218 D/MainActivity(16080): Requesting snapshot for active session index: 1
08-24 20:09:11.272 D/MainActivity(16080): Released session from GeckoView: https://m.youtube.com/watch?v=cZ8IZfNiSDU
08-24 20:09:11.274 D/MainActivity(16080): Attached session to GeckoView: https://www.google.com
08-24 20:09:11.284 D/MainActivity(16080): [StorageDebug] saveSessionState CALLED
08-24 20:09:11.284 D/MainActivity(16080): [StorageDebug] Saving URLs JSON: ["https:\/\/www.google.com\/?zx=1756028251203&no_sw_cr=1","https:\/\/m.youtube.com\/watch?v=cZ8IZfNiSDU","https:\/\/www.google.com\/search?q=pixel%2010%20phones&oq=&ved=0ahUKEwi62qrUmqOPAxUGUGwGHbYnISQQ470GCCA&sclient=mweb-insp&gs_lp=Egltd2ViLWluc3AqDwgAEAAYAxjqAhiPARiWBDINEAAYAxjqAhiPARiWBDINEAAYAxjqAhiPARiWBDINEAAYAxjqAhiPARiWBDINEAAYAxjqAhiPARiWBDINEAAYAxjqAhiPARiWBDINEAAYAxjqAhiPARiWBDINEAAYAxjqAhiPARiWBLgBGZgDpgmyBgYQHBgcKAE&gs_ss=1&biw=960&bih=484&dpr=2&sei=Y-WqaJOGNbWgseMP9IW1IQ","https:\/\/www.google.com\/","https:\/\/www.google.com"]
08-24 20:09:11.284 D/MainActivity(16080): [StorageDebug] Saving active index: 4
08-24 20:09:11.284 D/MainActivity(16080): [StorageDebug] Session state saved. Tabs: 5, Active Index: 4
08-24 20:09:11.290 I/GoogleInputMethodService(17771): GoogleInputMethodService.onFinishInput():3466 
08-24 20:09:11.290 I/GoogleInputMethodService(17771): GoogleInputMethodService.onStartInput():2045 
08-24 20:09:11.291 I/DeviceUnlockedTag(17771): DeviceUnlockedTag.notifyDeviceLockStatusChanged():38 Notify device unlocked.
08-24 20:09:11.302 E/MainActivity(16080): Snapshot capture failed for session index: 1
08-24 20:09:11.302 E/MainActivity(16080): java.lang.IllegalStateException: The compositor has detached from the session
08-24 20:09:11.302 E/MainActivity(16080): 	at org.mozilla.geckoview.GeckoSession$Compositor.syncPauseCompositor(Native Method)
08-24 20:09:11.302 E/MainActivity(16080): 	at org.mozilla.geckoview.GeckoSession.onSurfaceDestroyed(GeckoSession.java:7657)
08-24 20:09:11.302 E/MainActivity(16080): 	at org.mozilla.geckoview.GeckoDisplay.surfaceDestroyed(GeckoDisplay.java:209)
08-24 20:09:11.302 E/MainActivity(16080): 	at org.mozilla.geckoview.GeckoView$Display.release(GeckoView.java:135)
08-24 20:09:11.302 E/MainActivity(16080): 	at org.mozilla.geckoview.GeckoView.releaseSession(GeckoView.java:461)
08-24 20:09:11.302 E/MainActivity(16080): 	at com.neew.browser.MainActivity.switchToTab(MainActivity.java:3012)
08-24 20:09:11.302 E/MainActivity(16080): 	at com.neew.browser.MainActivity.createNewTab(MainActivity.java:2937)
08-24 20:09:11.302 E/MainActivity(16080): 	at com.neew.browser.MainActivity.createNewTab(MainActivity.java:2947)
08-24 20:09:11.302 E/MainActivity(16080): 	at com.neew.browser.MainActivity.lambda$setupButtonListeners$26(MainActivity.java:1563)
08-24 20:09:11.302 E/MainActivity(16080): 	at com.neew.browser.MainActivity.$r8$lambda$BveJnz3wS9RkBT_gVZhshL9K0zo(Unknown Source:0)
08-24 20:09:11.302 E/MainActivity(16080): 	at com.neew.browser.MainActivity$$ExternalSyntheticLambda70.onClick(D8$$SyntheticClass:0)
08-24 20:09:11.302 E/MainActivity(16080): 	at android.view.View.performClick(View.java:7441)
08-24 20:09:11.302 E/MainActivity(16080): 	at android.view.View.performClickInternal(View.java:7418)
08-24 20:09:11.302 E/MainActivity(16080): 	at android.view.View.access$3700(View.java:835)
08-24 20:09:11.302 E/MainActivity(16080): 	at android.view.View$PerformClick.run(View.java:28676)
08-24 20:09:11.302 E/MainActivity(16080): 	at android.os.Handler.handleCallback(Handler.java:938)
08-24 20:09:11.302 E/MainActivity(16080): 	at android.os.Handler.dispatchMessage(Handler.java:99)
08-24 20:09:11.302 E/MainActivity(16080): 	at android.os.Looper.loopOnce(Looper.java:201)
08-24 20:09:11.302 E/MainActivity(16080): 	at android.os.Looper.loop(Looper.java:288)
08-24 20:09:11.302 E/MainActivity(16080): 	at android.app.ActivityThread.main(ActivityThread.java:7839)
08-24 20:09:11.302 E/MainActivity(16080): 	at java.lang.reflect.Method.invoke(Native Method)
08-24 20:09:11.302 E/MainActivity(16080): 	at com.android.internal.os.RuntimeInit$MethodAndArgsCaller.run(RuntimeInit.java:548)
08-24 20:09:11.302 E/MainActivity(16080): 	at com.android.internal.os.ZygoteInit.main(ZygoteInit.java:1003)
08-24 20:09:11.303 D/GeckoSession(16080): handleMessage: GeckoView:DismissClipboardPermissionRequest
08-24 20:09:11.325 D/AudioFlinger(  364): mixer(0xb400007077696a60) throttle end: throttle time(52)
08-24 20:09:11.373 D/goldfish-address-space(  339): claimShared: Ask to claim region [0x1f0cc8000 0x1f13e0000]
08-24 20:09:11.376 I/GeckoSession(16080): zerdatime 9639953 - chrome startup finished
08-24 20:09:11.380 W/GeckoEditableChild(16132): No editable parent
08-24 20:09:11.383 D/GeckoSession(16080): handleMessage GeckoView:StateUpdated uri=null
08-24 20:09:11.384 D/GeckoSession(16080): handleMessage GeckoView:PageStart uri=about:blank
08-24 20:09:11.384 D/MainActivity(16080): ProgressDelegate: onPageStart called for session: 192209327, URL: about:blank
08-24 20:09:11.384 D/MainActivity(16080): ProgressDelegate: onPageStart on ACTIVE session. Showing progress.
08-24 20:09:11.384 D/GeckoSession(16080): handleMessage GeckoView:LocationChange uri=about:blank
08-24 20:09:11.385 D/MainActivity(16080): NavDelegate: onLocationChange for session: https://www.google.com to URI: about:blank Perms: 0 HasGesture: false
08-24 20:09:11.385 D/MainActivity(16080): [TV][NAV] onLocationChange url=about:blank mCanScrollUp=false focusableRects=7
08-24 20:09:11.385 D/MainActivity(16080): [TV][EXT] DPR (approx) from Android density: 2.0
08-24 20:09:11.386 D/MainActivity(16080): [TV][EXT] DPR (approx) from Android density: 2.0
08-24 20:09:11.386 D/MainActivity(16080): [StorageDebug] saveSessionState CALLED
08-24 20:09:11.386 D/MainActivity(16080): [StorageDebug] Saving URLs JSON: ["https:\/\/www.google.com\/?zx=1756028251203&no_sw_cr=1","https:\/\/m.youtube.com\/watch?v=cZ8IZfNiSDU","https:\/\/www.google.com\/search?q=pixel%2010%20phones&oq=&ved=0ahUKEwi62qrUmqOPAxUGUGwGHbYnISQQ470GCCA&sclient=mweb-insp&gs_lp=Egltd2ViLWluc3AqDwgAEAAYAxjqAhiPARiWBDINEAAYAxjqAhiPARiWBDINEAAYAxjqAhiPARiWBDINEAAYAxjqAhiPARiWBDINEAAYAxjqAhiPARiWBDINEAAYAxjqAhiPARiWBDINEAAYAxjqAhiPARiWBDINEAAYAxjqAhiPARiWBLgBGZgDpgmyBgYQHBgcKAE&gs_ss=1&biw=960&bih=484&dpr=2&sei=Y-WqaJOGNbWgseMP9IW1IQ","https:\/\/www.google.com\/","about:blank"]
08-24 20:09:11.386 D/MainActivity(16080): [StorageDebug] Saving active index: 4
08-24 20:09:11.386 D/MainActivity(16080): [StorageDebug] Session state saved. Tabs: 5, Active Index: 4
08-24 20:09:11.386 D/GeckoSession(16080): handleMessage GeckoView:PageStop uri=null
08-24 20:09:11.386 D/MainActivity(16080): ProgressDelegate: onPageStop called for session: 192209327, Success: true
08-24 20:09:11.386 D/MainActivity(16080): ProgressDelegate: onPageStop on ACTIVE session. Hiding progress.
08-24 20:09:11.386 D/MainActivity(16080): MainTab ProgressDelegate: onPageStop for active session. Capturing snapshot.
08-24 20:09:11.386 D/MainActivity(16080): Requesting snapshot for active session index: 4
08-24 20:09:11.395 D/GeckoSession(16080): handleMessage GeckoView:ProgressChanged uri=null
08-24 20:09:11.396 D/MainActivity(16080): ProgressDelegate: onProgressChange on ACTIVE session: 15
08-24 20:09:11.399 D/GeckoSession(16080): handleMessage GeckoView:PageStart uri=https://www.google.com/
08-24 20:09:11.399 D/MainActivity(16080): ProgressDelegate: onPageStart called for session: 192209327, URL: https://www.google.com/
08-24 20:09:11.400 D/MainActivity(16080): ProgressDelegate: onPageStart on ACTIVE session. Showing progress.
08-24 20:09:11.401 D/MainActivity(16080): MediaSession.Delegate: onPause for session: https://m.youtube.com/watch?v=cZ8IZfNiSDU
08-24 20:09:11.402 D/MainActivity(16080): MediaSession.Delegate: Media playback paused for previously playing session.
08-24 20:09:11.426 W/GeckoEventDispatcher(16080): No listener for GeckoView:BrowserAction:Update
08-24 20:09:11.430 W/GeckoEventDispatcher(16080): No listener for GeckoView:BrowserAction:Update
08-24 20:09:11.433 W/GeckoEventDispatcher(16080): No listener for GeckoView:BrowserAction:Update
08-24 20:09:11.439 W/GeckoEventDispatcher(16080): No listener for GeckoView:BrowserAction:Update
08-24 20:09:11.444 D/goldfish-address-space(  339): claimShared: Ask to claim region [0x1ef7bc000 0x1efe98000]
08-24 20:09:11.453 D/goldfish-address-space(  339): claimShared: Ask to claim region [0x1efe98000 0x1f0574000]
08-24 20:09:11.473 D/goldfish-address-space(  339): claimShared: Ask to claim region [0x1f0574000 0x1f0c50000]
08-24 20:09:11.491 D/goldfish-address-space(  339): claimShared: Ask to claim region [0x1edff8000 0x1ee6d4000]
08-24 20:09:11.508 D/goldfish-address-space(  339): claimShared: Ask to claim region [0x1f5fb0000 0x1f668c000]
08-24 20:09:11.540 E/IPCThreadState(  508): Process seems to be sending too many oneway calls.
08-24 20:09:11.540 W/IPCThreadState(  508): CallStack::getCurrentInternal not linked, returning null
08-24 20:09:11.540 W/oneway spamming(  508): CallStack::logStackInternal not linked
08-24 20:09:11.543 E/IPCThreadState(  508): Process seems to be sending too many oneway calls.
08-24 20:09:11.543 W/IPCThreadState(  508): CallStack::getCurrentInternal not linked, returning null
08-24 20:09:11.543 W/oneway spamming(  508): CallStack::logStackInternal not linked
08-24 20:09:11.544 D/GeckoSession(16080): handleMessage GeckoView:OnLoadError uri=https://www.google.com/
08-24 20:09:11.545 E/MainActivity(16080): onLoadError: Uri=https://www.google.com/, Error=3: Request failed, error=0xb3, category=0x3
08-24 20:09:11.545 E/IPCThreadState(  508): Process seems to be sending too many oneway calls.
08-24 20:09:11.545 W/IPCThreadState(  508): CallStack::getCurrentInternal not linked, returning null
08-24 20:09:11.545 W/oneway spamming(  508): CallStack::logStackInternal not linked
08-24 20:09:11.552 E/IPCThreadState(  508): Process seems to be sending too many oneway calls.
08-24 20:09:11.552 W/IPCThreadState(  508): CallStack::getCurrentInternal not linked, returning null
08-24 20:09:11.552 W/oneway spamming(  508): CallStack::logStackInternal not linked
08-24 20:09:11.552 E/IPCThreadState(  508): Process seems to be sending too many oneway calls.
08-24 20:09:11.552 W/IPCThreadState(  508): CallStack::getCurrentInternal not linked, returning null
08-24 20:09:11.552 W/oneway spamming(  508): CallStack::logStackInternal not linked
08-24 20:09:11.554 E/IPCThreadState(  508): Process seems to be sending too many oneway calls.
08-24 20:09:11.554 W/IPCThreadState(  508): CallStack::getCurrentInternal not linked, returning null
08-24 20:09:11.554 W/oneway spamming(  508): CallStack::logStackInternal not linked
08-24 20:09:11.554 E/IPCThreadState(  508): Process seems to be sending too many oneway calls.
08-24 20:09:11.554 W/IPCThreadState(  508): CallStack::getCurrentInternal not linked, returning null
08-24 20:09:11.554 W/oneway spamming(  508): CallStack::logStackInternal not linked
08-24 20:09:11.555 E/IPCThreadState(  508): Process seems to be sending too many oneway calls.
08-24 20:09:11.555 W/IPCThreadState(  508): CallStack::getCurrentInternal not linked, returning null
08-24 20:09:11.555 W/oneway spamming(  508): CallStack::logStackInternal not linked
08-24 20:09:11.555 D/MainActivity(16080): Snapshot captured successfully for session index: 4 (Original size: 1920x968)
08-24 20:09:11.557 D/MainActivity(16080): Snapshot resized to: 300x151
08-24 20:09:11.563 D/MainActivity(16080): Snapshot saved to disk: /data/user/0/com.neew.browser/cache/tab_snapshots/f5be0845fad0f6c1e5ac483438395d2e.png
08-24 20:09:11.572 I/MainActivity(16080): [TV][EXT] ensured built-in extension: tv-scroll-helper@neew.browser
08-24 20:09:11.572 I/WebExtension(16080): releasePendingMessages: extension=tv-scroll-helper@neew.browser nativeApp=neewbrowser session=null
08-24 20:09:11.578 E/IPCThreadState(  508): Process seems to be sending too many oneway calls.
08-24 20:09:11.578 W/IPCThreadState(  508): CallStack::getCurrentInternal not linked, returning null
08-24 20:09:11.578 W/oneway spamming(  508): CallStack::logStackInternal not linked
08-24 20:09:11.587 D/goldfish-address-space(  339): claimShared: Ask to claim region [0x1ef7bc000 0x1efed4000]
08-24 20:09:11.602 E/IPCThreadState(  508): Process seems to be sending too many oneway calls.
08-24 20:09:11.602 W/IPCThreadState(  508): CallStack::getCurrentInternal not linked, returning null
08-24 20:09:11.602 W/oneway spamming(  508): CallStack::logStackInternal not linked
08-24 20:09:11.602 E/IPCThreadState(  508): Process seems to be sending too many oneway calls.
08-24 20:09:11.602 W/IPCThreadState(  508): CallStack::getCurrentInternal not linked, returning null
08-24 20:09:11.602 W/oneway spamming(  508): CallStack::logStackInternal not linked
08-24 20:09:11.602 E/IPCThreadState(  508): Process seems to be sending too many oneway calls.
08-24 20:09:11.602 W/IPCThreadState(  508): CallStack::getCurrentInternal not linked, returning null
08-24 20:09:11.602 W/oneway spamming(  508): CallStack::logStackInternal not linked
08-24 20:09:11.602 D/goldfish-address-space(  339): claimShared: Ask to claim region [0x1ef7bc000 0x1efed4000]
08-24 20:09:11.602 E/IPCThreadState(  508): Process seems to be sending too many oneway calls.
08-24 20:09:11.602 W/IPCThreadState(  508): CallStack::getCurrentInternal not linked, returning null
08-24 20:09:11.602 W/oneway spamming(  508): CallStack::logStackInternal not linked
08-24 20:09:11.602 E/IPCThreadState(  508): Process seems to be sending too many oneway calls.
08-24 20:09:11.602 W/IPCThreadState(  508): CallStack::getCurrentInternal not linked, returning null
08-24 20:09:11.602 W/oneway spamming(  508): CallStack::logStackInternal not linked
08-24 20:09:11.607 E/IPCThreadState(  508): Process seems to be sending too many oneway calls.
08-24 20:09:11.608 W/IPCThreadState(  508): CallStack::getCurrentInternal not linked, returning null
08-24 20:09:11.608 W/oneway spamming(  508): CallStack::logStackInternal not linked
08-24 20:09:11.616 E/IPCThreadState(  508): Process seems to be sending too many oneway calls.
08-24 20:09:11.616 W/IPCThreadState(  508): CallStack::getCurrentInternal not linked, returning null
08-24 20:09:11.616 W/oneway spamming(  508): CallStack::logStackInternal not linked
08-24 20:09:11.616 E/IPCThreadState(  508): Process seems to be sending too many oneway calls.
08-24 20:09:11.616 W/IPCThreadState(  508): CallStack::getCurrentInternal not linked, returning null
08-24 20:09:11.616 W/oneway spamming(  508): CallStack::logStackInternal not linked
08-24 20:09:11.617 E/IPCThreadState(  508): Process seems to be sending too many oneway calls.
08-24 20:09:11.617 W/IPCThreadState(  508): CallStack::getCurrentInternal not linked, returning null
08-24 20:09:11.617 W/oneway spamming(  508): CallStack::logStackInternal not linked
08-24 20:09:11.619 D/GeckoSession(16080): handleMessage GeckoView:ProgressChanged uri=null
08-24 20:09:11.619 D/MainActivity(16080): ProgressDelegate: onProgressChange on ACTIVE session: 100
08-24 20:09:11.620 D/GeckoSession(16080): handleMessage GeckoView:PageStop uri=null
08-24 20:09:11.620 D/MainActivity(16080): ProgressDelegate: onPageStop called for session: 192209327, Success: false
08-24 20:09:11.620 D/MainActivity(16080): ProgressDelegate: onPageStop on ACTIVE session. Hiding progress.
08-24 20:09:11.621 W/GeckoEventDispatcher(16080): No listener for GeckoView:BrowserAction:Update
08-24 20:09:11.621 W/GeckoEventDispatcher(16080): No listener for GeckoView:BrowserAction:Update
08-24 20:09:11.622 W/GeckoEventDispatcher(16080): No listener for GeckoView:BrowserAction:Update
08-24 20:09:11.623 W/GeckoEventDispatcher(16080): No listener for GeckoView:BrowserAction:Update
08-24 20:09:11.629 E/IPCThreadState(  508): Process seems to be sending too many oneway calls.
08-24 20:09:11.629 W/IPCThreadState(  508): CallStack::getCurrentInternal not linked, returning null
08-24 20:09:11.629 W/oneway spamming(  508): CallStack::logStackInternal not linked
08-24 20:09:11.629 E/IPCThreadState(  508): Process seems to be sending too many oneway calls.
08-24 20:09:11.629 W/IPCThreadState(  508): CallStack::getCurrentInternal not linked, returning null
08-24 20:09:11.629 W/oneway spamming(  508): CallStack::logStackInternal not linked
08-24 20:09:11.630 E/IPCThreadState(  508): Process seems to be sending too many oneway calls.
08-24 20:09:11.630 W/IPCThreadState(  508): CallStack::getCurrentInternal not linked, returning null
08-24 20:09:11.630 W/oneway spamming(  508): CallStack::logStackInternal not linked
08-24 20:09:11.636 D/goldfish-address-space(  339): claimShared: Ask to claim region [0x1efed4000 0x1f05ec000]
08-24 20:09:11.636 E/IPCThreadState(  508): Process seems to be sending too many oneway calls.
08-24 20:09:11.636 W/IPCThreadState(  508): CallStack::getCurrentInternal not linked, returning null
08-24 20:09:11.636 W/oneway spamming(  508): CallStack::logStackInternal not linked
08-24 20:09:11.636 E/IPCThreadState(  508): Process seems to be sending too many oneway calls.
08-24 20:09:11.636 W/IPCThreadState(  508): CallStack::getCurrentInternal not linked, returning null
08-24 20:09:11.636 W/oneway spamming(  508): CallStack::logStackInternal not linked
08-24 20:09:11.636 E/IPCThreadState(  508): Process seems to be sending too many oneway calls.
08-24 20:09:11.636 W/IPCThreadState(  508): CallStack::getCurrentInternal not linked, returning null
08-24 20:09:11.636 W/oneway spamming(  508): CallStack::logStackInternal not linked
08-24 20:09:11.637 E/IPCThreadState(  508): Process seems to be sending too many oneway calls.
08-24 20:09:11.637 W/IPCThreadState(  508): CallStack::getCurrentInternal not linked, returning null
08-24 20:09:11.637 W/oneway spamming(  508): CallStack::logStackInternal not linked
08-24 20:09:11.637 E/IPCThreadState(  508): Process seems to be sending too many oneway calls.
08-24 20:09:11.637 W/IPCThreadState(  508): CallStack::getCurrentInternal not linked, returning null
08-24 20:09:11.637 W/oneway spamming(  508): CallStack::logStackInternal not linked
08-24 20:09:11.637 E/IPCThreadState(  508): Process seems to be sending too many oneway calls.
08-24 20:09:11.637 W/IPCThreadState(  508): CallStack::getCurrentInternal not linked, returning null
08-24 20:09:11.637 W/oneway spamming(  508): CallStack::logStackInternal not linked
08-24 20:09:11.637 E/IPCThreadState(  508): Process seems to be sending too many oneway calls.
08-24 20:09:11.637 W/IPCThreadState(  508): CallStack::getCurrentInternal not linked, returning null
08-24 20:09:11.637 W/oneway spamming(  508): CallStack::logStackInternal not linked
08-24 20:09:11.642 E/IPCThreadState(  508): Process seems to be sending too many oneway calls.
08-24 20:09:11.642 W/IPCThreadState(  508): CallStack::getCurrentInternal not linked, returning null
08-24 20:09:11.642 W/oneway spamming(  508): CallStack::logStackInternal not linked
08-24 20:09:11.650 D/goldfish-address-space(  339): claimShared: Ask to claim region [0x1edff8000 0x1ee710000]
08-24 20:09:12.164 E/chromium(17857): [17857:17889:ERROR:ssl_client_socket_impl.cc(981)] handshake failed; returned -1, SSL error code 1, net_error -201
08-24 20:09:12.165 E/chromium(17857): [17857:17881:ERROR:connectivity_checker_impl.cc(285)] Connectivity check failed: net_error=-501
08-24 20:09:12.165 I/chromium(17857): [17857:17881:INFO:connectivity_checker_impl.cc(320)] Notify connectivity check failure.
08-24 20:09:12.165 I/chromium(17857): [17857:17914:INFO:setup_manager_impl.cc(2554)] SetupManagerImpl::OnConnectivityCheckFailed: Trigger Network check.
08-24 20:09:12.413 D/GeckoSession(16080): handleMessage GeckoView:StateUpdated uri=null
08-24 20:09:12.414 W/GeckoSession(16080): No history entries found.
08-24 20:09:13.235 E/chromium(17857): [17857:17889:ERROR:ssl_client_socket_impl.cc(981)] handshake failed; returned -1, SSL error code 1, net_error -201
08-24 20:09:13.236 E/chromium(17857): [17857:17881:ERROR:connectivity_checker_impl.cc(285)] Connectivity check failed: net_error=-501
08-24 20:09:13.236 I/chromium(17857): [17857:17881:INFO:connectivity_checker_impl.cc(320)] Notify connectivity check failure.
08-24 20:09:13.236 I/chromium(17857): [17857:17914:INFO:setup_manager_impl.cc(2554)] SetupManagerImpl::OnConnectivityCheckFailed: Trigger Network check.
--------- beginning of system
08-24 20:09:13.314 W/WindowManager(  508): removeWindowToken: Attempted to remove non-existing token: android.os.Binder@6bbcd9e
08-24 20:09:13.797 D/EGL_emulation(  757): app_time_stats: avg=172.93ms min=1.76ms max=3503.10ms count=21
08-24 20:09:14.028 W/InputManager-JNI(  508): Input channel object 'ed471f8 Toast (client)' was disposed without first being removed with the input manager!
08-24 20:09:14.030 W/NotificationService(  508): Toast already killed. pkg=com.neew.browser token=android.os.BinderProxy@184850e
08-24 20:09:14.032 W/ziparchive(  757): Unable to open '/data/app/~~79qA42nLhnvZTN6JWGTnqA==/com.neew.browser-OkVTAhGOL-W8wATbxNh_WA==/base.apk': No such file or directory
08-24 20:09:14.032 E/ndroid.systemu(  757): Failed to open APK '/data/app/~~79qA42nLhnvZTN6JWGTnqA==/com.neew.browser-OkVTAhGOL-W8wATbxNh_WA==/base.apk': I/O error
08-24 20:09:14.033 W/ResourcesManager(  757): failed to preload asset path '/data/app/~~79qA42nLhnvZTN6JWGTnqA==/com.neew.browser-OkVTAhGOL-W8wATbxNh_WA==/base.apk'
08-24 20:09:14.033 W/ResourcesManager(  757): java.io.IOException: Failed to load asset path /data/app/~~79qA42nLhnvZTN6JWGTnqA==/com.neew.browser-OkVTAhGOL-W8wATbxNh_WA==/base.apk
08-24 20:09:14.033 W/ResourcesManager(  757): 	at android.content.res.ApkAssets.nativeLoad(Native Method)
08-24 20:09:14.033 W/ResourcesManager(  757): 	at android.content.res.ApkAssets.<init>(ApkAssets.java:295)
08-24 20:09:14.033 W/ResourcesManager(  757): 	at android.content.res.ApkAssets.loadFromPath(ApkAssets.java:144)
08-24 20:09:14.033 W/ResourcesManager(  757): 	at android.app.ResourcesManager.loadApkAssets(ResourcesManager.java:454)
08-24 20:09:14.033 W/ResourcesManager(  757): 	at android.app.ResourcesManager.access$000(ResourcesManager.java:72)
08-24 20:09:14.033 W/ResourcesManager(  757): 	at android.app.ResourcesManager$ApkAssetsSupplier.load(ResourcesManager.java:168)
08-24 20:09:14.033 W/ResourcesManager(  757): 	at android.app.ResourcesManager.createApkAssetsSupplierNotLocked(ResourcesManager.java:980)
08-24 20:09:14.033 W/ResourcesManager(  757): 	at android.app.ResourcesManager.getResources(ResourcesManager.java:1101)
08-24 20:09:14.033 W/ResourcesManager(  757): 	at android.app.ActivityThread.getTopLevelResources(ActivityThread.java:2372)
08-24 20:09:14.033 W/ResourcesManager(  757): 	at android.app.ApplicationPackageManager.getResourcesForApplication(ApplicationPackageManager.java:1751)
08-24 20:09:14.033 W/ResourcesManager(  757): 	at android.app.ApplicationPackageManager.getResourcesForApplication(ApplicationPackageManager.java:1737)
08-24 20:09:14.033 W/ResourcesManager(  757): 	at android.app.ApplicationPackageManager.getDrawable(ApplicationPackageManager.java:1506)
08-24 20:09:14.033 W/ResourcesManager(  757): 	at android.app.ApplicationPackageManager.loadUnbadgedItemIcon(ApplicationPackageManager.java:3029)
08-24 20:09:14.033 W/ResourcesManager(  757): 	at android.content.pm.PackageItemInfo.loadUnbadgedIcon(PackageItemInfo.java:290)
08-24 20:09:14.033 W/ResourcesManager(  757): 	at com.android.systemui.toast.SystemUIToast.getBadgedIcon(SystemUIToast.java:284)
08-24 20:09:14.033 W/ResourcesManager(  757): 	at com.android.systemui.toast.SystemUIToast.inflateToastView(SystemUIToast.java:198)
08-24 20:09:14.033 W/ResourcesManager(  757): 	at com.android.systemui.toast.SystemUIToast.<init>(SystemUIToast.java:90)
08-24 20:09:14.033 W/ResourcesManager(  757): 	at com.android.systemui.toast.SystemUIToast.<init>(SystemUIToast.java:77)
08-24 20:09:14.033 W/ResourcesManager(  757): 	at com.android.systemui.toast.ToastFactory.createToast(ToastFactory.java:78)
08-24 20:09:14.033 W/ResourcesManager(  757): 	at com.android.systemui.toast.ToastUI.lambda$showToast$0(ToastUI.java:113)
08-24 20:09:14.033 W/ResourcesManager(  757): 	at com.android.systemui.toast.ToastUI.$r8$lambda$w_gPCh3F8Xxn1jN4lkQZoUci71c(Unknown Source:0)
08-24 20:09:14.033 W/ResourcesManager(  757): 	at com.android.systemui.toast.ToastUI$$ExternalSyntheticLambda0.run(Unknown Source:16)
08-24 20:09:14.033 W/ResourcesManager(  757): 	at com.android.systemui.toast.ToastUI$ToastOutAnimatorListener.onAnimationEnd(ToastUI.java:218)
08-24 20:09:14.033 W/ResourcesManager(  757): 	at android.animation.Animator$AnimatorListener.onAnimationEnd(Animator.java:555)
08-24 20:09:14.033 W/ResourcesManager(  757): 	at android.animation.AnimatorSet.endAnimation(AnimatorSet.java:1301)
08-24 20:09:14.033 W/ResourcesManager(  757): 	at android.animation.AnimatorSet.doAnimationFrame(AnimatorSet.java:1086)
08-24 20:09:14.033 W/ResourcesManager(  757): 	at android.animation.AnimationHandler.doAnimationFrame(AnimationHandler.java:146)
08-24 20:09:14.033 W/ResourcesManager(  757): 	at android.animation.AnimationHandler.access$100(AnimationHandler.java:37)
08-24 20:09:14.033 W/ResourcesManager(  757): 	at android.animation.AnimationHandler$1.doFrame(AnimationHandler.java:54)
08-24 20:09:14.033 W/ResourcesManager(  757): 	at android.view.Choreographer$CallbackRecord.run(Choreographer.java:1035)
08-24 20:09:14.033 W/ResourcesManager(  757): 	at android.view.Choreographer.doCallbacks(Choreographer.java:845)
08-24 20:09:14.033 W/ResourcesManager(  757): 	at android.view.Choreographer.doFrame(Choreographer.java:775)
08-24 20:09:14.033 W/ResourcesManager(  757): 	at android.view.Choreographer$FrameDisplayEventReceiver.run(Choreographer.java:1022)
08-24 20:09:14.033 W/ResourcesManager(  757): 	at android.os.Handler.handleCallback(Handler.java:938)
08-24 20:09:14.033 W/ResourcesManager(  757): 	at android.os.Handler.dispatchMessage(Handler.java:99)
08-24 20:09:14.033 W/ResourcesManager(  757): 	at android.os.Looper.loopOnce(Looper.java:201)
08-24 20:09:14.033 W/ResourcesManager(  757): 	at android.os.Looper.loop(Looper.java:288)
08-24 20:09:14.033 W/ResourcesManager(  757): 	at android.app.ActivityThread.main(ActivityThread.java:7839)
08-24 20:09:14.033 W/ResourcesManager(  757): 	at java.lang.reflect.Method.invoke(Native Method)
08-24 20:09:14.033 W/ResourcesManager(  757): 	at com.android.internal.os.RuntimeInit$MethodAndArgsCaller.run(RuntimeInit.java:548)
08-24 20:09:14.033 W/ResourcesManager(  757): 	at com.android.internal.os.ZygoteInit.main(ZygoteInit.java:1003)
08-24 20:09:14.033 W/ziparchive(  757): Unable to open '/data/app/~~79qA42nLhnvZTN6JWGTnqA==/com.neew.browser-OkVTAhGOL-W8wATbxNh_WA==/base.apk': No such file or directory
08-24 20:09:14.033 E/ndroid.systemu(  757): Failed to open APK '/data/app/~~79qA42nLhnvZTN6JWGTnqA==/com.neew.browser-OkVTAhGOL-W8wATbxNh_WA==/base.apk': I/O error
08-24 20:09:14.033 E/ResourcesManager(  757): failed to add asset path '/data/app/~~79qA42nLhnvZTN6JWGTnqA==/com.neew.browser-OkVTAhGOL-W8wATbxNh_WA==/base.apk'
08-24 20:09:14.033 E/ResourcesManager(  757): java.io.IOException: Failed to load asset path /data/app/~~79qA42nLhnvZTN6JWGTnqA==/com.neew.browser-OkVTAhGOL-W8wATbxNh_WA==/base.apk
08-24 20:09:14.033 E/ResourcesManager(  757): 	at android.content.res.ApkAssets.nativeLoad(Native Method)
08-24 20:09:14.033 E/ResourcesManager(  757): 	at android.content.res.ApkAssets.<init>(ApkAssets.java:295)
08-24 20:09:14.033 E/ResourcesManager(  757): 	at android.content.res.ApkAssets.loadFromPath(ApkAssets.java:144)
08-24 20:09:14.033 E/ResourcesManager(  757): 	at android.app.ResourcesManager.loadApkAssets(ResourcesManager.java:454)
08-24 20:09:14.033 E/ResourcesManager(  757): 	at android.app.ResourcesManager.access$000(ResourcesManager.java:72)
08-24 20:09:14.033 E/ResourcesManager(  757): 	at android.app.ResourcesManager$ApkAssetsSupplier.load(ResourcesManager.java:168)
08-24 20:09:14.033 E/ResourcesManager(  757): 	at android.app.ResourcesManager.createAssetManager(ResourcesManager.java:530)
08-24 20:09:14.033 E/ResourcesManager(  757): 	at android.app.ResourcesManager.createResourcesImpl(ResourcesManager.java:612)
08-24 20:09:14.033 E/ResourcesManager(  757): 	at android.app.ResourcesManager.findOrCreateResourcesImplForKeyLocked(ResourcesManager.java:664)
08-24 20:09:14.033 E/ResourcesManager(  757): 	at android.app.ResourcesManager.createResources(ResourcesManager.java:1011)
08-24 20:09:14.033 E/ResourcesManager(  757): 	at android.app.ResourcesManager.getResources(ResourcesManager.java:1114)
08-24 20:09:14.033 E/ResourcesManager(  757): 	at android.app.ActivityThread.getTopLevelResources(ActivityThread.java:2372)
08-24 20:09:14.033 E/ResourcesManager(  757): 	at android.app.ApplicationPackageManager.getResourcesForApplication(ApplicationPackageManager.java:1751)
08-24 20:09:14.033 E/ResourcesManager(  757): 	at android.app.ApplicationPackageManager.getResourcesForApplication(ApplicationPackageManager.java:1737)
08-24 20:09:14.033 E/ResourcesManager(  757): 	at android.app.ApplicationPackageManager.getDrawable(ApplicationPackageManager.java:1506)
08-24 20:09:14.033 E/ResourcesManager(  757): 	at android.app.ApplicationPackageManager.loadUnbadgedItemIcon(ApplicationPackageManager.java:3029)
08-24 20:09:14.033 E/ResourcesManager(  757): 	at android.content.pm.PackageItemInfo.loadUnbadgedIcon(PackageItemInfo.java:290)
08-24 20:09:14.033 E/ResourcesManager(  757): 	at com.android.systemui.toast.SystemUIToast.getBadgedIcon(SystemUIToast.java:284)
08-24 20:09:14.033 E/ResourcesManager(  757): 	at com.android.systemui.toast.SystemUIToast.inflateToastView(SystemUIToast.java:198)
08-24 20:09:14.033 E/ResourcesManager(  757): 	at com.android.systemui.toast.SystemUIToast.<init>(SystemUIToast.java:90)
08-24 20:09:14.033 E/ResourcesManager(  757): 	at com.android.systemui.toast.SystemUIToast.<init>(SystemUIToast.java:77)
08-24 20:09:14.033 E/ResourcesManager(  757): 	at com.android.systemui.toast.ToastFactory.createToast(ToastFactory.java:78)
08-24 20:09:14.033 E/ResourcesManager(  757): 	at com.android.systemui.toast.ToastUI.lambda$showToast$0(ToastUI.java:113)
08-24 20:09:14.033 E/ResourcesManager(  757): 	at com.android.systemui.toast.ToastUI.$r8$lambda$w_gPCh3F8Xxn1jN4lkQZoUci71c(Unknown Source:0)
08-24 20:09:14.033 E/ResourcesManager(  757): 	at com.android.systemui.toast.ToastUI$$ExternalSyntheticLambda0.run(Unknown Source:16)
08-24 20:09:14.033 E/ResourcesManager(  757): 	at com.android.systemui.toast.ToastUI$ToastOutAnimatorListener.onAnimationEnd(ToastUI.java:218)
08-24 20:09:14.033 E/ResourcesManager(  757): 	at android.animation.Animator$AnimatorListener.onAnimationEnd(Animator.java:555)
08-24 20:09:14.033 E/ResourcesManager(  757): 	at android.animation.AnimatorSet.endAnimation(AnimatorSet.java:1301)
08-24 20:09:14.033 E/ResourcesManager(  757): 	at android.animation.AnimatorSet.doAnimationFrame(AnimatorSet.java:1086)
08-24 20:09:14.033 E/ResourcesManager(  757): 	at android.animation.AnimationHandler.doAnimationFrame(AnimationHandler.java:146)
08-24 20:09:14.033 E/ResourcesManager(  757): 	at android.animation.AnimationHandler.access$100(AnimationHandler.java:37)
08-24 20:09:14.033 E/ResourcesManager(  757): 	at android.animation.AnimationHandler$1.doFrame(AnimationHandler.java:54)
08-24 20:09:14.033 E/ResourcesManager(  757): 	at android.view.Choreographer$CallbackRecord.run(Choreographer.java:1035)
08-24 20:09:14.033 E/ResourcesManager(  757): 	at android.view.Choreographer.doCallbacks(Choreographer.java:845)
08-24 20:09:14.033 E/ResourcesManager(  757): 	at android.view.Choreographer.doFrame(Choreographer.java:775)
08-24 20:09:14.033 E/ResourcesManager(  757): 	at android.view.Choreographer$FrameDisplayEventReceiver.run(Choreographer.java:1022)
08-24 20:09:14.033 E/ResourcesManager(  757): 	at android.os.Handler.handleCallback(Handler.java:938)
08-24 20:09:14.033 E/ResourcesManager(  757): 	at android.os.Handler.dispatchMessage(Handler.java:99)
08-24 20:09:14.033 E/ResourcesManager(  757): 	at android.os.Looper.loopOnce(Looper.java:201)
08-24 20:09:14.033 E/ResourcesManager(  757): 	at android.os.Looper.loop(Looper.java:288)
08-24 20:09:14.033 E/ResourcesManager(  757): 	at android.app.ActivityThread.main(ActivityThread.java:7839)
08-24 20:09:14.033 E/ResourcesManager(  757): 	at java.lang.reflect.Method.invoke(Native Method)
08-24 20:09:14.033 E/ResourcesManager(  757): 	at com.android.internal.os.RuntimeInit$MethodAndArgsCaller.run(RuntimeInit.java:548)
08-24 20:09:14.033 E/ResourcesManager(  757): 	at com.android.internal.os.ZygoteInit.main(ZygoteInit.java:1003)
08-24 20:09:14.034 W/PackageManager(  757): Failure retrieving resources for com.neew.browser
08-24 20:09:14.049 D/goldfish-address-space(  339): claimShared: Ask to claim region [0x1f1e44000 0x1f1ec4000]
08-24 20:09:14.052 D/goldfish-address-space(  339): claimShared: Ask to claim region [0x1f1ec4000 0x1f1f44000]
08-24 20:09:14.053 D/goldfish-address-space(  339): claimShared: Ask to claim region [0x1f1f44000 0x1f1fc4000]
08-24 20:09:14.264 E/chromium(17857): [17857:17889:ERROR:ssl_client_socket_impl.cc(981)] handshake failed; returned -1, SSL error code 1, net_error -201
08-24 20:09:14.266 E/chromium(17857): [17857:17881:ERROR:connectivity_checker_impl.cc(285)] Connectivity check failed: net_error=-501
08-24 20:09:14.266 I/chromium(17857): [17857:17881:INFO:connectivity_checker_impl.cc(320)] Notify connectivity check failure.
08-24 20:09:14.267 I/chromium(17857): [17857:17914:INFO:setup_manager_impl.cc(2554)] SetupManagerImpl::OnConnectivityCheckFailed: Trigger Network check.
08-24 20:09:14.531 W/GeckoEventDispatcher(16080): No listener for GeckoView:BrowserAction:Update
08-24 20:09:14.532 W/GeckoEventDispatcher(16080): No listener for GeckoView:BrowserAction:Update
08-24 20:09:14.740 W/SP      (17771): File ref is being finalized but wasn't closed, file: main_en_us_2021091900_1[2]
08-24 20:09:14.740 W/SP      (17771): File ref is being finalized but wasn't closed, file: main_en_us_2021091900_1[2]
08-24 20:09:15.343 E/chromium(17857): [17857:17889:ERROR:ssl_client_socket_impl.cc(981)] handshake failed; returned -1, SSL error code 1, net_error -201
08-24 20:09:15.344 E/chromium(17857): [17857:17881:ERROR:connectivity_checker_impl.cc(285)] Connectivity check failed: net_error=-501
08-24 20:09:15.344 I/chromium(17857): [17857:17881:INFO:connectivity_checker_impl.cc(320)] Notify connectivity check failure.
08-24 20:09:15.344 I/chromium(17857): [17857:17914:INFO:setup_manager_impl.cc(2554)] SetupManagerImpl::OnConnectivityCheckFailed: Trigger Network check.
08-24 20:09:15.720 I/chromium(17857): [17857:17903:INFO:grpc_auth_manager_with_grpc_ipc.cc(63)] Connecting IPC for Auth.AuthReadyStreaming.
08-24 20:09:15.724 D/BindingManager(17857): with
08-24 20:09:15.725 I/chromium(17857): [17857:17903:INFO:distributed_service_discovery_with_grpc_ipc.cc(152)] Connecting IPC for DistributedServiceDiscovery.AddService.
08-24 20:09:15.725 I/chromium(17857): [17857:17903:INFO:distributed_service_discovery_with_grpc_ipc.cc(66)] Connecting IPC for DistributedServiceDiscovery.UpdateObservers.
08-24 20:09:15.725 I/chromium(17857): [17857:17903:INFO:metrics_recorder_with_grpc_ipc.cc(156)] Connecting IPC for MetricsRecorder.RecordMetrics: num_attempts=9
08-24 20:09:15.725 I/chromium(17857): [17857:17903:INFO:synchronous_sound_player_with_grpc_ipc.cc(176)] Connecting IPC for SynchronousSoundPlayer.UpdateSound.
08-24 20:09:15.725 I/chromium(17857): [17857:17903:INFO:directory_service_with_grpc_ipc.cc(66)] Connecting IPC for DirectoryService.LocalDeviceInfo.
08-24 20:09:15.725 I/chromium(17857): [17857:17903:INFO:directory_service_with_grpc_ipc.cc(123)] Connecting IPC for DirectoryService.ObserveCommonTime.
08-24 20:09:15.725 I/chromium(17857): [17857:17903:INFO:directory_service_with_grpc_ipc.cc(279)] Connecting IPC for DirectoryService.UpdateStateObservers.
08-24 20:09:15.725 I/chromium(17857): [17857:17903:INFO:directory_service_with_grpc_ipc.cc(381)] Connecting IPC for DirectoryService.UpdateMessageObservers.
08-24 20:09:15.725 I/chromium(17857): [17857:17903:INFO:state_manager_with_grpc_ipc.cc(78)] Connecting IPC for StateManager.ReceiveStateUpdates.
08-24 20:09:15.735 D/cr_GrpcIpcUidPolicy(17857): [AndroidIpcUidPolicy.java:147] Valid access from com.google.android.apps.mediashell
08-24 20:09:15.735 E/cr_GrpcIpcSocketService(17857): Native code not initialized yet.
08-24 20:09:15.735 E/GrpcIpcSocketClientImpl(17857): invalid message
08-24 20:09:15.736 E/chromium(17857): [17857:17903:ERROR:grpc_ipc_socket_client.cc(76)] Error for usonia-ipc-socket
08-24 20:09:15.736 E/chromium(17857): [17857:17903:ERROR:android_grpc_builder.cc(86)] Could not get a socket for binder:com.google.android.apps.mediashell:usonia-ipc-socket
08-24 20:09:15.736 E/chromium(17857): [17857:17903:ERROR:grpc_manager_impl.cc(618)] GRPC[uri=]: Grpc cannot connect to host {UNDEFINED}
08-24 20:09:15.736 E/chromium(17857): [17857:17903:ERROR:grpc_manager_impl.cc(767)] GRPC[uri=]: status=[error_code=RESOURCE_EXHAUSTED, error_message=Cannot create a channel. Call to binder:com.google.android.apps.mediashell:usonia-ipc-socket ignored.]
08-24 20:09:15.736 W/chromium(17857): [17857:17903:WARNING:grpc_auth_manager_with_grpc_ipc.cc(59)] IPC for Auth.AuthReadyStreaming closed: status=[error_code=RESOURCE_EXHAUSTED, error_message=Cannot create a channel. Call to binder:com.google.android.apps.mediashell:usonia-ipc-socket ignored.]
08-24 20:09:15.736 E/chromium(17857): [17857:17903:ERROR:grpc_manager_impl.cc(767)] GRPC[uri=]: status=[error_code=RESOURCE_EXHAUSTED, error_message=Cannot create a channel. Call to binder:com.google.android.apps.mediashell:usonia-ipc-socket ignored.]
08-24 20:09:15.736 W/chromium(17857): [17857:17903:WARNING:distributed_service_discovery_with_grpc_ipc.cc(147)] IPC for DistributedServiceDiscovery.AddService closed: status=[error_code=RESOURCE_EXHAUSTED, error_message=Cannot create a channel. Call to binder:com.google.android.apps.mediashell:usonia-ipc-socket ignored.]
08-24 20:09:15.736 E/chromium(17857): [17857:17903:ERROR:grpc_manager_impl.cc(767)] GRPC[uri=]: status=[error_code=RESOURCE_EXHAUSTED, error_message=Cannot create a channel. Call to binder:com.google.android.apps.mediashell:usonia-ipc-socket ignored.]
08-24 20:09:15.736 W/chromium(17857): [17857:17903:WARNING:distributed_service_discovery_with_grpc_ipc.cc(60)] IPC for DistributedServiceDiscovery.UpdateObservers closed: status=[error_code=RESOURCE_EXHAUSTED, error_message=Cannot create a channel. Call to binder:com.google.android.apps.mediashell:usonia-ipc-socket ignored.]
08-24 20:09:15.736 E/chromium(17857): [17857:17903:ERROR:grpc_manager_impl.cc(767)] GRPC[uri=]: status=[error_code=RESOURCE_EXHAUSTED, error_message=Cannot create a channel. Call to binder:com.google.android.apps.mediashell:usonia-ipc-socket ignored.]
08-24 20:09:15.736 W/chromium(17857): [17857:17903:WARNING:metrics_recorder_with_grpc_ipc.cc(142)] IPC for MetricsRecorder.RecordMetrics closed: status=[error_code=RESOURCE_EXHAUSTED, error_message=Cannot create a channel. Call to binder:com.google.android.apps.mediashell:usonia-ipc-socket ignored.]
08-24 20:09:15.736 E/chromium(17857): [17857:17903:ERROR:grpc_manager_impl.cc(767)] GRPC[uri=]: status=[error_code=RESOURCE_EXHAUSTED, error_message=Cannot create a channel. Call to binder:com.google.android.apps.mediashell:usonia-ipc-socket ignored.]
08-24 20:09:15.736 W/chromium(17857): [17857:17903:WARNING:synchronous_sound_player_with_grpc_ipc.cc(171)] IPC for SynchronousSoundPlayer.UpdateSound closed: status=[error_code=RESOURCE_EXHAUSTED, error_message=Cannot create a channel. Call to binder:com.google.android.apps.mediashell:usonia-ipc-socket ignored.]
08-24 20:09:15.736 E/chromium(17857): [17857:17903:ERROR:grpc_manager_impl.cc(767)] GRPC[uri=]: status=[error_code=RESOURCE_EXHAUSTED, error_message=Cannot create a channel. Call to binder:com.google.android.apps.mediashell:usonia-ipc-socket ignored.]
08-24 20:09:15.736 E/chromium(17857): [17857:17903:ERROR:ipc_common.h(444)] Error in fetching local device info: [error_code=RESOURCE_EXHAUSTED, error_message=Cannot create a channel. Call to binder:com.google.android.apps.mediashell:usonia-ipc-socket ignored.]
08-24 20:09:15.736 E/chromium(17857): [17857:17903:ERROR:grpc_manager_impl.cc(767)] GRPC[uri=]: status=[error_code=RESOURCE_EXHAUSTED, error_message=Cannot create a channel. Call to binder:com.google.android.apps.mediashell:usonia-ipc-socket ignored.]
08-24 20:09:15.736 W/chromium(17857): [17857:17903:WARNING:directory_service_with_grpc_ipc.cc(118)] IPC for DirectoryService.ObserveCommonTime closed: status=[error_code=RESOURCE_EXHAUSTED, error_message=Cannot create a channel. Call to binder:com.google.android.apps.mediashell:usonia-ipc-socket ignored.]
08-24 20:09:15.736 E/chromium(17857): [17857:17903:ERROR:grpc_manager_impl.cc(767)] GRPC[uri=]: status=[error_code=RESOURCE_EXHAUSTED, error_message=Cannot create a channel. Call to binder:com.google.android.apps.mediashell:usonia-ipc-socket ignored.]
08-24 20:09:15.736 E/chromium(17857): [17857:17903:ERROR:directory_service_with_grpc_ipc.cc(274)] IPC for DirectoryService.UpdateStateObservers closed: status=[error_code=RESOURCE_EXHAUSTED, error_message=Cannot create a channel. Call to binder:com.google.android.apps.mediashell:usonia-ipc-socket ignored.]
08-24 20:09:15.736 E/chromium(17857): [17857:17903:ERROR:grpc_manager_impl.cc(767)] GRPC[uri=]: status=[error_code=RESOURCE_EXHAUSTED, error_message=Cannot create a channel. Call to binder:com.google.android.apps.mediashell:usonia-ipc-socket ignored.]
08-24 20:09:15.736 E/chromium(17857): [17857:17903:ERROR:directory_service_with_grpc_ipc.cc(376)] IPC for DirectoryService.UpdateMessageObservers closed: status=[error_code=RESOURCE_EXHAUSTED, error_message=Cannot create a channel. Call to binder:com.google.android.apps.mediashell:usonia-ipc-socket ignored.]
08-24 20:09:15.736 E/chromium(17857): [17857:17903:ERROR:grpc_manager_impl.cc(767)] GRPC[uri=]: status=[error_code=RESOURCE_EXHAUSTED, error_message=Cannot create a channel. Call to binder:com.google.android.apps.mediashell:usonia-ipc-socket ignored.]
08-24 20:09:15.736 W/chromium(17857): [17857:17903:WARNING:state_manager_with_grpc_ipc.cc(73)] IPC for StateManager.ReceiveStateUpdates closed: status=[error_code=RESOURCE_EXHAUSTED, error_message=Cannot create a channel. Call to binder:com.google.android.apps.mediashell:usonia-ipc-socket ignored.]
08-24 20:09:16.403 E/chromium(17857): [17857:17889:ERROR:ssl_client_socket_impl.cc(981)] handshake failed; returned -1, SSL error code 1, net_error -201
08-24 20:09:16.404 E/chromium(17857): [17857:17881:ERROR:connectivity_checker_impl.cc(285)] Connectivity check failed: net_error=-501
08-24 20:09:16.404 I/chromium(17857): [17857:17881:INFO:connectivity_checker_impl.cc(320)] Notify connectivity check failure.
08-24 20:09:16.404 I/chromium(17857): [17857:17914:INFO:setup_manager_impl.cc(2554)] SetupManagerImpl::OnConnectivityCheckFailed: Trigger Network check.
08-24 20:09:17.467 E/chromium(17857): [17857:17889:ERROR:ssl_client_socket_impl.cc(981)] handshake failed; returned -1, SSL error code 1, net_error -201
08-24 20:09:17.473 E/chromium(17857): [17857:17881:ERROR:connectivity_checker_impl.cc(285)] Connectivity check failed: net_error=-501
08-24 20:09:17.473 I/chromium(17857): [17857:17881:INFO:connectivity_checker_impl.cc(320)] Notify connectivity check failure.
08-24 20:09:17.473 I/chromium(17857): [17857:17914:INFO:setup_manager_impl.cc(2554)] SetupManagerImpl::OnConnectivityCheckFailed: Trigger Network check.
08-24 20:09:17.881 D/EGL_emulation(  757): app_time_stats: avg=182.09ms min=10.07ms max=3498.43ms count=21
08-24 20:09:18.111 W/InputManager-JNI(  508): Input channel object 'a1d153c Toast (client)' was disposed without first being removed with the input manager!
08-24 20:09:18.114 W/NotificationService(  508): Toast already killed. pkg=com.neew.browser token=android.os.BinderProxy@88d4127
08-24 20:09:18.529 E/chromium(17857): [17857:17889:ERROR:ssl_client_socket_impl.cc(981)] handshake failed; returned -1, SSL error code 1, net_error -201
08-24 20:09:18.531 E/chromium(17857): [17857:17881:ERROR:connectivity_checker_impl.cc(285)] Connectivity check failed: net_error=-501
08-24 20:09:18.531 I/chromium(17857): [17857:17881:INFO:connectivity_checker_impl.cc(320)] Notify connectivity check failure.
08-24 20:09:18.532 I/chromium(17857): [17857:17914:INFO:setup_manager_impl.cc(2554)] SetupManagerImpl::OnConnectivityCheckFailed: Trigger Network check.
08-24 20:09:19.438 W/WindowManager(  508): removeWindowToken: Attempted to remove non-existing token: android.os.Binder@2836657
08-24 20:09:19.601 E/chromium(17857): [17857:17889:ERROR:ssl_client_socket_impl.cc(981)] handshake failed; returned -1, SSL error code 1, net_error -201
08-24 20:09:19.603 E/chromium(17857): [17857:17881:ERROR:connectivity_checker_impl.cc(285)] Connectivity check failed: net_error=-501
08-24 20:09:19.604 I/chromium(17857): [17857:17881:INFO:connectivity_checker_impl.cc(320)] Notify connectivity check failure.
08-24 20:09:19.604 I/chromium(17857): [17857:17914:INFO:setup_manager_impl.cc(2554)] SetupManagerImpl::OnConnectivityCheckFailed: Trigger Network check.
08-24 20:09:20.512 E/Web Content(16256): [JavaScript Error: "Cross-Origin Request Blocked: The Same Origin Policy disallows reading the remote resource at data:text/plain;base64,Cg==. (Reason: CORS request not http)."]
08-24 20:09:20.630 E/chromium(17857): [17857:17889:ERROR:ssl_client_socket_impl.cc(981)] handshake failed; returned -1, SSL error code 1, net_error -201
08-24 20:09:20.632 E/chromium(17857): [17857:17881:ERROR:connectivity_checker_impl.cc(285)] Connectivity check failed: net_error=-501
08-24 20:09:20.632 I/chromium(17857): [17857:17881:INFO:connectivity_checker_impl.cc(320)] Notify connectivity check failure.
08-24 20:09:20.633 I/chromium(17857): [17857:17914:INFO:setup_manager_impl.cc(2554)] SetupManagerImpl::OnConnectivityCheckFailed: Trigger Network check.
08-24 20:09:21.512 W/GeckoEventDispatcher(16080): No listener for GeckoView:BrowserAction:Update
08-24 20:09:21.512 W/GeckoEventDispatcher(16080): No listener for GeckoView:BrowserAction:Update
08-24 20:09:21.552 E/Web Content(16132): [JavaScript Error: "Cross-Origin Request Blocked: The Same Origin Policy disallows reading the remote resource at data:text/plain;base64,Cg==. (Reason: CORS request not http)."]
08-24 20:09:21.680 E/chromium(17857): [17857:17889:ERROR:ssl_client_socket_impl.cc(981)] handshake failed; returned -1, SSL error code 1, net_error -201
08-24 20:09:21.681 E/chromium(17857): [17857:17881:ERROR:connectivity_checker_impl.cc(285)] Connectivity check failed: net_error=-501
08-24 20:09:21.681 I/chromium(17857): [17857:17881:INFO:connectivity_checker_impl.cc(320)] Notify connectivity check failure.
08-24 20:09:21.683 I/chromium(17857): [17857:17914:INFO:setup_manager_impl.cc(2554)] SetupManagerImpl::OnConnectivityCheckFailed: Trigger Network check.
08-24 20:09:22.133 E/Web Content(16256): [JavaScript Error: "Cross-Origin Request Blocked: The Same Origin Policy disallows reading the remote resource at https://play.google.com/log?format=json&hasfast=true. (Reason: CORS request did not succeed). Status code: (null)."]
08-24 20:09:22.305 E/Web Content(16256): [JavaScript Error: "Cross-Origin Request Blocked: The Same Origin Policy disallows reading the remote resource at https://play.google.com/log?format=json&hasfast=true. (Reason: CORS request did not succeed). Status code: (null)."]
08-24 20:09:22.548 W/GeckoEventDispatcher(16080): No listener for GeckoView:BrowserAction:Update
08-24 20:09:22.550 W/GeckoEventDispatcher(16080): No listener for GeckoView:BrowserAction:Update
08-24 20:09:22.741 E/chromium(17857): [17857:17889:ERROR:ssl_client_socket_impl.cc(981)] handshake failed; returned -1, SSL error code 1, net_error -201
