09-20 10:44:11.970 D/goldfish-address-space(20024): allocate: ioctl allocate returned offset 0x1edff0000 size 0x8000
09-20 10:44:11.973 D/HostConnection(20024): HostComposition ext ANDROID_EMU_CHECKSUM_HELPER_v1 ANDROID_EMU_native_sync_v2 ANDROID_EMU_native_sync_v3 ANDROID_EMU_native_sync_v4 ANDROID_EMU_dma_v1 ANDROID_EMU_direct_mem ANDROID_EMU_host_composition_v1 ANDROID_EMU_host_composition_v2 ANDROID_EMU_vulkan ANDROID_EMU_deferred_vulkan_commands ANDROID_EMU_vulkan_null_optional_strings ANDROID_EMU_vulkan_create_resources_with_requirements ANDROID_EMU_YUV_Cache ANDROID_EMU_vulkan_ignored_handles ANDROID_EMU_has_shared_slots_host_memory_allocator ANDROID_EMU_vulkan_free_memory_sync ANDROID_EMU_vulkan_shader_float16_int8 ANDROID_EMU_vulkan_async_queue_submit ANDROID_EMU_vulkan_queue_submit_with_commands ANDROID_EMU_sync_buffer_data ANDROID_EMU_vulkan_async_qsri ANDROID_EMU_read_color_buffer_dma GL_OES_EGL_image_external_essl3 GL_OES_vertex_array_object ANDROID_EMU_host_side_tracing ANDROID_EMU_gles_max_version_3_0 
09-20 10:44:11.977 D/GeckoThread(26716): State changed to RUNNING
09-20 10:44:11.978 D/HostConnection(20024): createUnique: call
09-20 10:44:11.979 D/HostConnection(20024): HostConnection::get() New Host Connection established 0xb40000731057a890, tid 26877
09-20 10:44:11.979 W/InputManager-JNI(20024): Input channel object '20e96d2 com.neew.browser/com.neew.browser.MainActivity (client)' was disposed without first being removed with the input manager!
09-20 10:44:11.980 D/HostConnection(20024): HostComposition ext ANDROID_EMU_CHECKSUM_HELPER_v1 ANDROID_EMU_native_sync_v2 ANDROID_EMU_native_sync_v3 ANDROID_EMU_native_sync_v4 ANDROID_EMU_dma_v1 ANDROID_EMU_direct_mem ANDROID_EMU_host_composition_v1 ANDROID_EMU_host_composition_v2 ANDROID_EMU_vulkan ANDROID_EMU_deferred_vulkan_commands ANDROID_EMU_vulkan_null_optional_strings ANDROID_EMU_vulkan_create_resources_with_requirements ANDROID_EMU_YUV_Cache ANDROID_EMU_vulkan_ignored_handles ANDROID_EMU_has_shared_slots_host_memory_allocator ANDROID_EMU_vulkan_free_memory_sync ANDROID_EMU_vulkan_shader_float16_int8 ANDROID_EMU_vulkan_async_queue_submit ANDROID_EMU_vulkan_queue_submit_with_commands ANDROID_EMU_sync_buffer_data ANDROID_EMU_vulkan_async_qsri ANDROID_EMU_read_color_buffer_dma GL_OES_EGL_image_external_essl3 GL_OES_vertex_array_object ANDROID_EMU_host_side_tracing ANDROID_EMU_gles_max_version_3_0 
09-20 10:44:11.981 W/OpenGLRenderer(20024): Failed to choose config with EGL_SWAP_BEHAVIOR_PRESERVED, retrying without...
09-20 10:44:11.982 W/OpenGLRenderer(20024): Failed to initialize 101010-2 format, error = EGL_SUCCESS
09-20 10:44:11.982 D/EGL_emulation(20024): eglCreateContext: 0xb400007310558e10: maj 3 min 0 rcv 3
09-20 10:44:11.983 D/EGL_emulation(20024): eglMakeCurrent: 0xb400007310558e10: ver 3 0 (tinfo 0x752218c100) (first time)
09-20 10:44:11.986 I/TestRunner(26660): finished: newTabButton_click_doesNotCrash_andGeckoViewVisible(com.neew.browser.BrowserFlowsTest)
09-20 10:44:11.989 W/ServiceManager(  367): Permission failure: android.permission.ACCESS_SURFACE_FLINGER from uid=10089 pid=26791
09-20 10:44:11.989 D/PermissionCache(  367): checking android.permission.ACCESS_SURFACE_FLINGER for uid=10089 => denied (313 us)
09-20 10:44:11.989 D/CompatibilityChangeReporter(20024): Compat change id reported: 158002302; UID 10089; state: ENABLED
09-20 10:44:11.989 W/ServiceManager(  367): Permission failure: android.permission.ROTATE_SURFACE_FLINGER from uid=10089 pid=26791
09-20 10:44:11.989 D/PermissionCache(  367): checking android.permission.ROTATE_SURFACE_FLINGER for uid=10089 => denied (139 us)
09-20 10:44:11.991 I/BpBinder(  367): onLastStrongRef automatically unlinking death recipients: <uncached descriptor>
09-20 10:44:11.998 D/HostConnection(26791): createUnique: call
09-20 10:44:11.999 D/HostConnection(26791): HostConnection::get() New Host Connection established 0xb400007310520350, tid 26850
09-20 10:44:12.000 D/HostConnection(26791): HostComposition ext ANDROID_EMU_CHECKSUM_HELPER_v1 ANDROID_EMU_native_sync_v2 ANDROID_EMU_native_sync_v3 ANDROID_EMU_native_sync_v4 ANDROID_EMU_dma_v1 ANDROID_EMU_direct_mem ANDROID_EMU_host_composition_v1 ANDROID_EMU_host_composition_v2 ANDROID_EMU_vulkan ANDROID_EMU_deferred_vulkan_commands ANDROID_EMU_vulkan_null_optional_strings ANDROID_EMU_vulkan_create_resources_with_requirements ANDROID_EMU_YUV_Cache ANDROID_EMU_vulkan_ignored_handles ANDROID_EMU_has_shared_slots_host_memory_allocator ANDROID_EMU_vulkan_free_memory_sync ANDROID_EMU_vulkan_shader_float16_int8 ANDROID_EMU_vulkan_async_queue_submit ANDROID_EMU_vulkan_queue_submit_with_commands ANDROID_EMU_sync_buffer_data ANDROID_EMU_vulkan_async_qsri ANDROID_EMU_read_color_buffer_dma GL_OES_EGL_image_external_essl3 GL_OES_vertex_array_object ANDROID_EMU_host_side_tracing ANDROID_EMU_gles_max_version_3_0 
09-20 10:44:12.002 I/hwservicemanager(  186): getTransport: Cannot find entry android.hardware.configstore@1.0::ISurfaceFlingerConfigs/default in either framework or device VINTF manifest.
09-20 10:44:12.003 W/OpenGLRenderer(26791): Failed to choose config with EGL_SWAP_BEHAVIOR_PRESERVED, retrying without...
09-20 10:44:12.003 W/OpenGLRenderer(26791): Failed to initialize 101010-2 format, error = EGL_SUCCESS
09-20 10:44:12.007 D/EGL_emulation(26791): eglCreateContext: 0xb400007310521b50: maj 3 min 0 rcv 3
09-20 10:44:12.008 D/EGL_emulation(26791): eglMakeCurrent: 0xb400007310521b50: ver 3 0 (tinfo 0x752b4f7080) (first time)
09-20 10:44:12.009 I/TestRunner(26660): started: downloadsButton_opensDownloadsActivity(com.neew.browser.BrowserFlowsTest)
09-20 10:44:12.011 W/ActivityTaskManager(20024): Can't find TaskDisplayArea to determine support for multi window. Task id=669 attached=false
09-20 10:44:12.021 E/HWComposer(  367): getSupportedContentTypes: getSupportedContentTypes failed for display 4619827259835644672: Unsupported (8)
09-20 10:44:12.022 I/hwservicemanager(  186): getTransport: Cannot find entry android.hardware.graphics.mapper@4.0::IMapper/default in either framework or device VINTF manifest.
09-20 10:44:12.022 I/Gralloc4(26791): mapper 4.x is not supported
09-20 10:44:12.023 D/HostConnection(26791): createUnique: call
09-20 10:44:12.023 D/HostConnection(26791): HostConnection::get() New Host Connection established 0xb400007310521010, tid 26850
09-20 10:44:12.023 D/goldfish-address-space(26791): allocate: Ask for block of size 0x100
09-20 10:44:12.023 D/goldfish-address-space(26791): allocate: ioctl allocate returned offset 0x1edff0000 size 0x8000
09-20 10:44:12.024 I/hwservicemanager(  186): getTransport: Cannot find entry android.hardware.graphics.allocator@4.0::IAllocator/default in either framework or device VINTF manifest.
09-20 10:44:12.024 W/Gralloc4(26791): allocator 4.x is not supported
09-20 10:44:12.024 D/goldfish-address-space(  339): claimShared: Ask to claim region [0x1ef698000 0x1efe84000]
09-20 10:44:12.028 W/Settings(26660): Setting always_finish_activities has moved from android.provider.Settings.System to android.provider.Settings.Global, returning read-only value.
09-20 10:44:12.028 D/HostConnection(26791): HostComposition ext ANDROID_EMU_CHECKSUM_HELPER_v1 ANDROID_EMU_native_sync_v2 ANDROID_EMU_native_sync_v3 ANDROID_EMU_native_sync_v4 ANDROID_EMU_dma_v1 ANDROID_EMU_direct_mem ANDROID_EMU_host_composition_v1 ANDROID_EMU_host_composition_v2 ANDROID_EMU_vulkan ANDROID_EMU_deferred_vulkan_commands ANDROID_EMU_vulkan_null_optional_strings ANDROID_EMU_vulkan_create_resources_with_requirements ANDROID_EMU_YUV_Cache ANDROID_EMU_vulkan_ignored_handles ANDROID_EMU_has_shared_slots_host_memory_allocator ANDROID_EMU_vulkan_free_memory_sync ANDROID_EMU_vulkan_shader_float16_int8 ANDROID_EMU_vulkan_async_queue_submit ANDROID_EMU_vulkan_queue_submit_with_commands ANDROID_EMU_sync_buffer_data ANDROID_EMU_vulkan_async_qsri ANDROID_EMU_read_color_buffer_dma GL_OES_EGL_image_external_essl3 GL_OES_vertex_array_object ANDROID_EMU_host_side_tracing ANDROID_EMU_gles_max_version_3_0 
09-20 10:44:12.029 D/goldfish-address-space(  339): claimShared: Ask to claim region [0x1efe84000 0x1f0670000]
09-20 10:44:12.031 D/goldfish-address-space(  339): claimShared: Ask to claim region [0x1f0f64000 0x1f1750000]
09-20 10:44:12.037 W/InputManager-JNI(20024): Input channel object 'fc5dabf Splash Screen com.neew.browser.test (client)' was disposed without first being removed with the input manager!
09-20 10:44:12.041 W/InputReader(20024): Device virtio_input_multi_touch_11 is associated with display ADISPLAY_ID_NONE.
09-20 10:44:12.041 W/InputReader(20024): Device virtio_input_multi_touch_6 is associated with display ADISPLAY_ID_NONE.
09-20 10:44:12.041 W/InputReader(20024): Device virtio_input_multi_touch_8 is associated with display ADISPLAY_ID_NONE.
09-20 10:44:12.041 W/InputReader(20024): Device virtio_input_multi_touch_2 is associated with display ADISPLAY_ID_NONE.
09-20 10:44:12.041 W/InputReader(20024): Device virtio_input_multi_touch_4 is associated with display ADISPLAY_ID_NONE.
09-20 10:44:12.041 W/InputReader(20024): Device virtio_input_multi_touch_9 is associated with display ADISPLAY_ID_NONE.
09-20 10:44:12.041 W/InputReader(20024): Device virtio_input_multi_touch_7 is associated with display ADISPLAY_ID_NONE.
09-20 10:44:12.041 W/InputReader(20024): Device virtio_input_multi_touch_10 is associated with display ADISPLAY_ID_NONE.
09-20 10:44:12.041 W/InputReader(20024): Device virtio_input_multi_touch_3 is associated with display ADISPLAY_ID_NONE.
09-20 10:44:12.041 W/InputReader(20024): Device virtio_input_multi_touch_5 is associated with display ADISPLAY_ID_NONE.
09-20 10:44:12.041 W/InputReader(20024): Device virtio_input_multi_touch_11 is associated with display ADISPLAY_ID_NONE.
09-20 10:44:12.041 W/InputReader(20024): Device virtio_input_multi_touch_6 is associated with display ADISPLAY_ID_NONE.
09-20 10:44:12.041 W/InputReader(20024): Device virtio_input_multi_touch_8 is associated with display ADISPLAY_ID_NONE.
09-20 10:44:12.041 W/InputReader(20024): Device virtio_input_multi_touch_2 is associated with display ADISPLAY_ID_NONE.
09-20 10:44:12.041 W/InputReader(20024): Device virtio_input_multi_touch_4 is associated with display ADISPLAY_ID_NONE.
09-20 10:44:12.041 W/InputReader(20024): Device virtio_input_multi_touch_9 is associated with display ADISPLAY_ID_NONE.
09-20 10:44:12.041 W/InputReader(20024): Device virtio_input_multi_touch_7 is associated with display ADISPLAY_ID_NONE.
09-20 10:44:12.041 W/InputReader(20024): Device virtio_input_multi_touch_10 is associated with display ADISPLAY_ID_NONE.
09-20 10:44:12.041 W/InputReader(20024): Device virtio_input_multi_touch_3 is associated with display ADISPLAY_ID_NONE.
09-20 10:44:12.041 W/InputReader(20024): Device virtio_input_multi_touch_5 is associated with display ADISPLAY_ID_NONE.
09-20 10:44:12.058 W/ActivityTaskManager(20024): Finishing task with all activities already finished
09-20 10:44:12.058 W/ActivityTaskManager(20024): Duplicate finish request for r=ActivityRecord{3206592 u0 com.neew.browser.test/androidx.test.core.app.InstrumentationActivityInvoker$EmptyActivity t670 f}}
09-20 10:44:12.059 I/ActivityTaskManager(20024): START u0 {act=android.intent.action.MAIN cat=[android.intent.category.LAUNCHER] flg=0x10008000 cmp=com.neew.browser/.MainActivity} from uid 10086
09-20 10:44:12.061 W/ActivityTaskManager(20024): Can't find TaskDisplayArea to determine support for multi window. Task id=671 attached=false
09-20 10:44:12.066 D/CompatibilityChangeReporter(20024): Compat change id reported: 174042980; UID 10086; state: DISABLED
09-20 10:44:12.066 D/CompatibilityChangeReporter(20024): Compat change id reported: 184838306; UID 10086; state: DISABLED
09-20 10:44:12.066 D/CompatibilityChangeReporter(20024): Compat change id reported: 185004937; UID 10086; state: DISABLED
09-20 10:44:12.073 E/libprocessgroup(25277): set_timerslack_ns write failed: Operation not permitted
09-20 10:44:12.073 E/libprocessgroup(25277): set_timerslack_ns write failed: Operation not permitted
09-20 10:44:12.073 E/libprocessgroup(25277): set_timerslack_ns write failed: Operation not permitted
09-20 10:44:12.073 E/libprocessgroup(25277): set_timerslack_ns write failed: Operation not permitted
09-20 10:44:12.073 E/libprocessgroup(25277): set_timerslack_ns write failed: Operation not permitted
09-20 10:44:12.073 E/libprocessgroup(25277): set_timerslack_ns write failed: Operation not permitted
09-20 10:44:12.073 E/libprocessgroup(25277): set_timerslack_ns write failed: Operation not permitted
09-20 10:44:12.073 E/libprocessgroup(25277): set_timerslack_ns write failed: Operation not permitted
09-20 10:44:12.073 E/libprocessgroup(25277): set_timerslack_ns write failed: Operation not permitted
09-20 10:44:12.073 E/libprocessgroup(25277): set_timerslack_ns write failed: Operation not permitted
09-20 10:44:12.073 E/libprocessgroup(25277): set_timerslack_ns write failed: Operation not permitted
09-20 10:44:12.077 D/CompatibilityChangeReporter(20024): Compat change id reported: 135634846; UID 10086; state: DISABLED
09-20 10:44:12.079 D/CompatibilityChangeReporter(20024): Compat change id reported: 177438394; UID 10086; state: DISABLED
09-20 10:44:12.080 D/CompatibilityChangeReporter(20024): Compat change id reported: 135772972; UID 10086; state: DISABLED
09-20 10:44:12.080 D/CompatibilityChangeReporter(20024): Compat change id reported: 135754954; UID 10086; state: ENABLED
09-20 10:44:12.082 D/CompatibilityChangeReporter(20024): Compat change id reported: 143937733; UID 10086; state: ENABLED
09-20 10:44:12.082 D/ServiceAllocator(26660): org.mozilla.gecko.process.GeckoChildProcessServices$tab3 updateBindings: FOREGROUND priority, 0 importance, 3 successful binds, 0 failed binds, 0 successful unbinds
09-20 10:44:12.083 W/AdultGuideFragmentPeer(25277): onStart, enableFixTabRefresh: false
09-20 10:44:12.084 D/goldfish-address-space(  339): claimShared: Ask to claim region [0x1f1750000 0x1f1f3c000]
09-20 10:44:12.085 W/AccountSelectorDataServ(25277): Single user condition 1 [true]
09-20 10:44:12.085 W/AccountSelectorDataServ(25277): Single user condition 2 [true]
09-20 10:44:12.085 W/AccountSelectorDataServ(25277): Single user condition 3 [true]
09-20 10:44:12.085 W/AccountSelectorDataServ(25277): Single user condition 4 [true]
09-20 10:44:12.089 D/goldfish-address-space(  339): claimShared: Ask to claim region [0x1f4000000 0x1f47ec000]
09-20 10:44:12.091 D/MainActivity(26660): [TV][EXT] retry ensureTvScrollExtension attemptsLeft=2
09-20 10:44:12.098 D/Zygote  (19955): Forked child process 26893
09-20 10:44:12.100 D/goldfish-address-space(  339): claimShared: Ask to claim region [0x1f47ec000 0x1f4fd8000]
09-20 10:44:12.102 I/ActivityManager(20024): Start proc 26893:com.neew.browser:tab3/u0a86 for service {com.neew.browser/org.mozilla.gecko.process.GeckoChildProcessServices$tab3}
09-20 10:44:12.106 W/Settings(25277): Setting development_settings_enabled has moved from android.provider.Settings.Secure to android.provider.Settings.Global.
09-20 10:44:12.107 W/BootModeAppToForeground(25277): LauncherX to foreground
09-20 10:44:12.109 W/BootModeAppToForeground(25277): LauncherX to foreground. The context is com.google.android.apps.tv.launcherx.home.HomeActivity.
09-20 10:44:12.110 W/BootModeAppToForeground(25277): Update active account last used time.
09-20 10:44:12.110 I/ew.browser:tab(26893): Late-enabling -Xcheck:jni
09-20 10:44:12.111 W/BootModeNotificationMan(25277): Mark criteria LauncherX in foreground: tif_in_foreground_on_screen_off = [false], dispatch_to_amati_home = [true], launcherx_in_foreground = [true].
09-20 10:44:12.116 W/DeviceCustomizationsImp(25277): No cached DeviceCustomizations found.
09-20 10:44:12.117 W/DeviceCustomizationsImp(25277): Still fetch GetDeviceCustomizationsResponse
09-20 10:44:12.117 W/CustomizationsConversio(25277): Got unknown PowerOnMode in GetDeviceCustomizationsResponse. isVanillaMode: false
09-20 10:44:12.117 W/CustomizationsConversio(25277): Setting power on mode to HOME.
09-20 10:44:12.117 W/LastUsedInputProtoDataS(25277): Mark Home as last input
09-20 10:44:12.126 W/GLSUser (23991): [DeviceKeyStore] Cannot load key: Device key file not found.
09-20 10:44:12.126 W/GLSUser (23991): [DeviceKeyStore] Cannot load key: Device key file not found.
09-20 10:44:12.139 W/BootModeAppToForeground(25277): Background timeout condition 1 [false]
09-20 10:44:12.139 W/BootModeAppToForeground(25277): Background timeout condition 2 [true]
09-20 10:44:12.139 W/BootModeAppToForeground(25277): Background timeout condition 3 [true]
09-20 10:44:12.139 W/BootModeAppToForeground(25277): Background timeout condition 4 [true]
09-20 10:44:12.143 D/TvPipController(20194): onTaskStackChanged()
09-20 10:44:12.147 E/ActivityThread(25277): Failed to find provider info for com.google.android.apps.youtube.tvunplugged.client.provider
09-20 10:44:12.150 D/goldfish-address-space(  339): claimShared: Ask to claim region [0x1f4fd8000 0x1f57c4000]
09-20 10:44:12.152 D/goldfish-address-space(  339): claimShared: Ask to claim region [0x1f57c4000 0x1f5fb0000]
09-20 10:44:12.153 D/goldfish-address-space(  339): claimShared: Ask to claim region [0x1f5fb0000 0x1f679c000]
09-20 10:44:12.155 I/cn_CronetUrlRequestContext(25277): destroyNativeStreamLocked org.chromium.net.impl.CronetBidirectionalStream@888900d
09-20 10:44:12.155 E/DeviceCustomizationsImp(25277): Failed to fetch and update GetDeviceCustomizationsResponse in ProtoDataStore.
09-20 10:44:12.155 E/DeviceCustomizationsImp(25277): addt: INVALID_ARGUMENT: Application credential header not valid. Please fix the client to pass a valid application credential header.
09-20 10:44:12.155 E/DeviceCustomizationsImp(25277): 	at adru.a(PG:41)
09-20 10:44:12.155 E/DeviceCustomizationsImp(25277): 	at adda.a(PG:3)
09-20 10:44:12.155 E/DeviceCustomizationsImp(25277): 	at wwz.a(PG:2)
09-20 10:44:12.155 E/DeviceCustomizationsImp(25277): 	at ysc.g(PG:98)
09-20 10:44:12.155 E/DeviceCustomizationsImp(25277): 	at ysc.cn(PG:23)
09-20 10:44:12.155 E/DeviceCustomizationsImp(25277): 	at ysc.a(PG:8)
09-20 10:44:12.155 E/DeviceCustomizationsImp(25277): 	at wmu.run(PG:89)
09-20 10:44:12.155 E/DeviceCustomizationsImp(25277): 	at ysg.g(PG:17)
09-20 10:44:12.155 E/DeviceCustomizationsImp(25277): 	at ysg.a(PG:12)
09-20 10:44:12.155 E/DeviceCustomizationsImp(25277): 	at wmu.run(PG:220)
09-20 10:44:12.155 E/DeviceCustomizationsImp(25277): 	at yqm.run(PG:310)
09-20 10:44:12.155 E/DeviceCustomizationsImp(25277): 	at yju.run(PG:13)
09-20 10:44:12.155 E/DeviceCustomizationsImp(25277): 	at whb.run(PG:86)
09-20 10:44:12.155 E/DeviceCustomizationsImp(25277): 	at yif.execute(PG:1)
09-20 10:44:12.155 E/DeviceCustomizationsImp(25277): 	at yrz.execute(PG:3)
09-20 10:44:12.155 E/DeviceCustomizationsImp(25277): 	at yjv.execute(PG:35)
09-20 10:44:12.155 E/DeviceCustomizationsImp(25277): 	at wbv.execute(PG:44)
09-20 10:44:12.155 E/DeviceCustomizationsImp(25277): 	at yrx.a(PG:16)
09-20 10:44:12.155 E/DeviceCustomizationsImp(25277): 	at ysc.g(PG:98)
09-20 10:44:12.155 E/DeviceCustomizationsImp(25277): 	at ysc.cn(PG:23)
09-20 10:44:12.155 E/DeviceCustomizationsImp(25277): 	at ysc.a(PG:8)
09-20 10:44:12.155 E/DeviceCustomizationsImp(25277): 	at wmu.run(PG:89)
09-20 10:44:12.155 E/DeviceCustomizationsImp(25277): 	at ysg.g(PG:17)
09-20 10:44:12.155 E/DeviceCustomizationsImp(25277): 	at ysg.a(PG:12)
09-20 10:44:12.155 E/DeviceCustomizationsImp(25277): 	at wmu.run(PG:220)
09-20 10:44:12.155 E/DeviceCustomizationsImp(25277): 	at yqm.run(PG:310)
09-20 10:44:12.155 E/DeviceCustomizationsImp(25277): 	at yju.run(PG:13)
09-20 10:44:12.155 E/DeviceCustomizationsImp(25277): 	at whb.run(PG:86)
09-20 10:44:12.155 E/DeviceCustomizationsImp(25277): 	at yif.execute(PG:1)
09-20 10:44:12.155 E/DeviceCustomizationsImp(25277): 	at yrz.execute(PG:3)
09-20 10:44:12.155 E/DeviceCustomizationsImp(25277): 	at yjv.execute(PG:35)
09-20 10:44:12.155 E/DeviceCustomizationsImp(25277): 	at wbv.execute(PG:44)
09-20 10:44:12.155 E/DeviceCustomizationsImp(25277): 	at yrx.a(PG:16)
09-20 10:44:12.155 E/DeviceCustomizationsImp(25277): 	at ysc.g(PG:98)
09-20 10:44:12.155 E/DeviceCustomizationsImp(25277): 	at ysc.cn(PG:23)
09-20 10:44:12.155 E/DeviceCustomizationsImp(25277): 	at ysc.a(PG:8)
09-20 10:44:12.155 E/DeviceCustomizationsImp(25277): 	at wmu.run(PG:89)
09-20 10:44:12.155 E/DeviceCustomizationsImp(25277): 	at ysg.g(PG:17)
09-20 10:44:12.155 E/DeviceCustomizationsImp(25277): 	at ysg.a(PG:12)
09-20 10:44:12.155 E/DeviceCustomizationsImp(25277): 	at wmu.run(PG:220)
09-20 10:44:12.155 E/DeviceCustomizationsImp(25277): 	at yqm.run(PG:310)
09-20 10:44:12.155 E/DeviceCustomizationsImp(25277): 	at yju.run(PG:13)
09-20 10:44:12.155 E/DeviceCustomizationsImp(25277): 	at whb.run(PG:86)
09-20 10:44:12.155 E/DeviceCustomizationsImp(25277): 	at yif.execute(PG:1)
09-20 10:44:12.155 E/DeviceCustomizationsImp(25277): 	at yrz.execute(PG:3)
09-20 10:44:12.155 E/DeviceCustomizationsImp(25277): 	at yjv.execute(PG:35)
09-20 10:44:12.155 E/DeviceCustomizationsImp(25277): 	at wbv.execute(PG:44)
09-20 10:44:12.155 E/DeviceCustomizationsImp(25277): 	at yrx.a(PG:16)
09-20 10:44:12.155 E/DeviceCustomizationsImp(25277): 	at ysc.g(PG:98)
09-20 10:44:12.155 E/DeviceCustomizationsImp(25277): 	at ysc.cn(PG:23)
09-20 10:44:12.155 E/DeviceCustomizationsImp(25277): 	at ysc.a(PG:8)
09-20 10:44:12.155 E/DeviceCustomizationsImp(25277): 	at wmu.run(PG:89)
09-20 10:44:12.155 E/DeviceCustomizationsImp(25277): 	at ysg.g(PG:17)
09-20 10:44:12.155 E/DeviceCustomizationsImp(25277): 	at ysg.a(PG:12)
09-20 10:44:12.155 E/DeviceCustomizationsImp(25277): 	at wmu.run(PG:220)
09-20 10:44:12.155 E/DeviceCustomizationsImp(25277): 	at yqm.run(PG:310)
09-20 10:44:12.155 E/DeviceCustomizationsImp(25277): 	at yju.run(PG:13)
09-20 10:44:12.155 E/DeviceCustomizationsImp(25277): 	at whb.run(PG:86)
09-20 10:44:12.155 E/DeviceCustomizationsImp(25277): 	at yif.execute(PG:1)
09-20 10:44:12.155 E/DeviceCustomizationsImp(25277): 	at yrz.execute(PG:3)
09-20 10:44:12.155 E/DeviceCustomizationsImp(25277): 	at yjv.execute(PG:35)
09-20 10:44:12.155 E/DeviceCustomizationsImp(25277): 	at wbv.execute(PG:44)
09-20 10:44:12.155 E/DeviceCustomizationsImp(25277): 	at yrx.a(PG:16)
09-20 10:44:12.155 E/DeviceCustomizationsImp(25277): 	at ysc.g(PG:98)
09-20 10:44:12.155 E/DeviceCustomizationsImp(25277): 	at ysc.cn(PG:23)
09-20 10:44:12.155 E/DeviceCustomizationsImp(25277): 	at ysc.a(PG:8)
09-20 10:44:12.155 E/DeviceCustomizationsImp(25277): 	at wmu.run(PG:89)
09-20 10:44:12.155 E/DeviceCustomizationsImp(25277): 	at ysg.g(PG:17)
09-20 10:44:12.155 E/DeviceCustomizationsImp(25277): 	at ysg.a(PG:12)
09-20 10:44:12.155 E/DeviceCustomizationsImp(25277): 	at wmu.run(PG:220)
09-20 10:44:12.155 E/DeviceCustomizationsImp(25277): 	at yqm.run(PG:310)
09-20 10:44:12.155 E/DeviceCustomizationsImp(25277): 	at yju.run(PG:13)
09-20 10:44:12.155 E/DeviceCustomizationsImp(25277): 	at whb.run(PG:86)
09-20 10:44:12.155 E/DeviceCustomizationsImp(25277): 	at yif.execute(PG:1)
09-20 10:44:12.155 E/DeviceCustomizationsImp(25277): 	at yrz.execute(PG:3)
09-20 10:44:12.155 E/DeviceCustomizationsImp(25277): 	at yjv.execute(PG:35)
09-20 10:44:12.155 E/DeviceCustomizationsImp(25277): 	at wbv.execute(PG:44)
09-20 10:44:12.155 E/DeviceCustomizationsImp(25277): 	at yrx.a(PG:16)
09-20 10:44:12.155 E/DeviceCustomizationsImp(25277): 	at ysc.g(PG:98)
09-20 10:44:12.155 E/DeviceCustomizationsImp(25277): 	at ysc.cn(PG:23)
09-20 10:44:12.155 E/DeviceCustomizationsImp(25277): 	at ysc.a(PG:8)
09-20 10:44:12.155 E/DeviceCustomizationsImp(25277): 	at wmu.run(PG:89)
09-20 10:44:12.155 E/DeviceCustomizationsImp(25277): 	at ysg.g(PG:17)
09-20 10:44:12.155 E/DeviceCustomizationsImp(25277): 	at ysg.a(PG:12)
09-20 10:44:12.155 E/DeviceCustomizationsImp(25277): 	at wmu.run(PG:220)
09-20 10:44:12.155 E/DeviceCustomizationsImp(25277): 	at yqm.run(PG:310)
09-20 10:44:12.155 E/DeviceCustomizationsImp(25277): 	at yju.run(PG:13)
09-20 10:44:12.155 E/DeviceCustomizationsImp(25277): 	at whb.run(PG:86)
09-20 10:44:12.155 E/DeviceCustomizationsImp(25277): 	at yif.execute(PG:1)
09-20 10:44:12.155 E/DeviceCustomizationsImp(25277): 	at yrz.execute(PG:3)
09-20 10:44:12.155 E/DeviceCustomizationsImp(25277): 	at yjv.execute(PG:35)
09-20 10:44:12.155 E/DeviceCustomizationsImp(25277): 	at wbv.execute(PG:44)
09-20 10:44:12.155 E/DeviceCustomizationsImp(25277): 	at yrx.a(PG:16)
09-20 10:44:12.155 E/DeviceCustomizationsImp(25277): 	at ysc.g(PG:98)
09-20 10:44:12.155 E/DeviceCustomizationsImp(25277): 	at ysc.cn(PG:23)
09-20 10:44:12.155 E/DeviceCustomizationsImp(25277): 	at ysc.a(PG:8)
09-20 10:44:12.155 E/DeviceCustomizationsImp(25277): 	at wmu.run(PG:89)
09-20 10:44:12.155 E/DeviceCustomizationsImp(25277): 	at xeo.run(PG:13)
09-20 10:44:12.155 E/DeviceCustomizationsImp(25277): 	at ysg.g(PG:13)
09-20 10:44:12.155 E/DeviceCustomizationsImp(25277): 	at ysg.a(PG:12)
09-20 10:44:12.155 E/DeviceCustomizationsImp(25277): 	at wmu.run(PG:220)
09-20 10:44:12.155 E/DeviceCustomizationsImp(25277): 	at yqm.run(PG:310)
09-20 10:44:12.155 E/DeviceCustomizationsImp(25277): 	at yju.run(PG:13)
09-20 10:44:12.155 E/DeviceCustomizationsImp(25277): 	at whb.run(PG:86)
09-20 10:44:12.155 E/DeviceCustomizationsImp(25277): 	at yif.execute(PG:1)
09-20 10:44:12.155 E/DeviceCustomizationsImp(25277): 	at yrz.execute(PG:3)
09-20 10:44:12.155 E/DeviceCustomizationsImp(25277): 	at yjv.execute(PG:35)
09-20 10:44:12.155 E/DeviceCustomizationsImp(25277): 	at wbv.execute(PG:44)
09-20 10:44:12.155 E/DeviceCustomizationsImp(25277): 	at yrx.a(PG:16)
09-20 10:44:12.155 E/DeviceCustomizationsImp(25277): 	at adhi.g(PG:1)
09-20 10:44:12.155 E/DeviceCustomizationsImp(25277): 	at adhf.a(PG:28)
09-20 10:44:12.155 E/DeviceCustomizationsImp(25277): 	at adhw.run(PG:7)
09-20 10:44:12.155 E/DeviceCustomizationsImp(25277): 	at adnk.run(PG:12)
09-20 10:44:12.155 E/DeviceCustomizationsImp(25277): 	at pcb.run(PG:7)
09-20 10:44:12.155 E/DeviceCustomizationsImp(25277): 	at xzo.run(PG:44)
09-20 10:44:12.155 E/DeviceCustomizationsImp(25277): 	at iao.run(PG:845)
09-20 10:44:12.155 E/DeviceCustomizationsImp(25277): 	at java.lang.Thread.run(Thread.java:920)
09-20 10:44:12.155 E/DeviceCustomizationsImp(25277): 	at pdt.run(PG:62)
09-20 10:44:12.156 I/adbd    ( 1510): jdwp connection from 26893
09-20 10:44:12.165 D/CompatibilityChangeReporter(26893): Compat change id reported: 171979766; UID 10086; state: ENABLED
09-20 10:44:12.172 W/ActivityTaskManager(20024): Tried to set launchTime (0) < mLastActivityLaunchTime (11283435)
09-20 10:44:12.172 W/InputReader(20024): Device virtio_input_multi_touch_11 is associated with display ADISPLAY_ID_NONE.
09-20 10:44:12.172 W/InputReader(20024): Device virtio_input_multi_touch_6 is associated with display ADISPLAY_ID_NONE.
09-20 10:44:12.172 W/InputReader(20024): Device virtio_input_multi_touch_8 is associated with display ADISPLAY_ID_NONE.
09-20 10:44:12.172 W/InputReader(20024): Device virtio_input_multi_touch_2 is associated with display ADISPLAY_ID_NONE.
09-20 10:44:12.172 W/InputReader(20024): Device virtio_input_multi_touch_4 is associated with display ADISPLAY_ID_NONE.
09-20 10:44:12.172 W/InputReader(20024): Device virtio_input_multi_touch_9 is associated with display ADISPLAY_ID_NONE.
09-20 10:44:12.172 W/InputReader(20024): Device virtio_input_multi_touch_7 is associated with display ADISPLAY_ID_NONE.
09-20 10:44:12.172 W/InputReader(20024): Device virtio_input_multi_touch_10 is associated with display ADISPLAY_ID_NONE.
09-20 10:44:12.172 W/InputReader(20024): Device virtio_input_multi_touch_3 is associated with display ADISPLAY_ID_NONE.
09-20 10:44:12.172 W/InputReader(20024): Device virtio_input_multi_touch_5 is associated with display ADISPLAY_ID_NONE.
09-20 10:44:12.173 W/InputReader(20024): Device virtio_input_multi_touch_11 is associated with display ADISPLAY_ID_NONE.
09-20 10:44:12.173 W/InputReader(20024): Device virtio_input_multi_touch_6 is associated with display ADISPLAY_ID_NONE.
09-20 10:44:12.173 W/InputReader(20024): Device virtio_input_multi_touch_8 is associated with display ADISPLAY_ID_NONE.
09-20 10:44:12.173 W/InputReader(20024): Device virtio_input_multi_touch_2 is associated with display ADISPLAY_ID_NONE.
09-20 10:44:12.173 W/InputReader(20024): Device virtio_input_multi_touch_4 is associated with display ADISPLAY_ID_NONE.
09-20 10:44:12.173 W/InputReader(20024): Device virtio_input_multi_touch_9 is associated with display ADISPLAY_ID_NONE.
09-20 10:44:12.173 W/InputReader(20024): Device virtio_input_multi_touch_7 is associated with display ADISPLAY_ID_NONE.
09-20 10:44:12.173 W/InputReader(20024): Device virtio_input_multi_touch_10 is associated with display ADISPLAY_ID_NONE.
09-20 10:44:12.173 W/InputReader(20024): Device virtio_input_multi_touch_3 is associated with display ADISPLAY_ID_NONE.
09-20 10:44:12.173 W/InputReader(20024): Device virtio_input_multi_touch_5 is associated with display ADISPLAY_ID_NONE.
09-20 10:44:12.180 W/EntityManagerImpl(25277): Memory trim level 20, clearing (all) 0 entities
09-20 10:44:12.184 D/LifecycleMonitor(26660): Lifecycle status change: com.neew.browser.MainActivity@4e2d397 in: PRE_ON_CREATE
09-20 10:44:12.184 V/ActivityScenario(26660): Activity lifecycle changed event received but ignored because the reported transition was not ON_CREATE while the last known transition was PRE_ON_CREATE
09-20 10:44:12.184 E/libprocessgroup(25277): set_timerslack_ns write failed: Operation not permitted
09-20 10:44:12.184 E/libprocessgroup(25277): set_timerslack_ns write failed: Operation not permitted
09-20 10:44:12.184 E/libprocessgroup(25277): set_timerslack_ns write failed: Operation not permitted
09-20 10:44:12.184 E/libprocessgroup(25277): set_timerslack_ns write failed: Operation not permitted
09-20 10:44:12.184 E/libprocessgroup(25277): set_timerslack_ns write failed: Operation not permitted
09-20 10:44:12.184 E/libprocessgroup(25277): set_timerslack_ns write failed: Operation not permitted
09-20 10:44:12.184 E/libprocessgroup(25277): set_timerslack_ns write failed: Operation not permitted
09-20 10:44:12.184 E/libprocessgroup(25277): set_timerslack_ns write failed: Operation not permitted
09-20 10:44:12.184 E/libprocessgroup(25277): set_timerslack_ns write failed: Operation not permitted
09-20 10:44:12.184 E/libprocessgroup(25277): set_timerslack_ns write failed: Operation not permitted
09-20 10:44:12.184 E/libprocessgroup(25277): set_timerslack_ns write failed: Operation not permitted
09-20 10:44:12.187 W/TifLauncherHelper(25277): Allow remove LastInput? com.neew.browser in foreground
09-20 10:44:12.188 W/InputReader(20024): Device virtio_input_multi_touch_11 is associated with display ADISPLAY_ID_NONE.
09-20 10:44:12.188 W/InputReader(20024): Device virtio_input_multi_touch_6 is associated with display ADISPLAY_ID_NONE.
09-20 10:44:12.188 W/InputReader(20024): Device virtio_input_multi_touch_8 is associated with display ADISPLAY_ID_NONE.
09-20 10:44:12.188 W/InputReader(20024): Device virtio_input_multi_touch_2 is associated with display ADISPLAY_ID_NONE.
09-20 10:44:12.188 W/InputReader(20024): Device virtio_input_multi_touch_4 is associated with display ADISPLAY_ID_NONE.
09-20 10:44:12.188 W/InputReader(20024): Device virtio_input_multi_touch_9 is associated with display ADISPLAY_ID_NONE.
09-20 10:44:12.188 W/InputReader(20024): Device virtio_input_multi_touch_7 is associated with display ADISPLAY_ID_NONE.
09-20 10:44:12.188 W/InputReader(20024): Device virtio_input_multi_touch_10 is associated with display ADISPLAY_ID_NONE.
09-20 10:44:12.188 W/InputReader(20024): Device virtio_input_multi_touch_3 is associated with display ADISPLAY_ID_NONE.
09-20 10:44:12.188 W/InputReader(20024): Device virtio_input_multi_touch_5 is associated with display ADISPLAY_ID_NONE.
09-20 10:44:12.188 W/LastUsedInputProtoDataS(25277): Sending last used input update broadcast
09-20 10:44:12.198 W/LastUsedInputUpdateRece(25277): Notify last used input data change
09-20 10:44:12.203 D/TvCursorView(26660): Initializing TvCursorView
09-20 10:44:12.205 I/cn_CronetUrlRequestContext(25277): destroyNativeStreamLocked org.chromium.net.impl.CronetBidirectionalStream@e369a66
09-20 10:44:12.218 D/MainActivity(26660): [SCROLL] thresholds: hide=128px show=48px tapBottom=120px
09-20 10:44:12.221 D/MainActivity(26660): Context menu initialized
09-20 10:44:12.222 D/MainActivity(26660): Reusing existing GeckoRuntime
09-20 10:44:12.222 D/MainActivity(26660): Applying dynamic runtime settings...
09-20 10:44:12.222 D/MainActivity(26660): User agent prepared: Mozilla/5.0 (Linux; Android 14; SM-G998B) AppleWebKit/537.36 (KHTML, like Gecko) Chrome/120.0.0.0 Mobile Safari/537.36 IndicBrowser/v1.8.7 (mode: mobile)
09-20 10:44:12.222 D/MainActivity(26660): Applying dynamic Cookies enabled: true
09-20 10:44:12.222 D/MainActivity(26660): Dynamic runtime settings application finished.
09-20 10:44:12.222 I/MainActivity(26660): initializeUBlockOrigin called.
09-20 10:44:12.222 I/MainActivity(26660): GeckoRuntime is available for uBlock Origin initialization.
09-20 10:44:12.222 I/MainActivity(26660): WebExtensionController is available for uBlock Origin initialization.
09-20 10:44:12.222 I/MainActivity(26660): uBlock Origin extension object is null. Attempting installation. Prior attempt: false
09-20 10:44:12.222 I/MainActivity(26660): Attempting to ensureBuiltIn uBlock Origin from: resource://android/assets/extensions/uBlockOriginMV2/ with ID: uBlock0@raymondhill.net
09-20 10:44:12.223 D/MainActivity(26660): [StorageDebug] restoreSessionState CALLED
09-20 10:44:12.223 D/MainActivity(26660): [StorageDebug] Found saved URLs JSON: ["https:\/\/www.google.com\/","https:\/\/www.google.com\/search?q=lucky%20plaza%20domestic%20worker%20gatherings&oq&ved=0ahUKEwipgNTXqOaPAxXOyzgGHRVNIh4Q470GCCA&sclient=mweb-insp&gs_lp=Egltd2ViLWluc3AqDwgAEAAYAxjqAhiPARiWBDINEAAYAxjqAhiPARiWBDINEAAYAxjqAhiPARiWBDINEAAYAxjqAhiPARiWBDINEAAYAxjqAhiPARiWBDINEAAYAxjqAhiPARiWBDINEAAYAxjqAhiPARiWBDINEAAYAxjqAhiPARiWBLgBGZgDugmyBgYQJRglKAE&gs_ss=1&biw=960&bih=484&dpr=2&sei=rxTOaIqyJPas4-EPia3VuAQ","https:\/\/www.google.com"], Saved Active Index: 2
09-20 10:44:12.223 D/MainActivity(26660): [StorageDebug] Found saved state. URLs: 3, Active Index: 2
09-20 10:44:12.223 D/MainActivity(26660): [StorageDebug] Restoring tab: https://www.google.com/
09-20 10:44:12.223 D/MainActivity(26660): Creating new tab. Initial URL: https://www.google.com/, Switch: false
09-20 10:44:12.223 D/MainActivity(26660): Applied user agent string: [Mozilla/5.0 (Linux; Android 14; SM-G998B) AppleWebKit/537.36 (KHTML, like Gecko) Chrome/120.0.0.0 Mobile Safari/537.36 IndicBrowser/v1.8.7] (derived from mode: mobile) to session for URL context: [https://www.google.com/]
09-20 10:44:12.223 D/MainActivity(26660): Viewport Setting: MOBILE (Reason: UA mode 'mobile')
09-20 10:44:12.224 D/MainActivity(26660): Opened new GeckoSession
09-20 10:44:12.224 D/MainActivity(26660): MainTab NavDelegate onLoadRequest: URI=https://www.google.com/ (Session: https://www.google.com/)
09-20 10:44:12.224 D/MainActivity(26660): MainTab NavDelegate onLoadRequest: Allowing non-intent URI: https://www.google.com/
09-20 10:44:12.224 D/MainActivity(26660): Loading initial URL in new session: https://www.google.com/
09-20 10:44:12.224 W/MainActivity(26660): updateUIForActiveSession: UI not ready, skipping update.
09-20 10:44:12.228 D/MainActivity(26660): Snapshot loaded from disk: /data/user/0/com.neew.browser/cache/tab_snapshots/d75277cdffef995a46ae59bdaef1db86.png
09-20 10:44:12.228 D/MainActivity(26660): [StorageDebug] Loaded snapshot from disk for: https://www.google.com/
09-20 10:44:12.228 D/MainActivity(26660): [StorageDebug] Restoring tab: https://www.google.com/search?q=lucky%20plaza%20domestic%20worker%20gatherings&oq&ved=0ahUKEwipgNTXqOaPAxXOyzgGHRVNIh4Q470GCCA&sclient=mweb-insp&gs_lp=Egltd2ViLWluc3AqDwgAEAAYAxjqAhiPARiWBDINEAAYAxjqAhiPARiWBDINEAAYAxjqAhiPARiWBDINEAAYAxjqAhiPARiWBDINEAAYAxjqAhiPARiWBDINEAAYAxjqAhiPARiWBDINEAAYAxjqAhiPARiWBDINEAAYAxjqAhiPARiWBLgBGZgDugmyBgYQJRglKAE&gs_ss=1&biw=960&bih=484&dpr=2&sei=rxTOaIqyJPas4-EPia3VuAQ
09-20 10:44:12.228 D/MainActivity(26660): Creating new tab. Initial URL: https://www.google.com/search?q=lucky%20plaza%20domestic%20worker%20gatherings&oq&ved=0ahUKEwipgNTXqOaPAxXOyzgGHRVNIh4Q470GCCA&sclient=mweb-insp&gs_lp=Egltd2ViLWluc3AqDwgAEAAYAxjqAhiPARiWBDINEAAYAxjqAhiPARiWBDINEAAYAxjqAhiPARiWBDINEAAYAxjqAhiPARiWBDINEAAYAxjqAhiPARiWBDINEAAYAxjqAhiPARiWBDINEAAYAxjqAhiPARiWBDINEAAYAxjqAhiPARiWBLgBGZgDugmyBgYQJRglKAE&gs_ss=1&biw=960&bih=484&dpr=2&sei=rxTOaIqyJPas4-EPia3VuAQ, Switch: false
09-20 10:44:12.228 D/MainActivity(26660): Applied user agent string: [Mozilla/5.0 (Linux; Android 14; SM-G998B) AppleWebKit/537.36 (KHTML, like Gecko) Chrome/120.0.0.0 Mobile Safari/537.36 IndicBrowser/v1.8.7] (derived from mode: mobile) to session for URL context: [https://www.google.com/search?q=lucky%20plaza%20domestic%20worker%20gatherings&oq&ved=0ahUKEwipgNTXqOaPAxXOyzgGHRVNIh4Q470GCCA&sclient=mweb-insp&gs_lp=Egltd2ViLWluc3AqDwgAEAAYAxjqAhiPARiWBDINEAAYAxjqAhiPARiWBDINEAAYAxjqAhiPARiWBDINEAAYAxjqAhiPARiWBDINEAAYAxjqAhiPARiWBDINEAAYAxjqAhiPARiWBDINEAAYAxjqAhiPARiWBDINEAAYAxjqAhiPARiWBLgBGZgDugmyBgYQJRglKAE&gs_ss=1&biw=960&bih=484&dpr=2&sei=rxTOaIqyJPas4-EPia3VuAQ]
09-20 10:44:12.229 D/MainActivity(26660): Viewport Setting: MOBILE (Reason: UA mode 'mobile')
09-20 10:44:12.229 D/MainActivity(26660): Opened new GeckoSession
09-20 10:44:12.230 D/MainActivity(26660): MainTab NavDelegate onLoadRequest: URI=https://www.google.com/search?q=lucky%20plaza%20domestic%20worker%20gatherings&oq&ved=0ahUKEwipgNTXqOaPAxXOyzgGHRVNIh4Q470GCCA&sclient=mweb-insp&gs_lp=Egltd2ViLWluc3AqDwgAEAAYAxjqAhiPARiWBDINEAAYAxjqAhiPARiWBDINEAAYAxjqAhiPARiWBDINEAAYAxjqAhiPARiWBDINEAAYAxjqAhiPARiWBDINEAAYAxjqAhiPARiWBDINEAAYAxjqAhiPARiWBDINEAAYAxjqAhiPARiWBLgBGZgDugmyBgYQJRglKAE&gs_ss=1&biw=960&bih=484&dpr=2&sei=rxTOaIqyJPas4-EPia3VuAQ (Session: https://www.google.com/search?q=lucky%20plaza%20domestic%20worker%20gatherings&oq&ved=0ahUKEwipgNTXqOaPAxXOyzgGHRVNIh4Q470GCCA&sclient=mweb-insp&gs_lp=Egltd2ViLWluc3AqDwgAEAAYAxjqAhiPARiWBDINEAAYAxjqAhiPARiWBDINEAAYAxjqAhiPARiWBDINEAAYAxjqAhiPARiWBDINEAAYAxjqAhiPARiWBDINEAAYAxjqAhiPARiWBDINEAAYAxjqAhiPARiWBDINEAAYAxjqAhiPARiWBLgBGZgDugmyBgYQJRglKAE&gs_ss=1&biw=960&bih=484&dpr=2&sei=rxTOaIqyJPas4-EPia3VuAQ)
09-20 10:44:12.230 D/MainActivity(26660): MainTab NavDelegate onLoadRequest: Allowing non-intent URI: https://www.google.com/search?q=lucky%20plaza%20domestic%20worker%20gatherings&oq&ved=0ahUKEwipgNTXqOaPAxXOyzgGHRVNIh4Q470GCCA&sclient=mweb-insp&gs_lp=Egltd2ViLWluc3AqDwgAEAAYAxjqAhiPARiWBDINEAAYAxjqAhiPARiWBDINEAAYAxjqAhiPARiWBDINEAAYAxjqAhiPARiWBDINEAAYAxjqAhiPARiWBDINEAAYAxjqAhiPARiWBDINEAAYAxjqAhiPARiWBDINEAAYAxjqAhiPARiWBLgBGZgDugmyBgYQJRglKAE&gs_ss=1&biw=960&bih=484&dpr=2&sei=rxTOaIqyJPas4-EPia3VuAQ
09-20 10:44:12.230 D/MainActivity(26660): Loading initial URL in new session: https://www.google.com/search?q=lucky%20plaza%20domestic%20worker%20gatherings&oq&ved=0ahUKEwipgNTXqOaPAxXOyzgGHRVNIh4Q470GCCA&sclient=mweb-insp&gs_lp=Egltd2ViLWluc3AqDwgAEAAYAxjqAhiPARiWBDINEAAYAxjqAhiPARiWBDINEAAYAxjqAhiPARiWBDINEAAYAxjqAhiPARiWBDINEAAYAxjqAhiPARiWBDINEAAYAxjqAhiPARiWBDINEAAYAxjqAhiPARiWBDINEAAYAxjqAhiPARiWBLgBGZgDugmyBgYQJRglKAE&gs_ss=1&biw=960&bih=484&dpr=2&sei=rxTOaIqyJPas4-EPia3VuAQ
09-20 10:44:12.230 W/MainActivity(26660): updateUIForActiveSession: UI not ready, skipping update.
09-20 10:44:12.232 D/MainActivity(26660): Snapshot loaded from disk: /data/user/0/com.neew.browser/cache/tab_snapshots/2e6bea5239c524a40e76f9276c45079b.png
09-20 10:44:12.232 D/MainActivity(26660): [StorageDebug] Loaded snapshot from disk for: https://www.google.com/search?q=lucky%20plaza%20domestic%20worker%20gatherings&oq&ved=0ahUKEwipgNTXqOaPAxXOyzgGHRVNIh4Q470GCCA&sclient=mweb-insp&gs_lp=Egltd2ViLWluc3AqDwgAEAAYAxjqAhiPARiWBDINEAAYAxjqAhiPARiWBDINEAAYAxjqAhiPARiWBDINEAAYAxjqAhiPARiWBDINEAAYAxjqAhiPARiWBDINEAAYAxjqAhiPARiWBDINEAAYAxjqAhiPARiWBDINEAAYAxjqAhiPARiWBLgBGZgDugmyBgYQJRglKAE&gs_ss=1&biw=960&bih=484&dpr=2&sei=rxTOaIqyJPas4-EPia3VuAQ
09-20 10:44:12.232 D/MainActivity(26660): [StorageDebug] Restoring tab: https://www.google.com
09-20 10:44:12.232 D/MainActivity(26660): Creating new tab. Initial URL: https://www.google.com, Switch: false
09-20 10:44:12.232 D/MainActivity(26660): Applied user agent string: [Mozilla/5.0 (Linux; Android 14; SM-G998B) AppleWebKit/537.36 (KHTML, like Gecko) Chrome/120.0.0.0 Mobile Safari/537.36 IndicBrowser/v1.8.7] (derived from mode: mobile) to session for URL context: [https://www.google.com]
09-20 10:44:12.232 D/MainActivity(26660): Viewport Setting: MOBILE (Reason: UA mode 'mobile')
09-20 10:44:12.232 D/MainActivity(26660): Opened new GeckoSession
09-20 10:44:12.232 D/MainActivity(26660): MainTab NavDelegate onLoadRequest: URI=https://www.google.com (Session: https://www.google.com)
09-20 10:44:12.232 D/MainActivity(26660): MainTab NavDelegate onLoadRequest: Allowing non-intent URI: https://www.google.com
09-20 10:44:12.232 D/MainActivity(26660): Loading initial URL in new session: https://www.google.com
09-20 10:44:12.232 W/MainActivity(26660): updateUIForActiveSession: UI not ready, skipping update.
09-20 10:44:12.232 D/MainActivity(26660): [StorageDebug] No snapshot found on disk for: https://www.google.com
09-20 10:44:12.232 D/MainActivity(26660): [StorageDebug] Session state restored. Active index set to: 2
09-20 10:44:12.233 D/MainActivity(26660): Setting GeckoView session after restore/create
09-20 10:44:12.234 W/MainActivity(26660): updateUIForActiveSession: UI not ready, skipping update.
09-20 10:44:12.270 D/MainActivity(26660): [StorageDebug] App used storage: 98338003 bytes (93.78242778778076 MB)
09-20 10:44:12.270 D/MainActivity(26660): [StorageDebug] Threshold not reached, no dialog.
09-20 10:44:12.271 D/LifecycleMonitor(26660): Lifecycle status change: com.neew.browser.MainActivity@4e2d397 in: CREATED
09-20 10:44:12.271 V/ActivityScenario(26660): Update currentActivityStage to CREATED, currentActivity=com.neew.browser.MainActivity@4e2d397
09-20 10:44:12.272 D/MainActivity(26660): onStart: Setting active session active=true
09-20 10:44:12.272 D/LifecycleMonitor(26660): Lifecycle status change: com.neew.browser.MainActivity@4e2d397 in: STARTED
09-20 10:44:12.272 V/ActivityScenario(26660): Update currentActivityStage to STARTED, currentActivity=com.neew.browser.MainActivity@4e2d397
09-20 10:44:12.272 D/MainActivity(26660): onResume: Ensuring active session active=true
09-20 10:44:12.272 D/LifecycleMonitor(26660): Lifecycle status change: com.neew.browser.MainActivity@4e2d397 in: RESUMED
09-20 10:44:12.273 V/ActivityScenario(26660): Update currentActivityStage to RESUMED, currentActivity=com.neew.browser.MainActivity@4e2d397
09-20 10:44:12.275 D/TvPipController(20194): onTaskStackChanged()
09-20 10:44:12.290 D/goldfish-address-space(  339): claimShared: Ask to claim region [0x1f4fd8000 0x1f57c4000]
09-20 10:44:12.308 D/goldfish-address-space(  339): claimShared: Ask to claim region [0x1f57c4000 0x1f5fb0000]
09-20 10:44:12.318 I/ActivityTaskManager(20024): Displayed com.neew.browser/.MainActivity: +255ms
09-20 10:44:12.318 D/goldfish-address-space(  339): claimShared: Ask to claim region [0x1f5fb0000 0x1f679c000]
09-20 10:44:12.325 V/GraphicsEnvironment(26893): ANGLE Developer option for 'com.neew.browser' set to: 'default'
09-20 10:44:12.325 V/GraphicsEnvironment(26893): Neither updatable production driver nor prerelease driver is supported.
09-20 10:44:12.326 D/NetworkSecurityConfig(26893): No Network Security Config specified, using platform default
09-20 10:44:12.326 D/NetworkSecurityConfig(26893): No Network Security Config specified, using platform default
09-20 10:44:12.330 D/MainActivity(26660): onWindowFocusChanged(true): Re-applying immersive mode. Current switch state: true
09-20 10:44:12.330 D/MainActivity(26660): onWindowFocusChanged(true): First window focus, explicitly re-applying immersive mode.
09-20 10:44:12.332 I/GoogleInputMethodService(25933): GoogleInputMethodService.onFinishInput():2097 
09-20 10:44:12.333 I/Module  (25933): DeviceLockedStatusModuleProvider$Module.updateDeviceLockedStatus():100 repeatCheckTimes = 0, locked = false
09-20 10:44:12.333 I/ServiceChildProcess(26893): onCreate
09-20 10:44:12.333 I/GoogleInputMethodService(25933): GoogleInputMethodService.onStartInput():1357 onStartInput(EditorInfo{EditorInfo{packageName=com.neew.browser, inputType=0, inputTypeString=NULL, enableLearning=false, autoCorrection=false, autoComplete=false, imeOptions=0, privateImeOptions=null, actionName=UNSPECIFIED, actionLabel=null, initialSelStart=-1, initialSelEnd=-1, initialCapsMode=0, label=null, fieldId=0, fieldName=null, extras=null, hintText=null, hintLocales=[]}}, false)
09-20 10:44:12.334 I/Module  (25933): DeviceLockedStatusModuleProvider$Module.updateDeviceLockedStatus():100 repeatCheckTimes = 1, locked = false
09-20 10:44:12.337 D/GeckoThread(26893): State changed to LAUNCHED
09-20 10:44:12.337 I/GeckoThread(26893): preparing to run Gecko
09-20 10:44:12.376 D/ServiceAllocator(26660): org.mozilla.gecko.process.GeckoChildProcessServices$tab3 updateBindings: FOREGROUND priority, 2 importance, 1 successful binds, 0 failed binds, 0 successful unbinds
09-20 10:44:12.376 D/GeckoThread(26893): State changed to MOZGLUE_READY
09-20 10:44:12.376 I/GeckoLoader(26893): Library base=/data/app/~~I1g05IINuAJwXqaso2pk5A==/com.neew.browser-NnuaH2ExAfaZFFjNCRAskA==/lib/arm64
09-20 10:44:12.377 I/GeckoLoader(26893): Library base=/data/app/~~I1g05IINuAJwXqaso2pk5A==/com.neew.browser-NnuaH2ExAfaZFFjNCRAskA==/lib/arm64
09-20 10:44:12.377 E/GeckoLibLoad(26893): Load sqlite start
09-20 10:44:12.378 E/GeckoLibLoad(26893): Load sqlite done
09-20 10:44:12.378 I/GeckoLoader(26893): Library base=/data/app/~~I1g05IINuAJwXqaso2pk5A==/com.neew.browser-NnuaH2ExAfaZFFjNCRAskA==/lib/arm64
09-20 10:44:12.378 E/GeckoLibLoad(26893): Load nss start
09-20 10:44:12.378 E/GeckoLibLoad(26893): Load nss done
09-20 10:44:12.379 I/GeckoLoader(26893): Library base=/data/app/~~I1g05IINuAJwXqaso2pk5A==/com.neew.browser-NnuaH2ExAfaZFFjNCRAskA==/lib/arm64
09-20 10:44:12.387 E/GeckoLibLoad(26893): Loaded libs in 8.870708ms total, 2ms(4ms) user, 4ms(3ms) system, 0(0) faults
09-20 10:44:12.388 D/GeckoThread(26893): State changed to LIBS_READY
09-20 10:44:12.388 W/GeckoThread(26893): zerdatime 11284882 - runGecko
09-20 10:44:12.452 D/GeckoThread(26893): State changed to RUNNING
09-20 10:44:12.456 I/GeckoConsole(26660): 1758336252456	addons.webextension.uBlock0@raymondhill.net	WARN	Loading extension 'uBlock0@raymondhill.net': Reading manifest: Warning processing permissions: Error processing permissions.2: Value "menus" must either: must either [must either [must either [be one of ["idle"], be one of ["cookies"], be one of ["activeTab"], be one of ["scripting"], or be one of ["webRequest", "webRequestAuthProvider", "webRequestBlocking", "webRequestFilterResponse", "webRequestFilterResponse.serviceWorkerScript"]], must either [be one of ["mozillaAddons"], be one of ["geckoViewAddons", "nativeMessagingFromContent"], be one of ["activityLog"], be one of ["networkStatus"], or be one of ["telemetry"]], be one of ["alarms", "storage", "unlimitedStorage"], be one of ["contextualIdentities"], be one of ["declarativeNetRequestWithHostAccess"], be one of ["dns"], or be one of ["theme"]], must either [must either [be one of ["idle"], be one of ["cookies"], be one of ["activeTab"], be one of ["scripting"], or be one of ["webRequest", "
09-20 10:44:12.457 I/GeckoConsole(26660): 1758336252457	addons.webextension.uBlock0@raymondhill.net	WARN	Loading extension 'uBlock0@raymondhill.net': Reading manifest: Warning processing commands: An unexpected property was found in the WebExtension manifest.
09-20 10:44:12.468 D/ServiceAllocator(26660): org.mozilla.gecko.process.GeckoChildProcessServices$tab3 updateBindings: IDLE priority, 6 importance, 1 successful binds, 0 failed binds, 2 successful unbinds
09-20 10:44:12.472 D/ServiceAllocator(26660): org.mozilla.gecko.process.GeckoChildProcessServices$tab26 updateBindings: IDLE priority, 6 importance, 1 successful binds, 0 failed binds, 2 successful unbinds
09-20 10:44:12.473 I/ServiceChildProcess(26716): Destroying GeckoServiceChildProcess
09-20 10:44:12.473 I/w.browser:tab2(26716): System.exit called, status: 0
09-20 10:44:12.473 I/AndroidRuntime(26716): VM exiting with result code 0, cleanup skipped.
09-20 10:44:12.482 I/Gecko   (26893): [GFX1-]: Failed to connect WebRenderBridgeChild. isParent=false
09-20 10:44:12.483 I/Zygote  (19955): Process 26716 exited cleanly (0)
09-20 10:44:12.486 I/libprocessgroup(20024): Successfully killed process cgroup uid 10086 pid 26716 in 0ms
09-20 10:44:12.487 I/ActivityManager(20024): Process com.neew.browser:tab26 (pid 26716) has died: fg  SVC 
09-20 10:44:12.493 W/GeckoEventDispatcher(26660): No listener for GeckoView:BrowserAction:Update
09-20 10:44:12.500 I/MemoryController(26753): onTrimMemory(5)
09-20 10:44:12.500 I/Gecko   (26660): [Parent 26660, IPC I/O Parent] WARNING: waitid failed pid:26716 errno:10: file /builds/worker/checkouts/gecko/ipc/chromium/src/base/process_util_posix.cc:314
09-20 10:44:12.501 I/MemoryController(26893): onTrimMemory(40)
09-20 10:44:12.510 I/Finsky:background(22722): [2] Memory trim requested to level 60
09-20 10:44:12.510 I/MemoryController(26660): onTrimMemory(5)
09-20 10:44:12.514 W/EntityManagerImpl(25277): Memory trim level 40, clearing (all) 0 entities
09-20 10:44:12.514 W/BackgroundControllerHea(25277): Memory trim level 40, clearing 0 preloads
09-20 10:44:12.515 I/Finsky  (24485): [2] Memory trim requested to level 40
09-20 10:44:12.517 I/Finsky  (24485): [2] Flushing in-memory image cache
09-20 10:44:12.526 D/CompatibilityChangeReporter(20024): Compat change id reported: 135634846; UID 10086; state: DISABLED
09-20 10:44:12.526 D/CompatibilityChangeReporter(20024): Compat change id reported: 177438394; UID 10086; state: DISABLED
