09-20 10:05:24.674 E/AppOpService(  624): 	at com.android.server.policy.PermissionPolicyService.$r8$lambda$g9YhLNd1OZQfuSCyT_yO-G8mZv0(PermissionPolicyService.java:0)
09-20 10:05:24.674 E/AppOpService(  624): 	at com.android.server.policy.PermissionPolicyService$$ExternalSyntheticLambda4.accept(R8$$SyntheticClass:0)
09-20 10:05:24.674 E/AppOpService(  624): 	at com.android.internal.util.function.pooled.PooledLambdaImpl.doInvoke(PooledLambdaImpl.java:281)
09-20 10:05:24.674 E/AppOpService(  624): 	at com.android.internal.util.function.pooled.PooledLambdaImpl.invoke(PooledLambdaImpl.java:204)
09-20 10:05:24.674 E/AppOpService(  624): 	at com.android.internal.util.function.pooled.OmniFunction.run(OmniFunction.java:87)
09-20 10:05:24.674 E/AppOpService(  624): 	at android.os.Handler.handleCallback(Handler.java:995)
09-20 10:05:24.674 E/AppOpService(  624): 	at android.os.Handler.dispatchMessage(Handler.java:103)
09-20 10:05:24.674 E/AppOpService(  624): 	at android.os.Looper.loopOnce(Looper.java:248)
09-20 10:05:24.674 E/AppOpService(  624): 	at android.os.Looper.loop(Looper.java:338)
09-20 10:05:24.674 E/AppOpService(  624): 	at android.os.HandlerThread.run(HandlerThread.java:85)
09-20 10:05:24.674 E/AppOpService(  624): 	at com.android.server.ServiceThread.run(ServiceThread.java:49)
09-20 10:05:24.674 E/AppOpService(  624): Blocked setUidMode call for runtime permission app op: uid = 10221, code = READ_MEDIA_VIDEO, mode = ignore, callingUid = 1000, oldMode = allow
09-20 10:05:24.674 E/AppOpService(  624): java.lang.RuntimeException
09-20 10:05:24.674 E/AppOpService(  624): 	at com.android.server.permission.access.appop.AppOpService.setUidMode(AppOpService.kt:272)
09-20 10:05:24.674 E/AppOpService(  624): 	at com.android.server.appop.AppOpsCheckingServiceTracingDecorator.setUidMode(AppOpsCheckingServiceTracingDecorator.java:120)
09-20 10:05:24.674 E/AppOpService(  624): 	at com.android.server.appop.AppOpsService.setUidMode(AppOpsService.java:2182)
09-20 10:05:24.674 E/AppOpService(  624): 	at com.android.server.appop.AppOpsService.-$$Nest$msetUidMode(AppOpsService.java:0)
09-20 10:05:24.674 E/AppOpService(  624): 	at com.android.server.appop.AppOpsService$AppOpsManagerInternalImpl.setUidModeFromPermissionPolicy(AppOpsService.java:7512)
09-20 10:05:24.674 E/AppOpService(  624): 	at com.android.server.policy.PermissionPolicyService$PermissionToOpSynchroniser.setUidMode(PermissionPolicyService.java:1109)
09-20 10:05:24.674 E/AppOpService(  624): 	at com.android.server.policy.PermissionPolicyService$PermissionToOpSynchroniser.setUidModeIgnored(PermissionPolicyService.java:1087)
09-20 10:05:24.674 E/AppOpService(  624): 	at com.android.server.policy.PermissionPolicyService$PermissionToOpSynchroniser.syncPackages(PermissionPolicyService.java:895)
09-20 10:05:24.674 E/AppOpService(  624): 	at com.android.server.policy.PermissionPolicyService$PermissionToOpSynchroniser.-$$Nest$msyncPackages(PermissionPolicyService.java:0)
09-20 10:05:24.674 E/AppOpService(  624): 	at com.android.server.policy.PermissionPolicyService.synchronizeUidPermissionsAndAppOps(PermissionPolicyService.java:687)
09-20 10:05:24.674 E/AppOpService(  624): 	at com.android.server.policy.PermissionPolicyService.$r8$lambda$g9YhLNd1OZQfuSCyT_yO-G8mZv0(PermissionPolicyService.java:0)
09-20 10:05:24.674 E/AppOpService(  624): 	at com.android.server.policy.PermissionPolicyService$$ExternalSyntheticLambda4.accept(R8$$SyntheticClass:0)
09-20 10:05:24.674 E/AppOpService(  624): 	at com.android.internal.util.function.pooled.PooledLambdaImpl.doInvoke(PooledLambdaImpl.java:281)
09-20 10:05:24.674 E/AppOpService(  624): 	at com.android.internal.util.function.pooled.PooledLambdaImpl.invoke(PooledLambdaImpl.java:204)
09-20 10:05:24.674 E/AppOpService(  624): 	at com.android.internal.util.function.pooled.OmniFunction.run(OmniFunction.java:87)
09-20 10:05:24.674 E/AppOpService(  624): 	at android.os.Handler.handleCallback(Handler.java:995)
09-20 10:05:24.674 E/AppOpService(  624): 	at android.os.Handler.dispatchMessage(Handler.java:103)
09-20 10:05:24.674 E/AppOpService(  624): 	at android.os.Looper.loopOnce(Looper.java:248)
09-20 10:05:24.674 E/AppOpService(  624): 	at android.os.Looper.loop(Looper.java:338)
09-20 10:05:24.674 E/AppOpService(  624): 	at android.os.HandlerThread.run(HandlerThread.java:85)
09-20 10:05:24.674 E/AppOpService(  624): 	at com.android.server.ServiceThread.run(ServiceThread.java:49)
09-20 10:05:24.674 E/AppOpService(  624): Blocked setUidMode call for runtime permission app op: uid = 10221, code = READ_MEDIA_IMAGES, mode = ignore, callingUid = 1000, oldMode = allow
09-20 10:05:24.674 E/AppOpService(  624): java.lang.RuntimeException
09-20 10:05:24.674 E/AppOpService(  624): 	at com.android.server.permission.access.appop.AppOpService.setUidMode(AppOpService.kt:272)
09-20 10:05:24.674 E/AppOpService(  624): 	at com.android.server.appop.AppOpsCheckingServiceTracingDecorator.setUidMode(AppOpsCheckingServiceTracingDecorator.java:120)
09-20 10:05:24.674 E/AppOpService(  624): 	at com.android.server.appop.AppOpsService.setUidMode(AppOpsService.java:2182)
09-20 10:05:24.674 E/AppOpService(  624): 	at com.android.server.appop.AppOpsService.-$$Nest$msetUidMode(AppOpsService.java:0)
09-20 10:05:24.674 E/AppOpService(  624): 	at com.android.server.appop.AppOpsService$AppOpsManagerInternalImpl.setUidModeFromPermissionPolicy(AppOpsService.java:7512)
09-20 10:05:24.674 E/AppOpService(  624): 	at com.android.server.policy.PermissionPolicyService$PermissionToOpSynchroniser.setUidMode(PermissionPolicyService.java:1109)
09-20 10:05:24.674 E/AppOpService(  624): 	at com.android.server.policy.PermissionPolicyService$PermissionToOpSynchroniser.setUidModeIgnored(PermissionPolicyService.java:1087)
09-20 10:05:24.674 E/AppOpService(  624): 	at com.android.server.policy.PermissionPolicyService$PermissionToOpSynchroniser.syncPackages(PermissionPolicyService.java:895)
09-20 10:05:24.674 E/AppOpService(  624): 	at com.android.server.policy.PermissionPolicyService$PermissionToOpSynchroniser.-$$Nest$msyncPackages(PermissionPolicyService.java:0)
09-20 10:05:24.674 E/AppOpService(  624): 	at com.android.server.policy.PermissionPolicyService.synchronizeUidPermissionsAndAppOps(PermissionPolicyService.java:687)
09-20 10:05:24.674 E/AppOpService(  624): 	at com.android.server.policy.PermissionPolicyService.$r8$lambda$g9YhLNd1OZQfuSCyT_yO-G8mZv0(PermissionPolicyService.java:0)
09-20 10:05:24.674 E/AppOpService(  624): 	at com.android.server.policy.PermissionPolicyService$$ExternalSyntheticLambda4.accept(R8$$SyntheticClass:0)
09-20 10:05:24.674 E/AppOpService(  624): 	at com.android.internal.util.function.pooled.PooledLambdaImpl.doInvoke(PooledLambdaImpl.java:281)
09-20 10:05:24.674 E/AppOpService(  624): 	at com.android.internal.util.function.pooled.PooledLambdaImpl.invoke(PooledLambdaImpl.java:204)
09-20 10:05:24.674 E/AppOpService(  624): 	at com.android.internal.util.function.pooled.OmniFunction.run(OmniFunction.java:87)
09-20 10:05:24.674 E/AppOpService(  624): 	at android.os.Handler.handleCallback(Handler.java:995)
09-20 10:05:24.674 E/AppOpService(  624): 	at android.os.Handler.dispatchMessage(Handler.java:103)
09-20 10:05:24.674 E/AppOpService(  624): 	at android.os.Looper.loopOnce(Looper.java:248)
09-20 10:05:24.674 E/AppOpService(  624): 	at android.os.Looper.loop(Looper.java:338)
09-20 10:05:24.674 E/AppOpService(  624): 	at android.os.HandlerThread.run(HandlerThread.java:85)
09-20 10:05:24.674 E/AppOpService(  624): 	at com.android.server.ServiceThread.run(ServiceThread.java:49)
09-20 10:05:24.674 E/AppOpService(  624): Blocked setUidMode call for runtime permission app op: uid = 10221, code = READ_MEDIA_VISUAL_USER_SELECTED, mode = ignore, callingUid = 1000, oldMode = allow
09-20 10:05:24.674 E/AppOpService(  624): java.lang.RuntimeException
09-20 10:05:24.674 E/AppOpService(  624): 	at com.android.server.permission.access.appop.AppOpService.setUidMode(AppOpService.kt:272)
09-20 10:05:24.674 E/AppOpService(  624): 	at com.android.server.appop.AppOpsCheckingServiceTracingDecorator.setUidMode(AppOpsCheckingServiceTracingDecorator.java:120)
09-20 10:05:24.674 E/AppOpService(  624): 	at com.android.server.appop.AppOpsService.setUidMode(AppOpsService.java:2182)
09-20 10:05:24.674 E/AppOpService(  624): 	at com.android.server.appop.AppOpsService.-$$Nest$msetUidMode(AppOpsService.java:0)
09-20 10:05:24.674 E/AppOpService(  624): 	at com.android.server.appop.AppOpsService$AppOpsManagerInternalImpl.setUidModeFromPermissionPolicy(AppOpsService.java:7512)
09-20 10:05:24.674 E/AppOpService(  624): 	at com.android.server.policy.PermissionPolicyService$PermissionToOpSynchroniser.setUidMode(PermissionPolicyService.java:1109)
09-20 10:05:24.674 E/AppOpService(  624): 	at com.android.server.policy.PermissionPolicyService$PermissionToOpSynchroniser.setUidModeIgnored(PermissionPolicyService.java:1087)
09-20 10:05:24.674 E/AppOpService(  624): 	at com.android.server.policy.PermissionPolicyService$PermissionToOpSynchroniser.syncPackages(PermissionPolicyService.java:895)
09-20 10:05:24.674 E/AppOpService(  624): 	at com.android.server.policy.PermissionPolicyService$PermissionToOpSynchroniser.-$$Nest$msyncPackages(PermissionPolicyService.java:0)
09-20 10:05:24.674 E/AppOpService(  624): 	at com.android.server.policy.PermissionPolicyService.synchronizeUidPermissionsAndAppOps(PermissionPolicyService.java:687)
09-20 10:05:24.674 E/AppOpService(  624): 	at com.android.server.policy.PermissionPolicyService.$r8$lambda$g9YhLNd1OZQfuSCyT_yO-G8mZv0(PermissionPolicyService.java:0)
09-20 10:05:24.674 E/AppOpService(  624): 	at com.android.server.policy.PermissionPolicyService$$ExternalSyntheticLambda4.accept(R8$$SyntheticClass:0)
09-20 10:05:24.674 E/AppOpService(  624): 	at com.android.internal.util.function.pooled.PooledLambdaImpl.doInvoke(PooledLambdaImpl.java:281)
09-20 10:05:24.674 E/AppOpService(  624): 	at com.android.internal.util.function.pooled.PooledLambdaImpl.invoke(PooledLambdaImpl.java:204)
09-20 10:05:24.674 E/AppOpService(  624): 	at com.android.internal.util.function.pooled.OmniFunction.run(OmniFunction.java:87)
09-20 10:05:24.674 E/AppOpService(  624): 	at android.os.Handler.handleCallback(Handler.java:995)
09-20 10:05:24.674 E/AppOpService(  624): 	at android.os.Handler.dispatchMessage(Handler.java:103)
09-20 10:05:24.674 E/AppOpService(  624): 	at android.os.Looper.loopOnce(Looper.java:248)
09-20 10:05:24.674 E/AppOpService(  624): 	at android.os.Looper.loop(Looper.java:338)
09-20 10:05:24.674 E/AppOpService(  624): 	at android.os.HandlerThread.run(HandlerThread.java:85)
09-20 10:05:24.674 E/AppOpService(  624): 	at com.android.server.ServiceThread.run(ServiceThread.java:49)
09-20 10:05:24.674 W/Looper  (  624): Slow dispatch took 101ms android.fg app=system_server main=false group=FOREGROUND h=android.os.Handler c=<recycled PooledLambda@6379858> m=0
09-20 10:05:24.682 D/MediaGrants( 1428): Removed 0 media_grants for 0 user for [androidx.test.services]. Reason: Mode changed: android:read_external_storage
09-20 10:05:24.682 W/AppOpService(  624): Ignored setUidMode call for runtime permission app op: uid = 1001, code = READ_SMS, mode = allow, callingUid = 1001, oldMode = allow
09-20 10:05:24.683 I/Auth    ( 4867): (REDACTED) [SupervisedAccountIntentOperationV2] onHandleIntent: %s
09-20 10:05:24.683 I/Dck     ( 4867): (REDACTED) disableDckSupport: %s
09-20 10:05:24.683 W/Dck     ( 4867): [WirelessCapabilitiesFeatures] wccSysProp: 0 [CONTEXT service_id=289 ]
09-20 10:05:24.683 I/Dck     ( 4867): [WirelessCapabilitiesFeatures] wccMendel: 3 [CONTEXT service_id=289 ]
09-20 10:05:24.683 I/Dck     ( 4867): [WirelessCapabilitiesFeatures] deviceWccOverride: false [CONTEXT service_id=289 ]
09-20 10:05:24.683 I/Dck     ( 4867): [WirelessCapabilitiesFeatures] replaceSupportedWccWithWccOverride: true [CONTEXT service_id=289 ]
09-20 10:05:24.683 I/Dck     ( 4867): [WirelessCapabilitiesFeatures] wccOverride: not set [CONTEXT service_id=289 ]
09-20 10:05:24.683 I/Dck     ( 4867): (REDACTED) [WirelessCapabilitiesFeatures] wcc: %s
09-20 10:05:24.683 I/Dck     ( 4867): Dck module condition - hasWccSupport: false [CONTEXT service_id=289 ]
09-20 10:05:24.683 I/Dck     ( 4867): Dck module condition - downloadAllowed: false [CONTEXT service_id=289 ]
09-20 10:05:24.683 W/Dck     ( 4867): Dck module not eligible for asynchronous downloading [CONTEXT service_id=289 ]
09-20 10:05:24.684 D/MediaGrants( 1428): Removed 0 media_grants for 0 user for [androidx.test.services]. Reason: Mode changed: android:read_external_storage
09-20 10:05:24.686 D/MediaGrants( 1428): Removed 0 media_grants for 0 user for [androidx.test.services]. Reason: Mode changed: android:read_external_storage
09-20 10:05:24.687 I/Blockstore( 4867): (REDACTED) [DataStoreImpl] Clearing Blockstore Data for package %s
09-20 10:05:24.690 I/Blockstore( 4867): [DataStoreImpl] Keyless data not found or its IsLastInstallationData = false. [CONTEXT service_id=258 ]
09-20 10:05:24.691 I/NearbyDiscovery( 4867): (REDACTED) processGrantSlicePermission: %s
09-20 10:05:24.692 D/BackupManagerService(  624): [UserID:0] restoreAtInstall pkg=androidx.test.services token=8 restoreSet=0
09-20 10:05:24.692 D/BackupManagerService(  624): [UserID:0] Finishing install immediately
09-20 10:05:24.692 I/PackageManager(  624): installation completed for package:androidx.test.services. Final code path: /data/app/~~AtBmR_ejS9LYimYRBtEP_A==/androidx.test.services-Be7M2HmYoajvYV2aGgVY2w==
09-20 10:05:24.696 D/BackgroundInstallControlService(  624): Package event received: 1
09-20 10:05:24.699 W/AppOpService(  624): Ignored setUidMode call for runtime permission app op: uid = 1001, code = RECEIVE_SMS, mode = allow, callingUid = 1001, oldMode = allow
09-20 10:05:24.703 W/AppOpService(  624): Ignored setUidMode call for runtime permission app op: uid = 1001, code = RECEIVE_WAP_PUSH, mode = allow, callingUid = 1001, oldMode = allow
09-20 10:05:24.711 I/Icing   ( 4867): IndexChimeraService.getServiceInterface callingPackage=com.google.android.gms componentName=AppsCorpus serviceId=36
09-20 10:05:24.716 I/Fitness ( 1234): (REDACTED) OnPackageChangedOperation got intent: %s
09-20 10:05:24.716 W/AppOpService(  624): Ignored setUidMode call for runtime permission app op: uid = 1001, code = SEND_SMS, mode = allow, callingUid = 1001, oldMode = allow
09-20 10:05:24.717 W/AppOpService(  624): Ignored setUidMode call for runtime permission app op: uid = 1001, code = READ_CELL_BROADCASTS, mode = allow, callingUid = 1001, oldMode = allow
09-20 10:05:24.718 D/PackageInstallerSession(  624): Marking session 656088095 as applied
09-20 10:05:24.723 D/BoundBrokerSvc( 4867): onBind: Intent { act=com.google.android.gms.feedback.internal.IFeedbackService dat=chimera-action:/... xflg=0x4 cmp=com.google.android.gms/.chimera.GmsBoundBrokerService }
09-20 10:05:24.723 D/BoundBrokerSvc( 4867): Loading bound service for intent: Intent { act=com.google.android.gms.feedback.internal.IFeedbackService dat=chimera-action:/... xflg=0x4 cmp=com.google.android.gms/.chimera.GmsBoundBrokerService }
09-20 10:05:24.737 I/ProximityAuth( 1234): [RecentAppsMediator] Package added: (user=UserHandle{0}) androidx.test.orchestrator
09-20 10:05:24.737 I/FontLog ( 1234): (REDACTED) Package %s has no metadata
09-20 10:05:24.743 W/GCM     ( 1234): Unexpected forwarded intent: Intent { act=android.intent.action.PACKAGE_ADDED dat=package: flg=0x4000010 pkg=com.google.android.gms cmp=com.google.android.gms/.chimera.PersistentIntentOperationService (has extras) }
09-20 10:05:24.744 W/NetworkScheduler( 1234): Unexpected forwarded intent: Intent { act=android.intent.action.PACKAGE_ADDED dat=package: flg=0x4000010 pkg=com.google.android.gms cmp=com.google.android.gms/.chimera.PersistentIntentOperationService (has extras) }
09-20 10:05:24.739 W/binder:624_6(  624): type=1400 audit(0.0:650): avc:  denied  { getopt } for  scontext=u:r:system_server:s0 tcontext=u:r:shell:s0 tclass=unix_stream_socket permissive=0
09-20 10:05:24.739 W/binder:624_6(  624): type=1400 audit(0.0:651): avc:  denied  { getopt } for  scontext=u:r:system_server:s0 tcontext=u:r:shell:s0 tclass=unix_stream_socket permissive=0
09-20 10:05:24.739 W/binder:624_6(  624): type=1400 audit(0.0:652): avc:  denied  { getopt } for  scontext=u:r:system_server:s0 tcontext=u:r:shell:s0 tclass=unix_stream_socket permissive=0
09-20 10:05:24.754 I/ogle.android.as( 1442): AssetManager2(0xb400007828f03538) locale list changing from [] to [en-US]
09-20 10:05:24.758 D/SessionCommitReceiver( 1050): Removing unneeded PromiseIcon for package: androidx.test.services, install reason: 0, alreadyAddedPromiseIcon: false
09-20 10:05:24.768 I/abb     ( 5678): StartCommandInProcess(7061636b61676500696e7374616c6c2d package.install- [truncated])
09-20 10:05:24.782 D/InstallDependencyHelper(  624): Session complete for 656088095
09-20 10:05:24.782 D/ImsResolver( 1038): maybeAddedImsService, packageName: androidx.test.orchestrator
09-20 10:05:24.782 V/ImsResolver( 1038): searchForImsServices: package=androidx.test.orchestrator, users=[UserHandle{0}]
09-20 10:05:24.783 W/SignedPackage(  624): Package doesn't have required signing certificate: com.google.android.retaildemo
09-20 10:05:24.783 E/RoleControllerServiceImpl(  624): Default/fallback role holder package doesn't qualify for the role, package: com.google.android.gms.supervision, role: android.app.role.SYSTEM_SUPERVISION
09-20 10:05:24.784 W/SignedPackage(  624): Package doesn't have required signing certificate: com.google.android.apps.work.clouddpc
09-20 10:05:24.790 V/ImsResolver( 1038): searchForImsServices: package=androidx.test.orchestrator, users=[UserHandle{0}]
09-20 10:05:24.798 W/VvmPkgInstalledRcvr( 1038): carrierVvmPkgAdded: carrier vvm packages doesn't contain androidx.test.orchestrator
09-20 10:05:24.802 D/CarrierSvcBindHelper( 1038): onPackageModified: androidx.test.orchestrator
09-20 10:05:24.805 I/Fitness ( 1234): (REDACTED) FitCleanupIntentOperation received Intent %s
09-20 10:05:24.808 I/SatelliteAppTracker( 1038): onPackageAdded : androidx.test.services
09-20 10:05:24.810 D/CarrierSvcBindHelper( 1038): No carrier app for: 0
09-20 10:05:24.812 D/ShortcutService(  624): received package broadcast intent: Intent { act=android.intent.action.PACKAGE_ADDED dat=package: flg=0x4000010 (has extras) }
09-20 10:05:24.814 D/ShortcutService(  624): adding package: androidx.test.services userId=0
09-20 10:05:24.817 D/ControlsListingControllerImpl(  893): ServiceConfig reloaded, count: 0
09-20 10:05:24.818 I/SdkSandboxManager(  624): No SDKs used. Skipping SDK data reconcilation for CallingInfo{mUid=10221, mPackageName='androidx.test.services, mAppProcessToken='null'}
09-20 10:05:24.823 E/AppOps  (  624): attributionTag VCN not declared in manifest of android
09-20 10:05:24.819 W/binder:624_1A(  624): type=1400 audit(0.0:653): avc:  denied  { getopt } for  scontext=u:r:system_server:s0 tcontext=u:r:shell:s0 tclass=unix_stream_socket permissive=0
09-20 10:05:24.819 W/binder:624_1A(  624): type=1400 audit(0.0:654): avc:  denied  { getopt } for  scontext=u:r:system_server:s0 tcontext=u:r:shell:s0 tclass=unix_stream_socket permissive=0
09-20 10:05:24.827 D/AppSearchAppsIndexerManagerS(  624): userid in package receiver: 10221
09-20 10:05:24.829 D/TransparencyService(  624): Not an update. Skipping...
09-20 10:05:24.829 E/SmsApplication( 1038): com.google.android.apps.messaging lost android:read_cell_broadcasts:  (fixing)
09-20 10:05:24.832 I/PermissionControllerServiceImpl( 1067): Updating user sensitive for uid 10221
09-20 10:05:24.833 E/AppOps  (  624): attributionTag VCN not declared in manifest of android
09-20 10:05:24.834 W/AppOpService(  624): Ignored setUidMode call for runtime permission app op: uid = 10146, code = READ_CELL_BROADCASTS, mode = allow, callingUid = 1001, oldMode = allow
09-20 10:05:24.836 W/AppOpService(  624): Ignored setUidMode call for runtime permission app op: uid = 1001, code = READ_SMS, mode = allow, callingUid = 1001, oldMode = allow
09-20 10:05:24.837 W/AppOpService(  624): Ignored setUidMode call for runtime permission app op: uid = 1001, code = RECEIVE_SMS, mode = allow, callingUid = 1001, oldMode = allow
09-20 10:05:24.838 I/abb     ( 5678): StartCommandInProcess(7061636b61676500696e7374616c6c2d package.install- [truncated])
09-20 10:05:24.838 W/AppOpService(  624): Ignored setUidMode call for runtime permission app op: uid = 1001, code = RECEIVE_WAP_PUSH, mode = allow, callingUid = 1001, oldMode = allow
09-20 10:05:24.839 W/AppOpService(  624): Ignored setUidMode call for runtime permission app op: uid = 1001, code = SEND_SMS, mode = allow, callingUid = 1001, oldMode = allow
09-20 10:05:24.840 W/AppOpService(  624): Ignored setUidMode call for runtime permission app op: uid = 1001, code = READ_CELL_BROADCASTS, mode = allow, callingUid = 1001, oldMode = allow
09-20 10:05:24.845 D/BackgroundInstallControlService(  624): Package event received: 0
09-20 10:05:24.851 D/BackupManagerConstants(  624): getFullBackupIntervalMilliseconds(...) returns 86400000
09-20 10:05:24.852 D/BackupManagerConstants(  624): getFullBackupRequiredNetworkType(...) returns 2
09-20 10:05:24.852 D/BackupManagerConstants(  624): getFullBackupRequireCharging(...) returns true
09-20 10:05:24.865 D/NativePermissionController(  478): updatePackagesForUid, UidPackageState{uid: 10221, packageNames: [androidx.test.services]}
09-20 10:05:24.871 D/ImsResolver( 1038): maybeAddedImsService, packageName: androidx.test.orchestrator
09-20 10:05:24.871 V/ImsResolver( 1038): searchForImsServices: package=androidx.test.orchestrator, users=[UserHandle{0}]
09-20 10:05:24.878 V/ImsResolver( 1038): searchForImsServices: package=androidx.test.orchestrator, users=[UserHandle{0}]
09-20 10:05:24.886 I/SafetyLabelChangedBroadcastReceiver( 1067): received broadcast packageName: androidx.test.services, current user: UserHandle{0}, packageChangeEvent: NEW_INSTALL, intent user: UserHandle{0}
09-20 10:05:24.889 D/ShortcutService(  624): received package broadcast intent: Intent { act=android.intent.action.PACKAGE_CHANGED dat=package: flg=0x5000010 (has extras) }
09-20 10:05:24.890 D/ShortcutService(  624): changing package: androidx.test.services userId=0
09-20 10:05:24.897 E/RoleControllerServiceImpl(  624): Default/fallback role holder package doesn't qualify for the role, package: com.google.android.gms, role: android.app.role.WALLET
09-20 10:05:24.898 I/abb     ( 5678): StartCommandInProcess(7061636b61676500696e7374616c6c2d package.install- [truncated])
09-20 10:05:24.901 I/Finsky  ( 4469): [2] Memory trim requested to level 40
09-20 10:05:24.901 I/Finsky  ( 4469): [2] Flushing in-memory image cache
09-20 10:05:24.901 I/Finsky  ( 4469): [2] Memory trim requested to level 40
09-20 10:05:24.901 I/Finsky  ( 4469): [2] Flushing in-memory image cache
09-20 10:05:24.902 I/Finsky  ( 4469): [2] aexe - Received: android.intent.action.PACKAGE_ADDED, [s8MULp8LMJo5p77IucGqD7SfFn7mYS8gpNnBYZqM3vc]
09-20 10:05:24.902 I/Finsky:background( 2416): [2] Memory trim requested to level 40
09-20 10:05:24.905 I/Finsky:background( 2416): [2] Memory trim requested to level 40
09-20 10:05:24.908 D/SatelliteController( 1038): packageStateChanged: package:androidx.test.orchestrator DefaultSmsPackageName:com.google.android.apps.messaging
09-20 10:05:24.908 V/SatelliteController( 1038): Neither SMS or SatelliteGateway package
09-20 10:05:24.910 I/Finsky:background( 2416): [2] aewu - Received: android.intent.action.PACKAGE_ADDED, [s8MULp8LMJo5p77IucGqD7SfFn7mYS8gpNnBYZqM3vc]
09-20 10:05:24.912 I/Finsky:background( 2416): [131] Wrote row to frosting DB: 574
09-20 10:05:24.912 I/SatelliteAppTracker( 1038): onPackageModified : androidx.test.services
09-20 10:05:24.915 I/Fitness ( 1234): (REDACTED) OnPackageChangedOperation got intent: %s
09-20 10:05:24.916 I/Finsky  ( 4469): [2] Clearing split related stale data.
09-20 10:05:24.919 I/Finsky  ( 4469): [2] Do not start WearSupportService due to Wear service optimization
09-20 10:05:24.922 I/PermissionControllerServiceImpl( 1067): Updating user sensitive for uid 10221
09-20 10:05:24.928 D/ControlsListingControllerImpl(  893): ServiceConfig reloaded, count: 0
09-20 10:05:24.928 I/Finsky:background( 2416): [2] aewu - Received: android.intent.action.PACKAGE_CHANGED, [s8MULp8LMJo5p77IucGqD7SfFn7mYS8gpNnBYZqM3vc]
09-20 10:05:24.929 I/Finsky:background( 2416): [131] Wrote row to frosting DB: 575
09-20 10:05:24.932 E/SmsApplication( 1038): com.google.android.apps.messaging lost android:read_cell_broadcasts:  (fixing)
09-20 10:05:24.933 I/Finsky  ( 4469): [2] DTU: Received onPackageAdded, replacing: false
09-20 10:05:24.938 I/Finsky  ( 4469): [207] [ContentSync] finished, scheduled=false
09-20 10:05:24.940 I/Finsky  ( 4469): [61] AIM: AppInfoManager-Perf > OnDeviceAppInfo > cacheHitCount=0, cacheMissCount=1. Missed  in cache (limit 10) : [androidx.test.services]
09-20 10:05:24.947 I/Finsky:background( 2416): [52] RECEIVER_PACKAGE_MONITOR_BACKGROUND#logWorkEndAndFinishGoAsync: SUCCESS
09-20 10:05:24.952 I/Finsky  ( 4469): [2] aexe - Received: android.intent.action.PACKAGE_CHANGED, [s8MULp8LMJo5p77IucGqD7SfFn7mYS8gpNnBYZqM3vc]
09-20 10:05:24.952 I/Finsky  ( 4469): [74] AIM: Got app ownership map. App counts: . Unique apps: 0
09-20 10:05:24.952 E/Finsky  ( 4469): [74] [Counters] attempted to use a non-positive increment for: 4752
09-20 10:05:24.952 E/Finsky  ( 4469): [74] [Counters] attempted to use a non-positive increment for: 4753
09-20 10:05:24.959 I/Finsky:background( 2416): [131] Wrote row to frosting DB: 576
09-20 10:05:24.966 I/Finsky  ( 4469): [74] AIM: AppInfoManager-Perf > ItemModel > CacheSize=0, cacheHitCount=0, cacheMissCount=1, total appsWithNoServerDataCount=0. Missed  in cache (limit 10) : [androidx.test.services]
09-20 10:05:24.966 I/Finsky  ( 4469): [74] AIM: AppInfoManager-Perf > ItemModel > ItemStore Called 1 apps cacheOptions = USE_CACHE
09-20 10:05:24.966 I/Finsky  ( 4469): [74] AIM: ItemModel fetch - unauth(1), auth()
09-20 10:05:24.971 I/Finsky  ( 4469): [77] AIM: AppInfoManager-Perf > OnDeviceAppInfo > cacheHitCount=0, cacheMissCount=1. Missed  in cache (limit 10) : [androidx.test.services]
09-20 10:05:24.971 I/Finsky  ( 4469): [77] AIM: Got app ownership map. App counts: . Unique apps: 0
09-20 10:05:24.971 E/Finsky  ( 4469): [77] [Counters] attempted to use a non-positive increment for: 4752
09-20 10:05:24.971 E/Finsky  ( 4469): [77] [Counters] attempted to use a non-positive increment for: 4753
09-20 10:05:24.976 I/Finsky  ( 4469): [74] ItemStore: Not cached: androidx.test.services
09-20 10:05:24.978 I/Finsky  ( 4469): [51] RECEIVER_PACKAGE_MONITOR#logWorkEndAndFinishGoAsync: SUCCESS
09-20 10:05:24.980 I/Finsky:background( 2416): [131] Wrote row to frosting DB: 577
09-20 10:05:24.985 E/Finsky  ( 4469): [77] ItemStore: getItems RPC failed for item androidx.test.orchestrator
09-20 10:05:24.993 E/Finsky  ( 4469): [61] ItemStore: getItems RPC failed for item androidx.test.orchestrator
09-20 10:05:24.993 I/Finsky  ( 4469): [61] AIM: AppInfoManager-Perf > ItemModel > CacheSize=0, cacheHitCount=0, cacheMissCount=1, total appsWithNoServerDataCount=0. Missed  in cache (limit 10) : [androidx.test.services]
09-20 10:05:24.993 I/Finsky  ( 4469): [61] AIM: AppInfoManager-Perf > ItemModel > ItemStore Called 1 apps cacheOptions = USE_CACHE
09-20 10:05:24.993 I/Finsky  ( 4469): [61] AIM: ItemModel fetch - unauth(1), auth()
09-20 10:05:24.993 I/Finsky  ( 4469): [61] ItemStore: Not cached: androidx.test.services
09-20 10:05:25.001 D/AppSearchAppsIndexerManagerS(  624): userid in package receiver: 10221
09-20 10:05:25.002 W/Looper  (  624): Slow dispatch took 100ms main app=system_server main=true group=FOREGROUND h=android.app.ActivityThread$H c=android.app.LoadedApk$ReceiverDispatcher$Args$$ExternalSyntheticLambda0@9e5c256 m=0
09-20 10:05:25.007 E/SystemServiceRegistry(  624): No service published for: persistent_data_block
09-20 10:05:25.007 E/SystemServiceRegistry(  624): android.os.ServiceManager$ServiceNotFoundException: No service published for: persistent_data_block
09-20 10:05:25.007 E/SystemServiceRegistry(  624): 	at android.os.ServiceManager.getServiceOrThrow(ServiceManager.java:203)
09-20 10:05:25.007 E/SystemServiceRegistry(  624): 	at android.app.SystemServiceRegistry$82.createService(SystemServiceRegistry.java:1110)
09-20 10:05:25.007 E/SystemServiceRegistry(  624): 	at android.app.SystemServiceRegistry$82.createService(SystemServiceRegistry.java:1107)
09-20 10:05:25.007 E/SystemServiceRegistry(  624): 	at android.app.SystemServiceRegistry$StaticServiceFetcher.getService(SystemServiceRegistry.java:2405)
09-20 10:05:25.007 E/SystemServiceRegistry(  624): 	at android.app.SystemServiceRegistry.getSystemService(SystemServiceRegistry.java:1918)
09-20 10:05:25.007 E/SystemServiceRegistry(  624): 	at android.app.ContextImpl.getSystemService(ContextImpl.java:2315)
09-20 10:05:25.007 E/SystemServiceRegistry(  624): 	at android.content.Context.getSystemService(Context.java:4630)
09-20 10:05:25.007 E/SystemServiceRegistry(  624): 	at com.android.server.pm.PackageInstallerSession.markAsSealed(PackageInstallerSession.java:2449)
09-20 10:05:25.007 E/SystemServiceRegistry(  624): 	at com.android.server.pm.PackageInstallerSession.commit(PackageInstallerSession.java:2198)
09-20 10:05:25.007 E/SystemServiceRegistry(  624): 	at android.content.pm.PackageInstaller$Session.commit(PackageInstaller.java:1988)
09-20 10:05:25.007 E/SystemServiceRegistry(  624): 	at com.android.server.pm.PackageManagerShellCommand.doCommitSession(PackageManagerShellCommand.java:4316)
09-20 10:05:25.007 E/SystemServiceRegistry(  624): 	at com.android.server.pm.PackageManagerShellCommand.runInstallCommit(PackageManagerShellCommand.java:1726)
09-20 10:05:25.007 E/SystemServiceRegistry(  624): 	at com.android.server.pm.PackageManagerShellCommand.onCommand(PackageManagerShellCommand.java:255)
09-20 10:05:25.007 E/SystemServiceRegistry(  624): 	at com.android.modules.utils.BasicShellCommandHandler.exec(BasicShellCommandHandler.java:97)
09-20 10:05:25.007 E/SystemServiceRegistry(  624): 	at android.os.ShellCommand.exec(ShellCommand.java:38)
09-20 10:05:25.007 E/SystemServiceRegistry(  624): 	at com.android.server.pm.PackageManagerService$IPackageManagerImpl.onShellCommand(PackageManagerService.java:6684)
09-20 10:05:25.007 E/SystemServiceRegistry(  624): 	at android.os.Binder.shellCommand(Binder.java:1151)
09-20 10:05:25.007 E/SystemServiceRegistry(  624): 	at android.os.Binder.onTransact(Binder.java:953)
09-20 10:05:25.007 E/SystemServiceRegistry(  624): 	at android.content.pm.IPackageManager$Stub.onTransact(IPackageManager.java:4729)
09-20 10:05:25.007 E/SystemServiceRegistry(  624): 	at com.android.server.pm.PackageManagerService$IPackageManagerImpl.onTransact(PackageManagerService.java:6668)
09-20 10:05:25.007 E/SystemServiceRegistry(  624): 	at android.os.Binder.execTransactInternal(Binder.java:1426)
09-20 10:05:25.007 E/SystemServiceRegistry(  624): 	at android.os.Binder.execTransact(Binder.java:1365)
09-20 10:05:25.009 E/SystemServiceRegistry(  624): Manager wrapper not available: persistent_data_block
09-20 10:05:25.017 I/ogle.android.as( 1442): AssetManager2(0xb400007828f4cf58) locale list changing from [] to [en-US]
09-20 10:05:25.037 I/system_server(  624): AssetManager2(0xb400007828f607d8) locale list changing from [] to [en-US]
09-20 10:05:25.040 I/ogle.android.as( 1442): AssetManager2(0xb400007828f4fe38) locale list changing from [] to [en-US]
09-20 10:05:25.041 V/SafetySourceDataValidat(  624): Package: com.android.vending has expected signature
09-20 10:05:25.041 W/AppOpService(  624): Ignored setUidMode call for runtime permission app op: uid = 10146, code = READ_CELL_BROADCASTS, mode = allow, callingUid = 1001, oldMode = allow
09-20 10:05:25.043 V/SafetySourceDataValidat(  624): Package: com.android.vending has expected signature
09-20 10:05:25.046 I/Icing   ( 4867): Usage reports ok 0, Failed Usage reports 0, indexed 0, rejected 0
09-20 10:05:25.053 D/InstallDependencyHelper(  624): No missing dependency for com.neew.browser.test
09-20 10:05:25.058 I/gle.android.gms( 4867): AssetManager2(0xb400007828ee66b8) locale list changing from [] to [en-US]
09-20 10:05:25.059 I/Fitness ( 1234): (REDACTED) FitCleanupIntentOperation received Intent %s
09-20 10:05:25.067 I/Icing   ( 4867): Indexing com.google.android.gms-apps from com.google.android.gms
09-20 10:05:25.069 W/SignedPackage(  624): Cannot get ApplicationInfo for package: com.google.android.devicelockcontroller
09-20 10:05:25.072 I/Icing   ( 4867): Indexing done com.google.android.gms-apps
09-20 10:05:25.077 I/Finsky  ( 4469): [2] Memory trim requested to level 40
09-20 10:05:25.078 I/Finsky  ( 4469): [2] Flushing in-memory image cache
09-20 10:05:25.078 I/Finsky:background( 2416): [51] RECEIVER_ENGAGE_PACKAGE_CHANGED#logWorkEndAndFinishGoAsync: SKIPPED_PRECONDITIONS_UNMET
09-20 10:05:25.078 D/BackgroundInstallControlService(  624): Package event received: 0
09-20 10:05:25.078 D/BackgroundInstallControlService(  624): Package event received: 0
09-20 10:05:25.078 W/AppOpService(  624): Ignored setUidMode call for runtime permission app op: uid = 1001, code = READ_SMS, mode = allow, callingUid = 1001, oldMode = allow
09-20 10:05:25.088 I/Finsky:background( 2416): [2] Memory trim requested to level 40
09-20 10:05:25.091 W/AppOpService(  624): Ignored setUidMode call for runtime permission app op: uid = 1001, code = RECEIVE_SMS, mode = allow, callingUid = 1001, oldMode = allow
09-20 10:05:25.091 W/AppOpService(  624): Ignored setUidMode call for runtime permission app op: uid = 1001, code = RECEIVE_WAP_PUSH, mode = allow, callingUid = 1001, oldMode = allow
09-20 10:05:25.098 W/AppOpService(  624): Ignored setUidMode call for runtime permission app op: uid = 1001, code = SEND_SMS, mode = allow, callingUid = 1001, oldMode = allow
09-20 10:05:25.099 W/AppOpService(  624): Ignored setUidMode call for runtime permission app op: uid = 1001, code = READ_CELL_BROADCASTS, mode = allow, callingUid = 1001, oldMode = allow
09-20 10:05:25.100 D/SatelliteAccessController( 1038): Current default SMS app:ComponentInfo{com.google.android.apps.messaging/com.google.android.apps.messaging.shared.receiver.SmsDeliverReceiver}
09-20 10:05:25.100 D/SatelliteController( 1038): getSelectedSatelliteSubId: subId=-1
09-20 10:05:25.103 V/Configuration(  624): Updating configuration, locales updated from [] to [en_US]
09-20 10:05:25.103 I/system_server(  624): AssetManager2(0xb400007828f60e18) locale list changing from [] to [en-US]
09-20 10:05:25.103 W/PackageParsing(  624): No actions in intent-filter at /data/app/vmdl1586442016.tmp/base.apk Binary XML file line #33
09-20 10:05:25.103 W/PackageParsing(  624): No actions in intent-filter at /data/app/vmdl1586442016.tmp/base.apk Binary XML file line #41
09-20 10:05:25.103 W/PackageParsing(  624): No actions in intent-filter at /data/app/vmdl1586442016.tmp/base.apk Binary XML file line #49
09-20 10:05:25.110 D/SatelliteAccessController( 1038): supportedMsgApps:com.google.android.apps.messaging
09-20 10:05:25.113 W/ChimeraProxyRslvr( 4867): No registered Chimera impl for com.google.android.gms.games.chimera.GamesSystemBroadcastReceiverProxy
09-20 10:05:25.114 E/ChimeraRcvrProxy( 4867): com.google.android.gms.games.chimera.GamesSystemBroadcastReceiverProxy dropping broadcast android.intent.action.PACKAGE_ADDED
09-20 10:05:25.127 D/CarrierSvcBindHelper( 1038): onPackageAdded: androidx.test.services
09-20 10:05:25.134 D/CarrierSvcBindHelper( 1038): No carrier app for: 0
09-20 10:05:25.138 I/ogle.android.as( 1442): AssetManager2(0xb400007828f50798) locale list changing from [] to [en-US]
09-20 10:05:25.140 I/Fitness ( 1234): (REDACTED) OnPackageChangedOperation got intent: %s
09-20 10:05:25.169 I/ogle.android.as( 1442): AssetManager2(0xb400007828f4bfb8) locale list changing from [] to [en-US]
09-20 10:05:25.188 I/ogle.android.as( 1442): AssetManager2(0xb400007828f4d8b8) locale list changing from [] to [en-US]
09-20 10:05:25.190 E/SmsApplication( 1038): com.google.android.apps.messaging lost android:read_cell_broadcasts:  (fixing)
09-20 10:05:25.192 W/AppOpService(  624): Ignored setUidMode call for runtime permission app op: uid = 10146, code = READ_CELL_BROADCASTS, mode = allow, callingUid = 1001, oldMode = allow
09-20 10:05:25.194 D/BackupManagerService(  624): [UserID:0] restoreAtInstall pkg=com.neew.browser.test token=9 restoreSet=0
09-20 10:05:25.194 D/BackupManagerService(  624): [UserID:0] Finishing install immediately
09-20 10:05:25.198 W/system_server(  624): Suspending all threads took: 37.057ms
09-20 10:05:25.209 I/ogle.android.as( 1442): AssetManager2(0xb400007828f4c2d8) locale list changing from [] to [en-US]
09-20 10:05:25.218 I/ogle.android.as( 1442): AssetManager2(0xb400007828f4fb18) locale list changing from [] to [en-US]
09-20 10:05:25.220 W/system_server(  624): Weak pointer dereference blocked for 18 milliseconds.
09-20 10:05:25.225 I/PackageManager(  624): installation completed for package:com.neew.browser.test. Final code path: /data/app/~~d6KXG4iPnuV4m-i2XLf8TQ==/com.neew.browser.test-2GKnAux9KPfzVUZTRlED3Q==
09-20 10:05:25.232 D/BackgroundInstallControlService(  624): Package event received: 1
09-20 10:05:25.234 W/AppOpService(  624): Ignored setUidMode call for runtime permission app op: uid = 1001, code = READ_SMS, mode = allow, callingUid = 1001, oldMode = allow
09-20 10:05:25.236 W/AppOpService(  624): Ignored setUidMode call for runtime permission app op: uid = 1001, code = RECEIVE_SMS, mode = allow, callingUid = 1001, oldMode = allow
09-20 10:05:25.236 W/AppOpService(  624): Ignored setUidMode call for runtime permission app op: uid = 1001, code = RECEIVE_WAP_PUSH, mode = allow, callingUid = 1001, oldMode = allow
09-20 10:05:25.237 W/AppOpService(  624): Ignored setUidMode call for runtime permission app op: uid = 1001, code = SEND_SMS, mode = allow, callingUid = 1001, oldMode = allow
09-20 10:05:25.238 W/AppOpService(  624): Ignored setUidMode call for runtime permission app op: uid = 1001, code = READ_CELL_BROADCASTS, mode = allow, callingUid = 1001, oldMode = allow
09-20 10:05:25.242 D/PackageInstallerSession(  624): Marking session 1586442016 as applied
09-20 10:05:25.247 I/RoleService(  624): Granting default roles...
09-20 10:05:25.251 W/SignedPackage(  624): Package doesn't have required signing certificate: com.google.android.retaildemo
09-20 10:05:25.254 D/ImsResolver( 1038): maybeAddedImsService, packageName: androidx.test.services
09-20 10:05:25.254 V/ImsResolver( 1038): searchForImsServices: package=androidx.test.services, users=[UserHandle{0}]
09-20 10:05:25.258 V/ImsResolver( 1038): searchForImsServices: package=androidx.test.services, users=[UserHandle{0}]
09-20 10:05:25.262 E/RoleControllerServiceImpl(  624): Default/fallback role holder package doesn't qualify for the role, package: com.google.android.gms.supervision, role: android.app.role.SYSTEM_SUPERVISION
09-20 10:05:25.273 W/VvmPkgInstalledRcvr( 1038): carrierVvmPkgAdded: carrier vvm packages doesn't contain androidx.test.services
09-20 10:05:25.284 I/ogle.android.as( 1442): AssetManager2(0xb400007828f523b8) locale list changing from [] to [en-US]
09-20 10:05:25.286 W/SignedPackage(  624): Package doesn't have required signing certificate: com.google.android.apps.work.clouddpc
09-20 10:05:25.315 E/Finsky  ( 4469): [74] ItemStore: getItems RPC failed for item androidx.test.services
09-20 10:05:25.315 E/Finsky  ( 4469): [74] ItemStore: getItems RPC failed for item androidx.test.services
09-20 10:05:25.340 I/ogle.android.as( 1442): AssetManager2(0xb400007828f22c58) locale list changing from [] to [en-US]
09-20 10:05:25.345 I/AiAiEcho( 1442): EchoSearch: WidgetFetcherImpl is initialized with [34] widgets [reason=package added for userId: 0]
09-20 10:05:25.349 D/CarrierSvcBindHelper( 1038): onPackageModified: androidx.test.services
09-20 10:05:25.351 D/CarrierSvcBindHelper( 1038): No carrier app for: 0
09-20 10:05:25.355 D/InstallDependencyHelper(  624): Session complete for 1586442016
09-20 10:05:25.359 D/SessionCommitReceiver( 1050): Removing unneeded PromiseIcon for package: com.neew.browser.test, install reason: 0, alreadyAddedPromiseIcon: false
09-20 10:05:25.361 I/Icing   ( 4867): Indexing com.google.android.gms-apps from com.google.android.gms
09-20 10:05:25.363 I/Fitness ( 1234): (REDACTED) FitCleanupIntentOperation received Intent %s
09-20 10:05:25.365 I/Auth    ( 4867): (REDACTED) [SupervisedAccountIntentOperationV2] onHandleIntent: %s
09-20 10:05:25.370 I/fiis    ( 1455): (REDACTED) O received %s
09-20 10:05:25.378 I/Blockstore( 4867): (REDACTED) [DataStoreImpl] Clearing Blockstore Data for package %s
09-20 10:05:25.380 I/Blockstore( 4867): [DataStoreImpl] Keyless data not found or its IsLastInstallationData = false. [CONTEXT service_id=258 ]
09-20 10:05:25.386 I/ProximityAuth( 1234): [RecentAppsMediator] Package added: (user=UserHandle{0}) androidx.test.services
09-20 10:05:25.389 I/FontLog ( 1234): (REDACTED) Package %s has no metadata
09-20 10:05:25.390 W/GCM     ( 1234): Unexpected forwarded intent: Intent { act=android.intent.action.PACKAGE_ADDED dat=package: flg=0x4000010 pkg=com.google.android.gms cmp=com.google.android.gms/.chimera.PersistentIntentOperationService (has extras) }
09-20 10:05:25.393 W/NetworkScheduler( 1234): Unexpected forwarded intent: Intent { act=android.intent.action.PACKAGE_ADDED dat=package: flg=0x4000010 pkg=com.google.android.gms cmp=com.google.android.gms/.chimera.PersistentIntentOperationService (has extras) }
09-20 10:05:25.396 E/SmsApplication( 1038): com.google.android.apps.messaging lost android:read_cell_broadcasts:  (fixing)
09-20 10:05:25.396 W/AppOpService(  624): Ignored setUidMode call for runtime permission app op: uid = 10146, code = READ_CELL_BROADCASTS, mode = allow, callingUid = 1001, oldMode = allow
09-20 10:05:25.398 W/AppOpService(  624): Ignored setUidMode call for runtime permission app op: uid = 1001, code = READ_SMS, mode = allow, callingUid = 1001, oldMode = allow
09-20 10:05:25.399 I/Icing   ( 4867): IndexChimeraService.getServiceInterface callingPackage=com.google.android.gms componentName=null serviceId=30
09-20 10:05:25.400 W/AppOpService(  624): Ignored setUidMode call for runtime permission app op: uid = 1001, code = RECEIVE_SMS, mode = allow, callingUid = 1001, oldMode = allow
09-20 10:05:25.406 W/AppOpService(  624): Ignored setUidMode call for runtime permission app op: uid = 1001, code = RECEIVE_WAP_PUSH, mode = allow, callingUid = 1001, oldMode = allow
09-20 10:05:25.406 W/AppOpService(  624): Ignored setUidMode call for runtime permission app op: uid = 1001, code = SEND_SMS, mode = allow, callingUid = 1001, oldMode = allow
09-20 10:05:25.406 W/AppOpService(  624): Ignored setUidMode call for runtime permission app op: uid = 1001, code = READ_CELL_BROADCASTS, mode = allow, callingUid = 1001, oldMode = allow
09-20 10:05:25.407 D/BackgroundInstallControlService(  624): Package event received: 0
09-20 10:05:25.423 D/SatelliteController( 1038): packageStateChanged: package:androidx.test.services DefaultSmsPackageName:com.google.android.apps.messaging
09-20 10:05:25.429 V/SatelliteController( 1038): Neither SMS or SatelliteGateway package
09-20 10:05:25.430 D/ImsResolver( 1038): maybeAddedImsService, packageName: androidx.test.services
09-20 10:05:25.430 V/ImsResolver( 1038): searchForImsServices: package=androidx.test.services, users=[UserHandle{0}]
09-20 10:05:25.432 V/ImsResolver( 1038): searchForImsServices: package=androidx.test.services, users=[UserHandle{0}]
09-20 10:05:25.441 I/system_server(  624): AssetManager2(0xb400007828f4eb78) locale list changing from [] to [en-US]
09-20 10:05:25.443 I/system_server(  624): AssetManager2(0xb400007828f51d78) locale list changing from [] to [en-US]
09-20 10:05:25.446 E/SmsApplication( 1038): com.google.android.apps.messaging lost android:read_cell_broadcasts:  (fixing)
09-20 10:05:25.447 W/AppOpService(  624): Ignored setUidMode call for runtime permission app op: uid = 10146, code = READ_CELL_BROADCASTS, mode = allow, callingUid = 1001, oldMode = allow
09-20 10:05:25.450 I/SdkSandboxManager(  624): No SDKs used. Skipping SDK data reconcilation for CallingInfo{mUid=10222, mPackageName='com.neew.browser.test, mAppProcessToken='null'}
09-20 10:05:25.452 I/SatelliteAppTracker( 1038): onPackageAdded : com.neew.browser.test
09-20 10:05:25.454 D/ControlsListingControllerImpl(  893): ServiceConfig reloaded, count: 0
09-20 10:05:25.458 D/ShortcutService(  624): received package broadcast intent: Intent { act=android.intent.action.PACKAGE_ADDED dat=package: flg=0x4000010 (has extras) }
09-20 10:05:25.460 D/ShortcutService(  624): adding package: com.neew.browser.test userId=0
09-20 10:05:25.462 D/AppSearchAppsIndexerManagerS(  624): userid in package receiver: 10222
09-20 10:05:25.464 D/NativePermissionController(  478): updatePackagesForUid, UidPackageState{uid: 10222, packageNames: [com.neew.browser.test]}
09-20 10:05:25.466 I/PermissionControllerServiceImpl( 1067): Updating user sensitive for uid 10222
09-20 10:05:25.473 D/TransparencyService(  624): Not an update. Skipping...
09-20 10:05:25.483 I/system_server(  624): AssetManager2(0xb400007828f80858) locale list changing from [] to [en-US]
09-20 10:05:25.486 D/BackupManagerConstants(  624): getFullBackupIntervalMilliseconds(...) returns 86400000
09-20 10:05:25.486 D/BackupManagerConstants(  624): getFullBackupRequiredNetworkType(...) returns 2
09-20 10:05:25.486 D/BackupManagerConstants(  624): getFullBackupRequireCharging(...) returns true
09-20 10:05:25.487 W/AppOpService(  624): Ignored setUidMode call for runtime permission app op: uid = 1001, code = READ_SMS, mode = allow, callingUid = 1001, oldMode = allow
09-20 10:05:25.488 W/AppOpService(  624): Ignored setUidMode call for runtime permission app op: uid = 1001, code = RECEIVE_SMS, mode = allow, callingUid = 1001, oldMode = allow
09-20 10:05:25.490 W/AppOpService(  624): Ignored setUidMode call for runtime permission app op: uid = 1001, code = RECEIVE_WAP_PUSH, mode = allow, callingUid = 1001, oldMode = allow
09-20 10:05:25.501 D/BackgroundInstallControlService(  624): Package event received: 0
09-20 10:05:25.508 I/SafetyLabelChangedBroadcastReceiver( 1067): received broadcast packageName: com.neew.browser.test, current user: UserHandle{0}, packageChangeEvent: NEW_INSTALL, intent user: UserHandle{0}
09-20 10:05:25.512 W/AppOpService(  624): Ignored setUidMode call for runtime permission app op: uid = 1001, code = SEND_SMS, mode = allow, callingUid = 1001, oldMode = allow
09-20 10:05:25.513 W/AppOpService(  624): Ignored setUidMode call for runtime permission app op: uid = 1001, code = READ_CELL_BROADCASTS, mode = allow, callingUid = 1001, oldMode = allow
09-20 10:05:25.515 D/SatelliteAccessController( 1038): Current default SMS app:ComponentInfo{com.google.android.apps.messaging/com.google.android.apps.messaging.shared.receiver.SmsDeliverReceiver}
09-20 10:05:25.517 D/SatelliteController( 1038): getSelectedSatelliteSubId: subId=-1
09-20 10:05:25.519 D/SatelliteAccessController( 1038): supportedMsgApps:com.google.android.apps.messaging
09-20 10:05:25.526 I/Finsky  ( 4469): [2] Memory trim requested to level 40
09-20 10:05:25.526 I/Finsky  ( 4469): [2] Flushing in-memory image cache
09-20 10:05:25.528 I/Finsky  ( 4469): [2] Memory trim requested to level 40
09-20 10:05:25.528 I/Finsky  ( 4469): [2] Flushing in-memory image cache
09-20 10:05:25.528 I/Finsky  ( 4469): [2] aexe - Received: android.intent.action.PACKAGE_ADDED, [XHydXUZzPKrNL5XKJOnw8fOCZK0L1A4M7rg7IdrXF-4]
09-20 10:05:25.535 I/Finsky  ( 4469): [2] Clearing split related stale data.
09-20 10:05:25.538 I/SatelliteAppTracker( 1038): onPackageModified : com.neew.browser.test
09-20 10:05:25.538 I/Finsky:background( 2416): [2] Memory trim requested to level 40
09-20 10:05:25.538 I/Finsky:background( 2416): [2] Memory trim requested to level 40
09-20 10:05:25.538 D/AppSearchAppsIndexerManagerS(  624): userid in package receiver: 10222
09-20 10:05:25.541 I/Finsky  ( 4469): [2] Do not start WearSupportService due to Wear service optimization
09-20 10:05:25.542 I/Finsky:background( 2416): [2] aewu - Received: android.intent.action.PACKAGE_ADDED, [XHydXUZzPKrNL5XKJOnw8fOCZK0L1A4M7rg7IdrXF-4]
09-20 10:05:25.542 I/PermissionControllerServiceImpl( 1067): Updating user sensitive for uid 10222
09-20 10:05:25.547 I/Finsky  ( 4469): [2] DTU: Received onPackageAdded, replacing: false
09-20 10:05:25.549 I/Finsky  ( 4469): [77] AIM: AppInfoManager-Perf > OnDeviceAppInfo > cacheHitCount=0, cacheMissCount=1. Missed  in cache (limit 10) : [com.neew.browser.test]
09-20 10:05:25.549 I/Finsky  ( 4469): [77] AIM: Got app ownership map. App counts: . Unique apps: 0
09-20 10:05:25.549 E/Finsky  ( 4469): [77] [Counters] attempted to use a non-positive increment for: 4752
09-20 10:05:25.549 E/Finsky  ( 4469): [77] [Counters] attempted to use a non-positive increment for: 4753
09-20 10:05:25.552 D/ControlsListingControllerImpl(  893): ServiceConfig reloaded, count: 0
09-20 10:05:25.566 D/CarrierSvcBindHelper( 1038): onPackageAdded: com.neew.browser.test
09-20 10:05:25.566 D/CarrierSvcBindHelper( 1038): No carrier app for: 0
09-20 10:05:25.568 I/Finsky  ( 4469): [2] aexe - Received: android.intent.action.PACKAGE_CHANGED, [XHydXUZzPKrNL5XKJOnw8fOCZK0L1A4M7rg7IdrXF-4]
09-20 10:05:25.568 D/ShortcutService(  624): received package broadcast intent: Intent { act=android.intent.action.PACKAGE_CHANGED dat=package: flg=0x5000010 (has extras) }
09-20 10:05:25.568 D/ShortcutService(  624): changing package: com.neew.browser.test userId=0
09-20 10:05:25.576 E/SmsApplication( 1038): com.google.android.apps.messaging lost android:read_cell_broadcasts:  (fixing)
09-20 10:05:25.576 W/AppOpService(  624): Ignored setUidMode call for runtime permission app op: uid = 10146, code = READ_CELL_BROADCASTS, mode = allow, callingUid = 1001, oldMode = allow
