08-24 20:10:17.379 I/chromium(17857): [17857:17914:INFO:setup_manager_impl.cc(2554)] SetupManagerImpl::OnConnectivityCheckFailed: Trigger Network check.
08-24 20:10:17.388 D/NetworkMonitor/100(  941): PROBE_DNS connectivitycheck.gstatic.com 4ms OK 74.125.68.94,2404:6800:4003:c02::5e
08-24 20:10:17.398 D/NetworkMonitor/100(  941): PROBE_DNS www.google.com 14ms OK 142.251.10.104,142.251.10.99,142.251.10.105,142.251.10.106,142.251.10.103,142.251.10.147,2404:6800:4003:c01::69,2404:6800:4003:c01::67,2404:6800:4003:c01::93,2404:6800:4003:c01::6a
08-24 20:10:17.404 D/NetworkMonitor/100(  941): PROBE_HTTP http://connectivitycheck.gstatic.com/generate_204 time=16ms ret=204 request={Connection=[close], User-Agent=[Mozilla/5.0 (X11; Linux x86_64) AppleWebKit/537.36 (KHTML, like Gecko) Chrome/60.0.3112.32 Safari/537.36]} headers={null=[HTTP/1.1 204 No Content], Connection=[close], Content-Length=[0], Cross-Origin-Resource-Policy=[cross-origin], Date=[Sat, 20 Sep 2025 02:17:43 GMT], X-Android-Received-Millis=[1756037417404], X-Android-Response-Source=[NETWORK 204], X-Android-Selected-Protocol=[http/1.1], X-Android-Sent-Millis=[1756037417397]}
08-24 20:10:17.413 D/NetworkMonitor/100(  941): PROBE_HTTPS https://www.google.com/generate_204 Probe failed with exception javax.net.ssl.SSLHandshakeException: Chain validation failed
08-24 20:10:17.426 D/NetworkMonitor/100(  941): PROBE_FALLBACK http://play.googleapis.com/generate_204 time=12ms ret=204 request={Connection=[close], User-Agent=[Mozilla/5.0 (X11; Linux x86_64) AppleWebKit/537.36 (KHTML, like Gecko) Chrome/60.0.3112.32 Safari/537.36]} headers={null=[HTTP/1.1 204 No Content], Connection=[close], Content-Length=[0], Cross-Origin-Resource-Policy=[cross-origin], Date=[Sat, 20 Sep 2025 02:17:44 GMT], X-Android-Received-Millis=[1756037417426], X-Android-Response-Source=[NETWORK 204], X-Android-Selected-Protocol=[http/1.1], X-Android-Sent-Millis=[1756037417420]}
08-24 20:10:17.426 D/NetworkMonitor/100(  941): isCaptivePortal: isSuccessful()=false isPortal()=false RedirectUrl=null isPartialConnectivity()=true Time=47ms
08-24 20:10:17.427 D/ConnectivityService(  508): [100 WIFI] validation failed
08-24 20:10:17.748 D/GeckoSession(16080): handleMessage GeckoView:StateUpdated uri=null
08-24 20:10:17.748 W/GeckoSession(16080): No history entries found.
08-24 20:10:18.438 E/chromium(17857): [17857:17889:ERROR:ssl_client_socket_impl.cc(981)] handshake failed; returned -1, SSL error code 1, net_error -201
08-24 20:10:18.439 E/chromium(17857): [17857:17881:ERROR:connectivity_checker_impl.cc(285)] Connectivity check failed: net_error=-501
08-24 20:10:18.439 I/chromium(17857): [17857:17881:INFO:connectivity_checker_impl.cc(320)] Notify connectivity check failure.
08-24 20:10:18.439 I/chromium(17857): [17857:17914:INFO:setup_manager_impl.cc(2554)] SetupManagerImpl::OnConnectivityCheckFailed: Trigger Network check.
08-24 20:10:19.460 E/chromium(17857): [17857:17889:ERROR:ssl_client_socket_impl.cc(981)] handshake failed; returned -1, SSL error code 1, net_error -201
08-24 20:10:19.461 E/chromium(17857): [17857:17881:ERROR:connectivity_checker_impl.cc(285)] Connectivity check failed: net_error=-501
08-24 20:10:19.461 I/chromium(17857): [17857:17881:INFO:connectivity_checker_impl.cc(320)] Notify connectivity check failure.
08-24 20:10:19.461 I/chromium(17857): [17857:17914:INFO:setup_manager_impl.cc(2554)] SetupManagerImpl::OnConnectivityCheckFailed: Trigger Network check.
08-24 20:10:19.777 I/chromium(17857): [17857:17903:INFO:grpc_auth_manager_with_grpc_ipc.cc(63)] Connecting IPC for Auth.AuthReadyStreaming.
08-24 20:10:19.777 D/BindingManager(17857): with
08-24 20:10:19.777 I/chromium(17857): [17857:17903:INFO:distributed_service_discovery_with_grpc_ipc.cc(152)] Connecting IPC for DistributedServiceDiscovery.AddService.
08-24 20:10:19.777 I/chromium(17857): [17857:17903:INFO:distributed_service_discovery_with_grpc_ipc.cc(66)] Connecting IPC for DistributedServiceDiscovery.UpdateObservers.
08-24 20:10:19.777 I/chromium(17857): [17857:17903:INFO:metrics_recorder_with_grpc_ipc.cc(156)] Connecting IPC for MetricsRecorder.RecordMetrics: num_attempts=10
08-24 20:10:19.777 I/chromium(17857): [17857:17903:INFO:synchronous_sound_player_with_grpc_ipc.cc(176)] Connecting IPC for SynchronousSoundPlayer.UpdateSound.
08-24 20:10:19.777 I/chromium(17857): [17857:17903:INFO:directory_service_with_grpc_ipc.cc(66)] Connecting IPC for DirectoryService.LocalDeviceInfo.
08-24 20:10:19.777 I/chromium(17857): [17857:17903:INFO:directory_service_with_grpc_ipc.cc(123)] Connecting IPC for DirectoryService.ObserveCommonTime.
08-24 20:10:19.777 I/chromium(17857): [17857:17903:INFO:directory_service_with_grpc_ipc.cc(279)] Connecting IPC for DirectoryService.UpdateStateObservers.
08-24 20:10:19.777 I/chromium(17857): [17857:17903:INFO:directory_service_with_grpc_ipc.cc(381)] Connecting IPC for DirectoryService.UpdateMessageObservers.
08-24 20:10:19.777 I/chromium(17857): [17857:17903:INFO:state_manager_with_grpc_ipc.cc(78)] Connecting IPC for StateManager.ReceiveStateUpdates.
08-24 20:10:19.781 D/cr_GrpcIpcUidPolicy(17857): [AndroidIpcUidPolicy.java:147] Valid access from com.google.android.apps.mediashell
08-24 20:10:19.781 E/cr_GrpcIpcSocketService(17857): Native code not initialized yet.
08-24 20:10:19.781 E/GrpcIpcSocketClientImpl(17857): invalid message
08-24 20:10:19.781 E/chromium(17857): [17857:17903:ERROR:grpc_ipc_socket_client.cc(76)] Error for usonia-ipc-socket
08-24 20:10:19.781 E/chromium(17857): [17857:17903:ERROR:android_grpc_builder.cc(86)] Could not get a socket for binder:com.google.android.apps.mediashell:usonia-ipc-socket
08-24 20:10:19.781 E/chromium(17857): [17857:17903:ERROR:grpc_manager_impl.cc(618)] GRPC[uri=]: Grpc cannot connect to host {UNDEFINED}
08-24 20:10:19.781 E/chromium(17857): [17857:17903:ERROR:grpc_manager_impl.cc(767)] GRPC[uri=]: status=[error_code=RESOURCE_EXHAUSTED, error_message=Cannot create a channel. Call to binder:com.google.android.apps.mediashell:usonia-ipc-socket ignored.]
08-24 20:10:19.781 W/chromium(17857): [17857:17903:WARNING:grpc_auth_manager_with_grpc_ipc.cc(59)] IPC for Auth.AuthReadyStreaming closed: status=[error_code=RESOURCE_EXHAUSTED, error_message=Cannot create a channel. Call to binder:com.google.android.apps.mediashell:usonia-ipc-socket ignored.]
08-24 20:10:19.781 E/chromium(17857): [17857:17903:ERROR:grpc_manager_impl.cc(767)] GRPC[uri=]: status=[error_code=RESOURCE_EXHAUSTED, error_message=Cannot create a channel. Call to binder:com.google.android.apps.mediashell:usonia-ipc-socket ignored.]
08-24 20:10:19.781 W/chromium(17857): [17857:17903:WARNING:distributed_service_discovery_with_grpc_ipc.cc(147)] IPC for DistributedServiceDiscovery.AddService closed: status=[error_code=RESOURCE_EXHAUSTED, error_message=Cannot create a channel. Call to binder:com.google.android.apps.mediashell:usonia-ipc-socket ignored.]
08-24 20:10:19.781 E/chromium(17857): [17857:17903:ERROR:grpc_manager_impl.cc(767)] GRPC[uri=]: status=[error_code=RESOURCE_EXHAUSTED, error_message=Cannot create a channel. Call to binder:com.google.android.apps.mediashell:usonia-ipc-socket ignored.]
08-24 20:10:19.781 W/chromium(17857): [17857:17903:WARNING:distributed_service_discovery_with_grpc_ipc.cc(60)] IPC for DistributedServiceDiscovery.UpdateObservers closed: status=[error_code=RESOURCE_EXHAUSTED, error_message=Cannot create a channel. Call to binder:com.google.android.apps.mediashell:usonia-ipc-socket ignored.]
08-24 20:10:19.781 E/chromium(17857): [17857:17903:ERROR:grpc_manager_impl.cc(767)] GRPC[uri=]: status=[error_code=RESOURCE_EXHAUSTED, error_message=Cannot create a channel. Call to binder:com.google.android.apps.mediashell:usonia-ipc-socket ignored.]
08-24 20:10:19.781 W/chromium(17857): [17857:17903:WARNING:metrics_recorder_with_grpc_ipc.cc(142)] IPC for MetricsRecorder.RecordMetrics closed: status=[error_code=RESOURCE_EXHAUSTED, error_message=Cannot create a channel. Call to binder:com.google.android.apps.mediashell:usonia-ipc-socket ignored.]
08-24 20:10:19.781 E/chromium(17857): [17857:17903:ERROR:grpc_manager_impl.cc(767)] GRPC[uri=]: status=[error_code=RESOURCE_EXHAUSTED, error_message=Cannot create a channel. Call to binder:com.google.android.apps.mediashell:usonia-ipc-socket ignored.]
08-24 20:10:19.781 W/chromium(17857): [17857:17903:WARNING:synchronous_sound_player_with_grpc_ipc.cc(171)] IPC for SynchronousSoundPlayer.UpdateSound closed: status=[error_code=RESOURCE_EXHAUSTED, error_message=Cannot create a channel. Call to binder:com.google.android.apps.mediashell:usonia-ipc-socket ignored.]
08-24 20:10:19.781 E/chromium(17857): [17857:17903:ERROR:grpc_manager_impl.cc(767)] GRPC[uri=]: status=[error_code=RESOURCE_EXHAUSTED, error_message=Cannot create a channel. Call to binder:com.google.android.apps.mediashell:usonia-ipc-socket ignored.]
08-24 20:10:19.781 E/chromium(17857): [17857:17903:ERROR:ipc_common.h(444)] Error in fetching local device info: [error_code=RESOURCE_EXHAUSTED, error_message=Cannot create a channel. Call to binder:com.google.android.apps.mediashell:usonia-ipc-socket ignored.]
08-24 20:10:19.781 E/chromium(17857): [17857:17903:ERROR:grpc_manager_impl.cc(767)] GRPC[uri=]: status=[error_code=RESOURCE_EXHAUSTED, error_message=Cannot create a channel. Call to binder:com.google.android.apps.mediashell:usonia-ipc-socket ignored.]
08-24 20:10:19.781 W/chromium(17857): [17857:17903:WARNING:directory_service_with_grpc_ipc.cc(118)] IPC for DirectoryService.ObserveCommonTime closed: status=[error_code=RESOURCE_EXHAUSTED, error_message=Cannot create a channel. Call to binder:com.google.android.apps.mediashell:usonia-ipc-socket ignored.]
08-24 20:10:19.781 E/chromium(17857): [17857:17903:ERROR:grpc_manager_impl.cc(767)] GRPC[uri=]: status=[error_code=RESOURCE_EXHAUSTED, error_message=Cannot create a channel. Call to binder:com.google.android.apps.mediashell:usonia-ipc-socket ignored.]
08-24 20:10:19.781 E/chromium(17857): [17857:17903:ERROR:directory_service_with_grpc_ipc.cc(274)] IPC for DirectoryService.UpdateStateObservers closed: status=[error_code=RESOURCE_EXHAUSTED, error_message=Cannot create a channel. Call to binder:com.google.android.apps.mediashell:usonia-ipc-socket ignored.]
08-24 20:10:19.781 E/chromium(17857): [17857:17903:ERROR:grpc_manager_impl.cc(767)] GRPC[uri=]: status=[error_code=RESOURCE_EXHAUSTED, error_message=Cannot create a channel. Call to binder:com.google.android.apps.mediashell:usonia-ipc-socket ignored.]
08-24 20:10:19.781 E/chromium(17857): [17857:17903:ERROR:directory_service_with_grpc_ipc.cc(376)] IPC for DirectoryService.UpdateMessageObservers closed: status=[error_code=RESOURCE_EXHAUSTED, error_message=Cannot create a channel. Call to binder:com.google.android.apps.mediashell:usonia-ipc-socket ignored.]
08-24 20:10:19.781 E/chromium(17857): [17857:17903:ERROR:grpc_manager_impl.cc(767)] GRPC[uri=]: status=[error_code=RESOURCE_EXHAUSTED, error_message=Cannot create a channel. Call to binder:com.google.android.apps.mediashell:usonia-ipc-socket ignored.]
08-24 20:10:19.781 W/chromium(17857): [17857:17903:WARNING:state_manager_with_grpc_ipc.cc(73)] IPC for StateManager.ReceiveStateUpdates closed: status=[error_code=RESOURCE_EXHAUSTED, error_message=Cannot create a channel. Call to binder:com.google.android.apps.mediashell:usonia-ipc-socket ignored.]
08-24 20:10:20.490 E/chromium(17857): [17857:17889:ERROR:ssl_client_socket_impl.cc(981)] handshake failed; returned -1, SSL error code 1, net_error -201
08-24 20:10:20.490 E/chromium(17857): [17857:17881:ERROR:connectivity_checker_impl.cc(285)] Connectivity check failed: net_error=-501
08-24 20:10:20.490 I/chromium(17857): [17857:17881:INFO:connectivity_checker_impl.cc(320)] Notify connectivity check failure.
08-24 20:10:20.490 I/chromium(17857): [17857:17914:INFO:setup_manager_impl.cc(2554)] SetupManagerImpl::OnConnectivityCheckFailed: Trigger Network check.
08-24 20:10:20.645 D/EGL_emulation(  757): app_time_stats: avg=169.89ms min=1.42ms max=3502.31ms count=21
08-24 20:10:20.879 W/InputManager-JNI(  508): Input channel object 'b26f7f Toast (client)' was disposed without first being removed with the input manager!
08-24 20:10:20.881 W/NotificationService(  508): Toast already killed. pkg=com.neew.browser token=android.os.BinderProxy@1b5b811
08-24 20:10:21.494 D/EGL_emulation(16080): app_time_stats: avg=597.69ms min=1.68ms max=4663.16ms count=8
08-24 20:10:21.541 E/chromium(17857): [17857:17889:ERROR:ssl_client_socket_impl.cc(981)] handshake failed; returned -1, SSL error code 1, net_error -201
08-24 20:10:21.543 E/chromium(17857): [17857:17881:ERROR:connectivity_checker_impl.cc(285)] Connectivity check failed: net_error=-501
08-24 20:10:21.543 I/chromium(17857): [17857:17881:INFO:connectivity_checker_impl.cc(320)] Notify connectivity check failure.
08-24 20:10:21.543 I/chromium(17857): [17857:17914:INFO:setup_manager_impl.cc(2554)] SetupManagerImpl::OnConnectivityCheckFailed: Trigger Network check.
08-24 20:10:21.613 D/MainActivity(16080): Tabs button clicked.
08-24 20:10:21.646 D/MainActivity(16080): Executing launchTabSwitcher from post.
08-24 20:10:21.654 I/ActivityTaskManager(  508): START u0 {cmp=com.neew.browser/.TabSwitcherActivity (has extras)} from uid 10084
08-24 20:10:21.657 D/CompatibilityChangeReporter(  508): Compat change id reported: 174042980; UID 10084; state: DISABLED
08-24 20:10:21.657 D/CompatibilityChangeReporter(  508): Compat change id reported: 184838306; UID 10084; state: DISABLED
08-24 20:10:21.657 D/CompatibilityChangeReporter(  508): Compat change id reported: 185004937; UID 10084; state: DISABLED
08-24 20:10:21.660 D/CompatibilityChangeReporter(  508): Compat change id reported: 168419799; UID 10084; state: DISABLED
08-24 20:10:21.684 D/MainActivity(16080): onUserLeaveHint: Conditions for PiP not met. isMediaActuallyPlaying=false, activeSession == mediaPlayingSession: false, isInGeckoViewFullscreen=false
08-24 20:10:21.685 W/ActivityTaskManager(  508): Tried to set launchTime (0) < mLastActivityLaunchTime (9518481)
08-24 20:10:21.689 W/InputReader(  508): Device virtio_input_multi_touch_11 is associated with display ADISPLAY_ID_NONE.
08-24 20:10:21.689 W/InputReader(  508): Device virtio_input_multi_touch_6 is associated with display ADISPLAY_ID_NONE.
08-24 20:10:21.689 W/InputReader(  508): Device virtio_input_multi_touch_4 is associated with display ADISPLAY_ID_NONE.
08-24 20:10:21.689 W/InputReader(  508): Device virtio_input_multi_touch_7 is associated with display ADISPLAY_ID_NONE.
08-24 20:10:21.689 W/InputReader(  508): Device virtio_input_multi_touch_3 is associated with display ADISPLAY_ID_NONE.
08-24 20:10:21.689 W/InputReader(  508): Device virtio_input_multi_touch_9 is associated with display ADISPLAY_ID_NONE.
08-24 20:10:21.689 W/InputReader(  508): Device virtio_input_multi_touch_2 is associated with display ADISPLAY_ID_NONE.
08-24 20:10:21.689 W/InputReader(  508): Device virtio_input_multi_touch_10 is associated with display ADISPLAY_ID_NONE.
08-24 20:10:21.689 W/InputReader(  508): Device virtio_input_multi_touch_8 is associated with display ADISPLAY_ID_NONE.
08-24 20:10:21.689 W/InputReader(  508): Device virtio_input_multi_touch_5 is associated with display ADISPLAY_ID_NONE.
08-24 20:10:21.689 W/InputReader(  508): Device virtio_input_multi_touch_11 is associated with display ADISPLAY_ID_NONE.
08-24 20:10:21.689 W/InputReader(  508): Device virtio_input_multi_touch_6 is associated with display ADISPLAY_ID_NONE.
08-24 20:10:21.689 W/InputReader(  508): Device virtio_input_multi_touch_4 is associated with display ADISPLAY_ID_NONE.
08-24 20:10:21.689 W/InputReader(  508): Device virtio_input_multi_touch_7 is associated with display ADISPLAY_ID_NONE.
08-24 20:10:21.689 W/InputReader(  508): Device virtio_input_multi_touch_3 is associated with display ADISPLAY_ID_NONE.
08-24 20:10:21.689 W/InputReader(  508): Device virtio_input_multi_touch_9 is associated with display ADISPLAY_ID_NONE.
08-24 20:10:21.689 W/InputReader(  508): Device virtio_input_multi_touch_2 is associated with display ADISPLAY_ID_NONE.
08-24 20:10:21.689 W/InputReader(  508): Device virtio_input_multi_touch_10 is associated with display ADISPLAY_ID_NONE.
08-24 20:10:21.689 W/InputReader(  508): Device virtio_input_multi_touch_8 is associated with display ADISPLAY_ID_NONE.
08-24 20:10:21.689 W/InputReader(  508): Device virtio_input_multi_touch_5 is associated with display ADISPLAY_ID_NONE.
08-24 20:10:21.691 E/ClipboardService(  508): Denying clipboard access to com.neew.browser, application is not in focus nor is it a system service for user 0
08-24 20:10:21.691 E/ClipboardService(  508): Denying clipboard access to com.neew.browser, application is not in focus nor is it a system service for user 0
08-24 20:10:21.691 E/ClipboardService(  508): Denying clipboard access to com.neew.browser, application is not in focus nor is it a system service for user 0
08-24 20:10:21.691 E/ClipboardService(  508): Denying clipboard access to com.neew.browser, application is not in focus nor is it a system service for user 0
08-24 20:10:21.691 E/ClipboardService(  508): Denying clipboard access to com.neew.browser, application is not in focus nor is it a system service for user 0
08-24 20:10:21.691 E/ClipboardService(  508): Denying clipboard access to com.neew.browser, application is not in focus nor is it a system service for user 0
08-24 20:10:21.691 E/ClipboardService(  508): Denying clipboard access to com.neew.browser, application is not in focus nor is it a system service for user 0
08-24 20:10:21.691 E/ClipboardService(  508): Denying clipboard access to com.neew.browser, application is not in focus nor is it a system service for user 0
08-24 20:10:21.691 E/ClipboardService(  508): Denying clipboard access to com.neew.browser, application is not in focus nor is it a system service for user 0
08-24 20:10:21.691 E/ClipboardService(  508): Denying clipboard access to com.neew.browser, application is not in focus nor is it a system service for user 0
08-24 20:10:21.691 E/ClipboardService(  508): Denying clipboard access to com.neew.browser, application is not in focus nor is it a system service for user 0
08-24 20:10:21.691 E/ClipboardService(  508): Denying clipboard access to com.neew.browser, application is not in focus nor is it a system service for user 0
08-24 20:10:21.691 E/ClipboardService(  508): Denying clipboard access to com.neew.browser, application is not in focus nor is it a system service for user 0
08-24 20:10:21.691 E/ClipboardService(  508): Denying clipboard access to com.neew.browser, application is not in focus nor is it a system service for user 0
08-24 20:10:21.691 E/ClipboardService(  508): Denying clipboard access to com.neew.browser, application is not in focus nor is it a system service for user 0
08-24 20:10:21.691 E/ClipboardService(  508): Denying clipboard access to com.neew.browser, application is not in focus nor is it a system service for user 0
08-24 20:10:21.691 E/ClipboardService(  508): Denying clipboard access to com.neew.browser, application is not in focus nor is it a system service for user 0
08-24 20:10:21.691 E/ClipboardService(  508): Denying clipboard access to com.neew.browser, application is not in focus nor is it a system service for user 0
08-24 20:10:21.691 E/ClipboardService(  508): Denying clipboard access to com.neew.browser, application is not in focus nor is it a system service for user 0
08-24 20:10:21.691 E/ClipboardService(  508): Denying clipboard access to com.neew.browser, application is not in focus nor is it a system service for user 0
08-24 20:10:21.691 E/ClipboardService(  508): Denying clipboard access to com.neew.browser, application is not in focus nor is it a system service for user 0
08-24 20:10:21.691 E/ClipboardService(  508): Denying clipboard access to com.neew.browser, application is not in focus nor is it a system service for user 0
08-24 20:10:21.691 E/ClipboardService(  508): Denying clipboard access to com.neew.browser, application is not in focus nor is it a system service for user 0
08-24 20:10:21.691 E/ClipboardService(  508): Denying clipboard access to com.neew.browser, application is not in focus nor is it a system service for user 0
08-24 20:10:21.691 E/ClipboardService(  508): Denying clipboard access to com.neew.browser, application is not in focus nor is it a system service for user 0
08-24 20:10:21.691 E/ClipboardService(  508): Denying clipboard access to com.neew.browser, application is not in focus nor is it a system service for user 0
08-24 20:10:21.691 E/ClipboardService(  508): Denying clipboard access to com.neew.browser, application is not in focus nor is it a system service for user 0
08-24 20:10:21.691 E/ClipboardService(  508): Denying clipboard access to com.neew.browser, application is not in focus nor is it a system service for user 0
08-24 20:10:21.691 E/ClipboardService(  508): Denying clipboard access to com.neew.browser, application is not in focus nor is it a system service for user 0
08-24 20:10:21.691 E/ClipboardService(  508): Denying clipboard access to com.neew.browser, application is not in focus nor is it a system service for user 0
08-24 20:10:21.691 E/ClipboardService(  508): Denying clipboard access to com.neew.browser, application is not in focus nor is it a system service for user 0
08-24 20:10:21.691 E/ClipboardService(  508): Denying clipboard access to com.neew.browser, application is not in focus nor is it a system service for user 0
08-24 20:10:21.691 E/ClipboardService(  508): Denying clipboard access to com.neew.browser, application is not in focus nor is it a system service for user 0
08-24 20:10:21.691 E/ClipboardService(  508): Denying clipboard access to com.neew.browser, application is not in focus nor is it a system service for user 0
08-24 20:10:21.691 E/ClipboardService(  508): Denying clipboard access to com.neew.browser, application is not in focus nor is it a system service for user 0
08-24 20:10:21.691 E/ClipboardService(  508): Denying clipboard access to com.neew.browser, application is not in focus nor is it a system service for user 0
08-24 20:10:21.691 E/ClipboardService(  508): Denying clipboard access to com.neew.browser, application is not in focus nor is it a system service for user 0
08-24 20:10:21.691 E/ClipboardService(  508): Denying clipboard access to com.neew.browser, application is not in focus nor is it a system service for user 0
08-24 20:10:21.691 E/ClipboardService(  508): Denying clipboard access to com.neew.browser, application is not in focus nor is it a system service for user 0
08-24 20:10:21.691 E/ClipboardService(  508): Denying clipboard access to com.neew.browser, application is not in focus nor is it a system service for user 0
08-24 20:10:21.691 E/ClipboardService(  508): Denying clipboard access to com.neew.browser, application is not in focus nor is it a system service for user 0
08-24 20:10:21.691 E/ClipboardService(  508): Denying clipboard access to com.neew.browser, application is not in focus nor is it a system service for user 0
08-24 20:10:21.691 E/ClipboardService(  508): Denying clipboard access to com.neew.browser, application is not in focus nor is it a system service for user 0
08-24 20:10:21.691 E/ClipboardService(  508): Denying clipboard access to com.neew.browser, application is not in focus nor is it a system service for user 0
08-24 20:10:21.691 E/ClipboardService(  508): Denying clipboard access to com.neew.browser, application is not in focus nor is it a system service for user 0
08-24 20:10:21.691 E/ClipboardService(  508): Denying clipboard access to com.neew.browser, application is not in focus nor is it a system service for user 0
08-24 20:10:21.691 E/ClipboardService(  508): Denying clipboard access to com.neew.browser, application is not in focus nor is it a system service for user 0
08-24 20:10:21.691 E/ClipboardService(  508): Denying clipboard access to com.neew.browser, application is not in focus nor is it a system service for user 0
08-24 20:10:21.691 E/ClipboardService(  508): Denying clipboard access to com.neew.browser, application is not in focus nor is it a system service for user 0
08-24 20:10:21.691 E/ClipboardService(  508): Denying clipboard access to com.neew.browser, application is not in focus nor is it a system service for user 0
08-24 20:10:21.691 E/ClipboardService(  508): Denying clipboard access to com.neew.browser, application is not in focus nor is it a system service for user 0
08-24 20:10:21.691 E/ClipboardService(  508): Denying clipboard access to com.neew.browser, application is not in focus nor is it a system service for user 0
08-24 20:10:21.691 E/ClipboardService(  508): Denying clipboard access to com.neew.browser, application is not in focus nor is it a system service for user 0
08-24 20:10:21.691 E/ClipboardService(  508): Denying clipboard access to com.neew.browser, application is not in focus nor is it a system service for user 0
08-24 20:10:21.691 E/ClipboardService(  508): Denying clipboard access to com.neew.browser, application is not in focus nor is it a system service for user 0
08-24 20:10:21.691 E/ClipboardService(  508): Denying clipboard access to com.neew.browser, application is not in focus nor is it a system service for user 0
08-24 20:10:21.691 E/ClipboardService(  508): Denying clipboard access to com.neew.browser, application is not in focus nor is it a system service for user 0
08-24 20:10:21.691 E/ClipboardService(  508): Denying clipboard access to com.neew.browser, application is not in focus nor is it a system service for user 0
08-24 20:10:21.691 E/ClipboardService(  508): Denying clipboard access to com.neew.browser, application is not in focus nor is it a system service for user 0
08-24 20:10:21.691 E/ClipboardService(  508): Denying clipboard access to com.neew.browser, application is not in focus nor is it a system service for user 0
08-24 20:10:21.691 E/ClipboardService(  508): Denying clipboard access to com.neew.browser, application is not in focus nor is it a system service for user 0
08-24 20:10:21.691 E/ClipboardService(  508): Denying clipboard access to com.neew.browser, application is not in focus nor is it a system service for user 0
08-24 20:10:21.691 E/ClipboardService(  508): Denying clipboard access to com.neew.browser, application is not in focus nor is it a system service for user 0
08-24 20:10:21.691 E/ClipboardService(  508): Denying clipboard access to com.neew.browser, application is not in focus nor is it a system service for user 0
08-24 20:10:21.691 E/ClipboardService(  508): Denying clipboard access to com.neew.browser, application is not in focus nor is it a system service for user 0
08-24 20:10:21.691 E/ClipboardService(  508): Denying clipboard access to com.neew.browser, application is not in focus nor is it a system service for user 0
08-24 20:10:21.691 E/ClipboardService(  508): Denying clipboard access to com.neew.browser, application is not in focus nor is it a system service for user 0
08-24 20:10:21.691 E/ClipboardService(  508): Denying clipboard access to com.neew.browser, application is not in focus nor is it a system service for user 0
08-24 20:10:21.691 E/ClipboardService(  508): Denying clipboard access to com.neew.browser, application is not in focus nor is it a system service for user 0
08-24 20:10:21.691 E/ClipboardService(  508): Denying clipboard access to com.neew.browser, application is not in focus nor is it a system service for user 0
08-24 20:10:21.691 E/ClipboardService(  508): Denying clipboard access to com.neew.browser, application is not in focus nor is it a system service for user 0
08-24 20:10:21.692 E/ClipboardService(  508): Denying clipboard access to com.neew.browser, application is not in focus nor is it a system service for user 0
08-24 20:10:21.692 E/ClipboardService(  508): Denying clipboard access to com.neew.browser, application is not in focus nor is it a system service for user 0
08-24 20:10:21.692 E/ClipboardService(  508): Denying clipboard access to com.neew.browser, application is not in focus nor is it a system service for user 0
08-24 20:10:21.692 E/ClipboardService(  508): Denying clipboard access to com.neew.browser, application is not in focus nor is it a system service for user 0
08-24 20:10:21.692 E/ClipboardService(  508): Denying clipboard access to com.neew.browser, application is not in focus nor is it a system service for user 0
08-24 20:10:21.692 E/ClipboardService(  508): Denying clipboard access to com.neew.browser, application is not in focus nor is it a system service for user 0
08-24 20:10:21.692 E/ClipboardService(  508): Denying clipboard access to com.neew.browser, application is not in focus nor is it a system service for user 0
08-24 20:10:21.692 E/ClipboardService(  508): Denying clipboard access to com.neew.browser, application is not in focus nor is it a system service for user 0
08-24 20:10:21.692 E/ClipboardService(  508): Denying clipboard access to com.neew.browser, application is not in focus nor is it a system service for user 0
08-24 20:10:21.692 E/ClipboardService(  508): Denying clipboard access to com.neew.browser, application is not in focus nor is it a system service for user 0
08-24 20:10:21.692 E/ClipboardService(  508): Denying clipboard access to com.neew.browser, application is not in focus nor is it a system service for user 0
08-24 20:10:21.692 E/ClipboardService(  508): Denying clipboard access to com.neew.browser, application is not in focus nor is it a system service for user 0
08-24 20:10:21.692 E/ClipboardService(  508): Denying clipboard access to com.neew.browser, application is not in focus nor is it a system service for user 0
08-24 20:10:21.692 E/ClipboardService(  508): Denying clipboard access to com.neew.browser, application is not in focus nor is it a system service for user 0
08-24 20:10:21.692 E/ClipboardService(  508): Denying clipboard access to com.neew.browser, application is not in focus nor is it a system service for user 0
08-24 20:10:21.692 E/ClipboardService(  508): Denying clipboard access to com.neew.browser, application is not in focus nor is it a system service for user 0
08-24 20:10:21.692 E/ClipboardService(  508): Denying clipboard access to com.neew.browser, application is not in focus nor is it a system service for user 0
08-24 20:10:21.692 E/ClipboardService(  508): Denying clipboard access to com.neew.browser, application is not in focus nor is it a system service for user 0
08-24 20:10:21.692 E/ClipboardService(  508): Denying clipboard access to com.neew.browser, application is not in focus nor is it a system service for user 0
08-24 20:10:21.692 E/ClipboardService(  508): Denying clipboard access to com.neew.browser, application is not in focus nor is it a system service for user 0
08-24 20:10:21.692 E/ClipboardService(  508): Denying clipboard access to com.neew.browser, application is not in focus nor is it a system service for user 0
08-24 20:10:21.692 E/ClipboardService(  508): Denying clipboard access to com.neew.browser, application is not in focus nor is it a system service for user 0
08-24 20:10:21.694 E/ClipboardService(  508): Denying clipboard access to com.neew.browser, application is not in focus nor is it a system service for user 0
08-24 20:10:21.695 E/ClipboardService(  508): Denying clipboard access to com.neew.browser, application is not in focus nor is it a system service for user 0
08-24 20:10:21.695 E/ClipboardService(  508): Denying clipboard access to com.neew.browser, application is not in focus nor is it a system service for user 0
08-24 20:10:21.695 E/ClipboardService(  508): Denying clipboard access to com.neew.browser, application is not in focus nor is it a system service for user 0
08-24 20:10:21.695 E/ClipboardService(  508): Denying clipboard access to com.neew.browser, application is not in focus nor is it a system service for user 0
08-24 20:10:21.695 E/ClipboardService(  508): Denying clipboard access to com.neew.browser, application is not in focus nor is it a system service for user 0
08-24 20:10:21.695 E/ClipboardService(  508): Denying clipboard access to com.neew.browser, application is not in focus nor is it a system service for user 0
08-24 20:10:21.695 E/ClipboardService(  508): Denying clipboard access to com.neew.browser, application is not in focus nor is it a system service for user 0
08-24 20:10:21.695 E/ClipboardService(  508): Denying clipboard access to com.neew.browser, application is not in focus nor is it a system service for user 0
08-24 20:10:21.695 E/ClipboardService(  508): Denying clipboard access to com.neew.browser, application is not in focus nor is it a system service for user 0
08-24 20:10:21.695 E/ClipboardService(  508): Denying clipboard access to com.neew.browser, application is not in focus nor is it a system service for user 0
08-24 20:10:21.695 E/ClipboardService(  508): Denying clipboard access to com.neew.browser, application is not in focus nor is it a system service for user 0
08-24 20:10:21.695 E/ClipboardService(  508): Denying clipboard access to com.neew.browser, application is not in focus nor is it a system service for user 0
08-24 20:10:21.695 E/ClipboardService(  508): Denying clipboard access to com.neew.browser, application is not in focus nor is it a system service for user 0
08-24 20:10:21.695 E/ClipboardService(  508): Denying clipboard access to com.neew.browser, application is not in focus nor is it a system service for user 0
08-24 20:10:21.695 E/ClipboardService(  508): Denying clipboard access to com.neew.browser, application is not in focus nor is it a system service for user 0
08-24 20:10:21.696 E/ClipboardService(  508): Denying clipboard access to com.neew.browser, application is not in focus nor is it a system service for user 0
08-24 20:10:21.696 E/ClipboardService(  508): Denying clipboard access to com.neew.browser, application is not in focus nor is it a system service for user 0
08-24 20:10:21.696 E/ClipboardService(  508): Denying clipboard access to com.neew.browser, application is not in focus nor is it a system service for user 0
08-24 20:10:21.696 E/ClipboardService(  508): Denying clipboard access to com.neew.browser, application is not in focus nor is it a system service for user 0
08-24 20:10:21.696 E/ClipboardService(  508): Denying clipboard access to com.neew.browser, application is not in focus nor is it a system service for user 0
08-24 20:10:21.696 E/ClipboardService(  508): Denying clipboard access to com.neew.browser, application is not in focus nor is it a system service for user 0
08-24 20:10:21.696 E/ClipboardService(  508): Denying clipboard access to com.neew.browser, application is not in focus nor is it a system service for user 0
08-24 20:10:21.696 E/ClipboardService(  508): Denying clipboard access to com.neew.browser, application is not in focus nor is it a system service for user 0
08-24 20:10:21.698 E/ClipboardService(  508): Denying clipboard access to com.neew.browser, application is not in focus nor is it a system service for user 0
08-24 20:10:21.698 E/ClipboardService(  508): Denying clipboard access to com.neew.browser, application is not in focus nor is it a system service for user 0
08-24 20:10:21.698 E/ClipboardService(  508): Denying clipboard access to com.neew.browser, application is not in focus nor is it a system service for user 0
08-24 20:10:21.698 E/ClipboardService(  508): Denying clipboard access to com.neew.browser, application is not in focus nor is it a system service for user 0
08-24 20:10:21.698 E/ClipboardService(  508): Denying clipboard access to com.neew.browser, application is not in focus nor is it a system service for user 0
08-24 20:10:21.698 E/ClipboardService(  508): Denying clipboard access to com.neew.browser, application is not in focus nor is it a system service for user 0
08-24 20:10:21.698 E/ClipboardService(  508): Denying clipboard access to com.neew.browser, application is not in focus nor is it a system service for user 0
08-24 20:10:21.698 E/ClipboardService(  508): Denying clipboard access to com.neew.browser, application is not in focus nor is it a system service for user 0
08-24 20:10:21.698 E/ClipboardService(  508): Denying clipboard access to com.neew.browser, application is not in focus nor is it a system service for user 0
08-24 20:10:21.698 E/ClipboardService(  508): Denying clipboard access to com.neew.browser, application is not in focus nor is it a system service for user 0
08-24 20:10:21.698 E/ClipboardService(  508): Denying clipboard access to com.neew.browser, application is not in focus nor is it a system service for user 0
08-24 20:10:21.698 E/ClipboardService(  508): Denying clipboard access to com.neew.browser, application is not in focus nor is it a system service for user 0
08-24 20:10:21.698 E/ClipboardService(  508): Denying clipboard access to com.neew.browser, application is not in focus nor is it a system service for user 0
08-24 20:10:21.698 E/ClipboardService(  508): Denying clipboard access to com.neew.browser, application is not in focus nor is it a system service for user 0
08-24 20:10:21.698 E/ClipboardService(  508): Denying clipboard access to com.neew.browser, application is not in focus nor is it a system service for user 0
08-24 20:10:21.698 E/ClipboardService(  508): Denying clipboard access to com.neew.browser, application is not in focus nor is it a system service for user 0
08-24 20:10:21.698 E/ClipboardService(  508): Denying clipboard access to com.neew.browser, application is not in focus nor is it a system service for user 0
08-24 20:10:21.698 E/ClipboardService(  508): Denying clipboard access to com.neew.browser, application is not in focus nor is it a system service for user 0
08-24 20:10:21.698 E/ClipboardService(  508): Denying clipboard access to com.neew.browser, application is not in focus nor is it a system service for user 0
08-24 20:10:21.698 E/ClipboardService(  508): Denying clipboard access to com.neew.browser, application is not in focus nor is it a system service for user 0
08-24 20:10:21.698 E/ClipboardService(  508): Denying clipboard access to com.neew.browser, application is not in focus nor is it a system service for user 0
08-24 20:10:21.698 E/ClipboardService(  508): Denying clipboard access to com.neew.browser, application is not in focus nor is it a system service for user 0
08-24 20:10:21.698 E/ClipboardService(  508): Denying clipboard access to com.neew.browser, application is not in focus nor is it a system service for user 0
08-24 20:10:21.698 E/ClipboardService(  508): Denying clipboard access to com.neew.browser, application is not in focus nor is it a system service for user 0
08-24 20:10:21.698 E/ClipboardService(  508): Denying clipboard access to com.neew.browser, application is not in focus nor is it a system service for user 0
08-24 20:10:21.698 E/ClipboardService(  508): Denying clipboard access to com.neew.browser, application is not in focus nor is it a system service for user 0
08-24 20:10:21.698 E/ClipboardService(  508): Denying clipboard access to com.neew.browser, application is not in focus nor is it a system service for user 0
08-24 20:10:21.698 E/ClipboardService(  508): Denying clipboard access to com.neew.browser, application is not in focus nor is it a system service for user 0
08-24 20:10:21.698 E/ClipboardService(  508): Denying clipboard access to com.neew.browser, application is not in focus nor is it a system service for user 0
08-24 20:10:21.698 E/ClipboardService(  508): Denying clipboard access to com.neew.browser, application is not in focus nor is it a system service for user 0
08-24 20:10:21.698 E/ClipboardService(  508): Denying clipboard access to com.neew.browser, application is not in focus nor is it a system service for user 0
08-24 20:10:21.698 E/ClipboardService(  508): Denying clipboard access to com.neew.browser, application is not in focus nor is it a system service for user 0
08-24 20:10:21.698 E/ClipboardService(  508): Denying clipboard access to com.neew.browser, application is not in focus nor is it a system service for user 0
08-24 20:10:21.698 E/ClipboardService(  508): Denying clipboard access to com.neew.browser, application is not in focus nor is it a system service for user 0
08-24 20:10:21.698 E/ClipboardService(  508): Denying clipboard access to com.neew.browser, application is not in focus nor is it a system service for user 0
08-24 20:10:21.698 E/ClipboardService(  508): Denying clipboard access to com.neew.browser, application is not in focus nor is it a system service for user 0
08-24 20:10:21.698 E/ClipboardService(  508): Denying clipboard access to com.neew.browser, application is not in focus nor is it a system service for user 0
08-24 20:10:21.698 E/ClipboardService(  508): Denying clipboard access to com.neew.browser, application is not in focus nor is it a system service for user 0
08-24 20:10:21.699 E/ClipboardService(  508): Denying clipboard access to com.neew.browser, application is not in focus nor is it a system service for user 0
08-24 20:10:21.699 E/ClipboardService(  508): Denying clipboard access to com.neew.browser, application is not in focus nor is it a system service for user 0
08-24 20:10:21.699 E/ClipboardService(  508): Denying clipboard access to com.neew.browser, application is not in focus nor is it a system service for user 0
08-24 20:10:21.699 E/ClipboardService(  508): Denying clipboard access to com.neew.browser, application is not in focus nor is it a system service for user 0
08-24 20:10:21.699 E/ClipboardService(  508): Denying clipboard access to com.neew.browser, application is not in focus nor is it a system service for user 0
08-24 20:10:21.699 E/ClipboardService(  508): Denying clipboard access to com.neew.browser, application is not in focus nor is it a system service for user 0
08-24 20:10:21.699 E/ClipboardService(  508): Denying clipboard access to com.neew.browser, application is not in focus nor is it a system service for user 0
08-24 20:10:21.699 E/ClipboardService(  508): Denying clipboard access to com.neew.browser, application is not in focus nor is it a system service for user 0
08-24 20:10:21.699 E/ClipboardService(  508): Denying clipboard access to com.neew.browser, application is not in focus nor is it a system service for user 0
08-24 20:10:21.699 E/ClipboardService(  508): Denying clipboard access to com.neew.browser, application is not in focus nor is it a system service for user 0
08-24 20:10:21.699 E/ClipboardService(  508): Denying clipboard access to com.neew.browser, application is not in focus nor is it a system service for user 0
08-24 20:10:21.699 E/ClipboardService(  508): Denying clipboard access to com.neew.browser, application is not in focus nor is it a system service for user 0
08-24 20:10:21.699 E/ClipboardService(  508): Denying clipboard access to com.neew.browser, application is not in focus nor is it a system service for user 0
08-24 20:10:21.699 E/ClipboardService(  508): Denying clipboard access to com.neew.browser, application is not in focus nor is it a system service for user 0
08-24 20:10:21.705 E/ClipboardService(  508): Denying clipboard access to com.neew.browser, application is not in focus nor is it a system service for user 0
08-24 20:10:21.706 D/AudioFlinger(  364): mixer(0xb400007077696a60) throttle end: throttle time(51)
08-24 20:10:21.708 E/ClipboardService(  508): Denying clipboard access to com.neew.browser, application is not in focus nor is it a system service for user 0
08-24 20:10:21.718 D/BoundBrokerSvc(17035): onBind: Intent { act=com.google.android.gms.measurement.START pkg=com.google.android.gms }
08-24 20:10:21.718 D/BoundBrokerSvc(17035): Loading bound service for intent: Intent { act=com.google.android.gms.measurement.START pkg=com.google.android.gms }
08-24 20:10:21.719 E/ClipboardService(  508): Denying clipboard access to com.neew.browser, application is not in focus nor is it a system service for user 0
08-24 20:10:21.719 E/ClipboardService(  508): Denying clipboard access to com.neew.browser, application is not in focus nor is it a system service for user 0
08-24 20:10:21.719 E/ClipboardService(  508): Denying clipboard access to com.neew.browser, application is not in focus nor is it a system service for user 0
08-24 20:10:21.719 E/ClipboardService(  508): Denying clipboard access to com.neew.browser, application is not in focus nor is it a system service for user 0
08-24 20:10:21.719 E/ClipboardService(  508): Denying clipboard access to com.neew.browser, application is not in focus nor is it a system service for user 0
08-24 20:10:21.719 E/ClipboardService(  508): Denying clipboard access to com.neew.browser, application is not in focus nor is it a system service for user 0
08-24 20:10:21.719 E/ClipboardService(  508): Denying clipboard access to com.neew.browser, application is not in focus nor is it a system service for user 0
08-24 20:10:21.719 E/ClipboardService(  508): Denying clipboard access to com.neew.browser, application is not in focus nor is it a system service for user 0
08-24 20:10:21.720 E/ClipboardService(  508): Denying clipboard access to com.neew.browser, application is not in focus nor is it a system service for user 0
08-24 20:10:21.720 E/ClipboardService(  508): Denying clipboard access to com.neew.browser, application is not in focus nor is it a system service for user 0
08-24 20:10:21.720 E/ClipboardService(  508): Denying clipboard access to com.neew.browser, application is not in focus nor is it a system service for user 0
08-24 20:10:21.720 E/ClipboardService(  508): Denying clipboard access to com.neew.browser, application is not in focus nor is it a system service for user 0
08-24 20:10:21.720 E/ClipboardService(  508): Denying clipboard access to com.neew.browser, application is not in focus nor is it a system service for user 0
08-24 20:10:21.720 E/ClipboardService(  508): Denying clipboard access to com.neew.browser, application is not in focus nor is it a system service for user 0
08-24 20:10:21.720 E/ClipboardService(  508): Denying clipboard access to com.neew.browser, application is not in focus nor is it a system service for user 0
08-24 20:10:21.720 E/ClipboardService(  508): Denying clipboard access to com.neew.browser, application is not in focus nor is it a system service for user 0
08-24 20:10:21.720 E/ClipboardService(  508): Denying clipboard access to com.neew.browser, application is not in focus nor is it a system service for user 0
08-24 20:10:21.720 E/ClipboardService(  508): Denying clipboard access to com.neew.browser, application is not in focus nor is it a system service for user 0
08-24 20:10:21.720 E/ClipboardService(  508): Denying clipboard access to com.neew.browser, application is not in focus nor is it a system service for user 0
08-24 20:10:21.720 E/ClipboardService(  508): Denying clipboard access to com.neew.browser, application is not in focus nor is it a system service for user 0
08-24 20:10:21.720 E/ClipboardService(  508): Denying clipboard access to com.neew.browser, application is not in focus nor is it a system service for user 0
08-24 20:10:21.720 E/ClipboardService(  508): Denying clipboard access to com.neew.browser, application is not in focus nor is it a system service for user 0
08-24 20:10:21.720 E/ClipboardService(  508): Denying clipboard access to com.neew.browser, application is not in focus nor is it a system service for user 0
08-24 20:10:21.720 E/ClipboardService(  508): Denying clipboard access to com.neew.browser, application is not in focus nor is it a system service for user 0
08-24 20:10:21.720 E/ClipboardService(  508): Denying clipboard access to com.neew.browser, application is not in focus nor is it a system service for user 0
08-24 20:10:21.720 E/ClipboardService(  508): Denying clipboard access to com.neew.browser, application is not in focus nor is it a system service for user 0
08-24 20:10:21.720 E/ClipboardService(  508): Denying clipboard access to com.neew.browser, application is not in focus nor is it a system service for user 0
08-24 20:10:21.720 E/ClipboardService(  508): Denying clipboard access to com.neew.browser, application is not in focus nor is it a system service for user 0
08-24 20:10:21.720 E/ClipboardService(  508): Denying clipboard access to com.neew.browser, application is not in focus nor is it a system service for user 0
08-24 20:10:21.720 E/ClipboardService(  508): Denying clipboard access to com.neew.browser, application is not in focus nor is it a system service for user 0
08-24 20:10:21.720 E/ClipboardService(  508): Denying clipboard access to com.neew.browser, application is not in focus nor is it a system service for user 0
08-24 20:10:21.720 E/ClipboardService(  508): Denying clipboard access to com.neew.browser, application is not in focus nor is it a system service for user 0
08-24 20:10:21.720 E/ClipboardService(  508): Denying clipboard access to com.neew.browser, application is not in focus nor is it a system service for user 0
08-24 20:10:21.720 E/ClipboardService(  508): Denying clipboard access to com.neew.browser, application is not in focus nor is it a system service for user 0
08-24 20:10:21.720 E/ClipboardService(  508): Denying clipboard access to com.neew.browser, application is not in focus nor is it a system service for user 0
08-24 20:10:21.720 E/ClipboardService(  508): Denying clipboard access to com.neew.browser, application is not in focus nor is it a system service for user 0
08-24 20:10:21.720 E/ClipboardService(  508): Denying clipboard access to com.neew.browser, application is not in focus nor is it a system service for user 0
08-24 20:10:21.720 E/ClipboardService(  508): Denying clipboard access to com.neew.browser, application is not in focus nor is it a system service for user 0
