09-20 10:44:08.693 I/Finsky  (24485): [72] [ContentSync] finished, scheduled=true
09-20 10:44:08.696 W/RuleEvaluation(20024): Integrity rule files are not available.
09-20 10:44:08.697 I/PackageManager(20024): Integrity check passed for file:///data/app/vmdl694963858.tmp
09-20 10:44:08.700 I/system_server(20024): Background concurrent copying GC freed 351619(19MB) AllocSpace objects, 64(3324KB) LOS objects, 50% free, 17MB/34MB, paused 181us,140us total 212.631ms
09-20 10:44:08.703 W/System  (20024): A resource failed to call close. 
09-20 10:44:08.703 W/System  (20024): A resource failed to call close. 
09-20 10:44:08.703 W/System  (20024): A resource failed to call release. 
09-20 10:44:08.704 E/System  (20024): Uncaught exception thrown by finalizer
09-20 10:44:08.705 E/System  (20024): java.lang.NullPointerException: Attempt to invoke virtual method 'boolean java.lang.Object.equals(java.lang.Object)' on a null object reference
09-20 10:44:08.705 E/System  (20024): 	at com.android.server.tv.UinputBridge.isTokenValid(UinputBridge.java:135)
09-20 10:44:08.705 E/System  (20024): 	at com.android.server.tv.UinputBridge.close(UinputBridge.java:119)
09-20 10:44:08.705 E/System  (20024): 	at com.android.server.tv.UinputBridge.finalize(UinputBridge.java:111)
09-20 10:44:08.705 E/System  (20024): 	at java.lang.Daemons$FinalizerDaemon.doFinalize(Daemons.java:291)
09-20 10:44:08.705 E/System  (20024): 	at java.lang.Daemons$FinalizerDaemon.runInternal(Daemons.java:278)
09-20 10:44:08.705 E/System  (20024): 	at java.lang.Daemons$Daemon.run(Daemons.java:139)
09-20 10:44:08.705 E/System  (20024): 	at java.lang.Thread.run(Thread.java:920)
09-20 10:44:08.710 I/Finsky  (24485): [188] VerifyApps: Anti-malware verification task started for package=androidx.test.orchestrator
09-20 10:44:08.712 E/AbstractLogEventBuilder(24485): The provided ProductIdOrigin 3 is not one of the process-level expected values: 1 or 2
09-20 10:44:08.715 E/AbstractLogEventBuilder(24485): The provided ProductIdOrigin 3 is not one of the process-level expected values: 1 or 2
09-20 10:44:08.717 I/Finsky  (24485): [188] Single user settings service is not running, bind it now
09-20 10:44:08.719 I/GoogleInputMethodService(25933): GoogleInputMethodService.onFinishInput():2097 
09-20 10:44:08.721 I/Module  (25933): DeviceLockedStatusModuleProvider$Module.updateDeviceLockedStatus():100 repeatCheckTimes = 0, locked = false
09-20 10:44:08.723 I/Finsky  (24485): [2] Single user settings service is connected
09-20 10:44:08.725 I/GoogleInputMethodService(25933): GoogleInputMethodService.onStartInput():1357 onStartInput(EditorInfo{EditorInfo{packageName=com.google.android.apps.tv.launcherx, inputType=0, inputTypeString=NULL, enableLearning=false, autoCorrection=false, autoComplete=false, imeOptions=0, privateImeOptions=null, actionName=UNSPECIFIED, actionLabel=null, initialSelStart=-1, initialSelEnd=-1, initialCapsMode=0, label=null, fieldId=0, fieldName=null, extras=null, hintText=null, hintLocales=[]}}, false)
09-20 10:44:08.735 I/Module  (25933): DeviceLockedStatusModuleProvider$Module.updateDeviceLockedStatus():100 repeatCheckTimes = 1, locked = false
09-20 10:44:08.740 I/CoexistenceUtils(23961): com.android.chrome not installed, not blocking Coexistence [CONTEXT service_id=42 ]
09-20 10:44:08.740 I/CoexistenceUtils(23961): com.google.android.gms version: 253534119. Coexistence min required: 12600000 [CONTEXT service_id=42 ]
09-20 10:44:08.740 I/CoexistenceUtils(23961): com.google.android.googlequicksearchbox not installed, not blocking Coexistence [CONTEXT service_id=42 ]
09-20 10:44:08.753 I/Auth    (23961): (REDACTED) [SupervisedAccountIntentOperationV2] onHandleIntent: %s
09-20 10:44:08.754 W/SQLiteLog(23961): (28) double-quoted string literal: "com.neew.browser"
09-20 10:44:08.755 W/GLSUser (23991): [DeviceKeyStore] Cannot load key: Device key file not found.
09-20 10:44:08.758 D/BoundBrokerSvc(23961): onBind: Intent { act=com.google.android.gms.common.BIND_SHARED_PREFS pkg=com.google.android.gms }
09-20 10:44:08.758 D/BoundBrokerSvc(23961): Loading bound service for intent: Intent { act=com.google.android.gms.common.BIND_SHARED_PREFS pkg=com.google.android.gms }
09-20 10:44:08.762 I/SupervisionStateUtils(23961): State no supervision required [CONTEXT service_id=42 ]
09-20 10:44:08.763 I/SupervisionStateUtils(23961): State recover:NO_SUPERVISION_REQUIRED [CONTEXT service_id=42 ]
09-20 10:44:08.764 W/Settings(24485): Setting install_non_market_apps has moved from android.provider.Settings.Global to android.provider.Settings.Secure, returning read-only value.
09-20 10:44:08.765 I/cn_CronetUrlRequestContext(25277): destroyNativeStreamLocked org.chromium.net.impl.CronetBidirectionalStream@972093d
09-20 10:44:08.774 I/NearbyDiscovery(23961): (REDACTED) processGrantSlicePermission: %s
09-20 10:44:08.775 I/CoexistenceUtils(23961): com.android.chrome not installed, not blocking Coexistence [CONTEXT service_id=42 ]
09-20 10:44:08.775 I/CoexistenceUtils(23961): com.google.android.gms version: 253534119. Coexistence min required: 12600000 [CONTEXT service_id=42 ]
09-20 10:44:08.775 I/CoexistenceUtils(23961): com.google.android.googlequicksearchbox not installed, not blocking Coexistence [CONTEXT service_id=42 ]
09-20 10:44:08.782 I/Finsky  (24485): [188] VerifyApps: Installer app: com.android.shell
09-20 10:44:08.783 I/SupervisionStateUtils(23961): State no supervision required [CONTEXT service_id=42 ]
09-20 10:44:08.783 I/SupervisionStateUtils(23961): State recover:NO_SUPERVISION_REQUIRED [CONTEXT service_id=42 ]
09-20 10:44:08.787 I/CoexistenceUtils(23961): com.android.chrome not installed, not blocking Coexistence [CONTEXT service_id=42 ]
09-20 10:44:08.787 I/CoexistenceUtils(23961): com.google.android.gms version: 253534119. Coexistence min required: 12600000 [CONTEXT service_id=42 ]
09-20 10:44:08.788 I/CoexistenceUtils(23961): com.google.android.googlequicksearchbox not installed, not blocking Coexistence [CONTEXT service_id=42 ]
09-20 10:44:08.788 E/VerityUtils(20024): Failed to measure fs-verity, errno 1: /data/app/~~I1g05IINuAJwXqaso2pk5A==/com.neew.browser-NnuaH2ExAfaZFFjNCRAskA==/base.apk
09-20 10:44:08.790 I/Finsky  (24485): [188] Task 7 requested foreground
09-20 10:44:08.790 I/Finsky  (24485): [188] Not entering foreground
09-20 10:44:08.790 I/Finsky  (24485): [63] VerifyApps: Starting APK Analysis scan for androidx.test.orchestrator.
09-20 10:44:08.790 I/Finsky  (24485): [63] Scanning package androidx.test.orchestrator contents with client side protections. File: [6jTtsF2JBiazMZwB9YYHyVV44xSY7Vtyw2_QX0KZknY]
09-20 10:44:08.794 E/Finsky  (24485): [63] 5 file not found
09-20 10:44:08.794 E/Finsky  (24485): [63] APK Analysis allow list check failed; APK Analysis will be skipped!
09-20 10:44:08.794 E/Finsky  (24485): com.google.android.finsky.verifier.apkanalysis.client.ApkAnalysisException: DOWNLOAD_FILE_NOT_FOUND_EXCEPTION while analyzing APK
09-20 10:44:08.794 E/Finsky  (24485): 	at vwl.d(PG:512)
09-20 10:44:08.794 E/Finsky  (24485): 	at vwk.b(PG:298)
09-20 10:44:08.794 E/Finsky  (24485): 	at vwk.a(PG:13)
09-20 10:44:08.794 E/Finsky  (24485): 	at internal.org.jni_zero.JniUtil.v(PG:14)
09-20 10:44:08.794 E/Finsky  (24485): 	at internal.org.jni_zero.JniUtil.u(PG:2)
09-20 10:44:08.794 E/Finsky  (24485): 	at apbd.d(PG:10)
09-20 10:44:08.794 E/Finsky  (24485): 	at ubt.b(PG:234)
09-20 10:44:08.794 E/Finsky  (24485): 	at ubt.a(PG:154)
09-20 10:44:08.794 E/Finsky  (24485): 	at internal.org.jni_zero.JniUtil.v(PG:14)
09-20 10:44:08.794 E/Finsky  (24485): 	at apbd.Q(PG:28)
09-20 10:44:08.794 E/Finsky  (24485): 	at apbd.L(PG:12)
09-20 10:44:08.794 E/Finsky  (24485): 	at wda.a(PG:104)
09-20 10:44:08.794 E/Finsky  (24485): 	at ubt.b(PG:191)
09-20 10:44:08.794 E/Finsky  (24485): 	at aovc.u(PG:5)
09-20 10:44:08.794 E/Finsky  (24485): 	at apbm.run(PG:109)
09-20 10:44:08.794 E/Finsky  (24485): 	at java.util.concurrent.ThreadPoolExecutor.runWorker(ThreadPoolExecutor.java:1167)
09-20 10:44:08.794 E/Finsky  (24485): 	at java.util.concurrent.ThreadPoolExecutor$Worker.run(ThreadPoolExecutor.java:641)
09-20 10:44:08.794 E/Finsky  (24485): 	at lsp.run(PG:309)
09-20 10:44:08.794 E/Finsky  (24485): 	at java.lang.Thread.run(Thread.java:920)
09-20 10:44:08.797 E/Finsky  (24485): [63] Logging timeout report message
09-20 10:44:08.797 E/Finsky  (24485): com.google.android.finsky.verifier.apkanalysis.client.ApkAnalysisException: DOWNLOAD_FILE_NOT_FOUND_EXCEPTION while analyzing APK
09-20 10:44:08.797 E/Finsky  (24485): 	at vwl.d(PG:512)
09-20 10:44:08.797 E/Finsky  (24485): 	at vwk.b(PG:298)
09-20 10:44:08.797 E/Finsky  (24485): 	at vwk.a(PG:13)
09-20 10:44:08.797 E/Finsky  (24485): 	at internal.org.jni_zero.JniUtil.v(PG:14)
09-20 10:44:08.797 E/Finsky  (24485): 	at internal.org.jni_zero.JniUtil.u(PG:2)
09-20 10:44:08.797 E/Finsky  (24485): 	at apbd.d(PG:10)
09-20 10:44:08.797 E/Finsky  (24485): 	at ubt.b(PG:234)
09-20 10:44:08.797 E/Finsky  (24485): 	at ubt.a(PG:154)
09-20 10:44:08.797 E/Finsky  (24485): 	at internal.org.jni_zero.JniUtil.v(PG:14)
09-20 10:44:08.797 E/Finsky  (24485): 	at apbd.Q(PG:28)
09-20 10:44:08.797 E/Finsky  (24485): 	at apbd.L(PG:12)
09-20 10:44:08.797 E/Finsky  (24485): 	at wda.a(PG:104)
09-20 10:44:08.797 E/Finsky  (24485): 	at ubt.b(PG:191)
09-20 10:44:08.797 E/Finsky  (24485): 	at aovc.u(PG:5)
09-20 10:44:08.797 E/Finsky  (24485): 	at apbm.run(PG:109)
09-20 10:44:08.797 E/Finsky  (24485): 	at java.util.concurrent.ThreadPoolExecutor.runWorker(ThreadPoolExecutor.java:1167)
09-20 10:44:08.797 E/Finsky  (24485): 	at java.util.concurrent.ThreadPoolExecutor$Worker.run(ThreadPoolExecutor.java:641)
09-20 10:44:08.797 E/Finsky  (24485): 	at lsp.run(PG:309)
09-20 10:44:08.797 E/Finsky  (24485): 	at java.lang.Thread.run(Thread.java:920)
09-20 10:44:08.800 I/Finsky  (24485): [46] Apk Analysis Protection verdict logged: null.
09-20 10:44:08.801 I/SupervisionStateUtils(23961): State no supervision required [CONTEXT service_id=42 ]
09-20 10:44:08.801 I/SupervisionStateUtils(23961): State recover:NO_SUPERVISION_REQUIRED [CONTEXT service_id=42 ]
09-20 10:44:08.806 E/AbstractLogEventBuilder(24485): The provided ProductIdOrigin 3 is not one of the process-level expected values: 1 or 2
09-20 10:44:08.808 E/Finsky  (24485): [63] VerifyApps: APK Analysis scan failed for androidx.test.orchestrator
09-20 10:44:08.808 E/Finsky  (24485): com.google.android.finsky.verifier.apkanalysis.client.ApkAnalysisException: DOWNLOAD_FILE_NOT_FOUND_EXCEPTION while analyzing APK
09-20 10:44:08.808 E/Finsky  (24485): 	at vwl.d(PG:512)
09-20 10:44:08.808 E/Finsky  (24485): 	at vwk.b(PG:298)
09-20 10:44:08.808 E/Finsky  (24485): 	at vwk.a(PG:13)
09-20 10:44:08.808 E/Finsky  (24485): 	at internal.org.jni_zero.JniUtil.v(PG:14)
09-20 10:44:08.808 E/Finsky  (24485): 	at internal.org.jni_zero.JniUtil.u(PG:2)
09-20 10:44:08.808 E/Finsky  (24485): 	at apbd.d(PG:10)
09-20 10:44:08.808 E/Finsky  (24485): 	at ubt.b(PG:234)
09-20 10:44:08.808 E/Finsky  (24485): 	at ubt.a(PG:154)
09-20 10:44:08.808 E/Finsky  (24485): 	at internal.org.jni_zero.JniUtil.v(PG:14)
09-20 10:44:08.808 E/Finsky  (24485): 	at apbd.Q(PG:28)
09-20 10:44:08.808 E/Finsky  (24485): 	at apbd.L(PG:12)
09-20 10:44:08.808 E/Finsky  (24485): 	at wda.a(PG:104)
09-20 10:44:08.808 E/Finsky  (24485): 	at ubt.b(PG:191)
09-20 10:44:08.808 E/Finsky  (24485): 	at aovc.u(PG:5)
09-20 10:44:08.808 E/Finsky  (24485): 	at apbm.run(PG:109)
09-20 10:44:08.808 E/Finsky  (24485): 	at java.util.concurrent.ThreadPoolExecutor.runWorker(ThreadPoolExecutor.java:1167)
09-20 10:44:08.808 E/Finsky  (24485): 	at java.util.concurrent.ThreadPoolExecutor$Worker.run(ThreadPoolExecutor.java:641)
09-20 10:44:08.808 E/Finsky  (24485): 	at lsp.run(PG:309)
09-20 10:44:08.808 E/Finsky  (24485): 	at java.lang.Thread.run(Thread.java:920)
09-20 10:44:08.808 I/Finsky  (24485): [63] VerifyApps: APK Analysis scan finished for androidx.test.orchestrator. Verdict: SAFE
09-20 10:44:08.808 I/Finsky  (24485): [193] Apk Analysis scan verification duration=PT0.018S 
09-20 10:44:08.816 I/Icing   (23961): IndexChimeraService.getServiceInterface callingPackage=com.google.android.gms componentName=AppsCorpus serviceId=36
09-20 10:44:08.849 D/BoundBrokerSvc(24240): onBind: Intent { act=com.google.android.gms.droidguard.DroidGuardFastRefreshGmsTaskBoundService.ACTION_TASK_READY dat=chimera-action: cmp=com.google.android.gms/.chimera.UnstableInternalBoundBrokerService }
09-20 10:44:08.849 D/BoundBrokerSvc(24240): Loading bound service for intent: Intent { act=com.google.android.gms.droidguard.DroidGuardFastRefreshGmsTaskBoundService.ACTION_TASK_READY dat=chimera-action: cmp=com.google.android.gms/.chimera.UnstableInternalBoundBrokerService }
09-20 10:44:08.850 I/NetworkScheduler.Stats(23991): (REDACTED) Task %s/%s started execution. cause:%s exec_start_elapsed_seconds: %s
09-20 10:44:08.851 W/ChannelGroupsDataServic(25277): enableBroadcastTvChannel: false
09-20 10:44:08.851 E/ActivityThread(25277): Failed to find provider info for com.google.android.tvsetup.app.machine.services.castsetup.castsetupinfo.CastInfoProvider
09-20 10:44:08.855 E/ActivityThread(25277): Failed to find provider info for com.google.android.apps.youtube.tvunplugged.client.provider
09-20 10:44:08.858 D/BoundBrokerSvc(24240): onUnbind: Intent { act=com.google.android.gms.droidguard.DroidGuardFastRefreshGmsTaskBoundService.ACTION_TASK_READY dat=chimera-action: cmp=com.google.android.gms/.chimera.UnstableInternalBoundBrokerService }
09-20 10:44:08.859 I/NetworkScheduler.Stats(23991): (REDACTED) Task %s/%s finished executing. cause:%s result: %s elapsed_millis: %s uptime_millis: %s exec_start_elapsed_seconds: %s
09-20 10:44:08.859 W/ChannelGroupsDataServic(25277): enableBroadcastTvChannel: false
09-20 10:44:08.862 E/ActivityThread(25277): Failed to find provider info for com.google.android.apps.youtube.tvunplugged.client.provider
09-20 10:44:08.868 I/Icing   (23961): Usage reports ok 1, Failed Usage reports 0, indexed 0, rejected 0
09-20 10:44:08.873 I/NetworkScheduler.Stats(23991): (REDACTED) Task %s/%s started execution. cause:%s exec_start_elapsed_seconds: %s
09-20 10:44:08.897 I/Icing   (23961): Indexing com.google.android.gms-apps from com.google.android.gms
09-20 10:44:08.901 I/Icing   (23961): Indexing done com.google.android.gms-apps
09-20 10:44:08.902 I/Icing   (23961): Indexing com.google.android.gms-apps from com.google.android.gms
09-20 10:44:08.903 I/Icing   (23961): Indexing done com.google.android.gms-apps
09-20 10:44:08.916 D/ConnectivityService(20024): requestNetwork for uid/pid:10057/25277 activeRequest: null callbackRequest: 197 [NetworkRequest [ REQUEST id=198, [ Capabilities: INTERNET&NOT_RESTRICTED&TRUSTED&NOT_VCN_MANAGED Uid: 10057 RequestorUid: 10057 RequestorPkg: com.google.android.apps.tv.launcherx] ]] callback flags: 0 priority: 2147483647
09-20 10:44:08.916 D/ConnectivityService(20024): NetReassign [198 : null  100]
09-20 10:44:08.920 D/WifiNetworkFactory(20024): got request NetworkRequest [ REQUEST id=198, [ Capabilities: INTERNET&NOT_RESTRICTED&TRUSTED&NOT_VCN_MANAGED Uid: 10057 RequestorUid: 10057 RequestorPkg: com.google.android.apps.tv.launcherx] ]
09-20 10:44:08.920 D/UntrustedWifiNetworkFactory(20024): got request NetworkRequest [ REQUEST id=198, [ Capabilities: INTERNET&NOT_RESTRICTED&TRUSTED&NOT_VCN_MANAGED Uid: 10057 RequestorUid: 10057 RequestorPkg: com.google.android.apps.tv.launcherx] ]
09-20 10:44:08.920 D/OemPaidWifiNetworkFactory(20024): got request NetworkRequest [ REQUEST id=198, [ Capabilities: INTERNET&NOT_RESTRICTED&TRUSTED&NOT_VCN_MANAGED Uid: 10057 RequestorUid: 10057 RequestorPkg: com.google.android.apps.tv.launcherx] ]
09-20 10:44:08.923 W/SQLiteLog(23961): (28) double-quoted string literal: "1758163448923"
09-20 10:44:08.923 W/SQLiteLog(23961): (28) double-quoted string literal: "1"
09-20 10:44:08.926 W/SQLiteLog(23961): (28) double-quoted string literal: "1758163448925"
09-20 10:44:08.926 W/SQLiteLog(23961): (28) double-quoted string literal: "1"
09-20 10:44:08.933 W/keystore_att_id(  200): package manager request for key attestation ID failed with:  -129
09-20 10:44:08.945 E/VerityUtils(20024): Failed to measure fs-verity, errno 1: /data/app/~~93r0Sly_c-b-bMWw7yazkw==/com.google.android.apps.tv.launcherx-_ahTH6TXkO-WbLUO9d6pCg==/base.apk
09-20 10:44:08.960 W/SystemServiceRegistry(24240): No service published for: persistent_data_block
09-20 10:44:08.968 E/VerityUtils(20024): Failed to measure fs-verity, errno 1: /data/app/~~I1g05IINuAJwXqaso2pk5A==/com.neew.browser-NnuaH2ExAfaZFFjNCRAskA==/base.apk
09-20 10:44:08.988 E/ActivityThread(25277): Failed to find provider info for com.google.android.tvsetup.app.machine.services.castsetup.castsetupinfo.CastInfoProvider
09-20 10:44:08.989 E/ActivityThread(25277): Failed to find provider info for com.google.android.apps.youtube.tvunplugged.client.provider
09-20 10:44:08.990 I/Finsky  (24485): [193] VerifyApps: Verification package=androidx.test.orchestrator, id=10, response=0, upload_requested=false, enable_ecm=false
09-20 10:44:08.991 I/Finsky  (24485): [193] VerifyApps: PAM result saving to datastore delayed for package: androidx.test.orchestrator
09-20 10:44:08.992 E/AbstractLogEventBuilder(24485): The provided ProductIdOrigin 3 is not one of the process-level expected values: 1 or 2
09-20 10:44:08.993 I/Finsky  (24485): [188] VerifyApps: Starting required split types check for androidx.test.orchestrator.
09-20 10:44:08.994 I/Finsky  (24485): [188] VerifyApps: Required split types check successful for androidx.test.orchestrator.
09-20 10:44:08.994 I/Finsky  (24485): [188] VerifyApps AdvancedProtection: Verify AP install started
09-20 10:44:08.994 I/Finsky  (24485): [188] VerifyApps AdvancedProtection: Allowing install because there are no Advanced Protection users
09-20 10:44:08.994 I/Finsky  (24485): [2] VerifyApps AdvancedProtection: Reported Advanced Protection verification result: ALLOW
09-20 10:44:08.995 E/Finsky  (24485): [188] Package name null is not an installed package
09-20 10:44:08.998 E/ActivityThread(25277): Failed to find provider info for com.google.android.tvsetup.app.machine.services.castsetup.castsetupinfo.CastInfoProvider
09-20 10:44:08.999 E/ActivityThread(25277): Failed to find provider info for com.google.android.apps.youtube.tvunplugged.client.provider
09-20 10:44:08.999 I/Finsky  (24485): [188] Skipping logging for attempted installation. The source is a system package.
09-20 10:44:09.000 I/Finsky  (24485): [188] VerifyApps: Returning package verification result id=10, result=ALLOW
09-20 10:44:09.003 I/Finsky  (24485): [2] VerifyApps: Install-time verification complete: id=10, package_name=androidx.test.orchestrator
09-20 10:44:09.023 V/StorageManagerService(20024): Package null does not have legacy storage
09-20 10:44:09.026 I/MediaProvider(20599): Invalidating LocalCallingIdentity cache for package androidx.test.orchestrator. Reason: op android:read_external_storage
09-20 10:44:09.028 I/cn_CronetUrlRequestContext(25277): destroyNativeStreamLocked org.chromium.net.impl.CronetBidirectionalStream@3e97c46
09-20 10:44:09.030 W/OemTabLoader(25277): getOemDestinationFallback, is oem tab enabled? true
09-20 10:44:09.031 W/OemTabLoader(25277): getOemDestinationFallback, uri: content://com.google.android.oemtabprovider.OemTabProvider/oemTab
09-20 10:44:09.031 W/OemTabLoader(25277): Unable to resolve provider: content://com.google.android.oemtabprovider.OemTabProvider/oemTab
09-20 10:44:09.031 W/OemTabLoader(25277): isProviderInstalled: false
09-20 10:44:09.032 V/BackupManagerService(20024): [UserID:0] restoreAtInstall pkg=androidx.test.orchestrator token=b restoreSet=0
09-20 10:44:09.032 W/BackupTransportManager(20024): Transport com.google.android.gms/.backup.BackupTransportService not registered
09-20 10:44:09.032 W/BackupManagerService(20024): [UserID:0] No transport client
09-20 10:44:09.032 V/BackupManagerService(20024): [UserID:0] Finishing install immediately
09-20 10:44:09.037 E/installd(  423): Couldn't opendir /data/app/vmdl694963858.tmp: No such file or directory
09-20 10:44:09.037 E/installd(  423): Failed to delete /data/app/vmdl694963858.tmp: No such file or directory
09-20 10:44:09.040 D/CompatibilityChangeReporter(20024): Compat change id reported: 168419799; UID 10087; state: DISABLED
09-20 10:44:09.040 I/MediaProvider(20599): Invalidating LocalCallingIdentity cache for package androidx.test.orchestrator. Reason: package android.intent.action.PACKAGE_ADDED
09-20 10:44:09.042 W/BroadcastQueue(20024): Background execution not allowed: receiving Intent { act=android.intent.action.PACKAGE_ADDED dat=package:androidx.test.orchestrator flg=0x4000010 (has extras) } to com.google.android.packageinstaller/com.android.packageinstaller.PackageInstalledReceiver
09-20 10:44:09.042 W/BroadcastQueue(20024): Background execution not allowed: receiving Intent { act=android.intent.action.PACKAGE_ADDED dat=package:androidx.test.orchestrator flg=0x4000010 (has extras) } to com.android.vending/com.google.android.finsky.packagemonitor.impl.PackageMonitorReceiverImpl$RegisteredReceiver
09-20 10:44:09.042 W/BroadcastQueue(20024): Background execution not allowed: receiving Intent { act=android.intent.action.PACKAGE_ADDED dat=package:androidx.test.orchestrator flg=0x4000010 (has extras) } to com.android.vending/com.google.android.finsky.packagemonitor.backgroundimpl.BackgroundPackageMonitorReceiverImpl$RegisteredReceiver
09-20 10:44:09.042 W/BroadcastQueue(20024): Background execution not allowed: receiving Intent { act=android.intent.action.PACKAGE_ADDED dat=package:androidx.test.orchestrator flg=0x4000010 (has extras) } to com.google.android.apps.tv.launcherx/.stream.refreshtrigger.appinstall.AppInstallReceiver_Receiver
09-20 10:44:09.042 W/BroadcastQueue(20024): Background execution not allowed: receiving Intent { act=android.intent.action.PACKAGE_ADDED dat=package:androidx.test.orchestrator flg=0x4000010 (has extras) } to com.google.android.gms/.chimera.GmsIntentOperationService$PersistentTrustedReceiver
09-20 10:44:09.042 W/BroadcastQueue(20024): Background execution not allowed: receiving Intent { act=android.intent.action.PACKAGE_ADDED dat=package:androidx.test.orchestrator flg=0x4000010 (has extras) } to com.google.android.gms/.games.chimera.GamesSystemBroadcastReceiverProxy
09-20 10:44:09.042 W/BroadcastQueue(20024): Background execution not allowed: receiving Intent { act=android.intent.action.PACKAGE_ADDED dat=package:androidx.test.orchestrator flg=0x4000010 (has extras) } to com.google.android.gms/.gass.chimera.PackageChangeBroadcastReceiver
09-20 10:44:09.043 I/Finsky:background(22722): [2] psm - Received: android.intent.action.PACKAGE_ADDED, [Ddm0T7gmPwiaW8pOhuvoGkXM5F0bRhioqNs6SKzwveg]
09-20 10:44:09.044 I/InputReader(20024): Reconfiguring input devices, changes=KEYBOARD_LAYOUTS | 
09-20 10:44:09.045 I/Finsky  (24485): [2] psx - Received: android.intent.action.PACKAGE_ADDED, [Ddm0T7gmPwiaW8pOhuvoGkXM5F0bRhioqNs6SKzwveg]
09-20 10:44:09.047 I/ActivityManager(20024): com.google.android.packageinstaller is exempt from freezer
09-20 10:44:09.047 D/CompatibilityChangeReporter(20024): Compat change id reported: 135634846; UID 10036; state: DISABLED
09-20 10:44:09.047 D/CompatibilityChangeReporter(20024): Compat change id reported: 177438394; UID 10036; state: DISABLED
09-20 10:44:09.047 D/CompatibilityChangeReporter(20024): Compat change id reported: 135772972; UID 10036; state: DISABLED
09-20 10:44:09.047 D/CompatibilityChangeReporter(20024): Compat change id reported: 135754954; UID 10036; state: ENABLED
09-20 10:44:09.047 D/CompatibilityChangeReporter(20024): Compat change id reported: 143937733; UID 10036; state: ENABLED
09-20 10:44:09.048 I/PermissionControllerServiceImpl(21605): Updating user sensitive for uid 10087
09-20 10:44:09.048 V/BackupManagerConstants(20024): getFullBackupIntervalMilliseconds(...) returns 86400000
09-20 10:44:09.048 V/BackupManagerConstants(20024): getFullBackupRequiredNetworkType(...) returns 2
09-20 10:44:09.048 V/BackupManagerConstants(20024): getFullBackupRequireCharging(...) returns true
09-20 10:44:09.050 W/TextServicesManagerService(20024): no available spell checker services found
09-20 10:44:09.050 I/Finsky  (24485): [2] Clearing split related stale data.
09-20 10:44:09.050 I/Finsky  (24485): [69] AIM: AppInfoManager-Perf > OnDeviceAppInfo > cacheHitCount=0, cacheMissCount=1. Missed  in cache (limit 10) : [androidx.test.orchestrator]
09-20 10:44:09.050 I/Finsky  (24485): [69] AIM: Got app ownership map. App counts: . Unique apps: 0
09-20 10:44:09.050 E/Finsky  (24485): [69] [Counters] attempted to use a non-positive increment for: 4752
09-20 10:44:09.050 E/Finsky  (24485): [69] [Counters] attempted to use a non-positive increment for: 4753
09-20 10:44:09.050 I/Finsky  (24485): [2] DTU: Received onPackageAdded, replacing: false
09-20 10:44:09.051 D/Zygote  (19955): Forked child process 26563
09-20 10:44:09.053 I/Finsky  (24485): [194] [ContentSync] finished, scheduled=false
09-20 10:44:09.054 W/Searchables(20024): No global search activity found
09-20 10:44:09.054 E/ActivityThread(25277): Failed to find provider info for com.google.android.apps.youtube.tvunplugged.client.provider
09-20 10:44:09.056 V/MediaPlayerList(20180): mPackageChangedBroadcastReceiver: action: android.intent.action.PACKAGE_ADDED
09-20 10:44:09.056 D/MediaPlayerList(20180): Name of package changed: androidx.test.orchestrator
09-20 10:44:09.056 I/ActivityManager(20024): Start proc 26563:com.google.android.packageinstaller/u0a36 for broadcast {com.google.android.packageinstaller/com.android.packageinstaller.PackageInstalledReceiver}
09-20 10:44:09.059 I/Finsky  (24485): [58] AIM: AppInfoManager-Perf > ItemModel > CacheSize=11, cacheHitCount=0, cacheMissCount=0, total appsWithNoServerDataCount=0. Missed  in cache (limit 10) : []
09-20 10:44:09.060 I/Finsky  (24485): [2] AIM: AppInfoCacheUpdater -> invalidating apps: [androidx.test.orchestrator]
09-20 10:44:09.060 I/Finsky  (24485): [2] AIM: AppInfoManager-Perf > getApps > called for 1 apps
09-20 10:44:09.061 I/Finsky  (24485): [72] AIM: AppInfoManager-Perf > OnDeviceAppInfo > cacheHitCount=0, cacheMissCount=1. Missed  in cache (limit 10) : [androidx.test.orchestrator]
09-20 10:44:09.062 W/PackageManager(20024): Failed registering loading progress callback. Package is fully loaded.
09-20 10:44:09.064 I/Finsky  (24485): [72] AIM: Got app ownership map. App counts: . Unique apps: 0
09-20 10:44:09.064 E/Finsky  (24485): [72] [Counters] attempted to use a non-positive increment for: 4752
09-20 10:44:09.065 E/Finsky  (24485): [58] [Counters] attempted to use a non-positive increment for: 4753
09-20 10:44:09.065 I/Finsky:background(22722): [245] Wrote row to frosting DB: 197
09-20 10:44:09.067 E/ackageinstalle(26563): Not starting debugger since process cannot load the jdwp agent.
09-20 10:44:09.071 I/Finsky  (24485): [63] AIM: AppInfoManager-Perf > ItemModel > CacheSize=11, cacheHitCount=0, cacheMissCount=0, total appsWithNoServerDataCount=0. Missed  in cache (limit 10) : []
09-20 10:44:09.072 I/abb     (26434): StartCommandInProcess(7061636b61676500696e7374616c6c2d package.install- [truncated])
09-20 10:44:09.073 D/CompatibilityChangeReporter(20024): Compat change id reported: 168419799; UID 10036; state: DISABLED
09-20 10:44:09.074 I/Finsky  (24485): [72] AIM: AppInfoManager-Perf > getApps > data collection finished
09-20 10:44:09.074 I/Finsky  (24485): [72] AIM: AppInfoManager-Perf > maybeDestroyAppInfoManager is called. actives = 1
09-20 10:44:09.079 D/CompatibilityChangeReporter(26563): Compat change id reported: 171979766; UID 10036; state: ENABLED
09-20 10:44:09.086 I/abb     (26434): StartCommandInProcess(7061636b61676500696e7374616c6c2d package.install- [truncated])
09-20 10:44:09.086 W/GCM     (23991): Unexpected forwarded intent: Intent { act=android.intent.action.PACKAGE_ADDED dat=package:androidx.test.orchestrator flg=0x4000010 pkg=com.google.android.gms cmp=com.google.android.gms/.chimera.PersistentIntentOperationService (has extras) }
09-20 10:44:09.088 I/FontLog (23991): (REDACTED) Package %s has no metadata
09-20 10:44:09.089 I/Auth    (23961): (REDACTED) [SupervisedAccountIntentOperationV2] onHandleIntent: %s
09-20 10:44:09.089 W/NetworkScheduler(23991): Unexpected forwarded intent: Intent { act=android.intent.action.PACKAGE_ADDED dat=package:androidx.test.orchestrator flg=0x4000010 pkg=com.google.android.gms cmp=com.google.android.gms/.chimera.PersistentIntentOperationService (has extras) }
09-20 10:44:09.089 I/PhenotypeResourceReader(23991): unable to find any Phenotype resource metadata for androidx.test.orchestrator
09-20 10:44:09.092 I/CoexistenceUtils(23961): com.android.chrome not installed, not blocking Coexistence [CONTEXT service_id=42 ]
09-20 10:44:09.092 I/Blockstore(23961): (REDACTED) [DataStoreImpl] Clearing Blockstore Data for package %s
09-20 10:44:09.092 I/CoexistenceUtils(23961): com.google.android.gms version: 253534119. Coexistence min required: 12600000 [CONTEXT service_id=42 ]
09-20 10:44:09.092 I/CoexistenceUtils(23961): com.google.android.googlequicksearchbox not installed, not blocking Coexistence [CONTEXT service_id=42 ]
09-20 10:44:09.092 I/NearbyDiscovery(23961): (REDACTED) processGrantSlicePermission: %s
09-20 10:44:09.092 I/Blockstore(23961): [DataStoreImpl] Keyless data not found or its IsLastInstallationData = false. [CONTEXT service_id=258 ]
09-20 10:44:09.098 I/cn_CronetUrlRequestContext(25277): destroyNativeStreamLocked org.chromium.net.impl.CronetBidirectionalStream@7c2bf73
09-20 10:44:09.100 E/VerityUtils(20024): Failed to measure fs-verity, errno 1: /data/app/~~-7tN5rH5Ig5pFIc7AY9iww==/androidx.test.orchestrator-OriNVk4uJjP_IQDSS_HAmA==/base.apk
09-20 10:44:09.101 I/SupervisionStateUtils(23961): State no supervision required [CONTEXT service_id=42 ]
09-20 10:44:09.101 I/SupervisionStateUtils(23961): State recover:NO_SUPERVISION_REQUIRED [CONTEXT service_id=42 ]
09-20 10:44:09.114 V/GraphicsEnvironment(26563): ANGLE Developer option for 'com.google.android.packageinstaller' set to: 'default'
09-20 10:44:09.114 V/GraphicsEnvironment(26563): Neither updatable production driver nor prerelease driver is supported.
09-20 10:44:09.115 D/NetworkSecurityConfig(26563): No Network Security Config specified, using platform default
09-20 10:44:09.115 D/NetworkSecurityConfig(26563): No Network Security Config specified, using platform default
09-20 10:44:09.119 I/Finsky:background(22722): [245] Wrote row to frosting DB: 198
09-20 10:44:09.126 I/abb     (26434): StartCommandInProcess(7061636b61676500696e7374616c6c2d package.install- [truncated])
09-20 10:44:09.133 W/System  (20024): A resource failed to call close. 
09-20 10:44:09.134 I/Icing   (23961): Indexing com.google.android.gms-apps from com.google.android.gms
09-20 10:44:09.134 I/Icing   (23961): Indexing done com.google.android.gms-apps
09-20 10:44:09.137 I/Finsky  (24485): [2] VerifyApps: Install-time verification requested for package androidx.test.services, PackageManager id = 11, Verifier id = 00c871e4-514e-4af1-9059-0e5ed8d919da
09-20 10:44:09.138 W/RuleEvaluation(20024): Integrity rule files are not available.
09-20 10:44:09.138 I/Finsky  (24485): [48] RECEIVER_PACKAGE_VERIFICATION#logWorkEndAndFinishGoAsync: SUCCESS
09-20 10:44:09.140 I/PackageManager(20024): Integrity check passed for file:///data/app/vmdl1125703960.tmp
09-20 10:44:09.142 I/Finsky  (24485): [188] VerifyApps: Anti-malware verification task started for package=androidx.test.services
09-20 10:44:09.142 E/AbstractLogEventBuilder(24485): The provided ProductIdOrigin 3 is not one of the process-level expected values: 1 or 2
09-20 10:44:09.143 E/AbstractLogEventBuilder(24485): The provided ProductIdOrigin 3 is not one of the process-level expected values: 1 or 2
09-20 10:44:09.143 I/Finsky  (24485): [188] Single user settings service is not running, bind it now
09-20 10:44:09.145 I/Finsky  (24485): [2] Single user settings service is connected
09-20 10:44:09.149 W/Settings(24485): Setting install_non_market_apps has moved from android.provider.Settings.Global to android.provider.Settings.Secure, returning read-only value.
09-20 10:44:09.155 D/EGL_emulation(24240): eglCreateContext: 0xb400007310524550: maj 3 min 0 rcv 3
09-20 10:44:09.161 W/libc    (24240): Access denied finding property "persist.adb.tls_server.enable"
09-20 10:44:09.163 I/Finsky  (24485): [188] VerifyApps: Installer app: com.android.shell
09-20 10:44:09.165 I/Finsky  (24485): [188] Task 7 requested foreground
09-20 10:44:09.165 I/Finsky  (24485): [188] Not entering foreground
09-20 10:44:09.166 I/Finsky  (24485): [58] VerifyApps: Starting APK Analysis scan for androidx.test.services.
09-20 10:44:09.166 I/Finsky  (24485): [58] Scanning package androidx.test.services contents with client side protections. File: [QzeRqMqp8M-qKQ541Pyo8cZ2x6Dj5NMDwSmAQoplksc]
09-20 10:44:09.166 E/Finsky  (24485): [58] 5 file not found
09-20 10:44:09.166 E/Finsky  (24485): [58] APK Analysis allow list check failed; APK Analysis will be skipped!
09-20 10:44:09.166 E/Finsky  (24485): com.google.android.finsky.verifier.apkanalysis.client.ApkAnalysisException: DOWNLOAD_FILE_NOT_FOUND_EXCEPTION while analyzing APK
09-20 10:44:09.166 E/Finsky  (24485): 	at vwl.d(PG:512)
09-20 10:44:09.166 E/Finsky  (24485): 	at vwk.b(PG:298)
09-20 10:44:09.166 E/Finsky  (24485): 	at vwk.a(PG:13)
09-20 10:44:09.166 E/Finsky  (24485): 	at internal.org.jni_zero.JniUtil.v(PG:14)
09-20 10:44:09.166 E/Finsky  (24485): 	at internal.org.jni_zero.JniUtil.u(PG:2)
09-20 10:44:09.166 E/Finsky  (24485): 	at apbd.d(PG:10)
09-20 10:44:09.166 E/Finsky  (24485): 	at ubt.b(PG:234)
09-20 10:44:09.166 E/Finsky  (24485): 	at ubt.a(PG:154)
09-20 10:44:09.166 E/Finsky  (24485): 	at internal.org.jni_zero.JniUtil.v(PG:14)
09-20 10:44:09.166 E/Finsky  (24485): 	at apbd.Q(PG:28)
09-20 10:44:09.166 E/Finsky  (24485): 	at apbd.L(PG:12)
09-20 10:44:09.166 E/Finsky  (24485): 	at wda.a(PG:104)
09-20 10:44:09.166 E/Finsky  (24485): 	at ubt.b(PG:191)
09-20 10:44:09.166 E/Finsky  (24485): 	at aovc.u(PG:5)
09-20 10:44:09.166 E/Finsky  (24485): 	at apbm.run(PG:109)
09-20 10:44:09.166 E/Finsky  (24485): 	at java.util.concurrent.ThreadPoolExecutor.runWorker(ThreadPoolExecutor.java:1167)
09-20 10:44:09.166 E/Finsky  (24485): 	at java.util.concurrent.ThreadPoolExecutor$Worker.run(ThreadPoolExecutor.java:641)
09-20 10:44:09.166 E/Finsky  (24485): 	at lsp.run(PG:309)
09-20 10:44:09.166 E/Finsky  (24485): 	at java.lang.Thread.run(Thread.java:920)
09-20 10:44:09.166 E/Finsky  (24485): [58] Logging timeout report message
09-20 10:44:09.166 E/Finsky  (24485): com.google.android.finsky.verifier.apkanalysis.client.ApkAnalysisException: DOWNLOAD_FILE_NOT_FOUND_EXCEPTION while analyzing APK
09-20 10:44:09.166 E/Finsky  (24485): 	at vwl.d(PG:512)
09-20 10:44:09.166 E/Finsky  (24485): 	at vwk.b(PG:298)
09-20 10:44:09.166 E/Finsky  (24485): 	at vwk.a(PG:13)
09-20 10:44:09.166 E/Finsky  (24485): 	at internal.org.jni_zero.JniUtil.v(PG:14)
09-20 10:44:09.166 E/Finsky  (24485): 	at internal.org.jni_zero.JniUtil.u(PG:2)
09-20 10:44:09.166 E/Finsky  (24485): 	at apbd.d(PG:10)
09-20 10:44:09.166 E/Finsky  (24485): 	at ubt.b(PG:234)
09-20 10:44:09.166 E/Finsky  (24485): 	at ubt.a(PG:154)
09-20 10:44:09.166 E/Finsky  (24485): 	at internal.org.jni_zero.JniUtil.v(PG:14)
09-20 10:44:09.166 E/Finsky  (24485): 	at apbd.Q(PG:28)
09-20 10:44:09.166 E/Finsky  (24485): 	at apbd.L(PG:12)
09-20 10:44:09.166 E/Finsky  (24485): 	at wda.a(PG:104)
09-20 10:44:09.166 E/Finsky  (24485): 	at ubt.b(PG:191)
09-20 10:44:09.166 E/Finsky  (24485): 	at aovc.u(PG:5)
09-20 10:44:09.166 E/Finsky  (24485): 	at apbm.run(PG:109)
09-20 10:44:09.166 E/Finsky  (24485): 	at java.util.concurrent.ThreadPoolExecutor.runWorker(ThreadPoolExecutor.java:1167)
09-20 10:44:09.166 E/Finsky  (24485): 	at java.util.concurrent.ThreadPoolExecutor$Worker.run(ThreadPoolExecutor.java:641)
09-20 10:44:09.166 E/Finsky  (24485): 	at lsp.run(PG:309)
09-20 10:44:09.166 E/Finsky  (24485): 	at java.lang.Thread.run(Thread.java:920)
09-20 10:44:09.166 E/Finsky  (24485): [58] VerifyApps: APK Analysis scan failed for androidx.test.services
09-20 10:44:09.166 E/Finsky  (24485): com.google.android.finsky.verifier.apkanalysis.client.ApkAnalysisException: DOWNLOAD_FILE_NOT_FOUND_EXCEPTION while analyzing APK
09-20 10:44:09.166 E/Finsky  (24485): 	at vwl.d(PG:512)
09-20 10:44:09.166 E/Finsky  (24485): 	at vwk.b(PG:298)
09-20 10:44:09.166 E/Finsky  (24485): 	at vwk.a(PG:13)
09-20 10:44:09.166 E/Finsky  (24485): 	at internal.org.jni_zero.JniUtil.v(PG:14)
09-20 10:44:09.166 E/Finsky  (24485): 	at internal.org.jni_zero.JniUtil.u(PG:2)
09-20 10:44:09.166 E/Finsky  (24485): 	at apbd.d(PG:10)
09-20 10:44:09.166 E/Finsky  (24485): 	at ubt.b(PG:234)
09-20 10:44:09.166 E/Finsky  (24485): 	at ubt.a(PG:154)
09-20 10:44:09.166 E/Finsky  (24485): 	at internal.org.jni_zero.JniUtil.v(PG:14)
09-20 10:44:09.166 E/Finsky  (24485): 	at apbd.Q(PG:28)
09-20 10:44:09.166 E/Finsky  (24485): 	at apbd.L(PG:12)
09-20 10:44:09.166 E/Finsky  (24485): 	at wda.a(PG:104)
09-20 10:44:09.166 E/Finsky  (24485): 	at ubt.b(PG:191)
09-20 10:44:09.166 E/Finsky  (24485): 	at aovc.u(PG:5)
09-20 10:44:09.166 E/Finsky  (24485): 	at apbm.run(PG:109)
09-20 10:44:09.166 E/Finsky  (24485): 	at java.util.concurrent.ThreadPoolExecutor.runWorker(ThreadPoolExecutor.java:1167)
09-20 10:44:09.166 E/Finsky  (24485): 	at java.util.concurrent.ThreadPoolExecutor$Worker.run(ThreadPoolExecutor.java:641)
09-20 10:44:09.166 E/Finsky  (24485): 	at lsp.run(PG:309)
09-20 10:44:09.166 E/Finsky  (24485): 	at java.lang.Thread.run(Thread.java:920)
09-20 10:44:09.166 I/Finsky  (24485): [58] VerifyApps: APK Analysis scan finished for androidx.test.services. Verdict: SAFE
09-20 10:44:09.166 I/Finsky  (24485): [193] Apk Analysis scan verification duration=PT0.001S 
09-20 10:44:09.166 I/Finsky  (24485): [47] Apk Analysis Protection verdict logged: null.
09-20 10:44:09.167 E/AbstractLogEventBuilder(24485): The provided ProductIdOrigin 3 is not one of the process-level expected values: 1 or 2
09-20 10:44:09.171 W/GmsUrlRequestImpl(23991): [https://android.googleapis.com/auth/devicekey] Content-Type header is overwritten.
09-20 10:44:09.221 W/GLSUser (23991): [AppCertManager] Exception while requesting key: 
09-20 10:44:09.221 W/GLSUser (23991): java.util.concurrent.ExecutionException: awma: Parse Proto Exception with response code 400
09-20 10:44:09.221 W/GLSUser (23991): 	at cobz.h(:com.google.android.gms@253534119@25.35.34 (180406-804595880):21)
09-20 10:44:09.221 W/GLSUser (23991): 	at coci.s(:com.google.android.gms@253534119@25.35.34 (180406-804595880):71)
09-20 10:44:09.221 W/GLSUser (23991): 	at xya.b(:com.google.android.gms@253534119@25.35.34 (180406-804595880):439)
09-20 10:44:09.221 W/GLSUser (23991): 	at xxy.a(:com.google.android.gms@253534119@25.35.34 (180406-804595880):67)
09-20 10:44:09.221 W/GLSUser (23991): 	at xxy.eQ(:com.google.android.gms@253534119@25.35.34 (180406-804595880):16)
09-20 10:44:09.221 W/GLSUser (23991): 	at nfb.onTransact(:com.google.android.gms@253534119@25.35.34 (180406-804595880):97)
09-20 10:44:09.221 W/GLSUser (23991): 	at android.os.Binder.transact(Binder.java:1064)
09-20 10:44:09.221 W/GLSUser (23991): 	at aowi.onTransact(:com.google.android.gms@253534119@25.35.34 (180406-804595880):10)
09-20 10:44:09.221 W/GLSUser (23991): 	at android.os.Binder.transact(Binder.java:1064)
09-20 10:44:09.221 W/GLSUser (23991): 	at akfb.onTransact(:com.google.android.gms@253534119@25.35.34 (180406-804595880):157)
09-20 10:44:09.221 W/GLSUser (23991): 	at android.os.Binder.execTransactInternal(Binder.java:1179)
09-20 10:44:09.221 W/GLSUser (23991): 	at android.os.Binder.execTransact(Binder.java:1143)
09-20 10:44:09.221 W/GLSUser (23991): Caused by: awma: Parse Proto Exception with response code 400
09-20 10:44:09.221 W/GLSUser (23991): 	at awnc.c(:com.google.android.gms@253534119@25.35.34 (180406-804595880):80)
09-20 10:44:09.221 W/GLSUser (23991): 	at awpe.f(:com.google.android.gms@253534119@25.35.34 (180406-804595880):18)
09-20 10:44:09.221 W/GLSUser (23991): 	at awpv.onSucceeded(:com.google.android.gms@253534119@25.35.34 (180406-804595880):7)
09-20 10:44:09.221 W/GLSUser (23991): 	at m1.my.onSucceeded(:com.google.android.gms.dynamite_cronetdynamite@253534119@25.35.34 (180406-0):3)
09-20 10:44:09.221 W/GLSUser (23991): 	at m1.lu.run(:com.google.android.gms.dynamite_cronetdynamite@253534119@25.35.34 (180406-0):21)
09-20 10:44:09.221 W/GLSUser (23991): 	at m1.lo.run(:com.google.android.gms.dynamite_cronetdynamite@253534119@25.35.34 (180406-0):31)
09-20 10:44:09.221 W/GLSUser (23991): 	at afev.c(:com.google.android.gms@253534119@25.35.34 (180406-804595880):50)
09-20 10:44:09.221 W/GLSUser (23991): 	at afev.run(:com.google.android.gms@253534119@25.35.34 (180406-804595880):70)
09-20 10:44:09.221 W/GLSUser (23991): 	at java.util.concurrent.ThreadPoolExecutor.runWorker(ThreadPoolExecutor.java:1167)
09-20 10:44:09.221 W/GLSUser (23991): 	at java.util.concurrent.ThreadPoolExecutor$Worker.run(ThreadPoolExecutor.java:641)
09-20 10:44:09.221 W/GLSUser (23991): 	at afkh.run(:com.google.android.gms@253534119@25.35.34 (180406-804595880):8)
09-20 10:44:09.221 W/GLSUser (23991): 	at java.lang.Thread.run(Thread.java:920)
09-20 10:44:09.221 W/GLSUser (23991): Caused by: cypx: Protocol message contained an invalid tag (zero).
09-20 10:44:09.221 W/GLSUser (23991): 	at cyng.k(:com.google.android.gms@253534119@25.35.34 (180406-804595880):43)
09-20 10:44:09.221 W/GLSUser (23991): 	at cyqv.c(:com.google.android.gms@253534119@25.35.34 (180406-804595880):398)
09-20 10:44:09.221 W/GLSUser (23991): 	at cyqv.i(:com.google.android.gms@253534119@25.35.34 (180406-804595880):8)
09-20 10:44:09.221 W/GLSUser (23991): 	at cypg.y(:com.google.android.gms@253534119@25.35.34 (180406-804595880):23)
09-20 10:44:09.221 W/GLSUser (23991): 	at cypb.f(:com.google.android.gms@253534119@25.35.34 (180406-804595880):3)
09-20 10:44:09.221 W/GLSUser (23991): 	at cync.d(:com.google.android.gms@253534119@25.35.34 (180406-804595880):1)
09-20 10:44:09.221 W/GLSUser (23991): 	at cync.c(:com.google.android.gms@253534119@25.35.34 (180406-804595880):3)
09-20 10:44:09.221 W/GLSUser (23991): 	at cync.n(:com.google.android.gms@253534119@25.35.34 (180406-804595880):1)
09-20 10:44:09.221 W/GLSUser (23991): 	at awnc.g(:com.google.android.gms@253534119@25.35.34 (180406-804595880):69)
09-20 10:44:09.221 W/GLSUser (23991): 	at awnc.c(:com.google.android.gms@253534119@25.35.34 (180406-804595880):11)
09-20 10:44:09.221 W/GLSUser (23991): 	... 11 more
09-20 10:44:09.221 W/GLSUser (23991): [DeviceKeyStore] Cannot load key: Device key file not found.
09-20 10:44:09.223 W/GLSUser (23991): [DeviceKeyStore] Cannot load key: Device key file not found.
09-20 10:44:09.223 W/GLSUser (23991): [DeviceKeyStore] Cannot load key: Device key file not found.
09-20 10:44:09.223 W/GLSUser (23991): [DeviceKeyStore] Cannot load key: Device key file not found.
09-20 10:44:09.223 W/GLSUser (23991): [DeviceKeyStore] Cannot load key: Device key file not found.
09-20 10:44:09.224 E/DeviceCastInfoIntercept(25277): Unable to get cast id
09-20 10:44:09.224 E/DeviceCastInfoIntercept(25277): java.util.concurrent.ExecutionException: why: No provider matches authority: com.google.android.tvsetup.app.machine.services.castsetup.castsetupinfo.CastInfoProvider
09-20 10:44:09.224 E/DeviceCastInfoIntercept(25277): 	at ygu.h(PG:21)
09-20 10:44:09.224 E/DeviceCastInfoIntercept(25277): 	at yhc.s(PG:23)
09-20 10:44:09.224 E/DeviceCastInfoIntercept(25277): 	at ygu.get(PG:1)
09-20 10:44:09.224 E/DeviceCastInfoIntercept(25277): 	at a.o(PG:2)
09-20 10:44:09.224 E/DeviceCastInfoIntercept(25277): 	at vus.S(PG:10)
09-20 10:44:09.224 E/DeviceCastInfoIntercept(25277): 	at ghm.e(PG:3)
09-20 10:44:09.224 E/DeviceCastInfoIntercept(25277): 	at ysb.i(PG:56)
09-20 10:44:09.224 E/DeviceCastInfoIntercept(25277): 	at yqm.run(PG:362)
09-20 10:44:09.224 E/DeviceCastInfoIntercept(25277): 	at addu.run(PG:25)
09-20 10:44:09.224 E/DeviceCastInfoIntercept(25277): 	at yqm.run(PG:310)
09-20 10:44:09.224 E/DeviceCastInfoIntercept(25277): 	at yju.run(PG:13)
09-20 10:44:09.224 E/DeviceCastInfoIntercept(25277): 	at whb.run(PG:86)
09-20 10:44:09.224 E/DeviceCastInfoIntercept(25277): 	at yif.execute(PG:1)
09-20 10:44:09.224 E/DeviceCastInfoIntercept(25277): 	at yrz.execute(PG:3)
09-20 10:44:09.224 E/DeviceCastInfoIntercept(25277): 	at yjv.execute(PG:35)
09-20 10:44:09.224 E/DeviceCastInfoIntercept(25277): 	at wbv.execute(PG:44)
09-20 10:44:09.224 E/DeviceCastInfoIntercept(25277): 	at ygu.f(PG:1)
09-20 10:44:09.224 E/DeviceCastInfoIntercept(25277): 	at ygu.k(PG:93)
09-20 10:44:09.224 E/DeviceCastInfoIntercept(25277): 	at ygu.o(PG:13)
09-20 10:44:09.224 E/DeviceCastInfoIntercept(25277): 	at yia.g(PG:43)
09-20 10:44:09.224 E/DeviceCastInfoIntercept(25277): 	at yhj.f(PG:53)
09-20 10:44:09.224 E/DeviceCastInfoIntercept(25277): 	at yhj.w(PG:18)
09-20 10:44:09.224 E/DeviceCastInfoIntercept(25277): 	at yhh.run(PG:7)
09-20 10:44:09.224 E/DeviceCastInfoIntercept(25277): 	at yif.execute(PG:1)
09-20 10:44:09.224 E/DeviceCastInfoIntercept(25277): 	at ygu.f(PG:1)
09-20 10:44:09.224 E/DeviceCastInfoIntercept(25277): 	at ygu.k(PG:93)
09-20 10:44:09.224 E/DeviceCastInfoIntercept(25277): 	at ygu.o(PG:13)
09-20 10:44:09.224 E/DeviceCastInfoIntercept(25277): 	at qxz.a(PG:25)
09-20 10:44:09.224 E/DeviceCastInfoIntercept(25277): 	at oct.run(PG:261)
09-20 10:44:09.224 E/DeviceCastInfoIntercept(25277): 	at yif.execute(PG:1)
09-20 10:44:09.224 E/DeviceCastInfoIntercept(25277): 	at oxq.a(PG:87)
09-20 10:44:09.224 E/DeviceCastInfoIntercept(25277): 	at admv.h(PG:36)
09-20 10:44:09.224 E/DeviceCastInfoIntercept(25277): 	at oyc.s(PG:15)
09-20 10:44:09.224 E/DeviceCastInfoIntercept(25277): 	at okj.r(PG:5)
09-20 10:44:09.224 E/DeviceCastInfoIntercept(25277): 	at oqz.av(PG:7)
09-20 10:44:09.224 E/DeviceCastInfoIntercept(25277): 	at oiy.b(PG:15)
09-20 10:44:09.224 E/DeviceCastInfoIntercept(25277): 	at oiv.x(PG:16)
09-20 10:44:09.224 E/DeviceCastInfoIntercept(25277): 	at ezc.onTransact(PG:21)
09-20 10:44:09.224 E/DeviceCastInfoIntercept(25277): 	at android.os.Binder.execTransactInternal(Binder.java:1179)
09-20 10:44:09.224 E/DeviceCastInfoIntercept(25277): 	at android.os.Binder.execTransact(Binder.java:1143)
09-20 10:44:09.224 E/DeviceCastInfoIntercept(25277): Caused by: why: No provider matches authority: com.google.android.tvsetup.app.machine.services.castsetup.castsetupinfo.CastInfoProvider
09-20 10:44:09.224 E/DeviceCastInfoIntercept(25277): 	at wsk.h(PG:111)
09-20 10:44:09.224 E/DeviceCastInfoIntercept(25277): 	at wsk.d(PG:20)
09-20 10:44:09.224 E/DeviceCastInfoIntercept(25277): 	at wlc.a(PG:19)
09-20 10:44:09.224 E/DeviceCastInfoIntercept(25277): 	at tnk.d(PG:6)
09-20 10:44:09.224 E/DeviceCastInfoIntercept(25277): 	at tnm.run(PG:32)
09-20 10:44:09.224 E/DeviceCastInfoIntercept(25277): 	at addu.run(PG:25)
09-20 10:44:09.224 E/DeviceCastInfoIntercept(25277): 	at pcb.run(PG:7)
09-20 10:44:09.224 E/DeviceCastInfoIntercept(25277): 	at java.util.concurrent.ThreadPoolExecutor.runWorker(ThreadPoolExecutor.java:1167)
09-20 10:44:09.224 E/DeviceCastInfoIntercept(25277): 	at java.util.concurrent.ThreadPoolExecutor$Worker.run(ThreadPoolExecutor.java:641)
09-20 10:44:09.224 E/DeviceCastInfoIntercept(25277): 	at okz.run(PG:55)
09-20 10:44:09.224 E/DeviceCastInfoIntercept(25277): 	at java.lang.Thread.run(Thread.java:920)
09-20 10:44:09.224 E/DeviceCastInfoIntercept(25277): 	at pdt.run(PG:62)
09-20 10:44:09.225 W/GLSUser (23991): [DeviceKeyStore] Cannot load key: Device key file not found.
09-20 10:44:09.225 W/GLSUser (23991): [DeviceKeyStore] Cannot load key: Device key file not found.
09-20 10:44:09.225 W/GLSUser (23991): [DeviceKeyStore] Cannot load key: Device key file not found.
09-20 10:44:09.226 W/GLSUser (23991): [DeviceKeyStore] Cannot load key: Device key file not found.
09-20 10:44:09.226 W/GLSUser (23991): [DeviceKeyStore] Cannot load key: Device key file not found.
09-20 10:44:09.226 W/GLSUser (23991): [DeviceKeyStore] Cannot load key: Device key file not found.
09-20 10:44:09.228 W/GLSUser (23991): [DeviceKeyStore] Cannot load key: Device key file not found.
09-20 10:44:09.228 W/GLSUser (23991): [DeviceKeyStore] Cannot load key: Device key file not found.
09-20 10:44:09.229 E/DeviceCastInfoIntercept(25277): Unable to get cast id
09-20 10:44:09.229 E/DeviceCastInfoIntercept(25277): java.util.concurrent.ExecutionException: why: No provider matches authority: com.google.android.tvsetup.app.machine.services.castsetup.castsetupinfo.CastInfoProvider
09-20 10:44:09.229 E/DeviceCastInfoIntercept(25277): 	at ygu.h(PG:21)
09-20 10:44:09.229 E/DeviceCastInfoIntercept(25277): 	at yhc.s(PG:23)
09-20 10:44:09.229 E/DeviceCastInfoIntercept(25277): 	at ygu.get(PG:1)
09-20 10:44:09.229 E/DeviceCastInfoIntercept(25277): 	at a.o(PG:2)
09-20 10:44:09.229 E/DeviceCastInfoIntercept(25277): 	at vus.S(PG:10)
09-20 10:44:09.229 E/DeviceCastInfoIntercept(25277): 	at ghm.e(PG:3)
09-20 10:44:09.229 E/DeviceCastInfoIntercept(25277): 	at ysb.i(PG:56)
09-20 10:44:09.229 E/DeviceCastInfoIntercept(25277): 	at yqm.run(PG:362)
09-20 10:44:09.229 E/DeviceCastInfoIntercept(25277): 	at addu.run(PG:25)
09-20 10:44:09.229 E/DeviceCastInfoIntercept(25277): 	at yqm.run(PG:310)
09-20 10:44:09.229 E/DeviceCastInfoIntercept(25277): 	at yju.run(PG:13)
09-20 10:44:09.229 E/DeviceCastInfoIntercept(25277): 	at whb.run(PG:86)
09-20 10:44:09.229 E/DeviceCastInfoIntercept(25277): 	at yif.execute(PG:1)
09-20 10:44:09.229 E/DeviceCastInfoIntercept(25277): 	at yrz.execute(PG:3)
09-20 10:44:09.229 E/DeviceCastInfoIntercept(25277): 	at yjv.execute(PG:35)
09-20 10:44:09.229 E/DeviceCastInfoIntercept(25277): 	at wbv.execute(PG:44)
09-20 10:44:09.229 E/DeviceCastInfoIntercept(25277): 	at ygu.f(PG:1)
09-20 10:44:09.229 E/DeviceCastInfoIntercept(25277): 	at ygu.k(PG:93)
09-20 10:44:09.229 E/DeviceCastInfoIntercept(25277): 	at ygu.o(PG:13)
09-20 10:44:09.229 E/DeviceCastInfoIntercept(25277): 	at yia.g(PG:43)
